model params: 2,366,849
device: cuda
puzzle: state_size=120 moves=24
training: {'n_epochs': 200, 'samples_per_epoch': 1000000, 'batch_size': 16384, 'k_max': 40, 'lr': 0.002, 'weight_decay': 0.0, 'checkpoint_every_epochs': 25, 'n_back': 1, 'loss': 'mse', 'amp': True, 'compile_model': True, 'fused_optimizer': True, 'device': 'cuda', 'seed': 0}
epoch    0 | loss 139.3651 | lr 2.00e-03 | 19.0s
epoch    1 | loss 29.0459 | lr 2.00e-03 | 0.5s
epoch    2 | loss 20.6112 | lr 2.00e-03 | 0.5s
epoch    3 | loss 18.7562 | lr 2.00e-03 | 0.5s
epoch    4 | loss 17.5964 | lr 2.00e-03 | 0.5s
epoch    5 | loss 16.2948 | lr 2.00e-03 | 0.5s
epoch    6 | loss 15.4616 | lr 1.99e-03 | 0.5s
epoch    7 | loss 14.4598 | lr 1.99e-03 | 0.5s
epoch    8 | loss 14.1973 | lr 1.99e-03 | 0.5s
epoch    9 | loss 13.7620 | lr 1.99e-03 | 0.5s
epoch   10 | loss 13.3869 | lr 1.99e-03 | 0.5s
epoch   11 | loss 13.1171 | lr 1.98e-03 | 0.5s
epoch   12 | loss 13.0343 | lr 1.98e-03 | 0.5s
epoch   13 | loss 12.8182 | lr 1.98e-03 | 0.5s
epoch   14 | loss 12.5904 | lr 1.97e-03 | 0.5s
epoch   15 | loss 12.4321 | lr 1.97e-03 | 0.5s
epoch   16 | loss 12.3111 | lr 1.96e-03 | 0.5s
epoch   17 | loss 12.1592 | lr 1.96e-03 | 0.5s
epoch   18 | loss 12.1472 | lr 1.96e-03 | 0.5s
epoch   19 | loss 11.9836 | lr 1.95e-03 | 0.5s
epoch   20 | loss 11.9023 | lr 1.95e-03 | 0.5s
epoch   21 | loss 11.8331 | lr 1.94e-03 | 0.5s
epoch   22 | loss 11.6635 | lr 1.94e-03 | 0.5s
epoch   23 | loss 11.6558 | lr 1.93e-03 | 0.5s
epoch   24 | loss 11.4936 | lr 1.92e-03 | 0.5s
epoch   25 | loss 11.4248 | lr 1.92e-03 | 0.5s
epoch   26 | loss 11.3610 | lr 1.91e-03 | 0.5s
epoch   27 | loss 11.2636 | lr 1.90e-03 | 0.5s
epoch   28 | loss 11.2477 | lr 1.90e-03 | 0.5s
epoch   29 | loss 11.2567 | lr 1.89e-03 | 0.5s
epoch   30 | loss 11.1247 | lr 1.88e-03 | 0.5s
epoch   31 | loss 11.0682 | lr 1.88e-03 | 0.5s
epoch   32 | loss 11.0978 | lr 1.87e-03 | 0.5s
epoch   33 | loss 10.9997 | lr 1.86e-03 | 0.5s
epoch   34 | loss 10.8773 | lr 1.85e-03 | 0.5s
epoch   35 | loss 10.9714 | lr 1.84e-03 | 0.5s
epoch   36 | loss 10.9756 | lr 1.84e-03 | 0.5s
epoch   37 | loss 10.9488 | lr 1.83e-03 | 0.5s
epoch   38 | loss 10.8275 | lr 1.82e-03 | 0.5s
epoch   39 | loss 10.7826 | lr 1.81e-03 | 0.5s
epoch   40 | loss 10.6909 | lr 1.80e-03 | 0.5s
epoch   41 | loss 10.6147 | lr 1.79e-03 | 0.5s
epoch   42 | loss 10.7495 | lr 1.78e-03 | 0.5s
epoch   43 | loss 10.6414 | lr 1.77e-03 | 0.5s
epoch   44 | loss 10.5643 | lr 1.76e-03 | 0.5s
epoch   45 | loss 10.4990 | lr 1.75e-03 | 0.5s
epoch   46 | loss 10.5214 | lr 1.74e-03 | 0.5s
epoch   47 | loss 10.4414 | lr 1.73e-03 | 0.5s
epoch   48 | loss 10.5224 | lr 1.72e-03 | 0.5s
epoch   49 | loss 10.4052 | lr 1.71e-03 | 0.5s
epoch   50 | loss 10.3092 | lr 1.70e-03 | 0.5s
epoch   51 | loss 10.3715 | lr 1.68e-03 | 0.5s
epoch   52 | loss 10.3625 | lr 1.67e-03 | 0.5s
epoch   53 | loss 10.3523 | lr 1.66e-03 | 0.5s
epoch   54 | loss 10.4586 | lr 1.65e-03 | 0.5s
epoch   55 | loss 10.3443 | lr 1.64e-03 | 0.5s
epoch   56 | loss 10.3410 | lr 1.63e-03 | 0.5s
epoch   57 | loss 10.3323 | lr 1.61e-03 | 0.5s
epoch   58 | loss 10.2832 | lr 1.60e-03 | 0.5s
epoch   59 | loss 10.3238 | lr 1.59e-03 | 0.5s
epoch   60 | loss 10.2299 | lr 1.58e-03 | 0.5s
epoch   61 | loss 10.2431 | lr 1.56e-03 | 0.5s
epoch   62 | loss 10.1924 | lr 1.55e-03 | 0.5s
epoch   63 | loss 10.2118 | lr 1.54e-03 | 0.5s
epoch   64 | loss 10.1640 | lr 1.52e-03 | 0.5s
epoch   65 | loss 10.1550 | lr 1.51e-03 | 0.5s
epoch   66 | loss 10.0840 | lr 1.50e-03 | 0.5s
epoch   67 | loss 10.2024 | lr 1.48e-03 | 0.5s
epoch   68 | loss 10.0487 | lr 1.47e-03 | 0.5s
epoch   69 | loss 10.0888 | lr 1.45e-03 | 0.5s
epoch   70 | loss 10.0288 | lr 1.44e-03 | 0.5s
epoch   71 | loss 10.0277 | lr 1.43e-03 | 0.5s
epoch   72 | loss 10.0420 | lr 1.41e-03 | 0.5s
epoch   73 | loss 9.9696 | lr 1.40e-03 | 0.5s
epoch   74 | loss 9.9647 | lr 1.38e-03 | 0.5s
epoch   75 | loss 10.0406 | lr 1.37e-03 | 0.5s
epoch   76 | loss 10.0203 | lr 1.35e-03 | 0.5s
epoch   77 | loss 10.0573 | lr 1.34e-03 | 0.5s
epoch   78 | loss 9.8749 | lr 1.32e-03 | 0.5s
epoch   79 | loss 9.9596 | lr 1.31e-03 | 0.5s
epoch   80 | loss 9.9707 | lr 1.29e-03 | 0.5s
epoch   81 | loss 9.9900 | lr 1.28e-03 | 0.5s
epoch   82 | loss 9.9342 | lr 1.26e-03 | 0.5s
epoch   83 | loss 9.9307 | lr 1.25e-03 | 0.5s
epoch   84 | loss 9.9808 | lr 1.23e-03 | 0.5s
epoch   85 | loss 9.8513 | lr 1.22e-03 | 0.5s
epoch   86 | loss 9.9331 | lr 1.20e-03 | 0.5s
epoch   87 | loss 9.8473 | lr 1.19e-03 | 0.5s
epoch   88 | loss 9.7871 | lr 1.17e-03 | 0.5s
epoch   89 | loss 9.8953 | lr 1.16e-03 | 0.5s
epoch   90 | loss 9.7799 | lr 1.14e-03 | 0.5s
epoch   91 | loss 9.7896 | lr 1.13e-03 | 0.5s
epoch   92 | loss 9.9027 | lr 1.11e-03 | 0.5s
epoch   93 | loss 9.8677 | lr 1.09e-03 | 0.5s
epoch   94 | loss 9.8131 | lr 1.08e-03 | 0.5s
epoch   95 | loss 9.8185 | lr 1.06e-03 | 0.5s
epoch   96 | loss 9.8571 | lr 1.05e-03 | 0.5s
epoch   97 | loss 9.8741 | lr 1.03e-03 | 0.5s
epoch   98 | loss 9.8581 | lr 1.02e-03 | 0.5s
epoch   99 | loss 9.7499 | lr 1.00e-03 | 0.5s
epoch  100 | loss 9.7470 | lr 9.84e-04 | 0.5s
epoch  101 | loss 9.7544 | lr 9.69e-04 | 0.5s
epoch  102 | loss 9.7368 | lr 9.53e-04 | 0.5s
epoch  103 | loss 9.7702 | lr 9.37e-04 | 0.5s
epoch  104 | loss 9.7329 | lr 9.22e-04 | 0.5s
epoch  105 | loss 9.8016 | lr 9.06e-04 | 0.5s
epoch  106 | loss 9.8104 | lr 8.90e-04 | 0.5s
epoch  107 | loss 9.8101 | lr 8.75e-04 | 0.5s
epoch  108 | loss 9.8071 | lr 8.59e-04 | 0.5s
epoch  109 | loss 9.7371 | lr 8.44e-04 | 0.5s
epoch  110 | loss 9.8738 | lr 8.28e-04 | 0.5s
epoch  111 | loss 9.7515 | lr 8.13e-04 | 0.5s
epoch  112 | loss 9.7345 | lr 7.97e-04 | 0.5s
epoch  113 | loss 9.7112 | lr 7.82e-04 | 0.5s
epoch  114 | loss 9.7555 | lr 7.67e-04 | 0.5s
epoch  115 | loss 9.6860 | lr 7.51e-04 | 0.5s
epoch  116 | loss 9.7295 | lr 7.36e-04 | 0.5s
epoch  117 | loss 9.6534 | lr 7.21e-04 | 0.5s
epoch  118 | loss 9.6380 | lr 7.06e-04 | 0.5s
epoch  119 | loss 9.7209 | lr 6.91e-04 | 0.5s
epoch  120 | loss 9.6852 | lr 6.76e-04 | 0.5s
epoch  121 | loss 9.7278 | lr 6.61e-04 | 0.5s
epoch  122 | loss 9.6806 | lr 6.47e-04 | 0.5s
epoch  123 | loss 9.6850 | lr 6.32e-04 | 0.5s
epoch  124 | loss 9.6734 | lr 6.17e-04 | 0.5s
epoch  125 | loss 9.6957 | lr 6.03e-04 | 0.5s
epoch  126 | loss 9.7781 | lr 5.88e-04 | 0.5s
epoch  127 | loss 9.6729 | lr 5.74e-04 | 0.5s
epoch  128 | loss 9.6970 | lr 5.60e-04 | 0.5s
epoch  129 | loss 9.6944 | lr 5.46e-04 | 0.5s
epoch  130 | loss 9.5769 | lr 5.32e-04 | 0.5s
epoch  131 | loss 9.6259 | lr 5.18e-04 | 0.5s
epoch  132 | loss 9.7141 | lr 5.05e-04 | 0.5s
epoch  133 | loss 9.7518 | lr 4.91e-04 | 0.5s
epoch  134 | loss 9.6834 | lr 4.78e-04 | 0.5s
epoch  135 | loss 9.6104 | lr 4.64e-04 | 0.5s
epoch  136 | loss 9.6690 | lr 4.51e-04 | 0.5s
epoch  137 | loss 9.7231 | lr 4.38e-04 | 0.5s
epoch  138 | loss 9.7187 | lr 4.25e-04 | 0.5s
epoch  139 | loss 9.5723 | lr 4.12e-04 | 0.5s
epoch  140 | loss 9.7024 | lr 4.00e-04 | 0.5s
epoch  141 | loss 9.6567 | lr 3.87e-04 | 0.5s
epoch  142 | loss 9.7444 | lr 3.75e-04 | 0.5s
epoch  143 | loss 9.6334 | lr 3.63e-04 | 0.5s
epoch  144 | loss 9.7079 | lr 3.51e-04 | 0.5s
epoch  145 | loss 9.7691 | lr 3.39e-04 | 0.5s
epoch  146 | loss 9.6444 | lr 3.27e-04 | 0.5s
epoch  147 | loss 9.6587 | lr 3.15e-04 | 0.5s
epoch  148 | loss 9.6820 | lr 3.04e-04 | 0.5s
epoch  149 | loss 9.7364 | lr 2.93e-04 | 0.5s
epoch  150 | loss 9.5886 | lr 2.82e-04 | 0.5s
epoch  151 | loss 9.6769 | lr 2.71e-04 | 0.5s
epoch  152 | loss 9.6626 | lr 2.60e-04 | 0.5s
epoch  153 | loss 9.7270 | lr 2.50e-04 | 0.5s
epoch  154 | loss 9.6859 | lr 2.40e-04 | 0.5s
epoch  155 | loss 9.6333 | lr 2.29e-04 | 0.5s
epoch  156 | loss 9.7474 | lr 2.20e-04 | 0.5s
epoch  157 | loss 9.6937 | lr 2.10e-04 | 0.5s
epoch  158 | loss 9.7729 | lr 2.00e-04 | 0.5s
epoch  159 | loss 9.6624 | lr 1.91e-04 | 0.5s
epoch  160 | loss 9.5684 | lr 1.82e-04 | 0.5s
epoch  161 | loss 9.7262 | lr 1.73e-04 | 0.5s
epoch  162 | loss 9.6462 | lr 1.64e-04 | 0.5s
epoch  163 | loss 9.6637 | lr 1.56e-04 | 0.5s
epoch  164 | loss 9.6454 | lr 1.47e-04 | 0.5s
epoch  165 | loss 9.7426 | lr 1.39e-04 | 0.5s
epoch  166 | loss 9.6967 | lr 1.31e-04 | 0.5s
epoch  167 | loss 9.6144 | lr 1.24e-04 | 0.5s
epoch  168 | loss 9.6286 | lr 1.16e-04 | 0.5s
epoch  169 | loss 9.6183 | lr 1.09e-04 | 0.5s
epoch  170 | loss 9.7192 | lr 1.02e-04 | 0.5s
epoch  171 | loss 9.6473 | lr 9.52e-05 | 0.5s
epoch  172 | loss 9.6646 | lr 8.86e-05 | 0.5s
epoch  173 | loss 9.6466 | lr 8.22e-05 | 0.5s
epoch  174 | loss 9.6841 | lr 7.61e-05 | 0.5s
epoch  175 | loss 9.6687 | lr 7.02e-05 | 0.5s
epoch  176 | loss 9.7719 | lr 6.46e-05 | 0.5s
epoch  177 | loss 9.6708 | lr 5.91e-05 | 0.5s
epoch  178 | loss 9.6697 | lr 5.39e-05 | 0.5s
epoch  179 | loss 9.6914 | lr 4.89e-05 | 0.5s
epoch  180 | loss 9.8163 | lr 4.42e-05 | 0.5s
epoch  181 | loss 9.6934 | lr 3.97e-05 | 0.5s
epoch  182 | loss 9.7400 | lr 3.54e-05 | 0.5s
epoch  183 | loss 9.6846 | lr 3.14e-05 | 0.5s
epoch  184 | loss 9.7720 | lr 2.76e-05 | 0.5s
epoch  185 | loss 9.7410 | lr 2.41e-05 | 0.5s
epoch  186 | loss 9.7274 | lr 2.08e-05 | 0.5s
epoch  187 | loss 9.7603 | lr 1.77e-05 | 0.5s
epoch  188 | loss 9.6918 | lr 1.49e-05 | 0.5s
epoch  189 | loss 9.7418 | lr 1.23e-05 | 0.5s
epoch  190 | loss 9.7558 | lr 9.98e-06 | 0.5s
epoch  191 | loss 9.6259 | lr 7.89e-06 | 0.5s
epoch  192 | loss 9.6870 | lr 6.04e-06 | 0.5s
epoch  193 | loss 9.7377 | lr 4.44e-06 | 0.5s
epoch  194 | loss 9.6454 | lr 3.08e-06 | 0.5s
epoch  195 | loss 9.6460 | lr 1.97e-06 | 0.5s
epoch  196 | loss 9.7704 | lr 1.11e-06 | 0.5s
epoch  197 | loss 9.8129 | lr 4.93e-07 | 0.5s
epoch  198 | loss 9.7903 | lr 1.23e-07 | 0.5s
epoch  199 | loss 9.7586 | lr 0.00e+00 | 0.5s
final loss: 9.7586
