model params: 2,366,849
device: cuda
puzzle: state_size=120 moves=24
training: {'n_epochs': 2000, 'samples_per_epoch': 1000000, 'batch_size': 16384, 'k_max': 80, 'lr': 0.002, 'weight_decay': 0.0, 'checkpoint_every_epochs': 100, 'n_back': 1, 'loss': 'mse', 'amp': True, 'compile_model': True, 'fused_optimizer': True, 'device': 'cuda', 'seed': 0}
epoch    0 | loss 859.1640 | lr 2.00e-03 | 2.0s
epoch    1 | loss 308.8488 | lr 2.00e-03 | 0.6s
epoch    2 | loss 118.4346 | lr 2.00e-03 | 0.6s
epoch    3 | loss 108.0990 | lr 2.00e-03 | 0.6s
epoch    4 | loss 107.3830 | lr 2.00e-03 | 0.6s
epoch    5 | loss 104.7219 | lr 2.00e-03 | 0.6s
epoch    6 | loss 101.3264 | lr 2.00e-03 | 0.6s
epoch    7 | loss 98.4913 | lr 2.00e-03 | 0.6s
epoch    8 | loss 97.4583 | lr 2.00e-03 | 0.6s
epoch    9 | loss 92.7833 | lr 2.00e-03 | 0.6s
epoch   10 | loss 90.6970 | lr 2.00e-03 | 0.6s
epoch   11 | loss 89.6627 | lr 2.00e-03 | 0.6s
epoch   12 | loss 87.7011 | lr 2.00e-03 | 0.6s
epoch   13 | loss 87.0921 | lr 2.00e-03 | 0.6s
epoch   14 | loss 85.1213 | lr 2.00e-03 | 0.6s
epoch   15 | loss 83.4324 | lr 2.00e-03 | 0.6s
epoch   16 | loss 83.3346 | lr 2.00e-03 | 0.6s
epoch   17 | loss 81.2588 | lr 2.00e-03 | 0.6s
epoch   18 | loss 81.9692 | lr 2.00e-03 | 0.6s
epoch   19 | loss 80.5947 | lr 2.00e-03 | 0.6s
epoch   20 | loss 80.8432 | lr 2.00e-03 | 0.6s
epoch   21 | loss 79.6288 | lr 2.00e-03 | 0.6s
epoch   22 | loss 79.7620 | lr 2.00e-03 | 0.6s
epoch   23 | loss 79.3701 | lr 2.00e-03 | 0.6s
epoch   24 | loss 78.9315 | lr 2.00e-03 | 0.6s
epoch   25 | loss 78.1490 | lr 2.00e-03 | 0.6s
epoch   26 | loss 77.9995 | lr 2.00e-03 | 0.6s
epoch   27 | loss 78.0142 | lr 2.00e-03 | 0.6s
epoch   28 | loss 77.8237 | lr 2.00e-03 | 0.6s
epoch   29 | loss 78.2323 | lr 2.00e-03 | 0.6s
epoch   30 | loss 77.1226 | lr 2.00e-03 | 0.6s
epoch   31 | loss 77.5284 | lr 2.00e-03 | 0.6s
epoch   32 | loss 77.3770 | lr 2.00e-03 | 0.6s
epoch   33 | loss 76.5234 | lr 2.00e-03 | 0.6s
epoch   34 | loss 76.8828 | lr 2.00e-03 | 0.6s
epoch   35 | loss 76.7325 | lr 2.00e-03 | 0.6s
epoch   36 | loss 75.1837 | lr 2.00e-03 | 0.6s
epoch   37 | loss 76.4712 | lr 2.00e-03 | 0.6s
epoch   38 | loss 75.7055 | lr 2.00e-03 | 0.6s
epoch   39 | loss 75.8978 | lr 2.00e-03 | 0.6s
epoch   40 | loss 76.0990 | lr 2.00e-03 | 0.6s
epoch   41 | loss 75.7984 | lr 2.00e-03 | 0.6s
epoch   42 | loss 74.3079 | lr 2.00e-03 | 0.6s
epoch   43 | loss 74.5899 | lr 2.00e-03 | 0.6s
epoch   44 | loss 75.6810 | lr 2.00e-03 | 0.6s
epoch   45 | loss 74.7048 | lr 2.00e-03 | 0.6s
epoch   46 | loss 73.9592 | lr 2.00e-03 | 0.6s
epoch   47 | loss 74.6701 | lr 2.00e-03 | 0.6s
epoch   48 | loss 74.3754 | lr 2.00e-03 | 0.6s
epoch   49 | loss 73.6162 | lr 2.00e-03 | 0.6s
epoch   50 | loss 74.8437 | lr 2.00e-03 | 0.6s
epoch   51 | loss 74.2474 | lr 2.00e-03 | 0.6s
epoch   52 | loss 73.8811 | lr 2.00e-03 | 0.6s
epoch   53 | loss 73.2998 | lr 2.00e-03 | 0.6s
epoch   54 | loss 74.3036 | lr 2.00e-03 | 0.6s
epoch   55 | loss 73.6632 | lr 2.00e-03 | 0.6s
epoch   56 | loss 73.2879 | lr 2.00e-03 | 0.6s
epoch   57 | loss 72.8317 | lr 2.00e-03 | 0.6s
epoch   58 | loss 73.0029 | lr 2.00e-03 | 0.6s
epoch   59 | loss 73.5217 | lr 2.00e-03 | 0.6s
epoch   60 | loss 72.8638 | lr 2.00e-03 | 0.6s
epoch   61 | loss 73.3348 | lr 2.00e-03 | 0.6s
epoch   62 | loss 72.8838 | lr 2.00e-03 | 0.6s
epoch   63 | loss 73.0157 | lr 1.99e-03 | 0.6s
epoch   64 | loss 72.2295 | lr 1.99e-03 | 0.6s
epoch   65 | loss 72.9163 | lr 1.99e-03 | 0.6s
epoch   66 | loss 72.4440 | lr 1.99e-03 | 0.6s
epoch   67 | loss 72.8698 | lr 1.99e-03 | 0.6s
epoch   68 | loss 73.2218 | lr 1.99e-03 | 0.6s
epoch   69 | loss 72.6891 | lr 1.99e-03 | 0.6s
epoch   70 | loss 71.5740 | lr 1.99e-03 | 0.6s
epoch   71 | loss 72.7775 | lr 1.99e-03 | 0.6s
epoch   72 | loss 71.7316 | lr 1.99e-03 | 0.6s
epoch   73 | loss 72.7274 | lr 1.99e-03 | 0.6s
epoch   74 | loss 72.0480 | lr 1.99e-03 | 0.6s
epoch   75 | loss 72.4126 | lr 1.99e-03 | 0.6s
epoch   76 | loss 71.3408 | lr 1.99e-03 | 0.6s
epoch   77 | loss 72.2250 | lr 1.99e-03 | 0.6s
epoch   78 | loss 71.3885 | lr 1.99e-03 | 0.6s
epoch   79 | loss 70.9457 | lr 1.99e-03 | 0.6s
epoch   80 | loss 72.4473 | lr 1.99e-03 | 0.6s
epoch   81 | loss 71.5762 | lr 1.99e-03 | 0.6s
epoch   82 | loss 71.8537 | lr 1.99e-03 | 0.6s
epoch   83 | loss 71.1914 | lr 1.99e-03 | 0.6s
epoch   84 | loss 71.8251 | lr 1.99e-03 | 0.6s
epoch   85 | loss 71.3875 | lr 1.99e-03 | 0.6s
epoch   86 | loss 71.3855 | lr 1.99e-03 | 0.6s
epoch   87 | loss 71.4813 | lr 1.99e-03 | 0.6s
epoch   88 | loss 72.2816 | lr 1.99e-03 | 0.6s
epoch   89 | loss 71.2897 | lr 1.99e-03 | 0.6s
epoch   90 | loss 71.4610 | lr 1.99e-03 | 0.6s
epoch   91 | loss 71.3134 | lr 1.99e-03 | 0.6s
epoch   92 | loss 70.9890 | lr 1.99e-03 | 0.6s
epoch   93 | loss 71.5831 | lr 1.99e-03 | 0.6s
epoch   94 | loss 71.9002 | lr 1.99e-03 | 0.6s
epoch   95 | loss 70.5100 | lr 1.99e-03 | 0.6s
epoch   96 | loss 71.4422 | lr 1.99e-03 | 0.6s
epoch   97 | loss 70.6488 | lr 1.99e-03 | 0.6s
epoch   98 | loss 71.5369 | lr 1.99e-03 | 0.6s
epoch   99 | loss 70.6521 | lr 1.99e-03 | 0.6s
epoch  100 | loss 70.5730 | lr 1.99e-03 | 0.6s
epoch  101 | loss 70.6252 | lr 1.99e-03 | 0.6s
epoch  102 | loss 71.0304 | lr 1.99e-03 | 0.6s
epoch  103 | loss 71.2762 | lr 1.99e-03 | 0.6s
epoch  104 | loss 71.1359 | lr 1.99e-03 | 0.6s
epoch  105 | loss 70.6251 | lr 1.99e-03 | 0.6s
epoch  106 | loss 71.1026 | lr 1.99e-03 | 0.6s
epoch  107 | loss 71.1755 | lr 1.99e-03 | 0.6s
epoch  108 | loss 70.7220 | lr 1.99e-03 | 0.6s
epoch  109 | loss 71.6353 | lr 1.99e-03 | 0.6s
epoch  110 | loss 70.8690 | lr 1.98e-03 | 0.6s
epoch  111 | loss 70.4060 | lr 1.98e-03 | 0.6s
epoch  112 | loss 69.9837 | lr 1.98e-03 | 0.6s
epoch  113 | loss 70.4826 | lr 1.98e-03 | 0.6s
epoch  114 | loss 70.4855 | lr 1.98e-03 | 0.6s
epoch  115 | loss 70.0043 | lr 1.98e-03 | 0.6s
epoch  116 | loss 70.6730 | lr 1.98e-03 | 0.6s
epoch  117 | loss 70.2646 | lr 1.98e-03 | 0.6s
epoch  118 | loss 70.5211 | lr 1.98e-03 | 0.6s
epoch  119 | loss 70.7324 | lr 1.98e-03 | 0.6s
epoch  120 | loss 69.4508 | lr 1.98e-03 | 0.6s
epoch  121 | loss 71.6284 | lr 1.98e-03 | 0.6s
epoch  122 | loss 69.9754 | lr 1.98e-03 | 0.6s
epoch  123 | loss 70.0242 | lr 1.98e-03 | 0.6s
epoch  124 | loss 69.9326 | lr 1.98e-03 | 0.6s
epoch  125 | loss 70.1436 | lr 1.98e-03 | 0.6s
epoch  126 | loss 70.2936 | lr 1.98e-03 | 0.6s
epoch  127 | loss 70.0911 | lr 1.98e-03 | 0.6s
epoch  128 | loss 70.3243 | lr 1.98e-03 | 0.6s
epoch  129 | loss 70.1411 | lr 1.98e-03 | 0.6s
epoch  130 | loss 70.5213 | lr 1.98e-03 | 0.6s
epoch  131 | loss 69.4047 | lr 1.98e-03 | 0.6s
epoch  132 | loss 69.5559 | lr 1.98e-03 | 0.6s
epoch  133 | loss 70.0517 | lr 1.98e-03 | 0.6s
epoch  134 | loss 70.7800 | lr 1.98e-03 | 0.6s
epoch  135 | loss 71.2134 | lr 1.98e-03 | 0.6s
epoch  136 | loss 70.3992 | lr 1.98e-03 | 0.6s
epoch  137 | loss 70.3502 | lr 1.98e-03 | 0.6s
epoch  138 | loss 70.3416 | lr 1.98e-03 | 0.6s
epoch  139 | loss 69.9374 | lr 1.98e-03 | 0.6s
epoch  140 | loss 69.9000 | lr 1.98e-03 | 0.6s
epoch  141 | loss 69.5941 | lr 1.98e-03 | 0.6s
epoch  142 | loss 69.6603 | lr 1.97e-03 | 0.6s
epoch  143 | loss 69.3627 | lr 1.97e-03 | 0.6s
epoch  144 | loss 69.7469 | lr 1.97e-03 | 0.6s
epoch  145 | loss 69.6131 | lr 1.97e-03 | 0.6s
epoch  146 | loss 69.4559 | lr 1.97e-03 | 0.6s
epoch  147 | loss 69.7291 | lr 1.97e-03 | 0.6s
epoch  148 | loss 69.7787 | lr 1.97e-03 | 0.6s
epoch  149 | loss 69.0629 | lr 1.97e-03 | 0.6s
epoch  150 | loss 69.9550 | lr 1.97e-03 | 0.6s
epoch  151 | loss 70.4993 | lr 1.97e-03 | 0.6s
epoch  152 | loss 69.4364 | lr 1.97e-03 | 0.6s
epoch  153 | loss 69.5081 | lr 1.97e-03 | 0.6s
epoch  154 | loss 69.1699 | lr 1.97e-03 | 0.6s
epoch  155 | loss 69.5867 | lr 1.97e-03 | 0.6s
epoch  156 | loss 68.8454 | lr 1.97e-03 | 0.6s
epoch  157 | loss 69.3236 | lr 1.97e-03 | 0.6s
epoch  158 | loss 69.4096 | lr 1.97e-03 | 0.6s
epoch  159 | loss 69.2483 | lr 1.97e-03 | 0.6s
epoch  160 | loss 69.4481 | lr 1.97e-03 | 0.6s
epoch  161 | loss 69.2370 | lr 1.97e-03 | 0.6s
epoch  162 | loss 69.4777 | lr 1.97e-03 | 0.6s
epoch  163 | loss 69.4900 | lr 1.97e-03 | 0.6s
epoch  164 | loss 70.0501 | lr 1.97e-03 | 0.6s
epoch  165 | loss 69.0369 | lr 1.97e-03 | 0.6s
epoch  166 | loss 69.0376 | lr 1.97e-03 | 0.6s
epoch  167 | loss 69.7656 | lr 1.97e-03 | 0.6s
epoch  168 | loss 69.6341 | lr 1.96e-03 | 0.6s
epoch  169 | loss 69.3545 | lr 1.96e-03 | 0.6s
epoch  170 | loss 69.5793 | lr 1.96e-03 | 0.6s
epoch  171 | loss 69.1417 | lr 1.96e-03 | 0.6s
epoch  172 | loss 69.0461 | lr 1.96e-03 | 0.6s
epoch  173 | loss 69.4309 | lr 1.96e-03 | 0.6s
epoch  174 | loss 68.5749 | lr 1.96e-03 | 0.6s
epoch  175 | loss 69.8814 | lr 1.96e-03 | 0.6s
epoch  176 | loss 69.0721 | lr 1.96e-03 | 0.6s
epoch  177 | loss 68.9849 | lr 1.96e-03 | 0.6s
epoch  178 | loss 69.0830 | lr 1.96e-03 | 0.6s
epoch  179 | loss 68.7046 | lr 1.96e-03 | 0.6s
epoch  180 | loss 69.3369 | lr 1.96e-03 | 0.6s
epoch  181 | loss 68.7838 | lr 1.96e-03 | 0.6s
epoch  182 | loss 68.8111 | lr 1.96e-03 | 0.6s
epoch  183 | loss 69.2181 | lr 1.96e-03 | 0.6s
epoch  184 | loss 69.3446 | lr 1.96e-03 | 0.6s
epoch  185 | loss 68.8361 | lr 1.96e-03 | 0.6s
epoch  186 | loss 68.9258 | lr 1.96e-03 | 0.6s
epoch  187 | loss 68.4953 | lr 1.96e-03 | 0.6s
epoch  188 | loss 68.6852 | lr 1.96e-03 | 0.6s
epoch  189 | loss 68.6346 | lr 1.96e-03 | 0.6s
epoch  190 | loss 69.1266 | lr 1.96e-03 | 0.6s
epoch  191 | loss 68.8993 | lr 1.95e-03 | 0.6s
epoch  192 | loss 69.0980 | lr 1.95e-03 | 0.6s
epoch  193 | loss 69.3239 | lr 1.95e-03 | 0.6s
epoch  194 | loss 69.1767 | lr 1.95e-03 | 0.6s
epoch  195 | loss 68.4266 | lr 1.95e-03 | 0.6s
epoch  196 | loss 68.6386 | lr 1.95e-03 | 0.6s
epoch  197 | loss 68.6129 | lr 1.95e-03 | 0.6s
epoch  198 | loss 69.1315 | lr 1.95e-03 | 0.6s
epoch  199 | loss 67.9798 | lr 1.95e-03 | 0.6s
epoch  200 | loss 69.0041 | lr 1.95e-03 | 0.6s
epoch  201 | loss 69.1713 | lr 1.95e-03 | 0.6s
epoch  202 | loss 68.8063 | lr 1.95e-03 | 0.6s
epoch  203 | loss 68.6506 | lr 1.95e-03 | 0.6s
epoch  204 | loss 68.5262 | lr 1.95e-03 | 0.6s
epoch  205 | loss 68.4915 | lr 1.95e-03 | 0.6s
epoch  206 | loss 68.8508 | lr 1.95e-03 | 0.6s
epoch  207 | loss 69.1766 | lr 1.95e-03 | 0.6s
epoch  208 | loss 68.0817 | lr 1.95e-03 | 0.6s
epoch  209 | loss 68.8678 | lr 1.95e-03 | 0.6s
epoch  210 | loss 69.3716 | lr 1.95e-03 | 0.6s
epoch  211 | loss 67.8727 | lr 1.95e-03 | 0.6s
epoch  212 | loss 68.6038 | lr 1.94e-03 | 0.6s
epoch  213 | loss 68.5815 | lr 1.94e-03 | 0.6s
epoch  214 | loss 68.7097 | lr 1.94e-03 | 0.6s
epoch  215 | loss 68.2747 | lr 1.94e-03 | 0.6s
epoch  216 | loss 67.9209 | lr 1.94e-03 | 0.6s
epoch  217 | loss 68.2696 | lr 1.94e-03 | 0.6s
epoch  218 | loss 67.9900 | lr 1.94e-03 | 0.6s
epoch  219 | loss 68.1937 | lr 1.94e-03 | 0.6s
epoch  220 | loss 68.6834 | lr 1.94e-03 | 0.6s
epoch  221 | loss 68.3481 | lr 1.94e-03 | 0.6s
epoch  222 | loss 68.8105 | lr 1.94e-03 | 0.6s
epoch  223 | loss 68.3024 | lr 1.94e-03 | 0.6s
epoch  224 | loss 68.7172 | lr 1.94e-03 | 0.6s
epoch  225 | loss 68.3428 | lr 1.94e-03 | 0.6s
epoch  226 | loss 68.9875 | lr 1.94e-03 | 0.6s
epoch  227 | loss 68.4816 | lr 1.94e-03 | 0.6s
epoch  228 | loss 68.8384 | lr 1.94e-03 | 0.6s
epoch  229 | loss 68.4156 | lr 1.94e-03 | 0.6s
epoch  230 | loss 68.1668 | lr 1.93e-03 | 0.6s
epoch  231 | loss 68.2165 | lr 1.93e-03 | 0.6s
epoch  232 | loss 68.0093 | lr 1.93e-03 | 0.6s
epoch  233 | loss 69.2622 | lr 1.93e-03 | 0.6s
epoch  234 | loss 68.5978 | lr 1.93e-03 | 0.6s
epoch  235 | loss 68.2747 | lr 1.93e-03 | 0.6s
epoch  236 | loss 68.3506 | lr 1.93e-03 | 0.6s
epoch  237 | loss 67.9861 | lr 1.93e-03 | 0.6s
epoch  238 | loss 68.4985 | lr 1.93e-03 | 0.6s
epoch  239 | loss 67.6835 | lr 1.93e-03 | 0.6s
epoch  240 | loss 67.9420 | lr 1.93e-03 | 0.6s
epoch  241 | loss 68.7758 | lr 1.93e-03 | 0.6s
epoch  242 | loss 68.8578 | lr 1.93e-03 | 0.6s
epoch  243 | loss 67.3833 | lr 1.93e-03 | 0.6s
epoch  244 | loss 67.7954 | lr 1.93e-03 | 0.6s
epoch  245 | loss 67.5993 | lr 1.93e-03 | 0.6s
epoch  246 | loss 68.3049 | lr 1.93e-03 | 0.6s
epoch  247 | loss 68.2007 | lr 1.93e-03 | 0.6s
epoch  248 | loss 67.3438 | lr 1.92e-03 | 0.6s
epoch  249 | loss 67.7520 | lr 1.92e-03 | 0.6s
epoch  250 | loss 68.3380 | lr 1.92e-03 | 0.6s
epoch  251 | loss 68.4825 | lr 1.92e-03 | 0.6s
epoch  252 | loss 68.2549 | lr 1.92e-03 | 0.6s
epoch  253 | loss 67.7019 | lr 1.92e-03 | 0.6s
epoch  254 | loss 67.7244 | lr 1.92e-03 | 0.6s
epoch  255 | loss 67.9788 | lr 1.92e-03 | 0.6s
epoch  256 | loss 68.1559 | lr 1.92e-03 | 0.6s
epoch  257 | loss 67.5816 | lr 1.92e-03 | 0.6s
epoch  258 | loss 67.8851 | lr 1.92e-03 | 0.6s
epoch  259 | loss 67.7719 | lr 1.92e-03 | 0.6s
epoch  260 | loss 67.8613 | lr 1.92e-03 | 0.6s
epoch  261 | loss 68.0790 | lr 1.92e-03 | 0.6s
epoch  262 | loss 67.5816 | lr 1.92e-03 | 0.6s
epoch  263 | loss 68.2889 | lr 1.92e-03 | 0.6s
epoch  264 | loss 67.6274 | lr 1.91e-03 | 0.6s
epoch  265 | loss 68.0999 | lr 1.91e-03 | 0.6s
epoch  266 | loss 67.6552 | lr 1.91e-03 | 0.6s
epoch  267 | loss 68.4073 | lr 1.91e-03 | 0.6s
epoch  268 | loss 67.7446 | lr 1.91e-03 | 0.6s
epoch  269 | loss 67.6587 | lr 1.91e-03 | 0.6s
epoch  270 | loss 68.3881 | lr 1.91e-03 | 0.6s
epoch  271 | loss 67.4826 | lr 1.91e-03 | 0.6s
epoch  272 | loss 67.8128 | lr 1.91e-03 | 0.6s
epoch  273 | loss 67.7446 | lr 1.91e-03 | 0.6s
epoch  274 | loss 67.9320 | lr 1.91e-03 | 0.6s
epoch  275 | loss 67.3362 | lr 1.91e-03 | 0.6s
epoch  276 | loss 67.9191 | lr 1.91e-03 | 0.6s
epoch  277 | loss 67.7083 | lr 1.91e-03 | 0.6s
epoch  278 | loss 68.5367 | lr 1.91e-03 | 0.6s
epoch  279 | loss 68.4422 | lr 1.90e-03 | 0.6s
epoch  280 | loss 67.4400 | lr 1.90e-03 | 0.6s
epoch  281 | loss 67.7065 | lr 1.90e-03 | 0.6s
epoch  282 | loss 67.6742 | lr 1.90e-03 | 0.6s
epoch  283 | loss 68.1900 | lr 1.90e-03 | 0.6s
epoch  284 | loss 67.6150 | lr 1.90e-03 | 0.6s
epoch  285 | loss 67.9544 | lr 1.90e-03 | 0.6s
epoch  286 | loss 66.9467 | lr 1.90e-03 | 0.6s
epoch  287 | loss 68.0548 | lr 1.90e-03 | 0.6s
epoch  288 | loss 67.7576 | lr 1.90e-03 | 0.6s
epoch  289 | loss 67.9657 | lr 1.90e-03 | 0.6s
epoch  290 | loss 67.2748 | lr 1.90e-03 | 0.6s
epoch  291 | loss 67.4809 | lr 1.90e-03 | 0.6s
epoch  292 | loss 67.6990 | lr 1.90e-03 | 0.6s
epoch  293 | loss 67.8408 | lr 1.90e-03 | 0.6s
epoch  294 | loss 68.0181 | lr 1.89e-03 | 0.6s
epoch  295 | loss 66.4858 | lr 1.89e-03 | 0.6s
epoch  296 | loss 67.4401 | lr 1.89e-03 | 0.6s
epoch  297 | loss 67.6183 | lr 1.89e-03 | 0.6s
epoch  298 | loss 67.2989 | lr 1.89e-03 | 0.6s
epoch  299 | loss 67.5223 | lr 1.89e-03 | 0.6s
epoch  300 | loss 67.0491 | lr 1.89e-03 | 0.6s
epoch  301 | loss 67.3960 | lr 1.89e-03 | 0.6s
epoch  302 | loss 67.0320 | lr 1.89e-03 | 0.6s
epoch  303 | loss 67.0863 | lr 1.89e-03 | 0.6s
epoch  304 | loss 67.6962 | lr 1.89e-03 | 0.6s
epoch  305 | loss 67.3145 | lr 1.89e-03 | 0.6s
epoch  306 | loss 67.9807 | lr 1.89e-03 | 0.6s
epoch  307 | loss 66.9577 | lr 1.89e-03 | 0.6s
epoch  308 | loss 67.5930 | lr 1.88e-03 | 0.6s
epoch  309 | loss 66.7505 | lr 1.88e-03 | 0.6s
epoch  310 | loss 66.8323 | lr 1.88e-03 | 0.6s
epoch  311 | loss 67.0891 | lr 1.88e-03 | 0.6s
epoch  312 | loss 67.7114 | lr 1.88e-03 | 0.6s
epoch  313 | loss 67.4770 | lr 1.88e-03 | 0.6s
epoch  314 | loss 67.3024 | lr 1.88e-03 | 0.6s
epoch  315 | loss 66.9280 | lr 1.88e-03 | 0.6s
epoch  316 | loss 67.7467 | lr 1.88e-03 | 0.6s
epoch  317 | loss 67.3416 | lr 1.88e-03 | 0.6s
epoch  318 | loss 67.1222 | lr 1.88e-03 | 0.6s
epoch  319 | loss 67.1877 | lr 1.88e-03 | 0.6s
epoch  320 | loss 67.0594 | lr 1.88e-03 | 0.6s
epoch  321 | loss 66.6868 | lr 1.87e-03 | 0.6s
epoch  322 | loss 67.1995 | lr 1.87e-03 | 0.6s
epoch  323 | loss 67.2398 | lr 1.87e-03 | 0.6s
epoch  324 | loss 67.5423 | lr 1.87e-03 | 0.6s
epoch  325 | loss 67.9252 | lr 1.87e-03 | 0.6s
epoch  326 | loss 67.3732 | lr 1.87e-03 | 0.6s
epoch  327 | loss 67.8390 | lr 1.87e-03 | 0.6s
epoch  328 | loss 66.8808 | lr 1.87e-03 | 0.6s
epoch  329 | loss 67.5588 | lr 1.87e-03 | 0.6s
epoch  330 | loss 66.9973 | lr 1.87e-03 | 0.6s
epoch  331 | loss 67.9747 | lr 1.87e-03 | 0.6s
epoch  332 | loss 67.4195 | lr 1.87e-03 | 0.6s
epoch  333 | loss 67.1191 | lr 1.87e-03 | 0.6s
epoch  334 | loss 66.9651 | lr 1.86e-03 | 0.6s
epoch  335 | loss 66.6249 | lr 1.86e-03 | 0.6s
epoch  336 | loss 68.0164 | lr 1.86e-03 | 0.6s
epoch  337 | loss 67.4804 | lr 1.86e-03 | 0.6s
epoch  338 | loss 66.8112 | lr 1.86e-03 | 0.6s
epoch  339 | loss 67.0381 | lr 1.86e-03 | 0.6s
epoch  340 | loss 66.7965 | lr 1.86e-03 | 0.6s
epoch  341 | loss 66.8805 | lr 1.86e-03 | 0.6s
epoch  342 | loss 67.1278 | lr 1.86e-03 | 0.6s
epoch  343 | loss 67.0070 | lr 1.86e-03 | 0.6s
epoch  344 | loss 67.2629 | lr 1.86e-03 | 0.6s
epoch  345 | loss 66.8790 | lr 1.86e-03 | 0.6s
epoch  346 | loss 67.0413 | lr 1.86e-03 | 0.6s
epoch  347 | loss 67.0334 | lr 1.85e-03 | 0.6s
epoch  348 | loss 66.9627 | lr 1.85e-03 | 0.6s
epoch  349 | loss 66.8776 | lr 1.85e-03 | 0.6s
epoch  350 | loss 67.9822 | lr 1.85e-03 | 0.6s
epoch  351 | loss 67.1965 | lr 1.85e-03 | 0.6s
epoch  352 | loss 67.0433 | lr 1.85e-03 | 0.6s
epoch  353 | loss 66.0731 | lr 1.85e-03 | 0.6s
epoch  354 | loss 67.0048 | lr 1.85e-03 | 0.6s
epoch  355 | loss 67.0807 | lr 1.85e-03 | 0.6s
epoch  356 | loss 67.4601 | lr 1.85e-03 | 0.6s
epoch  357 | loss 66.7505 | lr 1.85e-03 | 0.6s
epoch  358 | loss 67.0738 | lr 1.85e-03 | 0.6s
epoch  359 | loss 66.5866 | lr 1.84e-03 | 0.6s
epoch  360 | loss 67.0860 | lr 1.84e-03 | 0.6s
epoch  361 | loss 66.5362 | lr 1.84e-03 | 0.6s
epoch  362 | loss 67.1524 | lr 1.84e-03 | 0.6s
epoch  363 | loss 66.9442 | lr 1.84e-03 | 0.6s
epoch  364 | loss 66.5955 | lr 1.84e-03 | 0.6s
epoch  365 | loss 66.3380 | lr 1.84e-03 | 0.6s
epoch  366 | loss 67.2864 | lr 1.84e-03 | 0.6s
epoch  367 | loss 66.8721 | lr 1.84e-03 | 0.6s
epoch  368 | loss 66.9685 | lr 1.84e-03 | 0.6s
epoch  369 | loss 67.3804 | lr 1.84e-03 | 0.6s
epoch  370 | loss 67.4520 | lr 1.83e-03 | 0.6s
epoch  371 | loss 67.9147 | lr 1.83e-03 | 0.6s
epoch  372 | loss 67.4814 | lr 1.83e-03 | 0.6s
epoch  373 | loss 66.9937 | lr 1.83e-03 | 0.6s
epoch  374 | loss 66.3456 | lr 1.83e-03 | 0.6s
epoch  375 | loss 66.4111 | lr 1.83e-03 | 0.6s
epoch  376 | loss 66.8377 | lr 1.83e-03 | 0.6s
epoch  377 | loss 67.7938 | lr 1.83e-03 | 0.6s
epoch  378 | loss 66.9623 | lr 1.83e-03 | 0.6s
epoch  379 | loss 66.4616 | lr 1.83e-03 | 0.6s
epoch  380 | loss 66.9901 | lr 1.83e-03 | 0.6s
epoch  381 | loss 66.8147 | lr 1.83e-03 | 0.6s
epoch  382 | loss 66.8421 | lr 1.82e-03 | 0.6s
epoch  383 | loss 67.1828 | lr 1.82e-03 | 0.6s
epoch  384 | loss 66.5276 | lr 1.82e-03 | 0.6s
epoch  385 | loss 66.3329 | lr 1.82e-03 | 0.6s
epoch  386 | loss 67.0979 | lr 1.82e-03 | 0.6s
epoch  387 | loss 67.1788 | lr 1.82e-03 | 0.6s
epoch  388 | loss 67.2708 | lr 1.82e-03 | 0.6s
epoch  389 | loss 66.6219 | lr 1.82e-03 | 0.6s
epoch  390 | loss 66.6971 | lr 1.82e-03 | 0.6s
epoch  391 | loss 67.0579 | lr 1.82e-03 | 0.6s
epoch  392 | loss 67.0267 | lr 1.82e-03 | 0.6s
epoch  393 | loss 66.4468 | lr 1.81e-03 | 0.6s
epoch  394 | loss 66.7700 | lr 1.81e-03 | 0.6s
epoch  395 | loss 67.1837 | lr 1.81e-03 | 0.6s
epoch  396 | loss 66.4470 | lr 1.81e-03 | 0.6s
epoch  397 | loss 67.0799 | lr 1.81e-03 | 0.6s
epoch  398 | loss 66.4609 | lr 1.81e-03 | 0.6s
epoch  399 | loss 66.5672 | lr 1.81e-03 | 0.6s
epoch  400 | loss 67.2446 | lr 1.81e-03 | 0.6s
epoch  401 | loss 66.2898 | lr 1.81e-03 | 0.6s
epoch  402 | loss 65.9703 | lr 1.81e-03 | 0.6s
epoch  403 | loss 66.9024 | lr 1.81e-03 | 0.6s
epoch  404 | loss 67.6550 | lr 1.80e-03 | 0.6s
epoch  405 | loss 66.7914 | lr 1.80e-03 | 0.6s
epoch  406 | loss 66.1953 | lr 1.80e-03 | 0.6s
epoch  407 | loss 66.4909 | lr 1.80e-03 | 0.6s
epoch  408 | loss 66.5876 | lr 1.80e-03 | 0.6s
epoch  409 | loss 66.5575 | lr 1.80e-03 | 0.6s
epoch  410 | loss 66.9294 | lr 1.80e-03 | 0.6s
epoch  411 | loss 65.7839 | lr 1.80e-03 | 0.6s
epoch  412 | loss 67.2310 | lr 1.80e-03 | 0.6s
epoch  413 | loss 67.1509 | lr 1.80e-03 | 0.6s
epoch  414 | loss 67.5594 | lr 1.79e-03 | 0.6s
epoch  415 | loss 67.0331 | lr 1.79e-03 | 0.6s
epoch  416 | loss 66.3797 | lr 1.79e-03 | 0.6s
epoch  417 | loss 66.2508 | lr 1.79e-03 | 0.6s
epoch  418 | loss 67.3565 | lr 1.79e-03 | 0.6s
epoch  419 | loss 66.4181 | lr 1.79e-03 | 0.6s
epoch  420 | loss 66.9336 | lr 1.79e-03 | 0.6s
epoch  421 | loss 66.2474 | lr 1.79e-03 | 0.6s
epoch  422 | loss 66.3742 | lr 1.79e-03 | 0.6s
epoch  423 | loss 66.7227 | lr 1.79e-03 | 0.6s
epoch  424 | loss 66.4390 | lr 1.79e-03 | 0.6s
epoch  425 | loss 66.6551 | lr 1.78e-03 | 0.6s
epoch  426 | loss 66.9879 | lr 1.78e-03 | 0.6s
epoch  427 | loss 67.1616 | lr 1.78e-03 | 0.6s
epoch  428 | loss 66.4229 | lr 1.78e-03 | 0.6s
epoch  429 | loss 66.7051 | lr 1.78e-03 | 0.6s
epoch  430 | loss 67.1480 | lr 1.78e-03 | 0.6s
epoch  431 | loss 66.5504 | lr 1.78e-03 | 0.6s
epoch  432 | loss 66.8164 | lr 1.78e-03 | 0.6s
epoch  433 | loss 66.1571 | lr 1.78e-03 | 0.6s
epoch  434 | loss 66.5849 | lr 1.78e-03 | 0.6s
epoch  435 | loss 66.6033 | lr 1.77e-03 | 0.6s
epoch  436 | loss 66.6656 | lr 1.77e-03 | 0.6s
epoch  437 | loss 67.0110 | lr 1.77e-03 | 0.6s
epoch  438 | loss 66.9704 | lr 1.77e-03 | 0.6s
epoch  439 | loss 66.5034 | lr 1.77e-03 | 0.6s
epoch  440 | loss 66.0424 | lr 1.77e-03 | 0.6s
epoch  441 | loss 66.4998 | lr 1.77e-03 | 0.6s
epoch  442 | loss 67.4751 | lr 1.77e-03 | 0.6s
epoch  443 | loss 66.1708 | lr 1.77e-03 | 0.6s
epoch  444 | loss 66.2540 | lr 1.77e-03 | 0.6s
epoch  445 | loss 66.6335 | lr 1.76e-03 | 0.6s
epoch  446 | loss 66.2839 | lr 1.76e-03 | 0.6s
epoch  447 | loss 66.1300 | lr 1.76e-03 | 0.6s
epoch  448 | loss 66.7770 | lr 1.76e-03 | 0.6s
epoch  449 | loss 66.0361 | lr 1.76e-03 | 0.6s
epoch  450 | loss 66.7388 | lr 1.76e-03 | 0.6s
epoch  451 | loss 66.8912 | lr 1.76e-03 | 0.6s
epoch  452 | loss 66.1417 | lr 1.76e-03 | 0.6s
epoch  453 | loss 66.5246 | lr 1.76e-03 | 0.6s
epoch  454 | loss 67.0069 | lr 1.76e-03 | 0.6s
epoch  455 | loss 67.1283 | lr 1.75e-03 | 0.6s
epoch  456 | loss 66.7026 | lr 1.75e-03 | 0.6s
epoch  457 | loss 66.2845 | lr 1.75e-03 | 0.6s
epoch  458 | loss 67.2282 | lr 1.75e-03 | 0.6s
epoch  459 | loss 66.5915 | lr 1.75e-03 | 0.6s
epoch  460 | loss 67.1327 | lr 1.75e-03 | 0.6s
epoch  461 | loss 66.6390 | lr 1.75e-03 | 0.6s
epoch  462 | loss 66.0565 | lr 1.75e-03 | 0.6s
epoch  463 | loss 65.6945 | lr 1.75e-03 | 0.6s
epoch  464 | loss 65.5870 | lr 1.74e-03 | 0.6s
epoch  465 | loss 67.1289 | lr 1.74e-03 | 0.6s
epoch  466 | loss 66.9322 | lr 1.74e-03 | 0.6s
epoch  467 | loss 66.8398 | lr 1.74e-03 | 0.6s
epoch  468 | loss 66.0443 | lr 1.74e-03 | 0.6s
epoch  469 | loss 66.8686 | lr 1.74e-03 | 0.6s
epoch  470 | loss 66.0507 | lr 1.74e-03 | 0.6s
epoch  471 | loss 65.9425 | lr 1.74e-03 | 0.6s
epoch  472 | loss 66.6993 | lr 1.74e-03 | 0.6s
epoch  473 | loss 65.8797 | lr 1.74e-03 | 0.6s
epoch  474 | loss 66.2764 | lr 1.73e-03 | 0.6s
epoch  475 | loss 66.0701 | lr 1.73e-03 | 0.6s
epoch  476 | loss 66.1071 | lr 1.73e-03 | 0.6s
epoch  477 | loss 66.3489 | lr 1.73e-03 | 0.6s
epoch  478 | loss 65.9056 | lr 1.73e-03 | 0.6s
epoch  479 | loss 66.7016 | lr 1.73e-03 | 0.6s
epoch  480 | loss 66.2999 | lr 1.73e-03 | 0.6s
epoch  481 | loss 66.3693 | lr 1.73e-03 | 0.6s
epoch  482 | loss 66.5541 | lr 1.73e-03 | 0.6s
epoch  483 | loss 66.0547 | lr 1.72e-03 | 0.6s
epoch  484 | loss 65.9063 | lr 1.72e-03 | 0.6s
epoch  485 | loss 66.0612 | lr 1.72e-03 | 0.6s
epoch  486 | loss 66.8781 | lr 1.72e-03 | 0.6s
epoch  487 | loss 66.5042 | lr 1.72e-03 | 0.6s
epoch  488 | loss 66.7490 | lr 1.72e-03 | 0.6s
epoch  489 | loss 65.9642 | lr 1.72e-03 | 0.6s
epoch  490 | loss 65.9785 | lr 1.72e-03 | 0.6s
epoch  491 | loss 66.5366 | lr 1.72e-03 | 0.6s
epoch  492 | loss 66.1848 | lr 1.71e-03 | 0.6s
epoch  493 | loss 66.1704 | lr 1.71e-03 | 0.6s
epoch  494 | loss 65.7447 | lr 1.71e-03 | 0.6s
epoch  495 | loss 66.1364 | lr 1.71e-03 | 0.6s
epoch  496 | loss 66.9215 | lr 1.71e-03 | 0.6s
epoch  497 | loss 65.9984 | lr 1.71e-03 | 0.6s
epoch  498 | loss 66.6527 | lr 1.71e-03 | 0.6s
epoch  499 | loss 66.0910 | lr 1.71e-03 | 0.6s
epoch  500 | loss 65.7498 | lr 1.71e-03 | 0.6s
epoch  501 | loss 66.2309 | lr 1.70e-03 | 0.6s
epoch  502 | loss 66.4995 | lr 1.70e-03 | 0.6s
epoch  503 | loss 66.4803 | lr 1.70e-03 | 0.6s
epoch  504 | loss 66.2691 | lr 1.70e-03 | 0.6s
epoch  505 | loss 66.1938 | lr 1.70e-03 | 0.6s
epoch  506 | loss 65.8510 | lr 1.70e-03 | 0.6s
epoch  507 | loss 65.8435 | lr 1.70e-03 | 0.6s
epoch  508 | loss 66.0510 | lr 1.70e-03 | 0.6s
epoch  509 | loss 65.9880 | lr 1.70e-03 | 0.6s
epoch  510 | loss 65.9079 | lr 1.69e-03 | 0.6s
epoch  511 | loss 66.6220 | lr 1.69e-03 | 0.6s
epoch  512 | loss 66.2079 | lr 1.69e-03 | 0.6s
epoch  513 | loss 66.0683 | lr 1.69e-03 | 0.6s
epoch  514 | loss 66.5036 | lr 1.69e-03 | 0.6s
epoch  515 | loss 65.9202 | lr 1.69e-03 | 0.6s
epoch  516 | loss 66.3490 | lr 1.69e-03 | 0.6s
epoch  517 | loss 65.7660 | lr 1.69e-03 | 0.6s
epoch  518 | loss 65.9544 | lr 1.69e-03 | 0.6s
epoch  519 | loss 65.8178 | lr 1.68e-03 | 0.6s
epoch  520 | loss 66.0706 | lr 1.68e-03 | 0.6s
epoch  521 | loss 66.5862 | lr 1.68e-03 | 0.6s
epoch  522 | loss 65.6375 | lr 1.68e-03 | 0.6s
epoch  523 | loss 66.0222 | lr 1.68e-03 | 0.6s
epoch  524 | loss 65.7635 | lr 1.68e-03 | 0.6s
epoch  525 | loss 66.4705 | lr 1.68e-03 | 0.6s
epoch  526 | loss 66.8137 | lr 1.68e-03 | 0.6s
epoch  527 | loss 65.7437 | lr 1.68e-03 | 0.6s
epoch  528 | loss 66.5081 | lr 1.67e-03 | 0.6s
epoch  529 | loss 66.0497 | lr 1.67e-03 | 0.6s
epoch  530 | loss 66.4104 | lr 1.67e-03 | 0.6s
epoch  531 | loss 66.2820 | lr 1.67e-03 | 0.6s
epoch  532 | loss 65.8675 | lr 1.67e-03 | 0.6s
epoch  533 | loss 66.4648 | lr 1.67e-03 | 0.6s
epoch  534 | loss 66.2716 | lr 1.67e-03 | 0.6s
epoch  535 | loss 66.3749 | lr 1.67e-03 | 0.6s
epoch  536 | loss 66.1278 | lr 1.66e-03 | 0.6s
epoch  537 | loss 66.5190 | lr 1.66e-03 | 0.6s
epoch  538 | loss 66.5189 | lr 1.66e-03 | 0.6s
epoch  539 | loss 66.1355 | lr 1.66e-03 | 0.6s
epoch  540 | loss 65.8467 | lr 1.66e-03 | 0.6s
epoch  541 | loss 66.2079 | lr 1.66e-03 | 0.6s
epoch  542 | loss 66.1208 | lr 1.66e-03 | 0.6s
epoch  543 | loss 66.2174 | lr 1.66e-03 | 0.6s
epoch  544 | loss 66.4372 | lr 1.66e-03 | 0.6s
epoch  545 | loss 66.0921 | lr 1.65e-03 | 0.6s
epoch  546 | loss 66.1405 | lr 1.65e-03 | 0.6s
epoch  547 | loss 65.8868 | lr 1.65e-03 | 0.6s
epoch  548 | loss 65.8250 | lr 1.65e-03 | 0.6s
epoch  549 | loss 66.1829 | lr 1.65e-03 | 0.6s
epoch  550 | loss 66.7842 | lr 1.65e-03 | 0.6s
epoch  551 | loss 65.7753 | lr 1.65e-03 | 0.6s
epoch  552 | loss 65.8101 | lr 1.65e-03 | 0.6s
epoch  553 | loss 65.8345 | lr 1.64e-03 | 0.6s
epoch  554 | loss 66.2230 | lr 1.64e-03 | 0.6s
epoch  555 | loss 65.8560 | lr 1.64e-03 | 0.6s
epoch  556 | loss 66.0401 | lr 1.64e-03 | 0.6s
epoch  557 | loss 66.3678 | lr 1.64e-03 | 0.6s
epoch  558 | loss 65.8173 | lr 1.64e-03 | 0.6s
epoch  559 | loss 65.6141 | lr 1.64e-03 | 0.6s
epoch  560 | loss 66.2842 | lr 1.64e-03 | 0.6s
epoch  561 | loss 65.6881 | lr 1.64e-03 | 0.6s
epoch  562 | loss 65.9484 | lr 1.63e-03 | 0.6s
epoch  563 | loss 65.8539 | lr 1.63e-03 | 0.6s
epoch  564 | loss 65.6593 | lr 1.63e-03 | 0.6s
epoch  565 | loss 66.1496 | lr 1.63e-03 | 0.6s
epoch  566 | loss 66.2228 | lr 1.63e-03 | 0.6s
epoch  567 | loss 65.0672 | lr 1.63e-03 | 0.6s
epoch  568 | loss 66.0325 | lr 1.63e-03 | 0.6s
epoch  569 | loss 65.8501 | lr 1.63e-03 | 0.6s
epoch  570 | loss 65.3140 | lr 1.62e-03 | 0.6s
epoch  571 | loss 65.6854 | lr 1.62e-03 | 0.6s
epoch  572 | loss 65.9604 | lr 1.62e-03 | 0.6s
epoch  573 | loss 65.8744 | lr 1.62e-03 | 0.6s
epoch  574 | loss 65.7384 | lr 1.62e-03 | 0.6s
epoch  575 | loss 66.5658 | lr 1.62e-03 | 0.6s
epoch  576 | loss 65.4240 | lr 1.62e-03 | 0.6s
epoch  577 | loss 66.4058 | lr 1.62e-03 | 0.6s
epoch  578 | loss 65.6519 | lr 1.61e-03 | 0.6s
epoch  579 | loss 66.2071 | lr 1.61e-03 | 0.6s
epoch  580 | loss 66.1548 | lr 1.61e-03 | 0.6s
epoch  581 | loss 65.1532 | lr 1.61e-03 | 0.6s
epoch  582 | loss 65.7369 | lr 1.61e-03 | 0.6s
epoch  583 | loss 65.8749 | lr 1.61e-03 | 0.6s
epoch  584 | loss 65.9602 | lr 1.61e-03 | 0.6s
epoch  585 | loss 66.7968 | lr 1.61e-03 | 0.6s
epoch  586 | loss 65.9517 | lr 1.60e-03 | 0.6s
epoch  587 | loss 66.1713 | lr 1.60e-03 | 0.6s
epoch  588 | loss 66.2844 | lr 1.60e-03 | 0.6s
epoch  589 | loss 66.0729 | lr 1.60e-03 | 0.6s
epoch  590 | loss 65.4827 | lr 1.60e-03 | 0.6s
epoch  591 | loss 66.0889 | lr 1.60e-03 | 0.6s
epoch  592 | loss 65.7344 | lr 1.60e-03 | 0.6s
epoch  593 | loss 65.5805 | lr 1.60e-03 | 0.6s
epoch  594 | loss 65.8661 | lr 1.59e-03 | 0.6s
epoch  595 | loss 66.7241 | lr 1.59e-03 | 0.6s
epoch  596 | loss 65.8247 | lr 1.59e-03 | 0.6s
epoch  597 | loss 65.5475 | lr 1.59e-03 | 0.6s
epoch  598 | loss 65.8482 | lr 1.59e-03 | 0.6s
epoch  599 | loss 65.8312 | lr 1.59e-03 | 0.6s
epoch  600 | loss 65.8976 | lr 1.59e-03 | 0.6s
epoch  601 | loss 66.0908 | lr 1.59e-03 | 0.6s
epoch  602 | loss 66.5889 | lr 1.58e-03 | 0.6s
epoch  603 | loss 65.6435 | lr 1.58e-03 | 0.6s
epoch  604 | loss 65.4927 | lr 1.58e-03 | 0.6s
epoch  605 | loss 65.9309 | lr 1.58e-03 | 0.6s
epoch  606 | loss 65.9549 | lr 1.58e-03 | 0.6s
epoch  607 | loss 65.7059 | lr 1.58e-03 | 0.6s
epoch  608 | loss 65.3756 | lr 1.58e-03 | 0.6s
epoch  609 | loss 66.0002 | lr 1.58e-03 | 0.6s
epoch  610 | loss 66.0702 | lr 1.57e-03 | 0.6s
epoch  611 | loss 66.3567 | lr 1.57e-03 | 0.6s
epoch  612 | loss 65.8458 | lr 1.57e-03 | 0.6s
epoch  613 | loss 65.9766 | lr 1.57e-03 | 0.6s
epoch  614 | loss 66.0831 | lr 1.57e-03 | 0.6s
epoch  615 | loss 66.2351 | lr 1.57e-03 | 0.6s
epoch  616 | loss 66.5836 | lr 1.57e-03 | 0.6s
epoch  617 | loss 65.6550 | lr 1.56e-03 | 0.6s
epoch  618 | loss 65.5023 | lr 1.56e-03 | 0.6s
epoch  619 | loss 66.0267 | lr 1.56e-03 | 0.6s
epoch  620 | loss 65.8083 | lr 1.56e-03 | 0.6s
epoch  621 | loss 66.3824 | lr 1.56e-03 | 0.6s
epoch  622 | loss 66.2315 | lr 1.56e-03 | 0.6s
epoch  623 | loss 65.8926 | lr 1.56e-03 | 0.6s
epoch  624 | loss 65.9986 | lr 1.56e-03 | 0.6s
epoch  625 | loss 66.0067 | lr 1.55e-03 | 0.6s
epoch  626 | loss 65.8819 | lr 1.55e-03 | 0.6s
epoch  627 | loss 66.0473 | lr 1.55e-03 | 0.6s
epoch  628 | loss 66.2878 | lr 1.55e-03 | 0.6s
epoch  629 | loss 65.8468 | lr 1.55e-03 | 0.6s
epoch  630 | loss 65.4291 | lr 1.55e-03 | 0.6s
epoch  631 | loss 66.8471 | lr 1.55e-03 | 0.6s
epoch  632 | loss 66.4006 | lr 1.55e-03 | 0.6s
epoch  633 | loss 65.8751 | lr 1.54e-03 | 0.6s
epoch  634 | loss 65.5873 | lr 1.54e-03 | 0.6s
epoch  635 | loss 65.8090 | lr 1.54e-03 | 0.6s
epoch  636 | loss 65.2093 | lr 1.54e-03 | 0.6s
epoch  637 | loss 65.6831 | lr 1.54e-03 | 0.6s
epoch  638 | loss 66.0572 | lr 1.54e-03 | 0.6s
epoch  639 | loss 65.6903 | lr 1.54e-03 | 0.6s
epoch  640 | loss 65.7500 | lr 1.53e-03 | 0.6s
epoch  641 | loss 66.1507 | lr 1.53e-03 | 0.6s
epoch  642 | loss 66.2585 | lr 1.53e-03 | 0.6s
epoch  643 | loss 65.5708 | lr 1.53e-03 | 0.6s
epoch  644 | loss 66.1332 | lr 1.53e-03 | 0.6s
epoch  645 | loss 65.7966 | lr 1.53e-03 | 0.6s
epoch  646 | loss 65.7328 | lr 1.53e-03 | 0.6s
epoch  647 | loss 65.4537 | lr 1.53e-03 | 0.6s
epoch  648 | loss 65.5805 | lr 1.52e-03 | 0.6s
epoch  649 | loss 65.5998 | lr 1.52e-03 | 0.6s
epoch  650 | loss 65.7061 | lr 1.52e-03 | 0.6s
epoch  651 | loss 66.0277 | lr 1.52e-03 | 0.6s
epoch  652 | loss 65.7499 | lr 1.52e-03 | 0.6s
epoch  653 | loss 65.5842 | lr 1.52e-03 | 0.6s
epoch  654 | loss 65.2683 | lr 1.52e-03 | 0.6s
epoch  655 | loss 64.9080 | lr 1.51e-03 | 0.6s
epoch  656 | loss 66.1722 | lr 1.51e-03 | 0.6s
epoch  657 | loss 65.3725 | lr 1.51e-03 | 0.6s
epoch  658 | loss 64.9905 | lr 1.51e-03 | 0.6s
epoch  659 | loss 65.7608 | lr 1.51e-03 | 0.6s
epoch  660 | loss 66.2451 | lr 1.51e-03 | 0.6s
epoch  661 | loss 65.9814 | lr 1.51e-03 | 0.6s
epoch  662 | loss 65.3871 | lr 1.50e-03 | 0.6s
epoch  663 | loss 65.7950 | lr 1.50e-03 | 0.6s
epoch  664 | loss 65.8684 | lr 1.50e-03 | 0.6s
epoch  665 | loss 65.6188 | lr 1.50e-03 | 0.6s
epoch  666 | loss 65.9307 | lr 1.50e-03 | 0.6s
epoch  667 | loss 66.0964 | lr 1.50e-03 | 0.6s
epoch  668 | loss 65.7002 | lr 1.50e-03 | 0.6s
epoch  669 | loss 65.7980 | lr 1.50e-03 | 0.6s
epoch  670 | loss 65.7115 | lr 1.49e-03 | 0.6s
epoch  671 | loss 66.1514 | lr 1.49e-03 | 0.6s
epoch  672 | loss 64.9982 | lr 1.49e-03 | 0.6s
epoch  673 | loss 66.3213 | lr 1.49e-03 | 0.6s
epoch  674 | loss 65.9672 | lr 1.49e-03 | 0.6s
epoch  675 | loss 65.4129 | lr 1.49e-03 | 0.6s
epoch  676 | loss 65.5555 | lr 1.49e-03 | 0.6s
epoch  677 | loss 65.3163 | lr 1.48e-03 | 0.6s
epoch  678 | loss 65.9298 | lr 1.48e-03 | 0.6s
epoch  679 | loss 65.7037 | lr 1.48e-03 | 0.6s
epoch  680 | loss 65.0809 | lr 1.48e-03 | 0.6s
epoch  681 | loss 66.1133 | lr 1.48e-03 | 0.6s
epoch  682 | loss 65.4633 | lr 1.48e-03 | 0.6s
epoch  683 | loss 65.7255 | lr 1.48e-03 | 0.6s
epoch  684 | loss 65.4998 | lr 1.47e-03 | 0.6s
epoch  685 | loss 65.3575 | lr 1.47e-03 | 0.6s
epoch  686 | loss 65.2732 | lr 1.47e-03 | 0.6s
epoch  687 | loss 65.5843 | lr 1.47e-03 | 0.6s
epoch  688 | loss 65.5002 | lr 1.47e-03 | 0.6s
epoch  689 | loss 65.4157 | lr 1.47e-03 | 0.6s
epoch  690 | loss 65.7681 | lr 1.47e-03 | 0.6s
epoch  691 | loss 65.6963 | lr 1.47e-03 | 0.6s
epoch  692 | loss 65.3270 | lr 1.46e-03 | 0.6s
epoch  693 | loss 66.0735 | lr 1.46e-03 | 0.6s
epoch  694 | loss 65.4130 | lr 1.46e-03 | 0.6s
epoch  695 | loss 65.1284 | lr 1.46e-03 | 0.6s
epoch  696 | loss 65.1405 | lr 1.46e-03 | 0.6s
epoch  697 | loss 65.4258 | lr 1.46e-03 | 0.6s
epoch  698 | loss 66.0670 | lr 1.46e-03 | 0.6s
epoch  699 | loss 65.4112 | lr 1.45e-03 | 0.6s
epoch  700 | loss 66.0216 | lr 1.45e-03 | 0.6s
epoch  701 | loss 65.2922 | lr 1.45e-03 | 0.6s
epoch  702 | loss 65.2613 | lr 1.45e-03 | 0.6s
epoch  703 | loss 66.0664 | lr 1.45e-03 | 0.6s
epoch  704 | loss 66.2253 | lr 1.45e-03 | 0.6s
epoch  705 | loss 66.0229 | lr 1.45e-03 | 0.6s
epoch  706 | loss 64.7019 | lr 1.44e-03 | 0.6s
epoch  707 | loss 65.3339 | lr 1.44e-03 | 0.6s
epoch  708 | loss 65.8654 | lr 1.44e-03 | 0.6s
epoch  709 | loss 65.7427 | lr 1.44e-03 | 0.6s
epoch  710 | loss 65.2005 | lr 1.44e-03 | 0.6s
epoch  711 | loss 65.8965 | lr 1.44e-03 | 0.6s
epoch  712 | loss 65.7353 | lr 1.44e-03 | 0.6s
epoch  713 | loss 64.9954 | lr 1.43e-03 | 0.6s
epoch  714 | loss 65.6408 | lr 1.43e-03 | 0.6s
epoch  715 | loss 65.6445 | lr 1.43e-03 | 0.6s
epoch  716 | loss 66.1388 | lr 1.43e-03 | 0.6s
epoch  717 | loss 65.9221 | lr 1.43e-03 | 0.6s
epoch  718 | loss 65.5484 | lr 1.43e-03 | 0.6s
epoch  719 | loss 65.2861 | lr 1.43e-03 | 0.6s
epoch  720 | loss 65.8830 | lr 1.42e-03 | 0.6s
epoch  721 | loss 65.1201 | lr 1.42e-03 | 0.6s
epoch  722 | loss 65.4933 | lr 1.42e-03 | 0.6s
epoch  723 | loss 65.3129 | lr 1.42e-03 | 0.6s
epoch  724 | loss 66.1243 | lr 1.42e-03 | 0.6s
epoch  725 | loss 65.0955 | lr 1.42e-03 | 0.6s
epoch  726 | loss 65.2083 | lr 1.42e-03 | 0.6s
epoch  727 | loss 65.7172 | lr 1.41e-03 | 0.6s
epoch  728 | loss 65.9106 | lr 1.41e-03 | 0.6s
epoch  729 | loss 66.4334 | lr 1.41e-03 | 0.6s
epoch  730 | loss 65.4844 | lr 1.41e-03 | 0.6s
epoch  731 | loss 65.3399 | lr 1.41e-03 | 0.6s
epoch  732 | loss 66.4401 | lr 1.41e-03 | 0.6s
epoch  733 | loss 65.6882 | lr 1.41e-03 | 0.6s
epoch  734 | loss 65.4874 | lr 1.40e-03 | 0.6s
epoch  735 | loss 65.0562 | lr 1.40e-03 | 0.6s
epoch  736 | loss 65.7362 | lr 1.40e-03 | 0.6s
epoch  737 | loss 65.9687 | lr 1.40e-03 | 0.6s
epoch  738 | loss 65.3177 | lr 1.40e-03 | 0.6s
epoch  739 | loss 65.9372 | lr 1.40e-03 | 0.6s
epoch  740 | loss 65.7011 | lr 1.40e-03 | 0.6s
epoch  741 | loss 66.1208 | lr 1.39e-03 | 0.6s
epoch  742 | loss 65.6381 | lr 1.39e-03 | 0.6s
epoch  743 | loss 65.7563 | lr 1.39e-03 | 0.6s
epoch  744 | loss 66.1898 | lr 1.39e-03 | 0.6s
epoch  745 | loss 66.0111 | lr 1.39e-03 | 0.6s
epoch  746 | loss 65.4648 | lr 1.39e-03 | 0.6s
epoch  747 | loss 65.4731 | lr 1.39e-03 | 0.6s
epoch  748 | loss 65.5915 | lr 1.38e-03 | 0.6s
epoch  749 | loss 65.5273 | lr 1.38e-03 | 0.6s
epoch  750 | loss 66.0238 | lr 1.38e-03 | 0.6s
epoch  751 | loss 65.7282 | lr 1.38e-03 | 0.6s
epoch  752 | loss 66.0406 | lr 1.38e-03 | 0.6s
epoch  753 | loss 65.9313 | lr 1.38e-03 | 0.6s
epoch  754 | loss 65.6382 | lr 1.38e-03 | 0.6s
epoch  755 | loss 65.5320 | lr 1.37e-03 | 0.6s
epoch  756 | loss 65.0023 | lr 1.37e-03 | 0.6s
epoch  757 | loss 64.7805 | lr 1.37e-03 | 0.6s
epoch  758 | loss 65.5913 | lr 1.37e-03 | 0.6s
epoch  759 | loss 66.0823 | lr 1.37e-03 | 0.6s
epoch  760 | loss 65.8214 | lr 1.37e-03 | 0.6s
epoch  761 | loss 66.0389 | lr 1.37e-03 | 0.6s
epoch  762 | loss 65.3353 | lr 1.36e-03 | 0.6s
epoch  763 | loss 65.9705 | lr 1.36e-03 | 0.6s
epoch  764 | loss 65.7036 | lr 1.36e-03 | 0.6s
epoch  765 | loss 66.0556 | lr 1.36e-03 | 0.6s
epoch  766 | loss 65.7085 | lr 1.36e-03 | 0.6s
epoch  767 | loss 64.8020 | lr 1.36e-03 | 0.6s
epoch  768 | loss 65.3067 | lr 1.35e-03 | 0.6s
epoch  769 | loss 65.7607 | lr 1.35e-03 | 0.6s
epoch  770 | loss 65.4471 | lr 1.35e-03 | 0.6s
epoch  771 | loss 65.6990 | lr 1.35e-03 | 0.6s
epoch  772 | loss 65.4273 | lr 1.35e-03 | 0.6s
epoch  773 | loss 65.8103 | lr 1.35e-03 | 0.6s
epoch  774 | loss 65.4980 | lr 1.35e-03 | 0.6s
epoch  775 | loss 65.5944 | lr 1.34e-03 | 0.6s
epoch  776 | loss 65.2867 | lr 1.34e-03 | 0.6s
epoch  777 | loss 65.5146 | lr 1.34e-03 | 0.6s
epoch  778 | loss 65.9377 | lr 1.34e-03 | 0.6s
epoch  779 | loss 65.7546 | lr 1.34e-03 | 0.6s
epoch  780 | loss 65.3957 | lr 1.34e-03 | 0.6s
epoch  781 | loss 65.4486 | lr 1.34e-03 | 0.6s
epoch  782 | loss 65.7765 | lr 1.33e-03 | 0.6s
epoch  783 | loss 65.5410 | lr 1.33e-03 | 0.6s
epoch  784 | loss 65.5291 | lr 1.33e-03 | 0.6s
epoch  785 | loss 65.4208 | lr 1.33e-03 | 0.6s
epoch  786 | loss 65.9968 | lr 1.33e-03 | 0.6s
epoch  787 | loss 65.5597 | lr 1.33e-03 | 0.6s
epoch  788 | loss 66.1606 | lr 1.33e-03 | 0.6s
epoch  789 | loss 65.8602 | lr 1.32e-03 | 0.6s
epoch  790 | loss 65.2587 | lr 1.32e-03 | 0.6s
epoch  791 | loss 65.2959 | lr 1.32e-03 | 0.6s
epoch  792 | loss 65.3242 | lr 1.32e-03 | 0.6s
epoch  793 | loss 65.5076 | lr 1.32e-03 | 0.6s
epoch  794 | loss 66.1665 | lr 1.32e-03 | 0.6s
epoch  795 | loss 65.4897 | lr 1.31e-03 | 0.6s
epoch  796 | loss 66.0967 | lr 1.31e-03 | 0.6s
epoch  797 | loss 64.9698 | lr 1.31e-03 | 0.6s
epoch  798 | loss 65.5671 | lr 1.31e-03 | 0.6s
epoch  799 | loss 65.8005 | lr 1.31e-03 | 0.6s
epoch  800 | loss 65.6852 | lr 1.31e-03 | 0.6s
epoch  801 | loss 65.2656 | lr 1.31e-03 | 0.6s
epoch  802 | loss 64.7000 | lr 1.30e-03 | 0.6s
epoch  803 | loss 65.8371 | lr 1.30e-03 | 0.6s
epoch  804 | loss 66.1674 | lr 1.30e-03 | 0.6s
epoch  805 | loss 65.3936 | lr 1.30e-03 | 0.6s
epoch  806 | loss 65.6497 | lr 1.30e-03 | 0.6s
epoch  807 | loss 65.0332 | lr 1.30e-03 | 0.6s
epoch  808 | loss 64.9937 | lr 1.30e-03 | 0.6s
epoch  809 | loss 65.5411 | lr 1.29e-03 | 0.6s
epoch  810 | loss 65.0963 | lr 1.29e-03 | 0.6s
epoch  811 | loss 65.2991 | lr 1.29e-03 | 0.6s
epoch  812 | loss 65.0253 | lr 1.29e-03 | 0.6s
epoch  813 | loss 65.5572 | lr 1.29e-03 | 0.6s
epoch  814 | loss 65.2788 | lr 1.29e-03 | 0.6s
epoch  815 | loss 65.9116 | lr 1.29e-03 | 0.6s
epoch  816 | loss 65.1284 | lr 1.28e-03 | 0.6s
epoch  817 | loss 65.4971 | lr 1.28e-03 | 0.6s
epoch  818 | loss 65.3849 | lr 1.28e-03 | 0.6s
epoch  819 | loss 65.3261 | lr 1.28e-03 | 0.6s
epoch  820 | loss 65.1749 | lr 1.28e-03 | 0.6s
epoch  821 | loss 66.0044 | lr 1.28e-03 | 0.6s
epoch  822 | loss 64.9434 | lr 1.27e-03 | 0.6s
epoch  823 | loss 65.2354 | lr 1.27e-03 | 0.6s
epoch  824 | loss 64.7781 | lr 1.27e-03 | 0.6s
epoch  825 | loss 64.9999 | lr 1.27e-03 | 0.6s
epoch  826 | loss 65.7045 | lr 1.27e-03 | 0.6s
epoch  827 | loss 65.6331 | lr 1.27e-03 | 0.6s
epoch  828 | loss 65.5811 | lr 1.27e-03 | 0.6s
epoch  829 | loss 65.6241 | lr 1.26e-03 | 0.6s
epoch  830 | loss 66.3296 | lr 1.26e-03 | 0.6s
epoch  831 | loss 65.3793 | lr 1.26e-03 | 0.6s
epoch  832 | loss 65.4284 | lr 1.26e-03 | 0.6s
epoch  833 | loss 65.4478 | lr 1.26e-03 | 0.6s
epoch  834 | loss 65.3426 | lr 1.26e-03 | 0.6s
epoch  835 | loss 65.1797 | lr 1.25e-03 | 0.6s
epoch  836 | loss 65.2316 | lr 1.25e-03 | 0.6s
epoch  837 | loss 65.4587 | lr 1.25e-03 | 0.6s
epoch  838 | loss 65.3793 | lr 1.25e-03 | 0.6s
epoch  839 | loss 65.7617 | lr 1.25e-03 | 0.6s
epoch  840 | loss 65.3811 | lr 1.25e-03 | 0.6s
epoch  841 | loss 65.5512 | lr 1.25e-03 | 0.6s
epoch  842 | loss 65.3872 | lr 1.24e-03 | 0.6s
epoch  843 | loss 65.3656 | lr 1.24e-03 | 0.6s
epoch  844 | loss 65.7025 | lr 1.24e-03 | 0.6s
epoch  845 | loss 64.7685 | lr 1.24e-03 | 0.6s
epoch  846 | loss 65.5168 | lr 1.24e-03 | 0.6s
epoch  847 | loss 64.9934 | lr 1.24e-03 | 0.6s
epoch  848 | loss 65.1241 | lr 1.23e-03 | 0.6s
epoch  849 | loss 65.9346 | lr 1.23e-03 | 0.6s
epoch  850 | loss 65.7111 | lr 1.23e-03 | 0.6s
epoch  851 | loss 65.4034 | lr 1.23e-03 | 0.6s
epoch  852 | loss 65.1746 | lr 1.23e-03 | 0.6s
epoch  853 | loss 65.6797 | lr 1.23e-03 | 0.6s
epoch  854 | loss 65.7892 | lr 1.23e-03 | 0.6s
epoch  855 | loss 65.3937 | lr 1.22e-03 | 0.6s
epoch  856 | loss 65.3365 | lr 1.22e-03 | 0.6s
epoch  857 | loss 65.2154 | lr 1.22e-03 | 0.6s
epoch  858 | loss 65.3839 | lr 1.22e-03 | 0.6s
epoch  859 | loss 65.7599 | lr 1.22e-03 | 0.6s
epoch  860 | loss 65.2764 | lr 1.22e-03 | 0.6s
epoch  861 | loss 65.2508 | lr 1.22e-03 | 0.6s
epoch  862 | loss 66.0780 | lr 1.21e-03 | 0.6s
epoch  863 | loss 65.6097 | lr 1.21e-03 | 0.6s
epoch  864 | loss 64.8523 | lr 1.21e-03 | 0.6s
epoch  865 | loss 65.5339 | lr 1.21e-03 | 0.6s
epoch  866 | loss 65.4782 | lr 1.21e-03 | 0.6s
epoch  867 | loss 65.7091 | lr 1.21e-03 | 0.6s
epoch  868 | loss 65.1268 | lr 1.20e-03 | 0.6s
epoch  869 | loss 65.8673 | lr 1.20e-03 | 0.6s
epoch  870 | loss 65.2782 | lr 1.20e-03 | 0.6s
epoch  871 | loss 64.8464 | lr 1.20e-03 | 0.6s
epoch  872 | loss 65.4541 | lr 1.20e-03 | 0.6s
epoch  873 | loss 64.9797 | lr 1.20e-03 | 0.6s
epoch  874 | loss 65.3493 | lr 1.20e-03 | 0.6s
epoch  875 | loss 65.5111 | lr 1.19e-03 | 0.6s
epoch  876 | loss 65.2868 | lr 1.19e-03 | 0.6s
epoch  877 | loss 65.4159 | lr 1.19e-03 | 0.6s
epoch  878 | loss 65.5872 | lr 1.19e-03 | 0.6s
epoch  879 | loss 65.3467 | lr 1.19e-03 | 0.6s
epoch  880 | loss 65.7496 | lr 1.19e-03 | 0.6s
epoch  881 | loss 65.1701 | lr 1.18e-03 | 0.6s
epoch  882 | loss 65.5783 | lr 1.18e-03 | 0.6s
epoch  883 | loss 65.5636 | lr 1.18e-03 | 0.6s
epoch  884 | loss 65.9263 | lr 1.18e-03 | 0.6s
epoch  885 | loss 64.9860 | lr 1.18e-03 | 0.6s
epoch  886 | loss 65.3138 | lr 1.18e-03 | 0.6s
epoch  887 | loss 65.5551 | lr 1.18e-03 | 0.6s
epoch  888 | loss 65.3757 | lr 1.17e-03 | 0.6s
epoch  889 | loss 65.0553 | lr 1.17e-03 | 0.6s
epoch  890 | loss 65.3886 | lr 1.17e-03 | 0.6s
epoch  891 | loss 65.3683 | lr 1.17e-03 | 0.6s
epoch  892 | loss 65.5755 | lr 1.17e-03 | 0.6s
epoch  893 | loss 65.2296 | lr 1.17e-03 | 0.6s
epoch  894 | loss 65.1348 | lr 1.16e-03 | 0.6s
epoch  895 | loss 64.7289 | lr 1.16e-03 | 0.6s
epoch  896 | loss 65.7264 | lr 1.16e-03 | 0.6s
epoch  897 | loss 65.5230 | lr 1.16e-03 | 0.6s
epoch  898 | loss 65.3377 | lr 1.16e-03 | 0.6s
epoch  899 | loss 64.9360 | lr 1.16e-03 | 0.6s
epoch  900 | loss 65.6887 | lr 1.15e-03 | 0.6s
epoch  901 | loss 65.6815 | lr 1.15e-03 | 0.6s
epoch  902 | loss 65.8918 | lr 1.15e-03 | 0.6s
epoch  903 | loss 65.6030 | lr 1.15e-03 | 0.6s
epoch  904 | loss 65.4564 | lr 1.15e-03 | 0.6s
epoch  905 | loss 65.6402 | lr 1.15e-03 | 0.6s
epoch  906 | loss 64.7955 | lr 1.15e-03 | 0.6s
epoch  907 | loss 66.1475 | lr 1.14e-03 | 0.6s
epoch  908 | loss 65.2404 | lr 1.14e-03 | 0.6s
epoch  909 | loss 65.2448 | lr 1.14e-03 | 0.6s
epoch  910 | loss 64.7228 | lr 1.14e-03 | 0.6s
epoch  911 | loss 64.6375 | lr 1.14e-03 | 0.6s
epoch  912 | loss 65.0499 | lr 1.14e-03 | 0.6s
epoch  913 | loss 64.8525 | lr 1.13e-03 | 0.6s
epoch  914 | loss 65.5818 | lr 1.13e-03 | 0.6s
epoch  915 | loss 65.9255 | lr 1.13e-03 | 0.6s
epoch  916 | loss 65.6479 | lr 1.13e-03 | 0.6s
epoch  917 | loss 65.6781 | lr 1.13e-03 | 0.6s
epoch  918 | loss 65.0256 | lr 1.13e-03 | 0.6s
epoch  919 | loss 65.1922 | lr 1.13e-03 | 0.6s
epoch  920 | loss 65.5169 | lr 1.12e-03 | 0.6s
epoch  921 | loss 65.2452 | lr 1.12e-03 | 0.6s
epoch  922 | loss 65.0473 | lr 1.12e-03 | 0.6s
epoch  923 | loss 64.9921 | lr 1.12e-03 | 0.6s
epoch  924 | loss 65.2835 | lr 1.12e-03 | 0.6s
epoch  925 | loss 65.1304 | lr 1.12e-03 | 0.6s
epoch  926 | loss 65.0046 | lr 1.11e-03 | 0.6s
epoch  927 | loss 65.3016 | lr 1.11e-03 | 0.6s
epoch  928 | loss 65.8960 | lr 1.11e-03 | 0.6s
epoch  929 | loss 65.8566 | lr 1.11e-03 | 0.6s
epoch  930 | loss 65.1595 | lr 1.11e-03 | 0.6s
epoch  931 | loss 65.2063 | lr 1.11e-03 | 0.6s
epoch  932 | loss 65.5449 | lr 1.11e-03 | 0.6s
epoch  933 | loss 64.9318 | lr 1.10e-03 | 0.6s
epoch  934 | loss 64.6413 | lr 1.10e-03 | 0.6s
epoch  935 | loss 65.4879 | lr 1.10e-03 | 0.6s
epoch  936 | loss 64.8746 | lr 1.10e-03 | 0.6s
epoch  937 | loss 64.8944 | lr 1.10e-03 | 0.6s
epoch  938 | loss 65.2303 | lr 1.10e-03 | 0.6s
epoch  939 | loss 65.1553 | lr 1.09e-03 | 0.6s
epoch  940 | loss 64.8866 | lr 1.09e-03 | 0.6s
epoch  941 | loss 65.0766 | lr 1.09e-03 | 0.6s
epoch  942 | loss 65.8280 | lr 1.09e-03 | 0.6s
epoch  943 | loss 65.2698 | lr 1.09e-03 | 0.6s
epoch  944 | loss 65.6286 | lr 1.09e-03 | 0.6s
epoch  945 | loss 65.9587 | lr 1.08e-03 | 0.6s
epoch  946 | loss 65.7937 | lr 1.08e-03 | 0.6s
epoch  947 | loss 65.2659 | lr 1.08e-03 | 0.6s
epoch  948 | loss 65.1025 | lr 1.08e-03 | 0.6s
epoch  949 | loss 65.6425 | lr 1.08e-03 | 0.6s
epoch  950 | loss 65.2014 | lr 1.08e-03 | 0.6s
epoch  951 | loss 64.7429 | lr 1.08e-03 | 0.6s
epoch  952 | loss 64.8129 | lr 1.07e-03 | 0.6s
epoch  953 | loss 65.8548 | lr 1.07e-03 | 0.6s
epoch  954 | loss 65.3774 | lr 1.07e-03 | 0.6s
epoch  955 | loss 65.5331 | lr 1.07e-03 | 0.6s
epoch  956 | loss 65.4896 | lr 1.07e-03 | 0.6s
epoch  957 | loss 65.7792 | lr 1.07e-03 | 0.6s
epoch  958 | loss 65.6759 | lr 1.06e-03 | 0.6s
epoch  959 | loss 65.3546 | lr 1.06e-03 | 0.6s
epoch  960 | loss 65.4199 | lr 1.06e-03 | 0.6s
epoch  961 | loss 65.1799 | lr 1.06e-03 | 0.6s
epoch  962 | loss 65.0295 | lr 1.06e-03 | 0.6s
epoch  963 | loss 64.7552 | lr 1.06e-03 | 0.6s
epoch  964 | loss 65.7866 | lr 1.05e-03 | 0.6s
epoch  965 | loss 64.7038 | lr 1.05e-03 | 0.6s
epoch  966 | loss 65.6903 | lr 1.05e-03 | 0.6s
epoch  967 | loss 65.6984 | lr 1.05e-03 | 0.6s
epoch  968 | loss 65.2807 | lr 1.05e-03 | 0.6s
epoch  969 | loss 64.4866 | lr 1.05e-03 | 0.6s
epoch  970 | loss 64.9479 | lr 1.05e-03 | 0.6s
epoch  971 | loss 65.2167 | lr 1.04e-03 | 0.6s
epoch  972 | loss 65.0633 | lr 1.04e-03 | 0.6s
epoch  973 | loss 65.4804 | lr 1.04e-03 | 0.6s
epoch  974 | loss 65.5750 | lr 1.04e-03 | 0.6s
epoch  975 | loss 64.5687 | lr 1.04e-03 | 0.6s
epoch  976 | loss 65.2578 | lr 1.04e-03 | 0.6s
epoch  977 | loss 65.9505 | lr 1.03e-03 | 0.6s
epoch  978 | loss 64.7761 | lr 1.03e-03 | 0.6s
epoch  979 | loss 64.6907 | lr 1.03e-03 | 0.6s
epoch  980 | loss 65.4695 | lr 1.03e-03 | 0.6s
epoch  981 | loss 65.6833 | lr 1.03e-03 | 0.6s
epoch  982 | loss 64.7492 | lr 1.03e-03 | 0.6s
epoch  983 | loss 64.9873 | lr 1.03e-03 | 0.6s
epoch  984 | loss 64.8337 | lr 1.02e-03 | 0.6s
epoch  985 | loss 65.4438 | lr 1.02e-03 | 0.6s
epoch  986 | loss 65.4808 | lr 1.02e-03 | 0.6s
epoch  987 | loss 65.4996 | lr 1.02e-03 | 0.6s
epoch  988 | loss 66.0017 | lr 1.02e-03 | 0.6s
epoch  989 | loss 65.3193 | lr 1.02e-03 | 0.6s
epoch  990 | loss 65.2128 | lr 1.01e-03 | 0.6s
epoch  991 | loss 65.2766 | lr 1.01e-03 | 0.6s
epoch  992 | loss 64.7776 | lr 1.01e-03 | 0.6s
epoch  993 | loss 64.8500 | lr 1.01e-03 | 0.6s
epoch  994 | loss 65.4950 | lr 1.01e-03 | 0.6s
epoch  995 | loss 65.2036 | lr 1.01e-03 | 0.6s
epoch  996 | loss 65.1830 | lr 1.00e-03 | 0.6s
epoch  997 | loss 66.0629 | lr 1.00e-03 | 0.6s
epoch  998 | loss 64.9683 | lr 1.00e-03 | 0.6s
epoch  999 | loss 64.9627 | lr 1.00e-03 | 0.6s
epoch 1000 | loss 65.8280 | lr 9.98e-04 | 0.6s
epoch 1001 | loss 65.9278 | lr 9.97e-04 | 0.6s
epoch 1002 | loss 65.4158 | lr 9.95e-04 | 0.6s
epoch 1003 | loss 66.3448 | lr 9.94e-04 | 0.6s
epoch 1004 | loss 64.2487 | lr 9.92e-04 | 0.6s
epoch 1005 | loss 65.3620 | lr 9.91e-04 | 0.6s
epoch 1006 | loss 65.3949 | lr 9.89e-04 | 0.6s
epoch 1007 | loss 64.8544 | lr 9.87e-04 | 0.6s
epoch 1008 | loss 65.5476 | lr 9.86e-04 | 0.6s
epoch 1009 | loss 65.4205 | lr 9.84e-04 | 0.6s
epoch 1010 | loss 65.1797 | lr 9.83e-04 | 0.6s
epoch 1011 | loss 65.1734 | lr 9.81e-04 | 0.6s
epoch 1012 | loss 65.4631 | lr 9.80e-04 | 0.6s
epoch 1013 | loss 65.2648 | lr 9.78e-04 | 0.6s
epoch 1014 | loss 65.2619 | lr 9.76e-04 | 0.6s
epoch 1015 | loss 65.1956 | lr 9.75e-04 | 0.6s
epoch 1016 | loss 64.8522 | lr 9.73e-04 | 0.6s
epoch 1017 | loss 65.2784 | lr 9.72e-04 | 0.6s
epoch 1018 | loss 65.3798 | lr 9.70e-04 | 0.6s
epoch 1019 | loss 65.1892 | lr 9.69e-04 | 0.6s
epoch 1020 | loss 65.0234 | lr 9.67e-04 | 0.6s
epoch 1021 | loss 65.2710 | lr 9.65e-04 | 0.6s
epoch 1022 | loss 64.9490 | lr 9.64e-04 | 0.6s
epoch 1023 | loss 64.7685 | lr 9.62e-04 | 0.6s
epoch 1024 | loss 65.4863 | lr 9.61e-04 | 0.6s
epoch 1025 | loss 65.6790 | lr 9.59e-04 | 0.6s
epoch 1026 | loss 65.3064 | lr 9.58e-04 | 0.6s
epoch 1027 | loss 65.2973 | lr 9.56e-04 | 0.6s
epoch 1028 | loss 65.0726 | lr 9.54e-04 | 0.6s
epoch 1029 | loss 65.0039 | lr 9.53e-04 | 0.6s
epoch 1030 | loss 64.4679 | lr 9.51e-04 | 0.6s
epoch 1031 | loss 65.4476 | lr 9.50e-04 | 0.6s
epoch 1032 | loss 64.8849 | lr 9.48e-04 | 0.6s
epoch 1033 | loss 65.0786 | lr 9.47e-04 | 0.6s
epoch 1034 | loss 64.8260 | lr 9.45e-04 | 0.6s
epoch 1035 | loss 65.4529 | lr 9.43e-04 | 0.6s
epoch 1036 | loss 64.8401 | lr 9.42e-04 | 0.6s
epoch 1037 | loss 65.5913 | lr 9.40e-04 | 0.6s
epoch 1038 | loss 65.3022 | lr 9.39e-04 | 0.6s
epoch 1039 | loss 64.9521 | lr 9.37e-04 | 0.6s
epoch 1040 | loss 65.8574 | lr 9.36e-04 | 0.6s
epoch 1041 | loss 65.2023 | lr 9.34e-04 | 0.6s
epoch 1042 | loss 65.4160 | lr 9.33e-04 | 0.6s
epoch 1043 | loss 64.6732 | lr 9.31e-04 | 0.6s
epoch 1044 | loss 65.0883 | lr 9.29e-04 | 0.6s
epoch 1045 | loss 65.5364 | lr 9.28e-04 | 0.6s
epoch 1046 | loss 64.8996 | lr 9.26e-04 | 0.6s
epoch 1047 | loss 65.2149 | lr 9.25e-04 | 0.6s
epoch 1048 | loss 65.7329 | lr 9.23e-04 | 0.6s
epoch 1049 | loss 65.4903 | lr 9.22e-04 | 0.6s
epoch 1050 | loss 65.4234 | lr 9.20e-04 | 0.6s
epoch 1051 | loss 64.9095 | lr 9.18e-04 | 0.6s
epoch 1052 | loss 65.4465 | lr 9.17e-04 | 0.6s
epoch 1053 | loss 65.4527 | lr 9.15e-04 | 0.6s
epoch 1054 | loss 65.9320 | lr 9.14e-04 | 0.6s
epoch 1055 | loss 64.3431 | lr 9.12e-04 | 0.6s
epoch 1056 | loss 64.9909 | lr 9.11e-04 | 0.6s
epoch 1057 | loss 65.6505 | lr 9.09e-04 | 0.6s
epoch 1058 | loss 65.3632 | lr 9.07e-04 | 0.6s
epoch 1059 | loss 65.2087 | lr 9.06e-04 | 0.6s
epoch 1060 | loss 65.3502 | lr 9.04e-04 | 0.6s
epoch 1061 | loss 65.4536 | lr 9.03e-04 | 0.6s
epoch 1062 | loss 65.5090 | lr 9.01e-04 | 0.6s
epoch 1063 | loss 65.7735 | lr 9.00e-04 | 0.6s
epoch 1064 | loss 65.5016 | lr 8.98e-04 | 0.6s
epoch 1065 | loss 65.1041 | lr 8.97e-04 | 0.6s
epoch 1066 | loss 65.6029 | lr 8.95e-04 | 0.6s
epoch 1067 | loss 64.9255 | lr 8.93e-04 | 0.6s
epoch 1068 | loss 65.6849 | lr 8.92e-04 | 0.6s
epoch 1069 | loss 65.5826 | lr 8.90e-04 | 0.6s
epoch 1070 | loss 65.4574 | lr 8.89e-04 | 0.6s
epoch 1071 | loss 65.4913 | lr 8.87e-04 | 0.6s
epoch 1072 | loss 65.2805 | lr 8.86e-04 | 0.6s
epoch 1073 | loss 65.3891 | lr 8.84e-04 | 0.6s
epoch 1074 | loss 65.2813 | lr 8.82e-04 | 0.6s
epoch 1075 | loss 64.8787 | lr 8.81e-04 | 0.6s
epoch 1076 | loss 65.1763 | lr 8.79e-04 | 0.6s
epoch 1077 | loss 65.1674 | lr 8.78e-04 | 0.6s
epoch 1078 | loss 65.3055 | lr 8.76e-04 | 0.6s
epoch 1079 | loss 65.0523 | lr 8.75e-04 | 0.6s
epoch 1080 | loss 65.1202 | lr 8.73e-04 | 0.6s
epoch 1081 | loss 64.9692 | lr 8.72e-04 | 0.6s
epoch 1082 | loss 64.7935 | lr 8.70e-04 | 0.6s
epoch 1083 | loss 65.2265 | lr 8.68e-04 | 0.6s
epoch 1084 | loss 66.0593 | lr 8.67e-04 | 0.6s
epoch 1085 | loss 65.2014 | lr 8.65e-04 | 0.6s
epoch 1086 | loss 65.8670 | lr 8.64e-04 | 0.6s
epoch 1087 | loss 65.6715 | lr 8.62e-04 | 0.6s
epoch 1088 | loss 64.5824 | lr 8.61e-04 | 0.6s
epoch 1089 | loss 65.1593 | lr 8.59e-04 | 0.6s
epoch 1090 | loss 65.3438 | lr 8.58e-04 | 0.6s
epoch 1091 | loss 65.8259 | lr 8.56e-04 | 0.6s
epoch 1092 | loss 65.0166 | lr 8.54e-04 | 0.6s
epoch 1093 | loss 65.5321 | lr 8.53e-04 | 0.6s
epoch 1094 | loss 64.9464 | lr 8.51e-04 | 0.6s
epoch 1095 | loss 65.1892 | lr 8.50e-04 | 0.6s
epoch 1096 | loss 64.8135 | lr 8.48e-04 | 0.6s
epoch 1097 | loss 65.7156 | lr 8.47e-04 | 0.6s
epoch 1098 | loss 65.0040 | lr 8.45e-04 | 0.6s
epoch 1099 | loss 65.5856 | lr 8.44e-04 | 0.6s
epoch 1100 | loss 65.2406 | lr 8.42e-04 | 0.6s
epoch 1101 | loss 65.4583 | lr 8.40e-04 | 0.6s
epoch 1102 | loss 65.4000 | lr 8.39e-04 | 0.6s
epoch 1103 | loss 65.4614 | lr 8.37e-04 | 0.6s
epoch 1104 | loss 65.1219 | lr 8.36e-04 | 0.6s
epoch 1105 | loss 65.5008 | lr 8.34e-04 | 0.6s
epoch 1106 | loss 65.4138 | lr 8.33e-04 | 0.6s
epoch 1107 | loss 65.0833 | lr 8.31e-04 | 0.6s
epoch 1108 | loss 65.5960 | lr 8.30e-04 | 0.6s
epoch 1109 | loss 65.3736 | lr 8.28e-04 | 0.6s
epoch 1110 | loss 64.9037 | lr 8.27e-04 | 0.6s
epoch 1111 | loss 65.0418 | lr 8.25e-04 | 0.6s
epoch 1112 | loss 65.1024 | lr 8.23e-04 | 0.6s
epoch 1113 | loss 64.9264 | lr 8.22e-04 | 0.6s
epoch 1114 | loss 65.1444 | lr 8.20e-04 | 0.6s
epoch 1115 | loss 65.4756 | lr 8.19e-04 | 0.6s
epoch 1116 | loss 64.8757 | lr 8.17e-04 | 0.6s
epoch 1117 | loss 65.0699 | lr 8.16e-04 | 0.6s
epoch 1118 | loss 65.7978 | lr 8.14e-04 | 0.6s
epoch 1119 | loss 65.2113 | lr 8.13e-04 | 0.6s
epoch 1120 | loss 65.7429 | lr 8.11e-04 | 0.6s
epoch 1121 | loss 65.0568 | lr 8.10e-04 | 0.6s
epoch 1122 | loss 65.2442 | lr 8.08e-04 | 0.6s
epoch 1123 | loss 65.7588 | lr 8.06e-04 | 0.6s
epoch 1124 | loss 65.0630 | lr 8.05e-04 | 0.6s
epoch 1125 | loss 65.3651 | lr 8.03e-04 | 0.6s
epoch 1126 | loss 65.3151 | lr 8.02e-04 | 0.6s
epoch 1127 | loss 64.6635 | lr 8.00e-04 | 0.6s
epoch 1128 | loss 64.7052 | lr 7.99e-04 | 0.6s
epoch 1129 | loss 65.5483 | lr 7.97e-04 | 0.6s
epoch 1130 | loss 65.4850 | lr 7.96e-04 | 0.6s
epoch 1131 | loss 65.2110 | lr 7.94e-04 | 0.6s
epoch 1132 | loss 65.4316 | lr 7.93e-04 | 0.6s
epoch 1133 | loss 65.1366 | lr 7.91e-04 | 0.6s
epoch 1134 | loss 65.5462 | lr 7.90e-04 | 0.6s
epoch 1135 | loss 64.8028 | lr 7.88e-04 | 0.6s
epoch 1136 | loss 65.5510 | lr 7.86e-04 | 0.6s
epoch 1137 | loss 64.3423 | lr 7.85e-04 | 0.6s
epoch 1138 | loss 65.1903 | lr 7.83e-04 | 0.6s
epoch 1139 | loss 65.0846 | lr 7.82e-04 | 0.6s
epoch 1140 | loss 64.7053 | lr 7.80e-04 | 0.6s
epoch 1141 | loss 65.1399 | lr 7.79e-04 | 0.6s
epoch 1142 | loss 64.9829 | lr 7.77e-04 | 0.6s
epoch 1143 | loss 65.6784 | lr 7.76e-04 | 0.6s
epoch 1144 | loss 65.6006 | lr 7.74e-04 | 0.6s
epoch 1145 | loss 64.2420 | lr 7.73e-04 | 0.6s
epoch 1146 | loss 65.3782 | lr 7.71e-04 | 0.6s
epoch 1147 | loss 64.9573 | lr 7.70e-04 | 0.6s
epoch 1148 | loss 65.5418 | lr 7.68e-04 | 0.6s
epoch 1149 | loss 65.2170 | lr 7.67e-04 | 0.6s
epoch 1150 | loss 65.4255 | lr 7.65e-04 | 0.6s
epoch 1151 | loss 65.3083 | lr 7.64e-04 | 0.6s
epoch 1152 | loss 65.3399 | lr 7.62e-04 | 0.6s
epoch 1153 | loss 65.2842 | lr 7.60e-04 | 0.6s
epoch 1154 | loss 65.0691 | lr 7.59e-04 | 0.6s
epoch 1155 | loss 65.4547 | lr 7.57e-04 | 0.6s
epoch 1156 | loss 65.4060 | lr 7.56e-04 | 0.6s
epoch 1157 | loss 64.6302 | lr 7.54e-04 | 0.6s
epoch 1158 | loss 65.1224 | lr 7.53e-04 | 0.6s
epoch 1159 | loss 64.7430 | lr 7.51e-04 | 0.6s
epoch 1160 | loss 65.2044 | lr 7.50e-04 | 0.6s
epoch 1161 | loss 65.4810 | lr 7.48e-04 | 0.6s
epoch 1162 | loss 65.2685 | lr 7.47e-04 | 0.6s
epoch 1163 | loss 65.1216 | lr 7.45e-04 | 0.6s
epoch 1164 | loss 64.6590 | lr 7.44e-04 | 0.6s
epoch 1165 | loss 64.5728 | lr 7.42e-04 | 0.6s
epoch 1166 | loss 65.0886 | lr 7.41e-04 | 0.6s
epoch 1167 | loss 65.2094 | lr 7.39e-04 | 0.6s
epoch 1168 | loss 65.0761 | lr 7.38e-04 | 0.6s
epoch 1169 | loss 64.9118 | lr 7.36e-04 | 0.6s
epoch 1170 | loss 64.5594 | lr 7.35e-04 | 0.6s
epoch 1171 | loss 65.8193 | lr 7.33e-04 | 0.6s
epoch 1172 | loss 64.5073 | lr 7.32e-04 | 0.6s
epoch 1173 | loss 65.7037 | lr 7.30e-04 | 0.6s
epoch 1174 | loss 64.9779 | lr 7.29e-04 | 0.6s
epoch 1175 | loss 65.2775 | lr 7.27e-04 | 0.6s
epoch 1176 | loss 65.9435 | lr 7.26e-04 | 0.6s
epoch 1177 | loss 65.0536 | lr 7.24e-04 | 0.6s
epoch 1178 | loss 65.6261 | lr 7.23e-04 | 0.6s
epoch 1179 | loss 65.6286 | lr 7.21e-04 | 0.6s
epoch 1180 | loss 64.4125 | lr 7.20e-04 | 0.6s
epoch 1181 | loss 65.5761 | lr 7.18e-04 | 0.6s
epoch 1182 | loss 65.2100 | lr 7.16e-04 | 0.6s
epoch 1183 | loss 65.0731 | lr 7.15e-04 | 0.6s
epoch 1184 | loss 65.2179 | lr 7.13e-04 | 0.6s
epoch 1185 | loss 65.2457 | lr 7.12e-04 | 0.6s
epoch 1186 | loss 65.1392 | lr 7.10e-04 | 0.6s
epoch 1187 | loss 65.5427 | lr 7.09e-04 | 0.6s
epoch 1188 | loss 65.8668 | lr 7.07e-04 | 0.6s
epoch 1189 | loss 65.6068 | lr 7.06e-04 | 0.6s
epoch 1190 | loss 64.9282 | lr 7.04e-04 | 0.6s
epoch 1191 | loss 64.8866 | lr 7.03e-04 | 0.6s
epoch 1192 | loss 65.3992 | lr 7.01e-04 | 0.6s
epoch 1193 | loss 64.8713 | lr 7.00e-04 | 0.6s
epoch 1194 | loss 64.7089 | lr 6.98e-04 | 0.6s
epoch 1195 | loss 64.7699 | lr 6.97e-04 | 0.6s
epoch 1196 | loss 65.0442 | lr 6.95e-04 | 0.6s
epoch 1197 | loss 65.1692 | lr 6.94e-04 | 0.6s
epoch 1198 | loss 64.8511 | lr 6.92e-04 | 0.6s
epoch 1199 | loss 64.8084 | lr 6.91e-04 | 0.6s
epoch 1200 | loss 64.8081 | lr 6.89e-04 | 0.6s
epoch 1201 | loss 65.7527 | lr 6.88e-04 | 0.6s
epoch 1202 | loss 65.2893 | lr 6.87e-04 | 0.6s
epoch 1203 | loss 65.5202 | lr 6.85e-04 | 0.6s
epoch 1204 | loss 65.5950 | lr 6.84e-04 | 0.6s
epoch 1205 | loss 64.8527 | lr 6.82e-04 | 0.6s
epoch 1206 | loss 65.0863 | lr 6.81e-04 | 0.6s
epoch 1207 | loss 65.3984 | lr 6.79e-04 | 0.6s
epoch 1208 | loss 65.1804 | lr 6.78e-04 | 0.6s
epoch 1209 | loss 65.1435 | lr 6.76e-04 | 0.6s
epoch 1210 | loss 64.9172 | lr 6.75e-04 | 0.6s
epoch 1211 | loss 64.8086 | lr 6.73e-04 | 0.6s
epoch 1212 | loss 65.6778 | lr 6.72e-04 | 0.6s
epoch 1213 | loss 65.4209 | lr 6.70e-04 | 0.6s
epoch 1214 | loss 65.8900 | lr 6.69e-04 | 0.6s
epoch 1215 | loss 65.2995 | lr 6.67e-04 | 0.6s
epoch 1216 | loss 64.6942 | lr 6.66e-04 | 0.6s
epoch 1217 | loss 64.6505 | lr 6.64e-04 | 0.6s
epoch 1218 | loss 65.0624 | lr 6.63e-04 | 0.6s
epoch 1219 | loss 65.0468 | lr 6.61e-04 | 0.6s
epoch 1220 | loss 65.6050 | lr 6.60e-04 | 0.6s
epoch 1221 | loss 65.0111 | lr 6.58e-04 | 0.6s
epoch 1222 | loss 65.8805 | lr 6.57e-04 | 0.6s
epoch 1223 | loss 65.4323 | lr 6.55e-04 | 0.6s
epoch 1224 | loss 65.7371 | lr 6.54e-04 | 0.6s
epoch 1225 | loss 65.2072 | lr 6.52e-04 | 0.6s
epoch 1226 | loss 65.1215 | lr 6.51e-04 | 0.6s
epoch 1227 | loss 65.2922 | lr 6.49e-04 | 0.6s
epoch 1228 | loss 65.0572 | lr 6.48e-04 | 0.6s
epoch 1229 | loss 64.7100 | lr 6.47e-04 | 0.6s
epoch 1230 | loss 64.9788 | lr 6.45e-04 | 0.6s
epoch 1231 | loss 64.9751 | lr 6.44e-04 | 0.6s
epoch 1232 | loss 65.0151 | lr 6.42e-04 | 0.6s
epoch 1233 | loss 64.9070 | lr 6.41e-04 | 0.6s
epoch 1234 | loss 65.3581 | lr 6.39e-04 | 0.6s
epoch 1235 | loss 65.1910 | lr 6.38e-04 | 0.6s
epoch 1236 | loss 65.3534 | lr 6.36e-04 | 0.6s
epoch 1237 | loss 65.2032 | lr 6.35e-04 | 0.6s
epoch 1238 | loss 65.1223 | lr 6.33e-04 | 0.6s
epoch 1239 | loss 65.0057 | lr 6.32e-04 | 0.6s
epoch 1240 | loss 65.1216 | lr 6.30e-04 | 0.6s
epoch 1241 | loss 65.3720 | lr 6.29e-04 | 0.6s
epoch 1242 | loss 65.3176 | lr 6.27e-04 | 0.6s
epoch 1243 | loss 65.2346 | lr 6.26e-04 | 0.6s
epoch 1244 | loss 65.4009 | lr 6.25e-04 | 0.6s
epoch 1245 | loss 65.2346 | lr 6.23e-04 | 0.6s
epoch 1246 | loss 64.8883 | lr 6.22e-04 | 0.6s
epoch 1247 | loss 64.9545 | lr 6.20e-04 | 0.6s
epoch 1248 | loss 65.2732 | lr 6.19e-04 | 0.6s
epoch 1249 | loss 65.9092 | lr 6.17e-04 | 0.6s
epoch 1250 | loss 64.2428 | lr 6.16e-04 | 0.6s
epoch 1251 | loss 65.4777 | lr 6.14e-04 | 0.6s
epoch 1252 | loss 65.1983 | lr 6.13e-04 | 0.6s
epoch 1253 | loss 65.2229 | lr 6.12e-04 | 0.6s
epoch 1254 | loss 65.5519 | lr 6.10e-04 | 0.6s
epoch 1255 | loss 64.8528 | lr 6.09e-04 | 0.6s
epoch 1256 | loss 65.1426 | lr 6.07e-04 | 0.6s
epoch 1257 | loss 65.4590 | lr 6.06e-04 | 0.6s
epoch 1258 | loss 65.8972 | lr 6.04e-04 | 0.6s
epoch 1259 | loss 65.4659 | lr 6.03e-04 | 0.6s
epoch 1260 | loss 64.7144 | lr 6.01e-04 | 0.6s
epoch 1261 | loss 64.8723 | lr 6.00e-04 | 0.6s
epoch 1262 | loss 64.8852 | lr 5.99e-04 | 0.6s
epoch 1263 | loss 65.0073 | lr 5.97e-04 | 0.6s
epoch 1264 | loss 64.9168 | lr 5.96e-04 | 0.6s
epoch 1265 | loss 64.8945 | lr 5.94e-04 | 0.6s
epoch 1266 | loss 65.4254 | lr 5.93e-04 | 0.6s
epoch 1267 | loss 65.0663 | lr 5.91e-04 | 0.6s
epoch 1268 | loss 65.1939 | lr 5.90e-04 | 0.6s
epoch 1269 | loss 64.8256 | lr 5.88e-04 | 0.6s
epoch 1270 | loss 65.1386 | lr 5.87e-04 | 0.6s
epoch 1271 | loss 65.1443 | lr 5.86e-04 | 0.6s
epoch 1272 | loss 65.0160 | lr 5.84e-04 | 0.6s
epoch 1273 | loss 65.4580 | lr 5.83e-04 | 0.6s
epoch 1274 | loss 65.4286 | lr 5.81e-04 | 0.6s
epoch 1275 | loss 64.6477 | lr 5.80e-04 | 0.6s
epoch 1276 | loss 65.3992 | lr 5.78e-04 | 0.6s
epoch 1277 | loss 65.0370 | lr 5.77e-04 | 0.6s
epoch 1278 | loss 65.2834 | lr 5.76e-04 | 0.6s
epoch 1279 | loss 65.0733 | lr 5.74e-04 | 0.6s
epoch 1280 | loss 65.5136 | lr 5.73e-04 | 0.6s
epoch 1281 | loss 64.8633 | lr 5.71e-04 | 0.6s
epoch 1282 | loss 65.0401 | lr 5.70e-04 | 0.6s
epoch 1283 | loss 65.3738 | lr 5.69e-04 | 0.6s
epoch 1284 | loss 65.2903 | lr 5.67e-04 | 0.6s
epoch 1285 | loss 65.6306 | lr 5.66e-04 | 0.6s
epoch 1286 | loss 64.8508 | lr 5.64e-04 | 0.6s
epoch 1287 | loss 65.3717 | lr 5.63e-04 | 0.6s
epoch 1288 | loss 64.9508 | lr 5.61e-04 | 0.6s
epoch 1289 | loss 65.1272 | lr 5.60e-04 | 0.6s
epoch 1290 | loss 65.0141 | lr 5.59e-04 | 0.6s
epoch 1291 | loss 65.6949 | lr 5.57e-04 | 0.6s
epoch 1292 | loss 65.3814 | lr 5.56e-04 | 0.6s
epoch 1293 | loss 64.7432 | lr 5.54e-04 | 0.6s
epoch 1294 | loss 65.3351 | lr 5.53e-04 | 0.6s
epoch 1295 | loss 64.4107 | lr 5.52e-04 | 0.6s
epoch 1296 | loss 64.1802 | lr 5.50e-04 | 0.6s
epoch 1297 | loss 65.6849 | lr 5.49e-04 | 0.6s
epoch 1298 | loss 64.9904 | lr 5.47e-04 | 0.6s
epoch 1299 | loss 64.8804 | lr 5.46e-04 | 0.6s
epoch 1300 | loss 65.4026 | lr 5.45e-04 | 0.6s
epoch 1301 | loss 65.1707 | lr 5.43e-04 | 0.6s
epoch 1302 | loss 65.2775 | lr 5.42e-04 | 0.6s
epoch 1303 | loss 65.3438 | lr 5.40e-04 | 0.6s
epoch 1304 | loss 65.1925 | lr 5.39e-04 | 0.6s
epoch 1305 | loss 64.6939 | lr 5.38e-04 | 0.6s
epoch 1306 | loss 65.4695 | lr 5.36e-04 | 0.6s
epoch 1307 | loss 64.9366 | lr 5.35e-04 | 0.6s
epoch 1308 | loss 64.9662 | lr 5.33e-04 | 0.6s
epoch 1309 | loss 64.9873 | lr 5.32e-04 | 0.6s
epoch 1310 | loss 65.7295 | lr 5.31e-04 | 0.6s
epoch 1311 | loss 65.5740 | lr 5.29e-04 | 0.6s
epoch 1312 | loss 64.7145 | lr 5.28e-04 | 0.6s
epoch 1313 | loss 64.6506 | lr 5.27e-04 | 0.6s
epoch 1314 | loss 65.0092 | lr 5.25e-04 | 0.6s
epoch 1315 | loss 65.1876 | lr 5.24e-04 | 0.6s
epoch 1316 | loss 65.3704 | lr 5.22e-04 | 0.6s
epoch 1317 | loss 65.2967 | lr 5.21e-04 | 0.6s
epoch 1318 | loss 64.6607 | lr 5.20e-04 | 0.6s
epoch 1319 | loss 65.6732 | lr 5.18e-04 | 0.6s
epoch 1320 | loss 65.9284 | lr 5.17e-04 | 0.6s
epoch 1321 | loss 65.1301 | lr 5.15e-04 | 0.6s
epoch 1322 | loss 65.2885 | lr 5.14e-04 | 0.6s
epoch 1323 | loss 64.8866 | lr 5.13e-04 | 0.6s
epoch 1324 | loss 65.3795 | lr 5.11e-04 | 0.6s
epoch 1325 | loss 64.5544 | lr 5.10e-04 | 0.6s
epoch 1326 | loss 65.1775 | lr 5.09e-04 | 0.6s
epoch 1327 | loss 65.6197 | lr 5.07e-04 | 0.6s
epoch 1328 | loss 65.4570 | lr 5.06e-04 | 0.6s
epoch 1329 | loss 64.7461 | lr 5.05e-04 | 0.6s
epoch 1330 | loss 64.8931 | lr 5.03e-04 | 0.6s
epoch 1331 | loss 66.0023 | lr 5.02e-04 | 0.6s
epoch 1332 | loss 64.4755 | lr 5.00e-04 | 0.6s
epoch 1333 | loss 64.8920 | lr 4.99e-04 | 0.6s
epoch 1334 | loss 65.1714 | lr 4.98e-04 | 0.6s
epoch 1335 | loss 65.4359 | lr 4.96e-04 | 0.6s
epoch 1336 | loss 64.5652 | lr 4.95e-04 | 0.6s
epoch 1337 | loss 66.0245 | lr 4.94e-04 | 0.6s
epoch 1338 | loss 65.6033 | lr 4.92e-04 | 0.6s
epoch 1339 | loss 65.5062 | lr 4.91e-04 | 0.6s
epoch 1340 | loss 65.4083 | lr 4.90e-04 | 0.6s
epoch 1341 | loss 64.9644 | lr 4.88e-04 | 0.6s
epoch 1342 | loss 65.1955 | lr 4.87e-04 | 0.6s
epoch 1343 | loss 65.7559 | lr 4.86e-04 | 0.6s
epoch 1344 | loss 65.2866 | lr 4.84e-04 | 0.6s
epoch 1345 | loss 64.8310 | lr 4.83e-04 | 0.6s
epoch 1346 | loss 64.2892 | lr 4.82e-04 | 0.6s
epoch 1347 | loss 65.0617 | lr 4.80e-04 | 0.6s
epoch 1348 | loss 65.4474 | lr 4.79e-04 | 0.6s
epoch 1349 | loss 65.5118 | lr 4.78e-04 | 0.6s
epoch 1350 | loss 65.2317 | lr 4.76e-04 | 0.6s
epoch 1351 | loss 64.9834 | lr 4.75e-04 | 0.6s
epoch 1352 | loss 65.6557 | lr 4.73e-04 | 0.6s
epoch 1353 | loss 65.2815 | lr 4.72e-04 | 0.6s
epoch 1354 | loss 64.7186 | lr 4.71e-04 | 0.6s
epoch 1355 | loss 65.0609 | lr 4.69e-04 | 0.6s
epoch 1356 | loss 64.7784 | lr 4.68e-04 | 0.6s
epoch 1357 | loss 64.6025 | lr 4.67e-04 | 0.6s
epoch 1358 | loss 65.1406 | lr 4.66e-04 | 0.6s
epoch 1359 | loss 65.2578 | lr 4.64e-04 | 0.6s
epoch 1360 | loss 64.8283 | lr 4.63e-04 | 0.6s
epoch 1361 | loss 65.2043 | lr 4.62e-04 | 0.6s
epoch 1362 | loss 65.6652 | lr 4.60e-04 | 0.6s
epoch 1363 | loss 65.8533 | lr 4.59e-04 | 0.6s
epoch 1364 | loss 64.6836 | lr 4.58e-04 | 0.6s
epoch 1365 | loss 64.9428 | lr 4.56e-04 | 0.6s
epoch 1366 | loss 64.9118 | lr 4.55e-04 | 0.6s
epoch 1367 | loss 65.1487 | lr 4.54e-04 | 0.6s
epoch 1368 | loss 65.7033 | lr 4.52e-04 | 0.6s
epoch 1369 | loss 64.6179 | lr 4.51e-04 | 0.6s
epoch 1370 | loss 65.5749 | lr 4.50e-04 | 0.6s
epoch 1371 | loss 65.7523 | lr 4.48e-04 | 0.6s
epoch 1372 | loss 65.1229 | lr 4.47e-04 | 0.6s
epoch 1373 | loss 64.7825 | lr 4.46e-04 | 0.6s
epoch 1374 | loss 64.9540 | lr 4.44e-04 | 0.6s
epoch 1375 | loss 64.9703 | lr 4.43e-04 | 0.6s
epoch 1376 | loss 64.6331 | lr 4.42e-04 | 0.6s
epoch 1377 | loss 64.9263 | lr 4.41e-04 | 0.6s
epoch 1378 | loss 64.8399 | lr 4.39e-04 | 0.6s
epoch 1379 | loss 64.7750 | lr 4.38e-04 | 0.6s
epoch 1380 | loss 64.5988 | lr 4.37e-04 | 0.6s
epoch 1381 | loss 65.6196 | lr 4.35e-04 | 0.6s
epoch 1382 | loss 65.1575 | lr 4.34e-04 | 0.6s
epoch 1383 | loss 65.9871 | lr 4.33e-04 | 0.6s
epoch 1384 | loss 65.0015 | lr 4.31e-04 | 0.6s
epoch 1385 | loss 65.2461 | lr 4.30e-04 | 0.6s
epoch 1386 | loss 65.1346 | lr 4.29e-04 | 0.6s
epoch 1387 | loss 65.3191 | lr 4.28e-04 | 0.6s
epoch 1388 | loss 65.1494 | lr 4.26e-04 | 0.6s
epoch 1389 | loss 65.0816 | lr 4.25e-04 | 0.6s
epoch 1390 | loss 65.0434 | lr 4.24e-04 | 0.6s
epoch 1391 | loss 64.9864 | lr 4.22e-04 | 0.6s
epoch 1392 | loss 64.6724 | lr 4.21e-04 | 0.6s
epoch 1393 | loss 64.6531 | lr 4.20e-04 | 0.6s
epoch 1394 | loss 64.9695 | lr 4.19e-04 | 0.6s
epoch 1395 | loss 65.0616 | lr 4.17e-04 | 0.6s
epoch 1396 | loss 65.9203 | lr 4.16e-04 | 0.6s
epoch 1397 | loss 65.1664 | lr 4.15e-04 | 0.6s
epoch 1398 | loss 65.6571 | lr 4.13e-04 | 0.6s
epoch 1399 | loss 65.4485 | lr 4.12e-04 | 0.6s
epoch 1400 | loss 65.2579 | lr 4.11e-04 | 0.6s
epoch 1401 | loss 64.5238 | lr 4.10e-04 | 0.6s
epoch 1402 | loss 65.2754 | lr 4.08e-04 | 0.6s
epoch 1403 | loss 65.0052 | lr 4.07e-04 | 0.6s
epoch 1404 | loss 65.1837 | lr 4.06e-04 | 0.6s
epoch 1405 | loss 65.1436 | lr 4.05e-04 | 0.6s
epoch 1406 | loss 65.0399 | lr 4.03e-04 | 0.6s
epoch 1407 | loss 65.5042 | lr 4.02e-04 | 0.6s
epoch 1408 | loss 65.5115 | lr 4.01e-04 | 0.6s
epoch 1409 | loss 65.3921 | lr 4.00e-04 | 0.6s
epoch 1410 | loss 65.6609 | lr 3.98e-04 | 0.6s
epoch 1411 | loss 65.5493 | lr 3.97e-04 | 0.6s
epoch 1412 | loss 65.4239 | lr 3.96e-04 | 0.6s
epoch 1413 | loss 64.7372 | lr 3.95e-04 | 0.6s
epoch 1414 | loss 65.0387 | lr 3.93e-04 | 0.6s
epoch 1415 | loss 64.7900 | lr 3.92e-04 | 0.6s
epoch 1416 | loss 65.6809 | lr 3.91e-04 | 0.6s
epoch 1417 | loss 64.9862 | lr 3.90e-04 | 0.6s
epoch 1418 | loss 65.7345 | lr 3.88e-04 | 0.6s
epoch 1419 | loss 65.0367 | lr 3.87e-04 | 0.6s
epoch 1420 | loss 66.0949 | lr 3.86e-04 | 0.6s
epoch 1421 | loss 65.7993 | lr 3.85e-04 | 0.6s
epoch 1422 | loss 65.1392 | lr 3.83e-04 | 0.6s
epoch 1423 | loss 64.8991 | lr 3.82e-04 | 0.6s
epoch 1424 | loss 65.4911 | lr 3.81e-04 | 0.6s
epoch 1425 | loss 65.1759 | lr 3.80e-04 | 0.6s
epoch 1426 | loss 65.1743 | lr 3.78e-04 | 0.6s
epoch 1427 | loss 65.0328 | lr 3.77e-04 | 0.6s
epoch 1428 | loss 65.7352 | lr 3.76e-04 | 0.6s
epoch 1429 | loss 65.3358 | lr 3.75e-04 | 0.6s
epoch 1430 | loss 65.6675 | lr 3.74e-04 | 0.6s
epoch 1431 | loss 65.1222 | lr 3.72e-04 | 0.6s
epoch 1432 | loss 65.4878 | lr 3.71e-04 | 0.6s
epoch 1433 | loss 65.0580 | lr 3.70e-04 | 0.6s
epoch 1434 | loss 64.9216 | lr 3.69e-04 | 0.6s
epoch 1435 | loss 65.0351 | lr 3.67e-04 | 0.6s
epoch 1436 | loss 64.8365 | lr 3.66e-04 | 0.6s
epoch 1437 | loss 65.4157 | lr 3.65e-04 | 0.6s
epoch 1438 | loss 64.5563 | lr 3.64e-04 | 0.6s
epoch 1439 | loss 64.6894 | lr 3.63e-04 | 0.6s
epoch 1440 | loss 64.2224 | lr 3.61e-04 | 0.6s
epoch 1441 | loss 65.1029 | lr 3.60e-04 | 0.6s
epoch 1442 | loss 64.7721 | lr 3.59e-04 | 0.6s
epoch 1443 | loss 64.4527 | lr 3.58e-04 | 0.6s
epoch 1444 | loss 65.0620 | lr 3.57e-04 | 0.6s
epoch 1445 | loss 64.8847 | lr 3.55e-04 | 0.6s
epoch 1446 | loss 64.8208 | lr 3.54e-04 | 0.6s
epoch 1447 | loss 65.3572 | lr 3.53e-04 | 0.6s
epoch 1448 | loss 64.9506 | lr 3.52e-04 | 0.6s
epoch 1449 | loss 64.8659 | lr 3.51e-04 | 0.6s
epoch 1450 | loss 65.2018 | lr 3.49e-04 | 0.6s
epoch 1451 | loss 64.9375 | lr 3.48e-04 | 0.6s
epoch 1452 | loss 65.3417 | lr 3.47e-04 | 0.6s
epoch 1453 | loss 64.9093 | lr 3.46e-04 | 0.6s
epoch 1454 | loss 64.7973 | lr 3.45e-04 | 0.6s
epoch 1455 | loss 65.0647 | lr 3.43e-04 | 0.6s
epoch 1456 | loss 65.0574 | lr 3.42e-04 | 0.6s
epoch 1457 | loss 64.3690 | lr 3.41e-04 | 0.6s
epoch 1458 | loss 65.0188 | lr 3.40e-04 | 0.6s
epoch 1459 | loss 65.3979 | lr 3.39e-04 | 0.6s
epoch 1460 | loss 65.0024 | lr 3.38e-04 | 0.6s
epoch 1461 | loss 65.2806 | lr 3.36e-04 | 0.6s
epoch 1462 | loss 65.2164 | lr 3.35e-04 | 0.6s
epoch 1463 | loss 64.6293 | lr 3.34e-04 | 0.6s
epoch 1464 | loss 64.6894 | lr 3.33e-04 | 0.6s
epoch 1465 | loss 65.4124 | lr 3.32e-04 | 0.6s
epoch 1466 | loss 65.6522 | lr 3.30e-04 | 0.6s
epoch 1467 | loss 65.6784 | lr 3.29e-04 | 0.6s
epoch 1468 | loss 64.8117 | lr 3.28e-04 | 0.6s
epoch 1469 | loss 64.5565 | lr 3.27e-04 | 0.6s
epoch 1470 | loss 65.2359 | lr 3.26e-04 | 0.6s
epoch 1471 | loss 65.2538 | lr 3.25e-04 | 0.6s
epoch 1472 | loss 65.3824 | lr 3.24e-04 | 0.6s
epoch 1473 | loss 65.3394 | lr 3.22e-04 | 0.6s
epoch 1474 | loss 65.0832 | lr 3.21e-04 | 0.6s
epoch 1475 | loss 65.2761 | lr 3.20e-04 | 0.6s
epoch 1476 | loss 64.8342 | lr 3.19e-04 | 0.6s
epoch 1477 | loss 64.5931 | lr 3.18e-04 | 0.6s
epoch 1478 | loss 64.7888 | lr 3.17e-04 | 0.6s
epoch 1479 | loss 64.9743 | lr 3.15e-04 | 0.6s
epoch 1480 | loss 64.4971 | lr 3.14e-04 | 0.6s
epoch 1481 | loss 65.0707 | lr 3.13e-04 | 0.6s
epoch 1482 | loss 65.1601 | lr 3.12e-04 | 0.6s
epoch 1483 | loss 65.3500 | lr 3.11e-04 | 0.6s
epoch 1484 | loss 64.9268 | lr 3.10e-04 | 0.6s
epoch 1485 | loss 64.8549 | lr 3.09e-04 | 0.6s
epoch 1486 | loss 64.4802 | lr 3.07e-04 | 0.6s
epoch 1487 | loss 65.6820 | lr 3.06e-04 | 0.6s
epoch 1488 | loss 65.5033 | lr 3.05e-04 | 0.6s
epoch 1489 | loss 65.3509 | lr 3.04e-04 | 0.6s
epoch 1490 | loss 65.5972 | lr 3.03e-04 | 0.6s
epoch 1491 | loss 65.6556 | lr 3.02e-04 | 0.6s
epoch 1492 | loss 65.6517 | lr 3.01e-04 | 0.6s
epoch 1493 | loss 64.9205 | lr 3.00e-04 | 0.6s
epoch 1494 | loss 65.4146 | lr 2.98e-04 | 0.6s
epoch 1495 | loss 64.7865 | lr 2.97e-04 | 0.6s
epoch 1496 | loss 64.8738 | lr 2.96e-04 | 0.6s
epoch 1497 | loss 64.7157 | lr 2.95e-04 | 0.6s
epoch 1498 | loss 65.2641 | lr 2.94e-04 | 0.6s
epoch 1499 | loss 64.9171 | lr 2.93e-04 | 0.6s
epoch 1500 | loss 65.1048 | lr 2.92e-04 | 0.6s
epoch 1501 | loss 66.0465 | lr 2.91e-04 | 0.6s
epoch 1502 | loss 65.0202 | lr 2.90e-04 | 0.6s
epoch 1503 | loss 65.3806 | lr 2.88e-04 | 0.6s
epoch 1504 | loss 65.0426 | lr 2.87e-04 | 0.6s
epoch 1505 | loss 65.7214 | lr 2.86e-04 | 0.6s
epoch 1506 | loss 64.8087 | lr 2.85e-04 | 0.6s
epoch 1507 | loss 65.6192 | lr 2.84e-04 | 0.6s
epoch 1508 | loss 65.2938 | lr 2.83e-04 | 0.6s
epoch 1509 | loss 64.9127 | lr 2.82e-04 | 0.6s
epoch 1510 | loss 65.5211 | lr 2.81e-04 | 0.6s
epoch 1511 | loss 65.3785 | lr 2.80e-04 | 0.6s
epoch 1512 | loss 65.5082 | lr 2.79e-04 | 0.6s
epoch 1513 | loss 64.6072 | lr 2.78e-04 | 0.6s
epoch 1514 | loss 64.7378 | lr 2.76e-04 | 0.6s
epoch 1515 | loss 65.1153 | lr 2.75e-04 | 0.6s
epoch 1516 | loss 64.4728 | lr 2.74e-04 | 0.6s
epoch 1517 | loss 64.3077 | lr 2.73e-04 | 0.6s
epoch 1518 | loss 65.4135 | lr 2.72e-04 | 0.6s
epoch 1519 | loss 65.4054 | lr 2.71e-04 | 0.6s
epoch 1520 | loss 65.1865 | lr 2.70e-04 | 0.6s
epoch 1521 | loss 65.4144 | lr 2.69e-04 | 0.6s
epoch 1522 | loss 64.8674 | lr 2.68e-04 | 0.6s
epoch 1523 | loss 65.2962 | lr 2.67e-04 | 0.6s
epoch 1524 | loss 64.6113 | lr 2.66e-04 | 0.6s
epoch 1525 | loss 64.8365 | lr 2.65e-04 | 0.6s
epoch 1526 | loss 64.8818 | lr 2.64e-04 | 0.6s
epoch 1527 | loss 65.2208 | lr 2.62e-04 | 0.6s
epoch 1528 | loss 64.8536 | lr 2.61e-04 | 0.6s
epoch 1529 | loss 65.3839 | lr 2.60e-04 | 0.6s
epoch 1530 | loss 64.8677 | lr 2.59e-04 | 0.6s
epoch 1531 | loss 65.0932 | lr 2.58e-04 | 0.6s
epoch 1532 | loss 64.8199 | lr 2.57e-04 | 0.6s
epoch 1533 | loss 65.1130 | lr 2.56e-04 | 0.6s
epoch 1534 | loss 64.7677 | lr 2.55e-04 | 0.6s
epoch 1535 | loss 65.3486 | lr 2.54e-04 | 0.6s
epoch 1536 | loss 65.3211 | lr 2.53e-04 | 0.6s
epoch 1537 | loss 65.2556 | lr 2.52e-04 | 0.6s
epoch 1538 | loss 64.9356 | lr 2.51e-04 | 0.6s
epoch 1539 | loss 64.8700 | lr 2.50e-04 | 0.6s
epoch 1540 | loss 65.3802 | lr 2.49e-04 | 0.6s
epoch 1541 | loss 65.0646 | lr 2.48e-04 | 0.6s
epoch 1542 | loss 64.5585 | lr 2.47e-04 | 0.6s
epoch 1543 | loss 65.6099 | lr 2.46e-04 | 0.6s
epoch 1544 | loss 65.7526 | lr 2.45e-04 | 0.6s
epoch 1545 | loss 65.0602 | lr 2.44e-04 | 0.6s
epoch 1546 | loss 65.2948 | lr 2.43e-04 | 0.6s
epoch 1547 | loss 65.3978 | lr 2.42e-04 | 0.6s
epoch 1548 | loss 65.0714 | lr 2.41e-04 | 0.6s
epoch 1549 | loss 65.0481 | lr 2.40e-04 | 0.6s
epoch 1550 | loss 65.2988 | lr 2.39e-04 | 0.6s
epoch 1551 | loss 64.7309 | lr 2.38e-04 | 0.6s
epoch 1552 | loss 65.0099 | lr 2.37e-04 | 0.6s
epoch 1553 | loss 65.3101 | lr 2.36e-04 | 0.6s
epoch 1554 | loss 65.4562 | lr 2.35e-04 | 0.6s
epoch 1555 | loss 65.3740 | lr 2.34e-04 | 0.6s
epoch 1556 | loss 65.0694 | lr 2.32e-04 | 0.6s
epoch 1557 | loss 64.4863 | lr 2.31e-04 | 0.6s
epoch 1558 | loss 65.1595 | lr 2.30e-04 | 0.6s
epoch 1559 | loss 64.5627 | lr 2.29e-04 | 0.6s
epoch 1560 | loss 65.2991 | lr 2.28e-04 | 0.6s
epoch 1561 | loss 64.6851 | lr 2.27e-04 | 0.6s
epoch 1562 | loss 65.0747 | lr 2.26e-04 | 0.6s
epoch 1563 | loss 65.1699 | lr 2.25e-04 | 0.6s
epoch 1564 | loss 66.0130 | lr 2.25e-04 | 0.6s
epoch 1565 | loss 64.6714 | lr 2.24e-04 | 0.6s
epoch 1566 | loss 65.7325 | lr 2.23e-04 | 0.6s
epoch 1567 | loss 65.0998 | lr 2.22e-04 | 0.6s
epoch 1568 | loss 64.6998 | lr 2.21e-04 | 0.6s
epoch 1569 | loss 64.7914 | lr 2.20e-04 | 0.6s
epoch 1570 | loss 65.0417 | lr 2.19e-04 | 0.6s
epoch 1571 | loss 65.0967 | lr 2.18e-04 | 0.6s
epoch 1572 | loss 64.8887 | lr 2.17e-04 | 0.6s
epoch 1573 | loss 65.2531 | lr 2.16e-04 | 0.6s
epoch 1574 | loss 65.5522 | lr 2.15e-04 | 0.6s
epoch 1575 | loss 65.7421 | lr 2.14e-04 | 0.6s
epoch 1576 | loss 64.8410 | lr 2.13e-04 | 0.6s
epoch 1577 | loss 65.2744 | lr 2.12e-04 | 0.6s
epoch 1578 | loss 65.2093 | lr 2.11e-04 | 0.6s
epoch 1579 | loss 64.9861 | lr 2.10e-04 | 0.5s
epoch 1580 | loss 65.2025 | lr 2.09e-04 | 0.5s
epoch 1581 | loss 64.8216 | lr 2.08e-04 | 0.6s
epoch 1582 | loss 65.9434 | lr 2.07e-04 | 0.6s
epoch 1583 | loss 65.3384 | lr 2.06e-04 | 0.6s
epoch 1584 | loss 65.2002 | lr 2.05e-04 | 0.6s
epoch 1585 | loss 65.0924 | lr 2.04e-04 | 0.6s
epoch 1586 | loss 65.5910 | lr 2.03e-04 | 0.6s
epoch 1587 | loss 64.0483 | lr 2.02e-04 | 0.6s
epoch 1588 | loss 64.9991 | lr 2.01e-04 | 0.6s
epoch 1589 | loss 65.2149 | lr 2.00e-04 | 0.6s
epoch 1590 | loss 65.2060 | lr 1.99e-04 | 0.6s
epoch 1591 | loss 65.3968 | lr 1.98e-04 | 0.6s
epoch 1592 | loss 65.3334 | lr 1.97e-04 | 0.6s
epoch 1593 | loss 64.8769 | lr 1.97e-04 | 0.6s
epoch 1594 | loss 64.7162 | lr 1.96e-04 | 0.6s
epoch 1595 | loss 65.3635 | lr 1.95e-04 | 0.6s
epoch 1596 | loss 64.8712 | lr 1.94e-04 | 0.6s
epoch 1597 | loss 65.4751 | lr 1.93e-04 | 0.6s
epoch 1598 | loss 65.1189 | lr 1.92e-04 | 0.6s
epoch 1599 | loss 65.6609 | lr 1.91e-04 | 0.6s
epoch 1600 | loss 65.3706 | lr 1.90e-04 | 0.6s
epoch 1601 | loss 64.9360 | lr 1.89e-04 | 0.6s
epoch 1602 | loss 65.8413 | lr 1.88e-04 | 0.6s
epoch 1603 | loss 65.0784 | lr 1.87e-04 | 0.6s
epoch 1604 | loss 65.5242 | lr 1.86e-04 | 0.6s
epoch 1605 | loss 64.8322 | lr 1.85e-04 | 0.6s
epoch 1606 | loss 64.9202 | lr 1.85e-04 | 0.6s
epoch 1607 | loss 65.0424 | lr 1.84e-04 | 0.6s
epoch 1608 | loss 65.9073 | lr 1.83e-04 | 0.6s
epoch 1609 | loss 65.1389 | lr 1.82e-04 | 0.6s
epoch 1610 | loss 65.0716 | lr 1.81e-04 | 0.6s
epoch 1611 | loss 65.2563 | lr 1.80e-04 | 0.6s
epoch 1612 | loss 65.4173 | lr 1.79e-04 | 0.6s
epoch 1613 | loss 65.2767 | lr 1.78e-04 | 0.6s
epoch 1614 | loss 65.0403 | lr 1.77e-04 | 0.6s
epoch 1615 | loss 64.6252 | lr 1.76e-04 | 0.6s
epoch 1616 | loss 65.6284 | lr 1.76e-04 | 0.6s
epoch 1617 | loss 64.7792 | lr 1.75e-04 | 0.6s
epoch 1618 | loss 65.4610 | lr 1.74e-04 | 0.6s
epoch 1619 | loss 65.5984 | lr 1.73e-04 | 0.6s
epoch 1620 | loss 64.9957 | lr 1.72e-04 | 0.6s
epoch 1621 | loss 64.5482 | lr 1.71e-04 | 0.6s
epoch 1622 | loss 65.9377 | lr 1.70e-04 | 0.6s
epoch 1623 | loss 65.1936 | lr 1.69e-04 | 0.6s
epoch 1624 | loss 65.5488 | lr 1.69e-04 | 0.6s
epoch 1625 | loss 64.9482 | lr 1.68e-04 | 0.6s
epoch 1626 | loss 65.3138 | lr 1.67e-04 | 0.6s
epoch 1627 | loss 65.7850 | lr 1.66e-04 | 0.6s
epoch 1628 | loss 65.9450 | lr 1.65e-04 | 0.6s
epoch 1629 | loss 65.0460 | lr 1.64e-04 | 0.6s
epoch 1630 | loss 64.8892 | lr 1.63e-04 | 0.6s
epoch 1631 | loss 65.0921 | lr 1.62e-04 | 0.6s
epoch 1632 | loss 65.4391 | lr 1.62e-04 | 0.6s
epoch 1633 | loss 65.4996 | lr 1.61e-04 | 0.6s
epoch 1634 | loss 64.5350 | lr 1.60e-04 | 0.6s
epoch 1635 | loss 65.8140 | lr 1.59e-04 | 0.6s
epoch 1636 | loss 65.6675 | lr 1.58e-04 | 0.6s
epoch 1637 | loss 65.4148 | lr 1.57e-04 | 0.6s
epoch 1638 | loss 65.3180 | lr 1.57e-04 | 0.6s
epoch 1639 | loss 65.1467 | lr 1.56e-04 | 0.6s
epoch 1640 | loss 65.4482 | lr 1.55e-04 | 0.6s
epoch 1641 | loss 65.2612 | lr 1.54e-04 | 0.6s
epoch 1642 | loss 65.1413 | lr 1.53e-04 | 0.6s
epoch 1643 | loss 64.9637 | lr 1.52e-04 | 0.6s
epoch 1644 | loss 65.3597 | lr 1.51e-04 | 0.6s
epoch 1645 | loss 66.0441 | lr 1.51e-04 | 0.6s
epoch 1646 | loss 65.0398 | lr 1.50e-04 | 0.6s
epoch 1647 | loss 64.8631 | lr 1.49e-04 | 0.6s
epoch 1648 | loss 65.0998 | lr 1.48e-04 | 0.6s
epoch 1649 | loss 65.3456 | lr 1.47e-04 | 0.6s
epoch 1650 | loss 65.1291 | lr 1.47e-04 | 0.6s
epoch 1651 | loss 65.3193 | lr 1.46e-04 | 0.6s
epoch 1652 | loss 65.3493 | lr 1.45e-04 | 0.6s
epoch 1653 | loss 65.5344 | lr 1.44e-04 | 0.6s
epoch 1654 | loss 65.1253 | lr 1.43e-04 | 0.6s
epoch 1655 | loss 65.5372 | lr 1.42e-04 | 0.6s
epoch 1656 | loss 65.2941 | lr 1.42e-04 | 0.6s
epoch 1657 | loss 65.1251 | lr 1.41e-04 | 0.6s
epoch 1658 | loss 65.5318 | lr 1.40e-04 | 0.6s
epoch 1659 | loss 65.3233 | lr 1.39e-04 | 0.6s
epoch 1660 | loss 65.3921 | lr 1.38e-04 | 0.6s
epoch 1661 | loss 65.5797 | lr 1.38e-04 | 0.6s
epoch 1662 | loss 64.4025 | lr 1.37e-04 | 0.6s
epoch 1663 | loss 64.9034 | lr 1.36e-04 | 0.6s
epoch 1664 | loss 64.2749 | lr 1.35e-04 | 0.6s
epoch 1665 | loss 65.0348 | lr 1.34e-04 | 0.6s
epoch 1666 | loss 65.1350 | lr 1.34e-04 | 0.6s
epoch 1667 | loss 65.1394 | lr 1.33e-04 | 0.6s
epoch 1668 | loss 65.2893 | lr 1.32e-04 | 0.6s
epoch 1669 | loss 64.6429 | lr 1.31e-04 | 0.6s
epoch 1670 | loss 64.7412 | lr 1.31e-04 | 0.6s
epoch 1671 | loss 65.0962 | lr 1.30e-04 | 0.6s
epoch 1672 | loss 65.5096 | lr 1.29e-04 | 0.6s
epoch 1673 | loss 65.3977 | lr 1.28e-04 | 0.6s
epoch 1674 | loss 65.7923 | lr 1.28e-04 | 0.6s
epoch 1675 | loss 64.6730 | lr 1.27e-04 | 0.6s
epoch 1676 | loss 65.0806 | lr 1.26e-04 | 0.6s
epoch 1677 | loss 65.0152 | lr 1.25e-04 | 0.6s
epoch 1678 | loss 65.2561 | lr 1.24e-04 | 0.6s
epoch 1679 | loss 65.1263 | lr 1.24e-04 | 0.6s
epoch 1680 | loss 65.7383 | lr 1.23e-04 | 0.6s
epoch 1681 | loss 64.9752 | lr 1.22e-04 | 0.6s
epoch 1682 | loss 65.0597 | lr 1.21e-04 | 0.6s
epoch 1683 | loss 64.5607 | lr 1.21e-04 | 0.6s
epoch 1684 | loss 65.6911 | lr 1.20e-04 | 0.6s
epoch 1685 | loss 65.5988 | lr 1.19e-04 | 0.6s
epoch 1686 | loss 65.2192 | lr 1.18e-04 | 0.6s
epoch 1687 | loss 65.0760 | lr 1.18e-04 | 0.6s
epoch 1688 | loss 65.0489 | lr 1.17e-04 | 0.6s
epoch 1689 | loss 65.7805 | lr 1.16e-04 | 0.6s
epoch 1690 | loss 65.2326 | lr 1.16e-04 | 0.6s
epoch 1691 | loss 65.4291 | lr 1.15e-04 | 0.6s
epoch 1692 | loss 65.6632 | lr 1.14e-04 | 0.6s
epoch 1693 | loss 65.7264 | lr 1.13e-04 | 0.6s
epoch 1694 | loss 64.5333 | lr 1.13e-04 | 0.6s
epoch 1695 | loss 64.8592 | lr 1.12e-04 | 0.6s
epoch 1696 | loss 65.3099 | lr 1.11e-04 | 0.6s
epoch 1697 | loss 65.5118 | lr 1.10e-04 | 0.6s
epoch 1698 | loss 64.9663 | lr 1.10e-04 | 0.6s
epoch 1699 | loss 65.1990 | lr 1.09e-04 | 0.6s
epoch 1700 | loss 65.6452 | lr 1.08e-04 | 0.6s
epoch 1701 | loss 64.9334 | lr 1.08e-04 | 0.6s
epoch 1702 | loss 65.1067 | lr 1.07e-04 | 0.6s
epoch 1703 | loss 64.9718 | lr 1.06e-04 | 0.6s
epoch 1704 | loss 65.7590 | lr 1.05e-04 | 0.6s
epoch 1705 | loss 65.1476 | lr 1.05e-04 | 0.6s
epoch 1706 | loss 65.4876 | lr 1.04e-04 | 0.6s
epoch 1707 | loss 65.2802 | lr 1.03e-04 | 0.6s
epoch 1708 | loss 65.6301 | lr 1.03e-04 | 0.6s
epoch 1709 | loss 64.6123 | lr 1.02e-04 | 0.6s
epoch 1710 | loss 65.3303 | lr 1.01e-04 | 0.6s
epoch 1711 | loss 65.5042 | lr 1.01e-04 | 0.6s
epoch 1712 | loss 65.6427 | lr 9.99e-05 | 0.6s
epoch 1713 | loss 65.3110 | lr 9.92e-05 | 0.6s
epoch 1714 | loss 65.3967 | lr 9.85e-05 | 0.6s
epoch 1715 | loss 65.0286 | lr 9.79e-05 | 0.6s
epoch 1716 | loss 64.9547 | lr 9.72e-05 | 0.6s
epoch 1717 | loss 65.3354 | lr 9.65e-05 | 0.6s
epoch 1718 | loss 65.3470 | lr 9.58e-05 | 0.6s
epoch 1719 | loss 65.0501 | lr 9.52e-05 | 0.6s
epoch 1720 | loss 64.9294 | lr 9.45e-05 | 0.6s
epoch 1721 | loss 64.7346 | lr 9.38e-05 | 0.6s
epoch 1722 | loss 64.7698 | lr 9.32e-05 | 0.6s
epoch 1723 | loss 64.6912 | lr 9.25e-05 | 0.6s
epoch 1724 | loss 65.0596 | lr 9.19e-05 | 0.6s
epoch 1725 | loss 65.4593 | lr 9.12e-05 | 0.6s
epoch 1726 | loss 65.2695 | lr 9.05e-05 | 0.6s
epoch 1727 | loss 64.9578 | lr 8.99e-05 | 0.6s
epoch 1728 | loss 65.4856 | lr 8.92e-05 | 0.6s
epoch 1729 | loss 65.8889 | lr 8.86e-05 | 0.6s
epoch 1730 | loss 65.0226 | lr 8.80e-05 | 0.6s
epoch 1731 | loss 65.3183 | lr 8.73e-05 | 0.6s
epoch 1732 | loss 65.7384 | lr 8.67e-05 | 0.6s
epoch 1733 | loss 65.0026 | lr 8.60e-05 | 0.6s
epoch 1734 | loss 65.4766 | lr 8.54e-05 | 0.6s
epoch 1735 | loss 65.1789 | lr 8.48e-05 | 0.6s
epoch 1736 | loss 65.2946 | lr 8.41e-05 | 0.6s
epoch 1737 | loss 65.2480 | lr 8.35e-05 | 0.6s
epoch 1738 | loss 65.5694 | lr 8.29e-05 | 0.6s
epoch 1739 | loss 65.1635 | lr 8.22e-05 | 0.6s
epoch 1740 | loss 65.5917 | lr 8.16e-05 | 0.6s
epoch 1741 | loss 65.5047 | lr 8.10e-05 | 0.6s
epoch 1742 | loss 64.4392 | lr 8.04e-05 | 0.6s
epoch 1743 | loss 65.2537 | lr 7.98e-05 | 0.6s
epoch 1744 | loss 65.8401 | lr 7.92e-05 | 0.6s
epoch 1745 | loss 64.8811 | lr 7.85e-05 | 0.6s
epoch 1746 | loss 65.8064 | lr 7.79e-05 | 0.6s
epoch 1747 | loss 65.2382 | lr 7.73e-05 | 0.6s
epoch 1748 | loss 65.1858 | lr 7.67e-05 | 0.6s
epoch 1749 | loss 65.2047 | lr 7.61e-05 | 0.6s
epoch 1750 | loss 65.4465 | lr 7.55e-05 | 0.6s
epoch 1751 | loss 65.4005 | lr 7.49e-05 | 0.6s
epoch 1752 | loss 65.4192 | lr 7.43e-05 | 0.6s
epoch 1753 | loss 64.8488 | lr 7.37e-05 | 0.6s
epoch 1754 | loss 65.5491 | lr 7.31e-05 | 0.6s
epoch 1755 | loss 64.9339 | lr 7.26e-05 | 0.6s
epoch 1756 | loss 65.5735 | lr 7.20e-05 | 0.6s
epoch 1757 | loss 66.1819 | lr 7.14e-05 | 0.6s
epoch 1758 | loss 64.8219 | lr 7.08e-05 | 0.6s
epoch 1759 | loss 65.0038 | lr 7.02e-05 | 0.6s
epoch 1760 | loss 65.3354 | lr 6.96e-05 | 0.6s
epoch 1761 | loss 65.1218 | lr 6.91e-05 | 0.6s
epoch 1762 | loss 65.3923 | lr 6.85e-05 | 0.6s
epoch 1763 | loss 64.6793 | lr 6.79e-05 | 0.6s
epoch 1764 | loss 65.5768 | lr 6.74e-05 | 0.6s
epoch 1765 | loss 65.2520 | lr 6.68e-05 | 0.6s
epoch 1766 | loss 65.5034 | lr 6.62e-05 | 0.6s
epoch 1767 | loss 65.1837 | lr 6.57e-05 | 0.6s
epoch 1768 | loss 65.6874 | lr 6.51e-05 | 0.6s
epoch 1769 | loss 65.6216 | lr 6.46e-05 | 0.6s
epoch 1770 | loss 65.5147 | lr 6.40e-05 | 0.6s
epoch 1771 | loss 64.9803 | lr 6.35e-05 | 0.6s
epoch 1772 | loss 65.5474 | lr 6.29e-05 | 0.6s
epoch 1773 | loss 65.6126 | lr 6.24e-05 | 0.6s
epoch 1774 | loss 65.4862 | lr 6.18e-05 | 0.6s
epoch 1775 | loss 65.1289 | lr 6.13e-05 | 0.6s
epoch 1776 | loss 64.4528 | lr 6.07e-05 | 0.6s
epoch 1777 | loss 65.1607 | lr 6.02e-05 | 0.6s
epoch 1778 | loss 65.5291 | lr 5.97e-05 | 0.6s
epoch 1779 | loss 65.3616 | lr 5.91e-05 | 0.6s
epoch 1780 | loss 65.2590 | lr 5.86e-05 | 0.6s
epoch 1781 | loss 64.8349 | lr 5.81e-05 | 0.6s
epoch 1782 | loss 64.9127 | lr 5.75e-05 | 0.6s
epoch 1783 | loss 65.6336 | lr 5.70e-05 | 0.6s
epoch 1784 | loss 65.1368 | lr 5.65e-05 | 0.6s
epoch 1785 | loss 65.3015 | lr 5.60e-05 | 0.6s
epoch 1786 | loss 64.8298 | lr 5.55e-05 | 0.6s
epoch 1787 | loss 65.5993 | lr 5.49e-05 | 0.6s
epoch 1788 | loss 65.0605 | lr 5.44e-05 | 0.6s
epoch 1789 | loss 65.2008 | lr 5.39e-05 | 0.6s
epoch 1790 | loss 65.2408 | lr 5.34e-05 | 0.6s
epoch 1791 | loss 65.4594 | lr 5.29e-05 | 0.6s
epoch 1792 | loss 65.6472 | lr 5.24e-05 | 0.6s
epoch 1793 | loss 65.2534 | lr 5.19e-05 | 0.6s
epoch 1794 | loss 65.3883 | lr 5.14e-05 | 0.6s
epoch 1795 | loss 64.7587 | lr 5.09e-05 | 0.6s
epoch 1796 | loss 65.2619 | lr 5.04e-05 | 0.6s
epoch 1797 | loss 65.0034 | lr 4.99e-05 | 0.6s
epoch 1798 | loss 65.5064 | lr 4.94e-05 | 0.6s
epoch 1799 | loss 65.4873 | lr 4.89e-05 | 0.6s
epoch 1800 | loss 64.7379 | lr 4.85e-05 | 0.6s
epoch 1801 | loss 65.6025 | lr 4.80e-05 | 0.6s
epoch 1802 | loss 64.8405 | lr 4.75e-05 | 0.6s
epoch 1803 | loss 65.3138 | lr 4.70e-05 | 0.6s
epoch 1804 | loss 65.1874 | lr 4.65e-05 | 0.6s
epoch 1805 | loss 65.8538 | lr 4.61e-05 | 0.6s
epoch 1806 | loss 64.7283 | lr 4.56e-05 | 0.6s
epoch 1807 | loss 65.3642 | lr 4.51e-05 | 0.6s
epoch 1808 | loss 64.6267 | lr 4.47e-05 | 0.6s
epoch 1809 | loss 65.4540 | lr 4.42e-05 | 0.6s
epoch 1810 | loss 64.6110 | lr 4.37e-05 | 0.6s
epoch 1811 | loss 65.1255 | lr 4.33e-05 | 0.6s
epoch 1812 | loss 65.0221 | lr 4.28e-05 | 0.6s
epoch 1813 | loss 65.8141 | lr 4.24e-05 | 0.6s
epoch 1814 | loss 65.1424 | lr 4.19e-05 | 0.6s
epoch 1815 | loss 65.6314 | lr 4.15e-05 | 0.6s
epoch 1816 | loss 64.7811 | lr 4.10e-05 | 0.6s
epoch 1817 | loss 65.8846 | lr 4.06e-05 | 0.6s
epoch 1818 | loss 65.3868 | lr 4.01e-05 | 0.6s
epoch 1819 | loss 65.6468 | lr 3.97e-05 | 0.6s
epoch 1820 | loss 64.5348 | lr 3.93e-05 | 0.6s
epoch 1821 | loss 64.9457 | lr 3.88e-05 | 0.6s
epoch 1822 | loss 65.3088 | lr 3.84e-05 | 0.6s
epoch 1823 | loss 65.4362 | lr 3.80e-05 | 0.6s
epoch 1824 | loss 65.3939 | lr 3.75e-05 | 0.6s
epoch 1825 | loss 65.2429 | lr 3.71e-05 | 0.6s
epoch 1826 | loss 64.9997 | lr 3.67e-05 | 0.6s
epoch 1827 | loss 65.5685 | lr 3.63e-05 | 0.6s
epoch 1828 | loss 65.1956 | lr 3.59e-05 | 0.6s
epoch 1829 | loss 65.3620 | lr 3.54e-05 | 0.6s
epoch 1830 | loss 65.6209 | lr 3.50e-05 | 0.6s
epoch 1831 | loss 65.0639 | lr 3.46e-05 | 0.6s
epoch 1832 | loss 65.3832 | lr 3.42e-05 | 0.6s
epoch 1833 | loss 65.5926 | lr 3.38e-05 | 0.6s
epoch 1834 | loss 65.7285 | lr 3.34e-05 | 0.6s
epoch 1835 | loss 65.3492 | lr 3.30e-05 | 0.6s
epoch 1836 | loss 65.1299 | lr 3.26e-05 | 0.6s
epoch 1837 | loss 65.1297 | lr 3.22e-05 | 0.6s
epoch 1838 | loss 65.1375 | lr 3.18e-05 | 0.6s
epoch 1839 | loss 65.4752 | lr 3.14e-05 | 0.6s
epoch 1840 | loss 65.5865 | lr 3.10e-05 | 0.6s
epoch 1841 | loss 65.1130 | lr 3.06e-05 | 0.6s
epoch 1842 | loss 65.1537 | lr 3.03e-05 | 0.6s
epoch 1843 | loss 65.3338 | lr 2.99e-05 | 0.6s
epoch 1844 | loss 65.4213 | lr 2.95e-05 | 0.6s
epoch 1845 | loss 65.0360 | lr 2.91e-05 | 0.6s
epoch 1846 | loss 64.8267 | lr 2.87e-05 | 0.6s
epoch 1847 | loss 65.3606 | lr 2.84e-05 | 0.6s
epoch 1848 | loss 65.5182 | lr 2.80e-05 | 0.6s
epoch 1849 | loss 65.4279 | lr 2.76e-05 | 0.6s
epoch 1850 | loss 64.9040 | lr 2.73e-05 | 0.6s
epoch 1851 | loss 65.1364 | lr 2.69e-05 | 0.6s
epoch 1852 | loss 64.3240 | lr 2.65e-05 | 0.6s
epoch 1853 | loss 65.5814 | lr 2.62e-05 | 0.6s
epoch 1854 | loss 65.5657 | lr 2.58e-05 | 0.6s
epoch 1855 | loss 65.8113 | lr 2.55e-05 | 0.6s
epoch 1856 | loss 66.0023 | lr 2.51e-05 | 0.6s
epoch 1857 | loss 65.3615 | lr 2.48e-05 | 0.6s
epoch 1858 | loss 65.8433 | lr 2.44e-05 | 0.6s
epoch 1859 | loss 66.1211 | lr 2.41e-05 | 0.6s
epoch 1860 | loss 65.3776 | lr 2.37e-05 | 0.6s
epoch 1861 | loss 65.4011 | lr 2.34e-05 | 0.6s
epoch 1862 | loss 65.2466 | lr 2.31e-05 | 0.6s
epoch 1863 | loss 66.2277 | lr 2.27e-05 | 0.6s
epoch 1864 | loss 64.8805 | lr 2.24e-05 | 0.6s
epoch 1865 | loss 65.9804 | lr 2.21e-05 | 0.6s
epoch 1866 | loss 65.0265 | lr 2.17e-05 | 0.6s
epoch 1867 | loss 64.8564 | lr 2.14e-05 | 0.6s
epoch 1868 | loss 65.3187 | lr 2.11e-05 | 0.6s
epoch 1869 | loss 65.1632 | lr 2.08e-05 | 0.6s
epoch 1870 | loss 65.7758 | lr 2.05e-05 | 0.6s
epoch 1871 | loss 64.8028 | lr 2.01e-05 | 0.6s
epoch 1872 | loss 65.3367 | lr 1.98e-05 | 0.6s
epoch 1873 | loss 65.0601 | lr 1.95e-05 | 0.6s
epoch 1874 | loss 65.4805 | lr 1.92e-05 | 0.6s
epoch 1875 | loss 65.2154 | lr 1.89e-05 | 0.6s
epoch 1876 | loss 64.9702 | lr 1.86e-05 | 0.6s
epoch 1877 | loss 65.9327 | lr 1.83e-05 | 0.6s
epoch 1878 | loss 65.7315 | lr 1.80e-05 | 0.6s
epoch 1879 | loss 65.0703 | lr 1.77e-05 | 0.6s
epoch 1880 | loss 65.4009 | lr 1.74e-05 | 0.6s
epoch 1881 | loss 65.5334 | lr 1.71e-05 | 0.6s
epoch 1882 | loss 65.1411 | lr 1.68e-05 | 0.6s
epoch 1883 | loss 65.3012 | lr 1.66e-05 | 0.6s
epoch 1884 | loss 65.4378 | lr 1.63e-05 | 0.6s
epoch 1885 | loss 64.7282 | lr 1.60e-05 | 0.6s
epoch 1886 | loss 66.1200 | lr 1.57e-05 | 0.6s
epoch 1887 | loss 65.2325 | lr 1.54e-05 | 0.6s
epoch 1888 | loss 65.5088 | lr 1.52e-05 | 0.6s
epoch 1889 | loss 65.6433 | lr 1.49e-05 | 0.6s
epoch 1890 | loss 65.2928 | lr 1.46e-05 | 0.6s
epoch 1891 | loss 65.0911 | lr 1.44e-05 | 0.6s
epoch 1892 | loss 65.2023 | lr 1.41e-05 | 0.6s
epoch 1893 | loss 64.8181 | lr 1.38e-05 | 0.6s
epoch 1894 | loss 65.9156 | lr 1.36e-05 | 0.6s
epoch 1895 | loss 65.6272 | lr 1.33e-05 | 0.6s
epoch 1896 | loss 65.0523 | lr 1.31e-05 | 0.6s
epoch 1897 | loss 65.5686 | lr 1.28e-05 | 0.6s
epoch 1898 | loss 66.2449 | lr 1.26e-05 | 0.6s
epoch 1899 | loss 64.9989 | lr 1.23e-05 | 0.6s
epoch 1900 | loss 65.3422 | lr 1.21e-05 | 0.6s
epoch 1901 | loss 65.4772 | lr 1.18e-05 | 0.6s
epoch 1902 | loss 65.4750 | lr 1.16e-05 | 0.6s
epoch 1903 | loss 65.1306 | lr 1.13e-05 | 0.6s
epoch 1904 | loss 65.2446 | lr 1.11e-05 | 0.6s
epoch 1905 | loss 64.9323 | lr 1.09e-05 | 0.6s
epoch 1906 | loss 65.3814 | lr 1.07e-05 | 0.6s
epoch 1907 | loss 65.5443 | lr 1.04e-05 | 0.6s
epoch 1908 | loss 65.0201 | lr 1.02e-05 | 0.6s
epoch 1909 | loss 65.4339 | lr 9.98e-06 | 0.6s
epoch 1910 | loss 66.0310 | lr 9.76e-06 | 0.6s
epoch 1911 | loss 65.2813 | lr 9.54e-06 | 0.6s
epoch 1912 | loss 65.1447 | lr 9.32e-06 | 0.6s
epoch 1913 | loss 65.7730 | lr 9.11e-06 | 0.6s
epoch 1914 | loss 65.6776 | lr 8.90e-06 | 0.6s
epoch 1915 | loss 65.5101 | lr 8.69e-06 | 0.6s
epoch 1916 | loss 65.6271 | lr 8.49e-06 | 0.6s
epoch 1917 | loss 65.5153 | lr 8.28e-06 | 0.6s
epoch 1918 | loss 64.7902 | lr 8.08e-06 | 0.6s
epoch 1919 | loss 66.0220 | lr 7.89e-06 | 0.6s
epoch 1920 | loss 65.3584 | lr 7.69e-06 | 0.6s
epoch 1921 | loss 65.8081 | lr 7.50e-06 | 0.6s
epoch 1922 | loss 65.2075 | lr 7.31e-06 | 0.6s
epoch 1923 | loss 65.2271 | lr 7.12e-06 | 0.6s
epoch 1924 | loss 64.8871 | lr 6.93e-06 | 0.6s
epoch 1925 | loss 65.0396 | lr 6.75e-06 | 0.6s
epoch 1926 | loss 65.8563 | lr 6.57e-06 | 0.6s
epoch 1927 | loss 65.5347 | lr 6.39e-06 | 0.6s
epoch 1928 | loss 65.1064 | lr 6.21e-06 | 0.6s
epoch 1929 | loss 64.7225 | lr 6.04e-06 | 0.6s
epoch 1930 | loss 65.0435 | lr 5.87e-06 | 0.6s
epoch 1931 | loss 65.7202 | lr 5.70e-06 | 0.6s
epoch 1932 | loss 65.2890 | lr 5.53e-06 | 0.6s
epoch 1933 | loss 64.8479 | lr 5.37e-06 | 0.6s
epoch 1934 | loss 65.1449 | lr 5.21e-06 | 0.6s
epoch 1935 | loss 66.1075 | lr 5.05e-06 | 0.6s
epoch 1936 | loss 65.4054 | lr 4.89e-06 | 0.6s
epoch 1937 | loss 65.5794 | lr 4.74e-06 | 0.6s
epoch 1938 | loss 65.3877 | lr 4.59e-06 | 0.6s
epoch 1939 | loss 65.4852 | lr 4.44e-06 | 0.6s
epoch 1940 | loss 65.3589 | lr 4.29e-06 | 0.6s
epoch 1941 | loss 64.7015 | lr 4.15e-06 | 0.6s
epoch 1942 | loss 65.1408 | lr 4.01e-06 | 0.6s
epoch 1943 | loss 65.0273 | lr 3.87e-06 | 0.6s
epoch 1944 | loss 65.3732 | lr 3.73e-06 | 0.6s
epoch 1945 | loss 65.1048 | lr 3.60e-06 | 0.6s
epoch 1946 | loss 65.4818 | lr 3.46e-06 | 0.6s
epoch 1947 | loss 65.7899 | lr 3.33e-06 | 0.6s
epoch 1948 | loss 65.7947 | lr 3.21e-06 | 0.6s
epoch 1949 | loss 65.2876 | lr 3.08e-06 | 0.6s
epoch 1950 | loss 64.8995 | lr 2.96e-06 | 0.6s
epoch 1951 | loss 65.2329 | lr 2.84e-06 | 0.6s
epoch 1952 | loss 65.6732 | lr 2.72e-06 | 0.6s
epoch 1953 | loss 65.5740 | lr 2.61e-06 | 0.6s
epoch 1954 | loss 65.8283 | lr 2.50e-06 | 0.6s
epoch 1955 | loss 65.2105 | lr 2.39e-06 | 0.6s
epoch 1956 | loss 65.7440 | lr 2.28e-06 | 0.6s
epoch 1957 | loss 65.6842 | lr 2.18e-06 | 0.6s
epoch 1958 | loss 65.2182 | lr 2.07e-06 | 0.6s
epoch 1959 | loss 65.6028 | lr 1.97e-06 | 0.6s
epoch 1960 | loss 65.5351 | lr 1.88e-06 | 0.6s
epoch 1961 | loss 65.3760 | lr 1.78e-06 | 0.6s
epoch 1962 | loss 65.6528 | lr 1.69e-06 | 0.6s
epoch 1963 | loss 65.1594 | lr 1.60e-06 | 0.6s
epoch 1964 | loss 65.5635 | lr 1.51e-06 | 0.6s
epoch 1965 | loss 65.6559 | lr 1.43e-06 | 0.6s
epoch 1966 | loss 66.0044 | lr 1.34e-06 | 0.6s
epoch 1967 | loss 65.4206 | lr 1.26e-06 | 0.6s
epoch 1968 | loss 65.3982 | lr 1.19e-06 | 0.6s
epoch 1969 | loss 65.1495 | lr 1.11e-06 | 0.6s
epoch 1970 | loss 65.2479 | lr 1.04e-06 | 0.6s
epoch 1971 | loss 65.1141 | lr 9.67e-07 | 0.6s
epoch 1972 | loss 65.3349 | lr 8.99e-07 | 0.6s
epoch 1973 | loss 65.1487 | lr 8.34e-07 | 0.6s
epoch 1974 | loss 65.7403 | lr 7.71e-07 | 0.6s
epoch 1975 | loss 65.7294 | lr 7.11e-07 | 0.6s
epoch 1976 | loss 65.4165 | lr 6.53e-07 | 0.6s
epoch 1977 | loss 64.8781 | lr 5.97e-07 | 0.6s
epoch 1978 | loss 65.9814 | lr 5.44e-07 | 0.6s
epoch 1979 | loss 64.9213 | lr 4.93e-07 | 0.6s
epoch 1980 | loss 65.2075 | lr 4.45e-07 | 0.6s
epoch 1981 | loss 65.6038 | lr 4.00e-07 | 0.6s
epoch 1982 | loss 65.1861 | lr 3.57e-07 | 0.6s
epoch 1983 | loss 65.7900 | lr 3.16e-07 | 0.6s
epoch 1984 | loss 66.2349 | lr 2.78e-07 | 0.6s
epoch 1985 | loss 64.7828 | lr 2.42e-07 | 0.6s
epoch 1986 | loss 65.6344 | lr 2.08e-07 | 0.6s
epoch 1987 | loss 64.7893 | lr 1.78e-07 | 0.6s
epoch 1988 | loss 65.1292 | lr 1.49e-07 | 0.6s
epoch 1989 | loss 66.2719 | lr 1.23e-07 | 0.6s
epoch 1990 | loss 65.2033 | lr 9.99e-08 | 0.6s
epoch 1991 | loss 65.8172 | lr 7.90e-08 | 0.6s
epoch 1992 | loss 65.7434 | lr 6.05e-08 | 0.6s
epoch 1993 | loss 65.3856 | lr 4.44e-08 | 0.6s
epoch 1994 | loss 65.0995 | lr 3.08e-08 | 0.6s
epoch 1995 | loss 65.2720 | lr 1.97e-08 | 0.6s
epoch 1996 | loss 65.9896 | lr 1.11e-08 | 0.6s
epoch 1997 | loss 65.3709 | lr 4.93e-09 | 0.6s
epoch 1998 | loss 65.5867 | lr 1.23e-09 | 0.6s
epoch 1999 | loss 66.1606 | lr 0.00e+00 | 0.6s
final loss: 66.1606
