model params: 6,045,569
device: cuda
training: {'n_epochs': 500, 'samples_per_epoch': 500000, 'batch_size': 8192, 'k_max': 80, 'lr': 0.0005, 'weight_decay': 0.0, 'checkpoint_every_epochs': 50, 'n_back': 1, 'loss': 'mse', 'amp': True, 'compile_model': True, 'fused_optimizer': True, 'device': 'cuda', 'seed': 50}
bellman: {'warmstart_path': 'megaminx/models/m07_big_k80/epoch_3999.pt', 'target_update_every_epochs': 10, 'target_net_chunk': 4096, 'clip_upper': True, 'clip_lower': True}
epoch    0 | loss 14.8400 | lr 5.00e-04 | 35.8s
epoch    1 | loss 13.3951 | lr 5.00e-04 | 13.3s
epoch    2 | loss 13.9302 | lr 5.00e-04 | 12.9s
epoch    3 | loss 13.8663 | lr 5.00e-04 | 12.9s
epoch    4 | loss 13.7348 | lr 5.00e-04 | 13.0s
epoch    5 | loss 13.5087 | lr 5.00e-04 | 12.9s
epoch    6 | loss 13.6824 | lr 5.00e-04 | 12.8s
epoch    7 | loss 13.4944 | lr 5.00e-04 | 13.0s
epoch    8 | loss 13.7949 | lr 5.00e-04 | 12.9s
epoch    9 | loss 13.6810 | lr 5.00e-04 | 12.9s
epoch   10 | loss 5.9845 | lr 4.99e-04 | 12.9s
epoch   11 | loss 5.2448 | lr 4.99e-04 | 12.9s
epoch   12 | loss 5.0572 | lr 4.99e-04 | 12.8s
epoch   13 | loss 5.0804 | lr 4.99e-04 | 13.0s
epoch   14 | loss 5.0548 | lr 4.99e-04 | 13.2s
epoch   15 | loss 4.8951 | lr 4.99e-04 | 12.9s
epoch   16 | loss 4.9812 | lr 4.99e-04 | 12.9s
epoch   17 | loss 5.1164 | lr 4.98e-04 | 12.9s
epoch   18 | loss 5.2354 | lr 4.98e-04 | 12.9s
epoch   19 | loss 5.1442 | lr 4.98e-04 | 13.0s
epoch   20 | loss 2.8565 | lr 4.98e-04 | 13.0s
epoch   21 | loss 2.3163 | lr 4.98e-04 | 12.9s
epoch   22 | loss 2.3485 | lr 4.97e-04 | 12.9s
epoch   23 | loss 2.2815 | lr 4.97e-04 | 13.0s
epoch   24 | loss 2.3890 | lr 4.97e-04 | 12.9s
epoch   25 | loss 2.2372 | lr 4.97e-04 | 13.0s
epoch   26 | loss 2.3051 | lr 4.96e-04 | 13.0s
epoch   27 | loss 2.2752 | lr 4.96e-04 | 12.9s
epoch   28 | loss 2.3144 | lr 4.96e-04 | 13.0s
epoch   29 | loss 2.3472 | lr 4.96e-04 | 12.9s
epoch   30 | loss 1.6453 | lr 4.95e-04 | 12.8s
epoch   31 | loss 1.2234 | lr 4.95e-04 | 13.1s
epoch   32 | loss 1.2739 | lr 4.95e-04 | 13.1s
epoch   33 | loss 1.2525 | lr 4.94e-04 | 12.9s
epoch   34 | loss 1.2445 | lr 4.94e-04 | 12.9s
epoch   35 | loss 1.2193 | lr 4.94e-04 | 12.9s
epoch   36 | loss 1.2155 | lr 4.93e-04 | 12.8s
epoch   37 | loss 1.2495 | lr 4.93e-04 | 13.0s
epoch   38 | loss 1.2293 | lr 4.93e-04 | 13.0s
epoch   39 | loss 1.2125 | lr 4.92e-04 | 12.9s
epoch   40 | loss 1.1016 | lr 4.92e-04 | 12.9s
epoch   41 | loss 0.7908 | lr 4.91e-04 | 12.9s
epoch   42 | loss 0.7765 | lr 4.91e-04 | 12.8s
epoch   43 | loss 0.7736 | lr 4.91e-04 | 13.0s
epoch   44 | loss 0.7674 | lr 4.90e-04 | 12.9s
epoch   45 | loss 0.7573 | lr 4.90e-04 | 12.9s
epoch   46 | loss 0.7442 | lr 4.89e-04 | 13.0s
epoch   47 | loss 0.7787 | lr 4.89e-04 | 12.9s
epoch   48 | loss 0.7690 | lr 4.88e-04 | 12.8s
epoch   49 | loss 0.7669 | lr 4.88e-04 | 13.0s
epoch   50 | loss 0.7633 | lr 4.87e-04 | 13.0s
epoch   51 | loss 0.5345 | lr 4.87e-04 | 12.9s
epoch   52 | loss 0.5311 | lr 4.86e-04 | 12.9s
epoch   53 | loss 0.5320 | lr 4.86e-04 | 12.9s
epoch   54 | loss 0.5332 | lr 4.85e-04 | 12.9s
epoch   55 | loss 0.5219 | lr 4.85e-04 | 13.0s
epoch   56 | loss 0.5312 | lr 4.84e-04 | 12.9s
epoch   57 | loss 0.5307 | lr 4.84e-04 | 12.9s
epoch   58 | loss 0.5324 | lr 4.83e-04 | 12.9s
epoch   59 | loss 0.5198 | lr 4.82e-04 | 12.9s
epoch   60 | loss 0.5311 | lr 4.82e-04 | 12.8s
epoch   61 | loss 0.3975 | lr 4.81e-04 | 13.0s
epoch   62 | loss 0.3929 | lr 4.81e-04 | 12.9s
epoch   63 | loss 0.3943 | lr 4.80e-04 | 12.9s
epoch   64 | loss 0.3996 | lr 4.79e-04 | 12.9s
epoch   65 | loss 0.3875 | lr 4.79e-04 | 12.9s
epoch   66 | loss 0.3957 | lr 4.78e-04 | 12.8s
epoch   67 | loss 0.3916 | lr 4.78e-04 | 13.0s
epoch   68 | loss 0.3893 | lr 4.77e-04 | 12.9s
epoch   69 | loss 0.3963 | lr 4.76e-04 | 12.9s
epoch   70 | loss 0.3947 | lr 4.76e-04 | 12.9s
epoch   71 | loss 0.3188 | lr 4.75e-04 | 12.9s
epoch   72 | loss 0.3123 | lr 4.74e-04 | 12.8s
epoch   73 | loss 0.3121 | lr 4.73e-04 | 13.0s
epoch   74 | loss 0.3177 | lr 4.73e-04 | 12.9s
epoch   75 | loss 0.3146 | lr 4.72e-04 | 12.9s
epoch   76 | loss 0.3106 | lr 4.71e-04 | 12.9s
epoch   77 | loss 0.3142 | lr 4.71e-04 | 12.9s
epoch   78 | loss 0.3140 | lr 4.70e-04 | 12.8s
epoch   79 | loss 0.3102 | lr 4.69e-04 | 13.0s
epoch   80 | loss 0.3242 | lr 4.68e-04 | 13.0s
epoch   81 | loss 0.2630 | lr 4.68e-04 | 12.9s
epoch   82 | loss 0.2610 | lr 4.67e-04 | 13.0s
epoch   83 | loss 0.2607 | lr 4.66e-04 | 12.9s
epoch   84 | loss 0.2608 | lr 4.65e-04 | 12.8s
epoch   85 | loss 0.2612 | lr 4.64e-04 | 13.0s
epoch   86 | loss 0.2601 | lr 4.64e-04 | 13.0s
epoch   87 | loss 0.2612 | lr 4.63e-04 | 12.9s
epoch   88 | loss 0.2611 | lr 4.62e-04 | 12.9s
epoch   89 | loss 0.2618 | lr 4.61e-04 | 12.9s
epoch   90 | loss 0.2631 | lr 4.60e-04 | 12.8s
epoch   91 | loss 0.2250 | lr 4.59e-04 | 13.0s
epoch   92 | loss 0.2255 | lr 4.59e-04 | 12.9s
epoch   93 | loss 0.2276 | lr 4.58e-04 | 12.9s
epoch   94 | loss 0.2267 | lr 4.57e-04 | 12.9s
epoch   95 | loss 0.2268 | lr 4.56e-04 | 12.9s
epoch   96 | loss 0.2283 | lr 4.55e-04 | 12.9s
epoch   97 | loss 0.2254 | lr 4.54e-04 | 13.0s
epoch   98 | loss 0.2262 | lr 4.53e-04 | 12.9s
epoch   99 | loss 0.2248 | lr 4.52e-04 | 12.9s
epoch  100 | loss 0.2261 | lr 4.51e-04 | 13.7s
epoch  101 | loss 0.2002 | lr 4.50e-04 | 13.7s
epoch  102 | loss 0.1987 | lr 4.49e-04 | 13.6s
epoch  103 | loss 0.2008 | lr 4.48e-04 | 13.8s
epoch  104 | loss 0.1988 | lr 4.48e-04 | 13.7s
epoch  105 | loss 0.2000 | lr 4.47e-04 | 13.6s
epoch  106 | loss 0.1996 | lr 4.46e-04 | 13.7s
epoch  107 | loss 0.1999 | lr 4.45e-04 | 13.7s
epoch  108 | loss 0.1990 | lr 4.44e-04 | 13.6s
epoch  109 | loss 0.1983 | lr 4.43e-04 | 13.8s
epoch  110 | loss 0.1994 | lr 4.42e-04 | 13.7s
epoch  111 | loss 0.1815 | lr 4.41e-04 | 13.6s
epoch  112 | loss 0.1811 | lr 4.40e-04 | 13.7s
epoch  113 | loss 0.1810 | lr 4.39e-04 | 13.7s
epoch  114 | loss 0.1804 | lr 4.38e-04 | 13.6s
epoch  115 | loss 0.1808 | lr 4.36e-04 | 13.7s
epoch  116 | loss 0.1801 | lr 4.35e-04 | 13.7s
epoch  117 | loss 0.1805 | lr 4.34e-04 | 13.6s
epoch  118 | loss 0.1802 | lr 4.33e-04 | 13.7s
epoch  119 | loss 0.1811 | lr 4.32e-04 | 13.7s
epoch  120 | loss 0.1797 | lr 4.31e-04 | 13.6s
epoch  121 | loss 0.1670 | lr 4.30e-04 | 13.7s
epoch  122 | loss 0.1670 | lr 4.29e-04 | 13.7s
epoch  123 | loss 0.1683 | lr 4.28e-04 | 13.6s
epoch  124 | loss 0.1666 | lr 4.27e-04 | 13.7s
epoch  125 | loss 0.1652 | lr 4.26e-04 | 13.8s
epoch  126 | loss 0.1654 | lr 4.25e-04 | 13.6s
epoch  127 | loss 0.1651 | lr 4.23e-04 | 13.7s
epoch  128 | loss 0.1665 | lr 4.22e-04 | 13.7s
epoch  129 | loss 0.1658 | lr 4.21e-04 | 13.6s
epoch  130 | loss 0.1645 | lr 4.20e-04 | 13.7s
epoch  131 | loss 0.1531 | lr 4.19e-04 | 13.7s
epoch  132 | loss 0.1532 | lr 4.18e-04 | 13.6s
epoch  133 | loss 0.1535 | lr 4.17e-04 | 13.7s
epoch  134 | loss 0.1549 | lr 4.15e-04 | 13.7s
epoch  135 | loss 0.1552 | lr 4.14e-04 | 13.6s
epoch  136 | loss 0.1546 | lr 4.13e-04 | 13.8s
epoch  137 | loss 0.1546 | lr 4.12e-04 | 13.7s
epoch  138 | loss 0.1537 | lr 4.11e-04 | 13.6s
epoch  139 | loss 0.1547 | lr 4.09e-04 | 13.7s
epoch  140 | loss 0.1524 | lr 4.08e-04 | 13.7s
epoch  141 | loss 0.1434 | lr 4.07e-04 | 13.6s
epoch  142 | loss 0.1446 | lr 4.06e-04 | 13.7s
epoch  143 | loss 0.1442 | lr 4.04e-04 | 13.7s
epoch  144 | loss 0.1449 | lr 4.03e-04 | 13.6s
epoch  145 | loss 0.1476 | lr 4.02e-04 | 13.8s
epoch  146 | loss 0.1452 | lr 4.01e-04 | 13.8s
epoch  147 | loss 0.1446 | lr 3.99e-04 | 13.6s
epoch  148 | loss 0.1442 | lr 3.98e-04 | 13.7s
epoch  149 | loss 0.1435 | lr 3.97e-04 | 13.7s
epoch  150 | loss 0.1421 | lr 3.96e-04 | 13.6s
epoch  151 | loss 0.1378 | lr 3.94e-04 | 13.8s
epoch  152 | loss 0.1380 | lr 3.93e-04 | 13.7s
epoch  153 | loss 0.1377 | lr 3.92e-04 | 13.6s
epoch  154 | loss 0.1378 | lr 3.91e-04 | 13.7s
epoch  155 | loss 0.1375 | lr 3.89e-04 | 13.7s
epoch  156 | loss 0.1369 | lr 3.88e-04 | 13.6s
epoch  157 | loss 0.1369 | lr 3.87e-04 | 13.8s
epoch  158 | loss 0.1369 | lr 3.85e-04 | 13.7s
epoch  159 | loss 0.1370 | lr 3.84e-04 | 13.7s
epoch  160 | loss 0.1334 | lr 3.83e-04 | 13.7s
epoch  161 | loss 0.1300 | lr 3.81e-04 | 13.7s
epoch  162 | loss 0.1303 | lr 3.80e-04 | 13.6s
epoch  163 | loss 0.1304 | lr 3.79e-04 | 13.8s
epoch  164 | loss 0.1308 | lr 3.77e-04 | 13.7s
epoch  165 | loss 0.1295 | lr 3.76e-04 | 13.7s
epoch  166 | loss 0.1301 | lr 3.75e-04 | 13.6s
epoch  167 | loss 0.1305 | lr 3.73e-04 | 13.7s
epoch  168 | loss 0.1299 | lr 3.72e-04 | 13.6s
epoch  169 | loss 0.1302 | lr 3.70e-04 | 13.7s
epoch  170 | loss 0.1280 | lr 3.69e-04 | 13.7s
epoch  171 | loss 0.1246 | lr 3.68e-04 | 13.6s
epoch  172 | loss 0.1267 | lr 3.66e-04 | 13.7s
epoch  173 | loss 0.1250 | lr 3.65e-04 | 13.7s
epoch  174 | loss 0.1259 | lr 3.63e-04 | 13.6s
epoch  175 | loss 0.1251 | lr 3.62e-04 | 13.7s
epoch  176 | loss 0.1249 | lr 3.61e-04 | 14.0s
epoch  177 | loss 0.1255 | lr 3.59e-04 | 13.6s
epoch  178 | loss 0.1263 | lr 3.58e-04 | 13.7s
epoch  179 | loss 0.1249 | lr 3.56e-04 | 13.7s
epoch  180 | loss 0.1232 | lr 3.55e-04 | 13.6s
epoch  181 | loss 0.1212 | lr 3.54e-04 | 13.7s
epoch  182 | loss 0.1215 | lr 3.52e-04 | 13.7s
epoch  183 | loss 0.1195 | lr 3.51e-04 | 13.6s
epoch  184 | loss 0.1198 | lr 3.49e-04 | 13.7s
epoch  185 | loss 0.1200 | lr 3.48e-04 | 13.7s
epoch  186 | loss 0.1199 | lr 3.46e-04 | 13.6s
epoch  187 | loss 0.1196 | lr 3.45e-04 | 14.1s
epoch  188 | loss 0.1201 | lr 3.43e-04 | 13.7s
epoch  189 | loss 0.1202 | lr 3.42e-04 | 13.6s
epoch  190 | loss 0.1177 | lr 3.41e-04 | 13.7s
epoch  191 | loss 0.1166 | lr 3.39e-04 | 13.7s
epoch  192 | loss 0.1168 | lr 3.38e-04 | 13.6s
epoch  193 | loss 0.1166 | lr 3.36e-04 | 13.7s
epoch  194 | loss 0.1160 | lr 3.35e-04 | 13.7s
epoch  195 | loss 0.1160 | lr 3.33e-04 | 13.6s
epoch  196 | loss 0.1161 | lr 3.32e-04 | 13.7s
epoch  197 | loss 0.1162 | lr 3.30e-04 | 13.7s
epoch  198 | loss 0.1171 | lr 3.29e-04 | 13.7s
epoch  199 | loss 0.1179 | lr 3.27e-04 | 13.7s
epoch  200 | loss 0.1135 | lr 3.26e-04 | 13.7s
epoch  201 | loss 0.1136 | lr 3.24e-04 | 13.6s
epoch  202 | loss 0.1134 | lr 3.23e-04 | 13.7s
epoch  203 | loss 0.1131 | lr 3.21e-04 | 13.7s
epoch  204 | loss 0.1128 | lr 3.20e-04 | 13.6s
epoch  205 | loss 0.1125 | lr 3.18e-04 | 13.8s
epoch  206 | loss 0.1137 | lr 3.17e-04 | 13.7s
epoch  207 | loss 0.1138 | lr 3.15e-04 | 13.6s
epoch  208 | loss 0.1136 | lr 3.14e-04 | 13.7s
epoch  209 | loss 0.1137 | lr 3.12e-04 | 13.8s
epoch  210 | loss 0.1108 | lr 3.11e-04 | 13.6s
epoch  211 | loss 0.1101 | lr 3.09e-04 | 13.8s
epoch  212 | loss 0.1104 | lr 3.08e-04 | 13.7s
epoch  213 | loss 0.1097 | lr 3.06e-04 | 13.7s
epoch  214 | loss 0.1105 | lr 3.05e-04 | 13.7s
epoch  215 | loss 0.1110 | lr 3.03e-04 | 13.7s
epoch  216 | loss 0.1098 | lr 3.01e-04 | 13.7s
epoch  217 | loss 0.1111 | lr 3.00e-04 | 13.8s
epoch  218 | loss 0.1089 | lr 2.98e-04 | 13.8s
epoch  219 | loss 0.1102 | lr 2.97e-04 | 13.6s
epoch  220 | loss 0.1089 | lr 2.95e-04 | 13.7s
epoch  221 | loss 0.1088 | lr 2.94e-04 | 13.7s
epoch  222 | loss 0.1082 | lr 2.92e-04 | 13.6s
epoch  223 | loss 0.1077 | lr 2.91e-04 | 13.9s
epoch  224 | loss 0.1093 | lr 2.89e-04 | 13.7s
epoch  225 | loss 0.1077 | lr 2.88e-04 | 13.7s
epoch  226 | loss 0.1082 | lr 2.86e-04 | 13.7s
epoch  227 | loss 0.1083 | lr 2.84e-04 | 13.7s
epoch  228 | loss 0.1076 | lr 2.83e-04 | 13.6s
epoch  229 | loss 0.1076 | lr 2.81e-04 | 13.8s
epoch  230 | loss 0.1069 | lr 2.80e-04 | 13.7s
epoch  231 | loss 0.1065 | lr 2.78e-04 | 13.7s
epoch  232 | loss 0.1059 | lr 2.77e-04 | 13.7s
epoch  233 | loss 0.1067 | lr 2.75e-04 | 13.7s
epoch  234 | loss 0.1064 | lr 2.74e-04 | 13.6s
epoch  235 | loss 0.1060 | lr 2.72e-04 | 13.8s
epoch  236 | loss 0.1064 | lr 2.70e-04 | 13.7s
epoch  237 | loss 0.1061 | lr 2.69e-04 | 13.6s
epoch  238 | loss 0.1064 | lr 2.67e-04 | 13.7s
epoch  239 | loss 0.1072 | lr 2.66e-04 | 13.7s
epoch  240 | loss 0.1053 | lr 2.64e-04 | 13.6s
epoch  241 | loss 0.1043 | lr 2.63e-04 | 13.7s
epoch  242 | loss 0.1050 | lr 2.61e-04 | 13.7s
epoch  243 | loss 0.1044 | lr 2.59e-04 | 13.7s
epoch  244 | loss 0.1051 | lr 2.58e-04 | 13.7s
epoch  245 | loss 0.1045 | lr 2.56e-04 | 13.7s
epoch  246 | loss 0.1040 | lr 2.55e-04 | 13.6s
epoch  247 | loss 0.1042 | lr 2.53e-04 | 13.8s
epoch  248 | loss 0.1059 | lr 2.52e-04 | 13.7s
epoch  249 | loss 0.1048 | lr 2.50e-04 | 13.7s
epoch  250 | loss 0.1034 | lr 2.48e-04 | 13.7s
epoch  251 | loss 0.1032 | lr 2.47e-04 | 13.7s
epoch  252 | loss 0.1026 | lr 2.45e-04 | 13.6s
epoch  253 | loss 0.1033 | lr 2.44e-04 | 13.8s
epoch  254 | loss 0.1046 | lr 2.42e-04 | 13.7s
epoch  255 | loss 0.1035 | lr 2.41e-04 | 13.7s
epoch  256 | loss 0.1032 | lr 2.39e-04 | 13.7s
epoch  257 | loss 0.1032 | lr 2.37e-04 | 13.8s
epoch  258 | loss 0.1035 | lr 2.36e-04 | 13.6s
epoch  259 | loss 0.1045 | lr 2.34e-04 | 13.7s
epoch  260 | loss 0.1019 | lr 2.33e-04 | 13.8s
epoch  261 | loss 0.1021 | lr 2.31e-04 | 13.6s
epoch  262 | loss 0.1022 | lr 2.30e-04 | 13.7s
epoch  263 | loss 0.1024 | lr 2.28e-04 | 13.7s
epoch  264 | loss 0.1019 | lr 2.26e-04 | 13.7s
epoch  265 | loss 0.1022 | lr 2.25e-04 | 13.8s
epoch  266 | loss 0.1028 | lr 2.23e-04 | 13.7s
epoch  267 | loss 0.1025 | lr 2.22e-04 | 13.7s
epoch  268 | loss 0.1020 | lr 2.20e-04 | 13.7s
epoch  269 | loss 0.1024 | lr 2.19e-04 | 13.7s
epoch  270 | loss 0.1016 | lr 2.17e-04 | 13.6s
epoch  271 | loss 0.1011 | lr 2.16e-04 | 13.8s
epoch  272 | loss 0.1009 | lr 2.14e-04 | 13.7s
epoch  273 | loss 0.1016 | lr 2.12e-04 | 13.6s
epoch  274 | loss 0.1013 | lr 2.11e-04 | 13.7s
epoch  275 | loss 0.1017 | lr 2.09e-04 | 13.7s
epoch  276 | loss 0.1003 | lr 2.08e-04 | 13.6s
epoch  277 | loss 0.1011 | lr 2.06e-04 | 13.8s
epoch  278 | loss 0.1011 | lr 2.05e-04 | 13.7s
epoch  279 | loss 0.1007 | lr 2.03e-04 | 13.6s
epoch  280 | loss 0.0991 | lr 2.02e-04 | 13.8s
epoch  281 | loss 0.0998 | lr 2.00e-04 | 13.7s
epoch  282 | loss 0.0999 | lr 1.99e-04 | 13.6s
epoch  283 | loss 0.0994 | lr 1.97e-04 | 13.8s
epoch  284 | loss 0.1000 | lr 1.95e-04 | 13.7s
epoch  285 | loss 0.1000 | lr 1.94e-04 | 13.6s
epoch  286 | loss 0.1002 | lr 1.92e-04 | 13.7s
epoch  287 | loss 0.1003 | lr 1.91e-04 | 13.7s
epoch  288 | loss 0.1003 | lr 1.89e-04 | 13.6s
epoch  289 | loss 0.0990 | lr 1.88e-04 | 13.8s
epoch  290 | loss 0.0997 | lr 1.86e-04 | 13.7s
epoch  291 | loss 0.0999 | lr 1.85e-04 | 13.7s
epoch  292 | loss 0.1006 | lr 1.83e-04 | 13.7s
epoch  293 | loss 0.1006 | lr 1.82e-04 | 13.7s
epoch  294 | loss 0.1004 | lr 1.80e-04 | 13.6s
epoch  295 | loss 0.1007 | lr 1.79e-04 | 13.8s
epoch  296 | loss 0.1002 | lr 1.77e-04 | 13.7s
epoch  297 | loss 0.1004 | lr 1.76e-04 | 13.7s
epoch  298 | loss 0.0991 | lr 1.74e-04 | 13.7s
epoch  299 | loss 0.0998 | lr 1.73e-04 | 13.8s
epoch  300 | loss 0.0995 | lr 1.71e-04 | 13.6s
epoch  301 | loss 0.0993 | lr 1.70e-04 | 13.8s
epoch  302 | loss 0.0985 | lr 1.68e-04 | 13.7s
epoch  303 | loss 0.0987 | lr 1.67e-04 | 13.6s
epoch  304 | loss 0.0992 | lr 1.65e-04 | 13.7s
epoch  305 | loss 0.0990 | lr 1.64e-04 | 13.7s
epoch  306 | loss 0.0989 | lr 1.62e-04 | 13.6s
epoch  307 | loss 0.0989 | lr 1.61e-04 | 13.8s
epoch  308 | loss 0.0995 | lr 1.59e-04 | 13.7s
epoch  309 | loss 0.0990 | lr 1.58e-04 | 13.7s
epoch  310 | loss 0.0988 | lr 1.57e-04 | 13.7s
epoch  311 | loss 0.0988 | lr 1.55e-04 | 13.8s
epoch  312 | loss 0.0989 | lr 1.54e-04 | 13.6s
epoch  313 | loss 0.0992 | lr 1.52e-04 | 13.8s
epoch  314 | loss 0.0994 | lr 1.51e-04 | 14.0s
epoch  315 | loss 0.0993 | lr 1.49e-04 | 13.8s
epoch  316 | loss 0.0993 | lr 1.48e-04 | 13.8s
epoch  317 | loss 0.0988 | lr 1.46e-04 | 13.7s
epoch  318 | loss 0.0994 | lr 1.45e-04 | 13.7s
epoch  319 | loss 0.0999 | lr 1.44e-04 | 13.8s
epoch  320 | loss 0.0995 | lr 1.42e-04 | 13.7s
epoch  321 | loss 0.0993 | lr 1.41e-04 | 13.7s
epoch  322 | loss 0.0982 | lr 1.39e-04 | 13.7s
epoch  323 | loss 0.0987 | lr 1.38e-04 | 13.7s
epoch  324 | loss 0.0990 | lr 1.37e-04 | 13.6s
epoch  325 | loss 0.0989 | lr 1.35e-04 | 13.8s
epoch  326 | loss 0.0991 | lr 1.34e-04 | 13.7s
epoch  327 | loss 0.0989 | lr 1.32e-04 | 13.7s
epoch  328 | loss 0.0988 | lr 1.31e-04 | 13.7s
epoch  329 | loss 0.0983 | lr 1.30e-04 | 13.7s
epoch  330 | loss 0.0981 | lr 1.28e-04 | 13.6s
epoch  331 | loss 0.0983 | lr 1.27e-04 | 13.9s
epoch  332 | loss 0.0978 | lr 1.25e-04 | 13.8s
epoch  333 | loss 0.0975 | lr 1.24e-04 | 14.0s
epoch  334 | loss 0.0989 | lr 1.23e-04 | 13.7s
epoch  335 | loss 0.0981 | lr 1.21e-04 | 13.8s
epoch  336 | loss 0.0981 | lr 1.20e-04 | 13.6s
epoch  337 | loss 0.0990 | lr 1.19e-04 | 13.8s
epoch  338 | loss 0.0979 | lr 1.17e-04 | 13.7s
epoch  339 | loss 0.0984 | lr 1.16e-04 | 13.7s
epoch  340 | loss 0.0985 | lr 1.15e-04 | 13.7s
epoch  341 | loss 0.0980 | lr 1.13e-04 | 13.8s
epoch  342 | loss 0.0979 | lr 1.12e-04 | 13.6s
epoch  343 | loss 0.0989 | lr 1.11e-04 | 13.8s
epoch  344 | loss 0.0984 | lr 1.09e-04 | 13.8s
epoch  345 | loss 0.0983 | lr 1.08e-04 | 13.6s
epoch  346 | loss 0.0990 | lr 1.07e-04 | 13.7s
epoch  347 | loss 0.0980 | lr 1.06e-04 | 13.7s
epoch  348 | loss 0.0985 | lr 1.04e-04 | 13.6s
epoch  349 | loss 0.0987 | lr 1.03e-04 | 13.8s
epoch  350 | loss 0.0975 | lr 1.02e-04 | 13.7s
epoch  351 | loss 0.0982 | lr 1.01e-04 | 13.7s
epoch  352 | loss 0.0974 | lr 9.93e-05 | 13.7s
epoch  353 | loss 0.0981 | lr 9.80e-05 | 13.7s
epoch  354 | loss 0.0986 | lr 9.68e-05 | 13.6s
epoch  355 | loss 0.0982 | lr 9.55e-05 | 13.9s
epoch  356 | loss 0.0981 | lr 9.43e-05 | 13.7s
epoch  357 | loss 0.0979 | lr 9.31e-05 | 13.7s
epoch  358 | loss 0.0983 | lr 9.19e-05 | 13.7s
epoch  359 | loss 0.0976 | lr 9.06e-05 | 13.7s
epoch  360 | loss 0.0981 | lr 8.94e-05 | 13.6s
epoch  361 | loss 0.0974 | lr 8.82e-05 | 13.8s
epoch  362 | loss 0.0973 | lr 8.70e-05 | 13.7s
epoch  363 | loss 0.0987 | lr 8.59e-05 | 13.6s
epoch  364 | loss 0.0975 | lr 8.47e-05 | 13.7s
epoch  365 | loss 0.0980 | lr 8.35e-05 | 13.7s
epoch  366 | loss 0.0977 | lr 8.23e-05 | 13.7s
epoch  367 | loss 0.0979 | lr 8.12e-05 | 13.9s
epoch  368 | loss 0.0969 | lr 8.00e-05 | 13.7s
epoch  369 | loss 0.0980 | lr 7.89e-05 | 13.7s
epoch  370 | loss 0.0978 | lr 7.77e-05 | 13.7s
epoch  371 | loss 0.0977 | lr 7.66e-05 | 13.7s
epoch  372 | loss 0.0977 | lr 7.55e-05 | 13.6s
epoch  373 | loss 0.0981 | lr 7.43e-05 | 13.8s
epoch  374 | loss 0.0975 | lr 7.32e-05 | 13.7s
epoch  375 | loss 0.0975 | lr 7.21e-05 | 13.7s
epoch  376 | loss 0.0982 | lr 7.10e-05 | 13.7s
epoch  377 | loss 0.0983 | lr 6.99e-05 | 13.8s
epoch  378 | loss 0.0978 | lr 6.88e-05 | 13.6s
epoch  379 | loss 0.0981 | lr 6.78e-05 | 13.8s
epoch  380 | loss 0.0978 | lr 6.67e-05 | 13.7s
epoch  381 | loss 0.0975 | lr 6.56e-05 | 13.7s
epoch  382 | loss 0.0969 | lr 6.46e-05 | 13.7s
epoch  383 | loss 0.0974 | lr 6.35e-05 | 13.7s
epoch  384 | loss 0.0971 | lr 6.25e-05 | 13.6s
epoch  385 | loss 0.0981 | lr 6.14e-05 | 13.8s
epoch  386 | loss 0.0979 | lr 6.04e-05 | 13.8s
epoch  387 | loss 0.0974 | lr 5.94e-05 | 13.7s
epoch  388 | loss 0.0974 | lr 5.84e-05 | 13.7s
epoch  389 | loss 0.0978 | lr 5.74e-05 | 13.8s
epoch  390 | loss 0.0974 | lr 5.64e-05 | 13.6s
epoch  391 | loss 0.0977 | lr 5.54e-05 | 13.8s
epoch  392 | loss 0.0975 | lr 5.44e-05 | 13.7s
epoch  393 | loss 0.0989 | lr 5.34e-05 | 13.7s
epoch  394 | loss 0.0980 | lr 5.25e-05 | 13.7s
epoch  395 | loss 0.0971 | lr 5.15e-05 | 13.7s
epoch  396 | loss 0.0974 | lr 5.06e-05 | 13.6s
epoch  397 | loss 0.0976 | lr 4.96e-05 | 13.9s
epoch  398 | loss 0.0971 | lr 4.87e-05 | 13.7s
epoch  399 | loss 0.0981 | lr 4.77e-05 | 13.7s
epoch  400 | loss 0.0974 | lr 4.68e-05 | 13.8s
epoch  401 | loss 0.0970 | lr 4.59e-05 | 13.8s
epoch  402 | loss 0.0972 | lr 4.50e-05 | 13.6s
epoch  403 | loss 0.0969 | lr 4.41e-05 | 13.8s
epoch  404 | loss 0.0971 | lr 4.32e-05 | 13.7s
epoch  405 | loss 0.0971 | lr 4.24e-05 | 13.7s
epoch  406 | loss 0.0976 | lr 4.15e-05 | 13.7s
epoch  407 | loss 0.0978 | lr 4.06e-05 | 13.7s
epoch  408 | loss 0.0977 | lr 3.98e-05 | 13.6s
epoch  409 | loss 0.0978 | lr 3.89e-05 | 13.8s
epoch  410 | loss 0.0977 | lr 3.81e-05 | 13.8s
epoch  411 | loss 0.0979 | lr 3.73e-05 | 13.7s
epoch  412 | loss 0.0978 | lr 3.64e-05 | 13.7s
epoch  413 | loss 0.0980 | lr 3.56e-05 | 13.8s
epoch  414 | loss 0.0980 | lr 3.48e-05 | 13.7s
epoch  415 | loss 0.0972 | lr 3.40e-05 | 13.8s
epoch  416 | loss 0.0981 | lr 3.32e-05 | 13.8s
epoch  417 | loss 0.0976 | lr 3.25e-05 | 13.7s
epoch  418 | loss 0.0972 | lr 3.17e-05 | 13.7s
epoch  419 | loss 0.0975 | lr 3.09e-05 | 13.8s
epoch  420 | loss 0.0979 | lr 3.02e-05 | 13.7s
epoch  421 | loss 0.0981 | lr 2.94e-05 | 13.9s
epoch  422 | loss 0.0976 | lr 2.87e-05 | 13.7s
epoch  423 | loss 0.0991 | lr 2.80e-05 | 13.8s
epoch  424 | loss 0.0980 | lr 2.72e-05 | 13.7s
epoch  425 | loss 0.0974 | lr 2.65e-05 | 13.8s
epoch  426 | loss 0.0970 | lr 2.58e-05 | 13.6s
epoch  427 | loss 0.0974 | lr 2.51e-05 | 14.0s
epoch  428 | loss 0.0981 | lr 2.45e-05 | 13.8s
epoch  429 | loss 0.0977 | lr 2.38e-05 | 13.7s
epoch  430 | loss 0.0985 | lr 2.31e-05 | 13.8s
epoch  431 | loss 0.0974 | lr 2.25e-05 | 13.7s
epoch  432 | loss 0.0976 | lr 2.18e-05 | 13.7s
epoch  433 | loss 0.0979 | lr 2.12e-05 | 13.8s
epoch  434 | loss 0.0984 | lr 2.06e-05 | 13.7s
epoch  435 | loss 0.0975 | lr 1.99e-05 | 13.7s
epoch  436 | loss 0.0983 | lr 1.93e-05 | 13.8s
epoch  437 | loss 0.0977 | lr 1.87e-05 | 13.8s
epoch  438 | loss 0.0981 | lr 1.81e-05 | 13.8s
epoch  439 | loss 0.0982 | lr 1.76e-05 | 13.8s
epoch  440 | loss 0.0976 | lr 1.70e-05 | 14.0s
epoch  441 | loss 0.0977 | lr 1.64e-05 | 13.7s
epoch  442 | loss 0.0978 | lr 1.59e-05 | 13.8s
epoch  443 | loss 0.0979 | lr 1.53e-05 | 13.9s
epoch  444 | loss 0.0985 | lr 1.48e-05 | 13.7s
epoch  445 | loss 0.0978 | lr 1.43e-05 | 13.9s
epoch  446 | loss 0.0969 | lr 1.37e-05 | 13.8s
epoch  447 | loss 0.0974 | lr 1.32e-05 | 14.0s
epoch  448 | loss 0.0974 | lr 1.27e-05 | 14.2s
epoch  449 | loss 0.0984 | lr 1.22e-05 | 13.9s
epoch  450 | loss 0.0978 | lr 1.18e-05 | 13.8s
epoch  451 | loss 0.0978 | lr 1.13e-05 | 13.9s
epoch  452 | loss 0.0981 | lr 1.08e-05 | 13.8s
epoch  453 | loss 0.0983 | lr 1.04e-05 | 13.8s
epoch  454 | loss 0.0983 | lr 9.93e-06 | 13.8s
epoch  455 | loss 0.0981 | lr 9.49e-06 | 13.8s
epoch  456 | loss 0.0986 | lr 9.07e-06 | 13.7s
epoch  457 | loss 0.0975 | lr 8.65e-06 | 13.9s
epoch  458 | loss 0.0975 | lr 8.25e-06 | 13.7s
epoch  459 | loss 0.0981 | lr 7.85e-06 | 13.7s
epoch  460 | loss 0.0984 | lr 7.47e-06 | 13.8s
epoch  461 | loss 0.0972 | lr 7.09e-06 | 13.8s
epoch  462 | loss 0.0982 | lr 6.73e-06 | 13.6s
epoch  463 | loss 0.0981 | lr 6.37e-06 | 13.8s
epoch  464 | loss 0.0982 | lr 6.02e-06 | 13.7s
epoch  465 | loss 0.0980 | lr 5.68e-06 | 13.6s
epoch  466 | loss 0.0976 | lr 5.35e-06 | 13.7s
epoch  467 | loss 0.0977 | lr 5.04e-06 | 13.7s
epoch  468 | loss 0.0973 | lr 4.73e-06 | 13.6s
epoch  469 | loss 0.0977 | lr 4.43e-06 | 13.8s
epoch  470 | loss 0.0977 | lr 4.14e-06 | 13.7s
epoch  471 | loss 0.0984 | lr 3.86e-06 | 13.6s
epoch  472 | loss 0.0974 | lr 3.59e-06 | 13.7s
epoch  473 | loss 0.0975 | lr 3.33e-06 | 13.7s
epoch  474 | loss 0.0979 | lr 3.08e-06 | 13.7s
epoch  475 | loss 0.0985 | lr 2.84e-06 | 13.8s
epoch  476 | loss 0.0983 | lr 2.61e-06 | 13.8s
epoch  477 | loss 0.0980 | lr 2.38e-06 | 13.9s
epoch  478 | loss 0.0980 | lr 2.17e-06 | 13.8s
epoch  479 | loss 0.0978 | lr 1.97e-06 | 13.8s
epoch  480 | loss 0.0986 | lr 1.78e-06 | 13.6s
epoch  481 | loss 0.0979 | lr 1.60e-06 | 13.8s
epoch  482 | loss 0.0979 | lr 1.42e-06 | 13.8s
epoch  483 | loss 0.0986 | lr 1.26e-06 | 13.7s
epoch  484 | loss 0.0980 | lr 1.11e-06 | 13.7s
epoch  485 | loss 0.0973 | lr 9.67e-07 | 13.8s
epoch  486 | loss 0.0988 | lr 8.34e-07 | 13.6s
epoch  487 | loss 0.0973 | lr 7.10e-07 | 13.7s
epoch  488 | loss 0.0973 | lr 5.97e-07 | 13.7s
epoch  489 | loss 0.0984 | lr 4.93e-07 | 13.7s
epoch  490 | loss 0.0973 | lr 4.00e-07 | 13.7s
epoch  491 | loss 0.0976 | lr 3.16e-07 | 14.0s
epoch  492 | loss 0.0983 | lr 2.42e-07 | 13.7s
epoch  493 | loss 0.0976 | lr 1.78e-07 | 13.8s
epoch  494 | loss 0.0975 | lr 1.23e-07 | 13.7s
epoch  495 | loss 0.0978 | lr 7.90e-08 | 13.6s
epoch  496 | loss 0.0973 | lr 4.44e-08 | 13.7s
epoch  497 | loss 0.0975 | lr 1.97e-08 | 13.7s
epoch  498 | loss 0.0984 | lr 4.93e-09 | 13.6s
epoch  499 | loss 0.0979 | lr 0.00e+00 | 13.7s
final loss: 0.0979
