loading teacher from megaminx/models/m07_big_k80/epoch_3999.pt
teacher params: 6,045,569
student params: 6,057,368 (copied 25 body tensors from teacher)
training: {'n_epochs': 200, 'samples_per_epoch': 500000, 'batch_size': 8192, 'k_max': 80, 'lr': 0.001, 'weight_decay': 0.0, 'checkpoint_every_epochs': 25, 'n_back': 1, 'loss': 'mse', 'amp': True, 'compile_model': True, 'fused_optimizer': True}
epoch    0 | loss 1277.6667 | lr 1.00e-03 | 36.4s elapsed
epoch    1 | loss 91.0831 | lr 1.00e-03 | 13.2s elapsed
epoch    2 | loss 5.9800 | lr 9.99e-04 | 12.8s elapsed
epoch    3 | loss 5.1149 | lr 9.99e-04 | 12.9s elapsed
epoch    4 | loss 4.8801 | lr 9.98e-04 | 13.5s elapsed
epoch    5 | loss 4.7118 | lr 9.98e-04 | 13.8s elapsed
epoch    6 | loss 4.6021 | lr 9.97e-04 | 13.8s elapsed
epoch    7 | loss 4.4531 | lr 9.96e-04 | 13.8s elapsed
epoch    8 | loss 4.3873 | lr 9.95e-04 | 13.6s elapsed
epoch    9 | loss 4.3191 | lr 9.94e-04 | 13.8s elapsed
epoch   10 | loss 4.2620 | lr 9.93e-04 | 13.7s elapsed
epoch   11 | loss 4.1979 | lr 9.91e-04 | 13.9s elapsed
epoch   12 | loss 4.1795 | lr 9.90e-04 | 13.7s elapsed
epoch   13 | loss 4.1156 | lr 9.88e-04 | 13.9s elapsed
epoch   14 | loss 4.0886 | lr 9.86e-04 | 13.7s elapsed
epoch   15 | loss 4.0638 | lr 9.84e-04 | 13.8s elapsed
epoch   16 | loss 4.0476 | lr 9.82e-04 | 14.1s elapsed
epoch   17 | loss 4.0053 | lr 9.80e-04 | 13.7s elapsed
epoch   18 | loss 3.9844 | lr 9.78e-04 | 13.6s elapsed
epoch   19 | loss 3.9798 | lr 9.76e-04 | 13.7s elapsed
epoch   20 | loss 3.9461 | lr 9.73e-04 | 13.5s elapsed
epoch   21 | loss 3.9229 | lr 9.70e-04 | 13.7s elapsed
epoch   22 | loss 3.8790 | lr 9.68e-04 | 13.6s elapsed
epoch   23 | loss 3.9127 | lr 9.65e-04 | 13.4s elapsed
epoch   24 | loss 3.8828 | lr 9.62e-04 | 13.6s elapsed
  saved epoch_0024.pt
epoch   25 | loss 3.8712 | lr 9.59e-04 | 13.6s elapsed
epoch   26 | loss 3.8471 | lr 9.56e-04 | 13.6s elapsed
epoch   27 | loss 3.8160 | lr 9.52e-04 | 13.8s elapsed
epoch   28 | loss 3.8175 | lr 9.49e-04 | 13.7s elapsed
epoch   29 | loss 3.8001 | lr 9.46e-04 | 13.7s elapsed
epoch   30 | loss 3.7829 | lr 9.42e-04 | 13.8s elapsed
epoch   31 | loss 3.7727 | lr 9.38e-04 | 13.7s elapsed
epoch   32 | loss 3.7804 | lr 9.34e-04 | 13.7s elapsed
epoch   33 | loss 3.7511 | lr 9.30e-04 | 13.7s elapsed
epoch   34 | loss 3.7572 | lr 9.26e-04 | 13.6s elapsed
epoch   35 | loss 3.7525 | lr 9.22e-04 | 13.7s elapsed
epoch   36 | loss 3.7300 | lr 9.18e-04 | 13.6s elapsed
epoch   37 | loss 3.7211 | lr 9.14e-04 | 13.7s elapsed
epoch   38 | loss 3.7041 | lr 9.09e-04 | 13.5s elapsed
epoch   39 | loss 3.7012 | lr 9.05e-04 | 13.5s elapsed
epoch   40 | loss 3.6894 | lr 9.00e-04 | 13.5s elapsed
epoch   41 | loss 3.6769 | lr 8.95e-04 | 13.7s elapsed
epoch   42 | loss 3.6573 | lr 8.90e-04 | 13.6s elapsed
epoch   43 | loss 3.6758 | lr 8.85e-04 | 13.7s elapsed
epoch   44 | loss 3.6402 | lr 8.80e-04 | 13.7s elapsed
epoch   45 | loss 3.6308 | lr 8.75e-04 | 13.6s elapsed
epoch   46 | loss 3.6568 | lr 8.70e-04 | 13.7s elapsed
epoch   47 | loss 3.6164 | lr 8.64e-04 | 13.7s elapsed
epoch   48 | loss 3.6148 | lr 8.59e-04 | 13.6s elapsed
epoch   49 | loss 3.5820 | lr 8.54e-04 | 13.7s elapsed
  saved epoch_0049.pt
epoch   50 | loss 3.5683 | lr 8.48e-04 | 13.6s elapsed
epoch   51 | loss 3.5836 | lr 8.42e-04 | 13.7s elapsed
epoch   52 | loss 3.5629 | lr 8.37e-04 | 13.7s elapsed
epoch   53 | loss 3.5695 | lr 8.31e-04 | 13.8s elapsed
epoch   54 | loss 3.5393 | lr 8.25e-04 | 13.6s elapsed
epoch   55 | loss 3.5460 | lr 8.19e-04 | 13.4s elapsed
epoch   56 | loss 3.5529 | lr 8.13e-04 | 13.5s elapsed
epoch   57 | loss 3.5352 | lr 8.06e-04 | 13.6s elapsed
epoch   58 | loss 3.5318 | lr 8.00e-04 | 13.5s elapsed
epoch   59 | loss 3.5085 | lr 7.94e-04 | 13.7s elapsed
epoch   60 | loss 3.5166 | lr 7.88e-04 | 13.7s elapsed
epoch   61 | loss 3.4904 | lr 7.81e-04 | 13.6s elapsed
epoch   62 | loss 3.4912 | lr 7.75e-04 | 13.7s elapsed
epoch   63 | loss 3.5013 | lr 7.68e-04 | 13.6s elapsed
epoch   64 | loss 3.4956 | lr 7.61e-04 | 13.7s elapsed
epoch   65 | loss 3.4758 | lr 7.55e-04 | 13.7s elapsed
epoch   66 | loss 3.4926 | lr 7.48e-04 | 13.6s elapsed
epoch   67 | loss 3.4953 | lr 7.41e-04 | 13.7s elapsed
epoch   68 | loss 3.4629 | lr 7.34e-04 | 13.6s elapsed
epoch   69 | loss 3.4682 | lr 7.27e-04 | 13.7s elapsed
epoch   70 | loss 3.4431 | lr 7.20e-04 | 13.5s elapsed
epoch   71 | loss 3.4552 | lr 7.13e-04 | 13.4s elapsed
epoch   72 | loss 3.4590 | lr 7.06e-04 | 13.6s elapsed
epoch   73 | loss 3.4463 | lr 6.99e-04 | 13.6s elapsed
epoch   74 | loss 3.4363 | lr 6.91e-04 | 13.8s elapsed
  saved epoch_0074.pt
epoch   75 | loss 3.4309 | lr 6.84e-04 | 13.7s elapsed
epoch   76 | loss 3.4479 | lr 6.77e-04 | 13.7s elapsed
epoch   77 | loss 3.4381 | lr 6.69e-04 | 13.6s elapsed
epoch   78 | loss 3.3964 | lr 6.62e-04 | 13.8s elapsed
epoch   79 | loss 3.4132 | lr 6.55e-04 | 13.7s elapsed
epoch   80 | loss 3.4187 | lr 6.47e-04 | 13.7s elapsed
epoch   81 | loss 3.4018 | lr 6.39e-04 | 13.7s elapsed
epoch   82 | loss 3.3994 | lr 6.32e-04 | 13.6s elapsed
epoch   83 | loss 3.3818 | lr 6.24e-04 | 13.8s elapsed
epoch   84 | loss 3.3867 | lr 6.17e-04 | 13.6s elapsed
epoch   85 | loss 3.3792 | lr 6.09e-04 | 13.7s elapsed
epoch   86 | loss 3.4028 | lr 6.01e-04 | 13.5s elapsed
epoch   87 | loss 3.3848 | lr 5.94e-04 | 13.4s elapsed
epoch   88 | loss 3.3628 | lr 5.86e-04 | 13.5s elapsed
epoch   89 | loss 3.3950 | lr 5.78e-04 | 13.6s elapsed
epoch   90 | loss 3.3725 | lr 5.70e-04 | 13.6s elapsed
epoch   91 | loss 3.3983 | lr 5.63e-04 | 13.7s elapsed
epoch   92 | loss 3.3703 | lr 5.55e-04 | 13.9s elapsed
epoch   93 | loss 3.3484 | lr 5.47e-04 | 13.6s elapsed
epoch   94 | loss 3.3610 | lr 5.39e-04 | 13.7s elapsed
epoch   95 | loss 3.3631 | lr 5.31e-04 | 13.6s elapsed
epoch   96 | loss 3.3431 | lr 5.24e-04 | 13.7s elapsed
epoch   97 | loss 3.3629 | lr 5.16e-04 | 13.7s elapsed
epoch   98 | loss 3.3467 | lr 5.08e-04 | 13.6s elapsed
epoch   99 | loss 3.3503 | lr 5.00e-04 | 13.7s elapsed
  saved epoch_0099.pt
epoch  100 | loss 3.3346 | lr 4.92e-04 | 13.6s elapsed
epoch  101 | loss 3.3589 | lr 4.84e-04 | 13.7s elapsed
epoch  102 | loss 3.3240 | lr 4.76e-04 | 13.5s elapsed
epoch  103 | loss 3.3185 | lr 4.69e-04 | 13.5s elapsed
epoch  104 | loss 3.3256 | lr 4.61e-04 | 13.5s elapsed
epoch  105 | loss 3.3122 | lr 4.53e-04 | 13.7s elapsed
epoch  106 | loss 3.3177 | lr 4.45e-04 | 13.5s elapsed
epoch  107 | loss 3.3199 | lr 4.37e-04 | 13.7s elapsed
epoch  108 | loss 3.3400 | lr 4.30e-04 | 13.7s elapsed
epoch  109 | loss 3.3162 | lr 4.22e-04 | 13.7s elapsed
epoch  110 | loss 3.3119 | lr 4.14e-04 | 13.7s elapsed
epoch  111 | loss 3.3164 | lr 4.06e-04 | 13.6s elapsed
epoch  112 | loss 3.3345 | lr 3.99e-04 | 13.6s elapsed
epoch  113 | loss 3.3272 | lr 3.91e-04 | 13.7s elapsed
epoch  114 | loss 3.3014 | lr 3.83e-04 | 13.6s elapsed
epoch  115 | loss 3.3223 | lr 3.76e-04 | 13.7s elapsed
epoch  116 | loss 3.3092 | lr 3.68e-04 | 13.5s elapsed
epoch  117 | loss 3.3127 | lr 3.61e-04 | 13.7s elapsed
epoch  118 | loss 3.3178 | lr 3.53e-04 | 13.6s elapsed
epoch  119 | loss 3.2969 | lr 3.45e-04 | 13.4s elapsed
epoch  120 | loss 3.3003 | lr 3.38e-04 | 13.5s elapsed
epoch  121 | loss 3.3007 | lr 3.31e-04 | 13.6s elapsed
epoch  122 | loss 3.2980 | lr 3.23e-04 | 13.6s elapsed
epoch  123 | loss 3.2792 | lr 3.16e-04 | 13.7s elapsed
epoch  124 | loss 3.3017 | lr 3.09e-04 | 13.7s elapsed
  saved epoch_0124.pt
epoch  125 | loss 3.3066 | lr 3.01e-04 | 13.7s elapsed
epoch  126 | loss 3.3005 | lr 2.94e-04 | 13.7s elapsed
epoch  127 | loss 3.2855 | lr 2.87e-04 | 13.6s elapsed
epoch  128 | loss 3.2771 | lr 2.80e-04 | 13.6s elapsed
epoch  129 | loss 3.2906 | lr 2.73e-04 | 13.8s elapsed
epoch  130 | loss 3.2548 | lr 2.66e-04 | 13.6s elapsed
epoch  131 | loss 3.2709 | lr 2.59e-04 | 13.6s elapsed
epoch  132 | loss 3.2764 | lr 2.52e-04 | 13.6s elapsed
epoch  133 | loss 3.2951 | lr 2.45e-04 | 13.7s elapsed
epoch  134 | loss 3.2765 | lr 2.39e-04 | 13.6s elapsed
epoch  135 | loss 3.2710 | lr 2.32e-04 | 13.4s elapsed
epoch  136 | loss 3.2702 | lr 2.25e-04 | 13.5s elapsed
epoch  137 | loss 3.3046 | lr 2.19e-04 | 13.6s elapsed
epoch  138 | loss 3.2483 | lr 2.12e-04 | 13.7s elapsed
epoch  139 | loss 3.2788 | lr 2.06e-04 | 13.8s elapsed
epoch  140 | loss 3.2666 | lr 2.00e-04 | 13.7s elapsed
epoch  141 | loss 3.2736 | lr 1.94e-04 | 13.7s elapsed
epoch  142 | loss 3.2828 | lr 1.87e-04 | 13.7s elapsed
epoch  143 | loss 3.2596 | lr 1.81e-04 | 13.6s elapsed
epoch  144 | loss 3.2657 | lr 1.75e-04 | 13.6s elapsed
epoch  145 | loss 3.2622 | lr 1.69e-04 | 13.8s elapsed
epoch  146 | loss 3.2620 | lr 1.63e-04 | 13.6s elapsed
epoch  147 | loss 3.2695 | lr 1.58e-04 | 13.7s elapsed
epoch  148 | loss 3.2747 | lr 1.52e-04 | 13.5s elapsed
epoch  149 | loss 3.2688 | lr 1.46e-04 | 13.7s elapsed
  saved epoch_0149.pt
epoch  150 | loss 3.2621 | lr 1.41e-04 | 13.6s elapsed
epoch  151 | loss 3.2441 | lr 1.36e-04 | 13.4s elapsed
epoch  152 | loss 3.2558 | lr 1.30e-04 | 13.7s elapsed
epoch  153 | loss 3.2769 | lr 1.25e-04 | 13.6s elapsed
epoch  154 | loss 3.2791 | lr 1.20e-04 | 13.6s elapsed
epoch  155 | loss 3.2523 | lr 1.15e-04 | 13.7s elapsed
epoch  156 | loss 3.2621 | lr 1.10e-04 | 13.7s elapsed
epoch  157 | loss 3.2528 | lr 1.05e-04 | 13.6s elapsed
epoch  158 | loss 3.2474 | lr 1.00e-04 | 13.7s elapsed
epoch  159 | loss 3.2486 | lr 9.55e-05 | 13.7s elapsed
epoch  160 | loss 3.2499 | lr 9.09e-05 | 13.7s elapsed
epoch  161 | loss 3.2539 | lr 8.65e-05 | 13.8s elapsed
epoch  162 | loss 3.2550 | lr 8.21e-05 | 13.8s elapsed
epoch  163 | loss 3.2457 | lr 7.78e-05 | 13.7s elapsed
epoch  164 | loss 3.2445 | lr 7.37e-05 | 13.6s elapsed
epoch  165 | loss 3.2655 | lr 6.96e-05 | 13.7s elapsed
epoch  166 | loss 3.2690 | lr 6.57e-05 | 13.5s elapsed
epoch  167 | loss 3.2678 | lr 6.18e-05 | 13.4s elapsed
epoch  168 | loss 3.2570 | lr 5.81e-05 | 13.5s elapsed
epoch  169 | loss 3.2560 | lr 5.45e-05 | 13.7s elapsed
epoch  170 | loss 3.2733 | lr 5.10e-05 | 13.6s elapsed
epoch  171 | loss 3.2373 | lr 4.76e-05 | 13.7s elapsed
epoch  172 | loss 3.2479 | lr 4.43e-05 | 13.8s elapsed
epoch  173 | loss 3.2473 | lr 4.11e-05 | 13.7s elapsed
epoch  174 | loss 3.2281 | lr 3.81e-05 | 13.8s elapsed
  saved epoch_0174.pt
epoch  175 | loss 3.2634 | lr 3.51e-05 | 15.1s elapsed
epoch  176 | loss 3.2680 | lr 3.23e-05 | 13.7s elapsed
epoch  177 | loss 3.2629 | lr 2.96e-05 | 13.8s elapsed
epoch  178 | loss 3.2458 | lr 2.70e-05 | 13.7s elapsed
epoch  179 | loss 3.2507 | lr 2.45e-05 | 13.7s elapsed
epoch  180 | loss 3.2569 | lr 2.21e-05 | 13.6s elapsed
epoch  181 | loss 3.2452 | lr 1.99e-05 | 13.7s elapsed
epoch  182 | loss 3.2666 | lr 1.77e-05 | 13.6s elapsed
epoch  183 | loss 3.2458 | lr 1.57e-05 | 13.4s elapsed
epoch  184 | loss 3.2517 | lr 1.38e-05 | 13.6s elapsed
epoch  185 | loss 3.2741 | lr 1.20e-05 | 13.6s elapsed
epoch  186 | loss 3.2638 | lr 1.04e-05 | 13.6s elapsed
epoch  187 | loss 3.2396 | lr 8.86e-06 | 13.7s elapsed
epoch  188 | loss 3.2562 | lr 7.45e-06 | 13.7s elapsed
epoch  189 | loss 3.2572 | lr 6.16e-06 | 13.7s elapsed
epoch  190 | loss 3.2472 | lr 4.99e-06 | 13.7s elapsed
epoch  191 | loss 3.2496 | lr 3.94e-06 | 13.7s elapsed
epoch  192 | loss 3.2491 | lr 3.02e-06 | 13.7s elapsed
epoch  193 | loss 3.2391 | lr 2.22e-06 | 13.8s elapsed
epoch  194 | loss 3.2377 | lr 1.54e-06 | 13.7s elapsed
epoch  195 | loss 3.2512 | lr 9.87e-07 | 13.7s elapsed
epoch  196 | loss 3.2560 | lr 5.55e-07 | 13.6s elapsed
epoch  197 | loss 3.2707 | lr 2.47e-07 | 13.7s elapsed
epoch  198 | loss 3.2342 | lr 6.17e-08 | 13.5s elapsed
epoch  199 | loss 3.2592 | lr 0.00e+00 | 13.4s elapsed
  saved epoch_0199.pt
