model params: 6,045,569
device: cuda
puzzle: state_size=120 moves=24
training: {'n_epochs': 1000, 'samples_per_epoch': 1000000, 'batch_size': 16384, 'k_max': 80, 'lr': 0.002, 'weight_decay': 0.0, 'checkpoint_every_epochs': 100, 'n_back': 1, 'loss': 'mse', 'amp': True, 'compile_model': False, 'fused_optimizer': True, 'optimizer': 'muon', 'muon_lr': 0.02, 'muon_momentum': 0.95, 'muon_weight_decay': 0.01, 'muon_ns_steps': 5, 'device': 'cuda', 'seed': 30}
[Muon split] Muon: 6 tensors, 6,029,312 params; AdamW: 21 tensors, 16,257 params
epoch    0 | loss 448.3867 | lr 2.00e-02 | 2.5s
epoch    1 | loss 75.8315 | lr 2.00e-02 | 2.2s
epoch    2 | loss 69.7644 | lr 2.00e-02 | 2.2s
epoch    3 | loss 67.3375 | lr 2.00e-02 | 2.2s
epoch    4 | loss 66.1103 | lr 2.00e-02 | 2.2s
epoch    5 | loss 66.1942 | lr 2.00e-02 | 2.2s
epoch    6 | loss 64.1655 | lr 2.00e-02 | 2.2s
epoch    7 | loss 65.1006 | lr 2.00e-02 | 2.2s
epoch    8 | loss 64.3669 | lr 2.00e-02 | 2.2s
epoch    9 | loss 64.5650 | lr 2.00e-02 | 2.2s
epoch   10 | loss 64.5329 | lr 2.00e-02 | 2.4s
epoch   11 | loss 64.0754 | lr 2.00e-02 | 2.2s
epoch   12 | loss 63.3423 | lr 2.00e-02 | 2.2s
epoch   13 | loss 63.6058 | lr 2.00e-02 | 2.2s
epoch   14 | loss 63.8288 | lr 2.00e-02 | 2.3s
epoch   15 | loss 64.1622 | lr 2.00e-02 | 2.1s
epoch   16 | loss 63.2629 | lr 2.00e-02 | 2.1s
epoch   17 | loss 63.9961 | lr 2.00e-02 | 2.1s
epoch   18 | loss 63.2761 | lr 2.00e-02 | 2.3s
epoch   19 | loss 62.9171 | lr 2.00e-02 | 2.1s
epoch   20 | loss 63.4233 | lr 2.00e-02 | 2.1s
epoch   21 | loss 63.7883 | lr 2.00e-02 | 2.1s
epoch   22 | loss 63.6520 | lr 2.00e-02 | 2.1s
epoch   23 | loss 62.9529 | lr 2.00e-02 | 2.3s
epoch   24 | loss 63.7042 | lr 2.00e-02 | 2.4s
epoch   25 | loss 63.2349 | lr 2.00e-02 | 2.2s
epoch   26 | loss 63.1602 | lr 2.00e-02 | 2.2s
epoch   27 | loss 62.7710 | lr 2.00e-02 | 2.1s
epoch   28 | loss 62.7754 | lr 2.00e-02 | 2.2s
epoch   29 | loss 63.3522 | lr 2.00e-02 | 2.4s
epoch   30 | loss 63.1190 | lr 2.00e-02 | 2.4s
epoch   31 | loss 62.7647 | lr 1.99e-02 | 2.1s
epoch   32 | loss 62.8992 | lr 1.99e-02 | 2.1s
epoch   33 | loss 63.3033 | lr 1.99e-02 | 2.2s
epoch   34 | loss 62.5317 | lr 1.99e-02 | 2.2s
epoch   35 | loss 63.2214 | lr 1.99e-02 | 2.2s
epoch   36 | loss 62.7944 | lr 1.99e-02 | 2.2s
epoch   37 | loss 62.9350 | lr 1.99e-02 | 2.2s
epoch   38 | loss 63.6128 | lr 1.99e-02 | 2.1s
epoch   39 | loss 63.1071 | lr 1.99e-02 | 2.2s
epoch   40 | loss 62.6941 | lr 1.99e-02 | 2.3s
epoch   41 | loss 63.3186 | lr 1.99e-02 | 2.2s
epoch   42 | loss 62.8340 | lr 1.99e-02 | 2.3s
epoch   43 | loss 63.3716 | lr 1.99e-02 | 2.1s
epoch   44 | loss 63.0109 | lr 1.99e-02 | 2.2s
epoch   45 | loss 63.5059 | lr 1.99e-02 | 2.1s
epoch   46 | loss 62.3553 | lr 1.99e-02 | 2.2s
epoch   47 | loss 63.1989 | lr 1.99e-02 | 2.1s
epoch   48 | loss 62.6837 | lr 1.99e-02 | 2.0s
epoch   49 | loss 62.4732 | lr 1.99e-02 | 2.1s
epoch   50 | loss 62.7918 | lr 1.99e-02 | 2.1s
epoch   51 | loss 62.8188 | lr 1.99e-02 | 2.2s
epoch   52 | loss 63.2606 | lr 1.99e-02 | 2.1s
epoch   53 | loss 62.4371 | lr 1.99e-02 | 2.2s
epoch   54 | loss 63.3173 | lr 1.99e-02 | 2.2s
epoch   55 | loss 62.9729 | lr 1.98e-02 | 2.3s
epoch   56 | loss 62.9281 | lr 1.98e-02 | 2.1s
epoch   57 | loss 63.1243 | lr 1.98e-02 | 2.2s
epoch   58 | loss 63.6069 | lr 1.98e-02 | 2.3s
epoch   59 | loss 63.2030 | lr 1.98e-02 | 2.2s
epoch   60 | loss 62.9982 | lr 1.98e-02 | 2.1s
epoch   61 | loss 62.9148 | lr 1.98e-02 | 2.2s
epoch   62 | loss 62.4911 | lr 1.98e-02 | 2.2s
epoch   63 | loss 63.0045 | lr 1.98e-02 | 2.2s
epoch   64 | loss 63.7953 | lr 1.98e-02 | 2.2s
epoch   65 | loss 62.6299 | lr 1.98e-02 | 2.1s
epoch   66 | loss 63.5647 | lr 1.98e-02 | 2.2s
epoch   67 | loss 62.5459 | lr 1.98e-02 | 2.2s
epoch   68 | loss 63.3721 | lr 1.98e-02 | 2.2s
epoch   69 | loss 62.5534 | lr 1.98e-02 | 2.2s
epoch   70 | loss 62.3997 | lr 1.98e-02 | 2.4s
epoch   71 | loss 62.5707 | lr 1.97e-02 | 2.1s
epoch   72 | loss 62.9857 | lr 1.97e-02 | 2.1s
epoch   73 | loss 63.1093 | lr 1.97e-02 | 2.1s
epoch   74 | loss 63.1477 | lr 1.97e-02 | 2.2s
epoch   75 | loss 62.8013 | lr 1.97e-02 | 2.2s
epoch   76 | loss 63.0362 | lr 1.97e-02 | 2.3s
epoch   77 | loss 63.2392 | lr 1.97e-02 | 2.2s
epoch   78 | loss 63.0518 | lr 1.97e-02 | 2.2s
epoch   79 | loss 63.2667 | lr 1.97e-02 | 2.2s
epoch   80 | loss 63.2871 | lr 1.97e-02 | 2.2s
epoch   81 | loss 62.9218 | lr 1.97e-02 | 2.2s
epoch   82 | loss 62.6463 | lr 1.97e-02 | 2.1s
epoch   83 | loss 62.8669 | lr 1.97e-02 | 2.1s
epoch   84 | loss 62.8996 | lr 1.96e-02 | 2.4s
epoch   85 | loss 62.4454 | lr 1.96e-02 | 2.2s
epoch   86 | loss 62.8416 | lr 1.96e-02 | 2.2s
epoch   87 | loss 62.8198 | lr 1.96e-02 | 2.4s
epoch   88 | loss 63.1968 | lr 1.96e-02 | 2.2s
epoch   89 | loss 63.2945 | lr 1.96e-02 | 2.2s
epoch   90 | loss 62.4489 | lr 1.96e-02 | 2.2s
epoch   91 | loss 63.6189 | lr 1.96e-02 | 2.2s
epoch   92 | loss 62.8588 | lr 1.96e-02 | 2.2s
epoch   93 | loss 62.6131 | lr 1.96e-02 | 2.4s
epoch   94 | loss 62.4297 | lr 1.96e-02 | 2.2s
epoch   95 | loss 62.8590 | lr 1.95e-02 | 2.2s
epoch   96 | loss 62.6188 | lr 1.95e-02 | 2.1s
epoch   97 | loss 62.6114 | lr 1.95e-02 | 2.1s
epoch   98 | loss 63.0237 | lr 1.95e-02 | 2.3s
epoch   99 | loss 62.7860 | lr 1.95e-02 | 2.3s
epoch  100 | loss 62.6324 | lr 1.95e-02 | 2.2s
epoch  101 | loss 62.0338 | lr 1.95e-02 | 2.1s
epoch  102 | loss 62.4884 | lr 1.95e-02 | 2.2s
epoch  103 | loss 62.7439 | lr 1.95e-02 | 2.4s
epoch  104 | loss 63.2757 | lr 1.95e-02 | 2.1s
epoch  105 | loss 63.7219 | lr 1.95e-02 | 2.2s
epoch  106 | loss 63.2171 | lr 1.94e-02 | 2.3s
epoch  107 | loss 63.0384 | lr 1.94e-02 | 2.1s
epoch  108 | loss 63.1177 | lr 1.94e-02 | 2.1s
epoch  109 | loss 62.9669 | lr 1.94e-02 | 2.1s
epoch  110 | loss 62.2018 | lr 1.94e-02 | 2.2s
epoch  111 | loss 62.8398 | lr 1.94e-02 | 2.2s
epoch  112 | loss 62.8873 | lr 1.94e-02 | 2.3s
epoch  113 | loss 62.6851 | lr 1.94e-02 | 2.2s
epoch  114 | loss 62.7891 | lr 1.94e-02 | 2.1s
epoch  115 | loss 62.5788 | lr 1.93e-02 | 2.2s
epoch  116 | loss 62.5747 | lr 1.93e-02 | 2.3s
epoch  117 | loss 62.7003 | lr 1.93e-02 | 2.2s
epoch  118 | loss 63.0963 | lr 1.93e-02 | 2.2s
epoch  119 | loss 62.2209 | lr 1.93e-02 | 2.1s
epoch  120 | loss 62.5111 | lr 1.93e-02 | 2.2s
epoch  121 | loss 63.4812 | lr 1.93e-02 | 2.2s
epoch  122 | loss 62.7283 | lr 1.93e-02 | 2.2s
epoch  123 | loss 62.7477 | lr 1.93e-02 | 2.3s
epoch  124 | loss 62.4873 | lr 1.92e-02 | 2.3s
epoch  125 | loss 62.6184 | lr 1.92e-02 | 2.2s
epoch  126 | loss 62.0354 | lr 1.92e-02 | 2.4s
epoch  127 | loss 62.5566 | lr 1.92e-02 | 2.2s
epoch  128 | loss 62.3958 | lr 1.92e-02 | 2.4s
epoch  129 | loss 62.0630 | lr 1.92e-02 | 2.3s
epoch  130 | loss 62.4516 | lr 1.92e-02 | 2.2s
epoch  131 | loss 62.3511 | lr 1.92e-02 | 2.3s
epoch  132 | loss 62.6131 | lr 1.91e-02 | 2.3s
epoch  133 | loss 62.8747 | lr 1.91e-02 | 2.2s
epoch  134 | loss 63.2916 | lr 1.91e-02 | 2.3s
epoch  135 | loss 62.7878 | lr 1.91e-02 | 2.4s
epoch  136 | loss 62.3409 | lr 1.91e-02 | 2.2s
epoch  137 | loss 63.1677 | lr 1.91e-02 | 2.3s
epoch  138 | loss 63.0824 | lr 1.91e-02 | 2.4s
epoch  139 | loss 62.9436 | lr 1.90e-02 | 2.3s
epoch  140 | loss 62.9927 | lr 1.90e-02 | 2.2s
epoch  141 | loss 62.6874 | lr 1.90e-02 | 2.3s
epoch  142 | loss 62.9329 | lr 1.90e-02 | 2.2s
epoch  143 | loss 63.0322 | lr 1.90e-02 | 2.2s
epoch  144 | loss 61.8957 | lr 1.90e-02 | 2.3s
epoch  145 | loss 63.2436 | lr 1.90e-02 | 2.3s
epoch  146 | loss 62.9489 | lr 1.90e-02 | 2.2s
epoch  147 | loss 62.5671 | lr 1.89e-02 | 2.3s
epoch  148 | loss 62.6396 | lr 1.89e-02 | 2.3s
epoch  149 | loss 62.2923 | lr 1.89e-02 | 2.2s
epoch  150 | loss 62.8138 | lr 1.89e-02 | 2.1s
epoch  151 | loss 62.3971 | lr 1.89e-02 | 2.2s
epoch  152 | loss 62.3976 | lr 1.89e-02 | 2.5s
epoch  153 | loss 63.0248 | lr 1.89e-02 | 2.3s
epoch  154 | loss 63.0901 | lr 1.88e-02 | 2.3s
epoch  155 | loss 62.7375 | lr 1.88e-02 | 2.2s
epoch  156 | loss 62.3919 | lr 1.88e-02 | 2.2s
epoch  157 | loss 62.2630 | lr 1.88e-02 | 2.2s
epoch  158 | loss 62.4782 | lr 1.88e-02 | 2.1s
epoch  159 | loss 62.3712 | lr 1.88e-02 | 2.1s
epoch  160 | loss 62.6230 | lr 1.87e-02 | 2.2s
epoch  161 | loss 62.6669 | lr 1.87e-02 | 2.2s
epoch  162 | loss 63.0424 | lr 1.87e-02 | 2.3s
epoch  163 | loss 62.9490 | lr 1.87e-02 | 2.1s
epoch  164 | loss 62.9275 | lr 1.87e-02 | 2.1s
epoch  165 | loss 62.6915 | lr 1.87e-02 | 2.2s
epoch  166 | loss 62.2400 | lr 1.87e-02 | 2.1s
epoch  167 | loss 62.2748 | lr 1.86e-02 | 2.3s
epoch  168 | loss 62.7135 | lr 1.86e-02 | 2.1s
epoch  169 | loss 62.2083 | lr 1.86e-02 | 2.2s
epoch  170 | loss 62.3596 | lr 1.86e-02 | 2.1s
epoch  171 | loss 62.7678 | lr 1.86e-02 | 2.2s
epoch  172 | loss 62.7521 | lr 1.86e-02 | 2.1s
epoch  173 | loss 62.5656 | lr 1.85e-02 | 2.1s
epoch  174 | loss 62.2268 | lr 1.85e-02 | 2.2s
epoch  175 | loss 62.4146 | lr 1.85e-02 | 2.1s
epoch  176 | loss 62.6858 | lr 1.85e-02 | 2.2s
epoch  177 | loss 63.1888 | lr 1.85e-02 | 2.2s
epoch  178 | loss 61.9347 | lr 1.85e-02 | 2.2s
epoch  179 | loss 63.1052 | lr 1.84e-02 | 2.1s
epoch  180 | loss 63.2150 | lr 1.84e-02 | 2.1s
epoch  181 | loss 62.1539 | lr 1.84e-02 | 2.3s
epoch  182 | loss 62.6116 | lr 1.84e-02 | 2.2s
epoch  183 | loss 62.6969 | lr 1.84e-02 | 2.1s
epoch  184 | loss 62.3747 | lr 1.84e-02 | 2.2s
epoch  185 | loss 62.4800 | lr 1.83e-02 | 2.1s
epoch  186 | loss 62.1395 | lr 1.83e-02 | 2.1s
epoch  187 | loss 62.6516 | lr 1.83e-02 | 2.0s
epoch  188 | loss 62.3741 | lr 1.83e-02 | 2.0s
epoch  189 | loss 62.4591 | lr 1.83e-02 | 2.0s
epoch  190 | loss 62.9300 | lr 1.83e-02 | 2.0s
epoch  191 | loss 62.8000 | lr 1.82e-02 | 2.0s
epoch  192 | loss 62.7217 | lr 1.82e-02 | 2.0s
epoch  193 | loss 62.8905 | lr 1.82e-02 | 2.0s
epoch  194 | loss 62.6646 | lr 1.82e-02 | 2.0s
epoch  195 | loss 62.4595 | lr 1.82e-02 | 2.0s
epoch  196 | loss 63.1003 | lr 1.81e-02 | 2.0s
epoch  197 | loss 62.8916 | lr 1.81e-02 | 2.0s
epoch  198 | loss 63.1303 | lr 1.81e-02 | 2.0s
epoch  199 | loss 62.7825 | lr 1.81e-02 | 2.0s
epoch  200 | loss 62.7491 | lr 1.81e-02 | 2.0s
epoch  201 | loss 62.5274 | lr 1.81e-02 | 2.0s
epoch  202 | loss 62.4971 | lr 1.80e-02 | 2.1s
epoch  203 | loss 63.4714 | lr 1.80e-02 | 2.1s
epoch  204 | loss 62.9457 | lr 1.80e-02 | 2.1s
epoch  205 | loss 62.4289 | lr 1.80e-02 | 2.0s
epoch  206 | loss 62.6187 | lr 1.80e-02 | 2.0s
epoch  207 | loss 61.9061 | lr 1.79e-02 | 2.0s
epoch  208 | loss 63.0273 | lr 1.79e-02 | 2.0s
epoch  209 | loss 62.0886 | lr 1.79e-02 | 2.0s
epoch  210 | loss 62.4148 | lr 1.79e-02 | 2.0s
epoch  211 | loss 63.1034 | lr 1.79e-02 | 2.0s
epoch  212 | loss 63.0832 | lr 1.78e-02 | 2.0s
epoch  213 | loss 62.4070 | lr 1.78e-02 | 2.0s
epoch  214 | loss 62.1526 | lr 1.78e-02 | 2.1s
epoch  215 | loss 62.1494 | lr 1.78e-02 | 2.0s
epoch  216 | loss 62.8559 | lr 1.78e-02 | 2.0s
epoch  217 | loss 62.6899 | lr 1.77e-02 | 2.0s
epoch  218 | loss 62.2784 | lr 1.77e-02 | 2.0s
epoch  219 | loss 62.1743 | lr 1.77e-02 | 2.0s
epoch  220 | loss 62.9180 | lr 1.77e-02 | 2.0s
epoch  221 | loss 63.3562 | lr 1.77e-02 | 2.0s
epoch  222 | loss 62.3514 | lr 1.76e-02 | 2.0s
epoch  223 | loss 62.0444 | lr 1.76e-02 | 2.0s
epoch  224 | loss 62.7027 | lr 1.76e-02 | 2.0s
epoch  225 | loss 62.4878 | lr 1.76e-02 | 2.0s
epoch  226 | loss 62.8532 | lr 1.76e-02 | 2.0s
epoch  227 | loss 62.2797 | lr 1.75e-02 | 2.0s
epoch  228 | loss 62.4899 | lr 1.75e-02 | 2.0s
epoch  229 | loss 62.2890 | lr 1.75e-02 | 2.0s
epoch  230 | loss 62.8894 | lr 1.75e-02 | 2.0s
epoch  231 | loss 62.7037 | lr 1.75e-02 | 2.0s
epoch  232 | loss 62.4762 | lr 1.74e-02 | 2.0s
epoch  233 | loss 62.7698 | lr 1.74e-02 | 2.0s
epoch  234 | loss 62.6221 | lr 1.74e-02 | 2.0s
epoch  235 | loss 62.8724 | lr 1.74e-02 | 2.0s
epoch  236 | loss 62.5558 | lr 1.74e-02 | 2.1s
epoch  237 | loss 63.1098 | lr 1.73e-02 | 2.1s
epoch  238 | loss 62.9938 | lr 1.73e-02 | 2.3s
epoch  239 | loss 62.5183 | lr 1.73e-02 | 2.1s
epoch  240 | loss 63.0585 | lr 1.73e-02 | 2.2s
epoch  241 | loss 62.3988 | lr 1.72e-02 | 2.2s
epoch  242 | loss 62.8181 | lr 1.72e-02 | 2.1s
epoch  243 | loss 62.6203 | lr 1.72e-02 | 2.1s
epoch  244 | loss 62.7861 | lr 1.72e-02 | 2.0s
epoch  245 | loss 62.6061 | lr 1.72e-02 | 2.0s
epoch  246 | loss 62.7480 | lr 1.71e-02 | 2.0s
epoch  247 | loss 62.5345 | lr 1.71e-02 | 2.0s
epoch  248 | loss 63.4142 | lr 1.71e-02 | 2.0s
epoch  249 | loss 62.8682 | lr 1.71e-02 | 2.0s
epoch  250 | loss 62.4623 | lr 1.70e-02 | 2.1s
epoch  251 | loss 63.0792 | lr 1.70e-02 | 2.1s
epoch  252 | loss 62.0966 | lr 1.70e-02 | 2.1s
epoch  253 | loss 63.1345 | lr 1.70e-02 | 2.0s
epoch  254 | loss 62.9237 | lr 1.70e-02 | 2.0s
epoch  255 | loss 62.9150 | lr 1.69e-02 | 2.0s
epoch  256 | loss 62.4803 | lr 1.69e-02 | 2.0s
epoch  257 | loss 63.2022 | lr 1.69e-02 | 2.0s
epoch  258 | loss 62.8127 | lr 1.69e-02 | 2.0s
epoch  259 | loss 62.6176 | lr 1.68e-02 | 2.0s
epoch  260 | loss 62.5436 | lr 1.68e-02 | 2.0s
epoch  261 | loss 62.5010 | lr 1.68e-02 | 2.0s
epoch  262 | loss 62.8254 | lr 1.68e-02 | 2.0s
epoch  263 | loss 62.7229 | lr 1.68e-02 | 2.1s
epoch  264 | loss 63.0049 | lr 1.67e-02 | 2.1s
epoch  265 | loss 62.2151 | lr 1.67e-02 | 2.1s
epoch  266 | loss 62.5523 | lr 1.67e-02 | 2.0s
epoch  267 | loss 62.3743 | lr 1.67e-02 | 2.0s
epoch  268 | loss 62.3624 | lr 1.66e-02 | 2.0s
epoch  269 | loss 62.8001 | lr 1.66e-02 | 2.0s
epoch  270 | loss 62.2427 | lr 1.66e-02 | 2.0s
epoch  271 | loss 62.7037 | lr 1.66e-02 | 2.0s
epoch  272 | loss 62.6222 | lr 1.65e-02 | 2.0s
epoch  273 | loss 62.6471 | lr 1.65e-02 | 2.0s
epoch  274 | loss 62.7159 | lr 1.65e-02 | 2.0s
epoch  275 | loss 62.6443 | lr 1.65e-02 | 2.1s
epoch  276 | loss 62.9544 | lr 1.64e-02 | 2.0s
epoch  277 | loss 62.3712 | lr 1.64e-02 | 2.0s
epoch  278 | loss 62.9618 | lr 1.64e-02 | 2.0s
epoch  279 | loss 62.4435 | lr 1.64e-02 | 2.0s
epoch  280 | loss 62.3229 | lr 1.64e-02 | 2.0s
epoch  281 | loss 62.6051 | lr 1.63e-02 | 2.1s
epoch  282 | loss 62.6786 | lr 1.63e-02 | 2.1s
epoch  283 | loss 62.7719 | lr 1.63e-02 | 2.1s
epoch  284 | loss 62.7240 | lr 1.63e-02 | 2.1s
epoch  285 | loss 62.2459 | lr 1.62e-02 | 2.0s
epoch  286 | loss 63.1966 | lr 1.62e-02 | 2.0s
epoch  287 | loss 62.9042 | lr 1.62e-02 | 2.0s
epoch  288 | loss 62.9480 | lr 1.62e-02 | 2.0s
epoch  289 | loss 62.5783 | lr 1.61e-02 | 2.0s
epoch  290 | loss 62.7158 | lr 1.61e-02 | 2.0s
epoch  291 | loss 62.6427 | lr 1.61e-02 | 2.0s
epoch  292 | loss 62.9202 | lr 1.61e-02 | 2.0s
epoch  293 | loss 62.9314 | lr 1.60e-02 | 2.0s
epoch  294 | loss 63.1426 | lr 1.60e-02 | 2.0s
epoch  295 | loss 63.6650 | lr 1.60e-02 | 2.0s
epoch  296 | loss 63.0306 | lr 1.60e-02 | 2.0s
epoch  297 | loss 63.2466 | lr 1.59e-02 | 2.0s
epoch  298 | loss 62.8328 | lr 1.59e-02 | 2.1s
epoch  299 | loss 62.7070 | lr 1.59e-02 | 2.1s
epoch  300 | loss 62.7743 | lr 1.59e-02 | 2.0s
epoch  301 | loss 63.6443 | lr 1.58e-02 | 2.0s
epoch  302 | loss 63.2452 | lr 1.58e-02 | 2.0s
epoch  303 | loss 62.6831 | lr 1.58e-02 | 2.0s
epoch  304 | loss 62.8067 | lr 1.58e-02 | 2.0s
epoch  305 | loss 62.5169 | lr 1.57e-02 | 2.0s
epoch  306 | loss 63.6402 | lr 1.57e-02 | 2.0s
epoch  307 | loss 63.0925 | lr 1.57e-02 | 2.0s
epoch  308 | loss 62.7794 | lr 1.56e-02 | 2.0s
epoch  309 | loss 62.6828 | lr 1.56e-02 | 2.0s
epoch  310 | loss 62.5253 | lr 1.56e-02 | 2.0s
epoch  311 | loss 62.3638 | lr 1.56e-02 | 2.0s
epoch  312 | loss 62.8181 | lr 1.55e-02 | 2.0s
epoch  313 | loss 62.7871 | lr 1.55e-02 | 2.0s
epoch  314 | loss 63.0097 | lr 1.55e-02 | 2.0s
epoch  315 | loss 63.0863 | lr 1.55e-02 | 2.0s
epoch  316 | loss 62.7483 | lr 1.54e-02 | 2.0s
epoch  317 | loss 62.8211 | lr 1.54e-02 | 2.0s
epoch  318 | loss 62.7263 | lr 1.54e-02 | 2.0s
epoch  319 | loss 62.7180 | lr 1.54e-02 | 2.0s
epoch  320 | loss 63.6342 | lr 1.53e-02 | 2.0s
epoch  321 | loss 63.0880 | lr 1.53e-02 | 2.0s
epoch  322 | loss 63.0873 | lr 1.53e-02 | 2.0s
epoch  323 | loss 62.1431 | lr 1.53e-02 | 2.0s
epoch  324 | loss 62.6821 | lr 1.52e-02 | 2.0s
epoch  325 | loss 62.6247 | lr 1.52e-02 | 2.0s
epoch  326 | loss 63.3994 | lr 1.52e-02 | 2.0s
epoch  327 | loss 62.7527 | lr 1.51e-02 | 2.0s
epoch  328 | loss 62.6850 | lr 1.51e-02 | 2.0s
epoch  329 | loss 62.7969 | lr 1.51e-02 | 2.0s
epoch  330 | loss 63.1421 | lr 1.51e-02 | 2.0s
epoch  331 | loss 62.4762 | lr 1.50e-02 | 2.0s
epoch  332 | loss 63.3055 | lr 1.50e-02 | 2.0s
epoch  333 | loss 62.9809 | lr 1.50e-02 | 2.0s
epoch  334 | loss 62.9095 | lr 1.50e-02 | 2.0s
epoch  335 | loss 62.2804 | lr 1.49e-02 | 2.0s
epoch  336 | loss 63.4150 | lr 1.49e-02 | 2.0s
epoch  337 | loss 63.1722 | lr 1.49e-02 | 2.0s
epoch  338 | loss 63.1199 | lr 1.48e-02 | 2.0s
epoch  339 | loss 63.2849 | lr 1.48e-02 | 2.0s
epoch  340 | loss 63.1340 | lr 1.48e-02 | 2.0s
epoch  341 | loss 63.8087 | lr 1.48e-02 | 2.0s
epoch  342 | loss 63.6211 | lr 1.47e-02 | 2.1s
epoch  343 | loss 63.2180 | lr 1.47e-02 | 2.1s
epoch  344 | loss 62.5360 | lr 1.47e-02 | 2.0s
epoch  345 | loss 62.7003 | lr 1.47e-02 | 2.0s
epoch  346 | loss 62.9228 | lr 1.46e-02 | 2.0s
epoch  347 | loss 63.8292 | lr 1.46e-02 | 2.0s
epoch  348 | loss 62.9983 | lr 1.46e-02 | 2.1s
epoch  349 | loss 62.4850 | lr 1.45e-02 | 2.0s
epoch  350 | loss 63.1284 | lr 1.45e-02 | 2.0s
epoch  351 | loss 62.2430 | lr 1.45e-02 | 2.0s
epoch  352 | loss 62.8214 | lr 1.45e-02 | 2.0s
epoch  353 | loss 63.4103 | lr 1.44e-02 | 2.0s
epoch  354 | loss 63.2754 | lr 1.44e-02 | 2.0s
epoch  355 | loss 62.5101 | lr 1.44e-02 | 2.0s
epoch  356 | loss 63.0709 | lr 1.43e-02 | 2.0s
epoch  357 | loss 63.4854 | lr 1.43e-02 | 2.0s
epoch  358 | loss 63.4524 | lr 1.43e-02 | 2.0s
epoch  359 | loss 62.8006 | lr 1.43e-02 | 2.0s
epoch  360 | loss 62.7707 | lr 1.42e-02 | 2.0s
epoch  361 | loss 62.9597 | lr 1.42e-02 | 2.0s
epoch  362 | loss 63.5506 | lr 1.42e-02 | 2.0s
epoch  363 | loss 62.9917 | lr 1.41e-02 | 2.0s
epoch  364 | loss 62.7289 | lr 1.41e-02 | 2.0s
epoch  365 | loss 63.4139 | lr 1.41e-02 | 2.0s
epoch  366 | loss 62.9143 | lr 1.41e-02 | 2.0s
epoch  367 | loss 63.7458 | lr 1.40e-02 | 2.0s
epoch  368 | loss 63.0170 | lr 1.40e-02 | 2.0s
epoch  369 | loss 62.7563 | lr 1.40e-02 | 2.0s
epoch  370 | loss 63.7254 | lr 1.39e-02 | 2.0s
epoch  371 | loss 62.4843 | lr 1.39e-02 | 2.0s
epoch  372 | loss 62.7146 | lr 1.39e-02 | 2.0s
epoch  373 | loss 63.1555 | lr 1.39e-02 | 2.0s
epoch  374 | loss 63.7422 | lr 1.38e-02 | 2.1s
epoch  375 | loss 63.2834 | lr 1.38e-02 | 2.1s
epoch  376 | loss 62.5560 | lr 1.38e-02 | 2.0s
epoch  377 | loss 62.9615 | lr 1.37e-02 | 2.0s
epoch  378 | loss 62.8166 | lr 1.37e-02 | 2.0s
epoch  379 | loss 63.0004 | lr 1.37e-02 | 2.0s
epoch  380 | loss 63.3801 | lr 1.37e-02 | 2.0s
epoch  381 | loss 62.0783 | lr 1.36e-02 | 2.0s
epoch  382 | loss 63.2548 | lr 1.36e-02 | 2.0s
epoch  383 | loss 63.4437 | lr 1.36e-02 | 2.0s
epoch  384 | loss 63.9756 | lr 1.35e-02 | 2.1s
epoch  385 | loss 63.0372 | lr 1.35e-02 | 2.1s
epoch  386 | loss 63.1169 | lr 1.35e-02 | 2.1s
epoch  387 | loss 63.0608 | lr 1.34e-02 | 2.0s
epoch  388 | loss 63.6813 | lr 1.34e-02 | 2.0s
epoch  389 | loss 62.8176 | lr 1.34e-02 | 2.0s
epoch  390 | loss 63.4069 | lr 1.34e-02 | 2.0s
epoch  391 | loss 62.3391 | lr 1.33e-02 | 2.0s
epoch  392 | loss 63.0280 | lr 1.33e-02 | 2.0s
epoch  393 | loss 63.4234 | lr 1.33e-02 | 2.0s
epoch  394 | loss 63.0842 | lr 1.32e-02 | 2.0s
epoch  395 | loss 63.0511 | lr 1.32e-02 | 2.0s
epoch  396 | loss 63.3644 | lr 1.32e-02 | 2.0s
epoch  397 | loss 63.4224 | lr 1.31e-02 | 2.0s
epoch  398 | loss 62.8603 | lr 1.31e-02 | 2.0s
epoch  399 | loss 63.0499 | lr 1.31e-02 | 2.1s
epoch  400 | loss 63.6249 | lr 1.31e-02 | 2.1s
epoch  401 | loss 63.1765 | lr 1.30e-02 | 2.1s
epoch  402 | loss 63.3227 | lr 1.30e-02 | 2.0s
epoch  403 | loss 63.0194 | lr 1.30e-02 | 2.0s
epoch  404 | loss 63.2564 | lr 1.29e-02 | 2.0s
epoch  405 | loss 63.0355 | lr 1.29e-02 | 2.0s
epoch  406 | loss 63.4660 | lr 1.29e-02 | 2.0s
epoch  407 | loss 63.8669 | lr 1.29e-02 | 2.0s
epoch  408 | loss 63.5049 | lr 1.28e-02 | 2.0s
epoch  409 | loss 63.2820 | lr 1.28e-02 | 2.0s
epoch  410 | loss 62.9806 | lr 1.28e-02 | 2.0s
epoch  411 | loss 63.2529 | lr 1.27e-02 | 2.0s
epoch  412 | loss 64.4221 | lr 1.27e-02 | 2.0s
epoch  413 | loss 63.1815 | lr 1.27e-02 | 2.0s
epoch  414 | loss 63.0491 | lr 1.26e-02 | 2.0s
epoch  415 | loss 63.6282 | lr 1.26e-02 | 2.0s
epoch  416 | loss 63.1308 | lr 1.26e-02 | 2.0s
epoch  417 | loss 63.1191 | lr 1.25e-02 | 2.0s
epoch  418 | loss 63.5912 | lr 1.25e-02 | 2.0s
epoch  419 | loss 62.7147 | lr 1.25e-02 | 2.0s
epoch  420 | loss 63.4055 | lr 1.25e-02 | 2.0s
epoch  421 | loss 63.8949 | lr 1.24e-02 | 2.0s
epoch  422 | loss 63.2421 | lr 1.24e-02 | 2.0s
epoch  423 | loss 63.2195 | lr 1.24e-02 | 2.0s
epoch  424 | loss 63.4907 | lr 1.23e-02 | 2.0s
epoch  425 | loss 63.7965 | lr 1.23e-02 | 2.0s
epoch  426 | loss 63.4049 | lr 1.23e-02 | 2.0s
epoch  427 | loss 62.9065 | lr 1.22e-02 | 2.0s
epoch  428 | loss 64.1260 | lr 1.22e-02 | 2.0s
epoch  429 | loss 63.6164 | lr 1.22e-02 | 2.0s
epoch  430 | loss 64.0300 | lr 1.22e-02 | 2.0s
epoch  431 | loss 63.2554 | lr 1.21e-02 | 2.0s
epoch  432 | loss 62.7744 | lr 1.21e-02 | 2.0s
epoch  433 | loss 63.0759 | lr 1.21e-02 | 2.0s
epoch  434 | loss 62.6022 | lr 1.20e-02 | 2.0s
epoch  435 | loss 63.5272 | lr 1.20e-02 | 2.0s
epoch  436 | loss 63.5295 | lr 1.20e-02 | 2.0s
epoch  437 | loss 63.5554 | lr 1.19e-02 | 2.2s
epoch  438 | loss 62.7372 | lr 1.19e-02 | 2.3s
epoch  439 | loss 63.6335 | lr 1.19e-02 | 2.1s
epoch  440 | loss 63.3600 | lr 1.18e-02 | 2.1s
epoch  441 | loss 62.9486 | lr 1.18e-02 | 2.1s
epoch  442 | loss 63.5439 | lr 1.18e-02 | 2.1s
epoch  443 | loss 62.9214 | lr 1.18e-02 | 2.0s
epoch  444 | loss 63.3923 | lr 1.17e-02 | 2.0s
epoch  445 | loss 63.1450 | lr 1.17e-02 | 2.0s
epoch  446 | loss 63.2723 | lr 1.17e-02 | 2.0s
epoch  447 | loss 63.3771 | lr 1.16e-02 | 2.0s
epoch  448 | loss 62.9973 | lr 1.16e-02 | 2.0s
epoch  449 | loss 63.6837 | lr 1.16e-02 | 2.0s
epoch  450 | loss 63.5395 | lr 1.15e-02 | 2.0s
epoch  451 | loss 63.6605 | lr 1.15e-02 | 2.0s
epoch  452 | loss 63.4957 | lr 1.15e-02 | 2.0s
epoch  453 | loss 63.3704 | lr 1.14e-02 | 2.0s
epoch  454 | loss 63.3555 | lr 1.14e-02 | 2.0s
epoch  455 | loss 63.4600 | lr 1.14e-02 | 2.0s
epoch  456 | loss 64.1659 | lr 1.13e-02 | 2.0s
epoch  457 | loss 63.6026 | lr 1.13e-02 | 2.1s
epoch  458 | loss 64.3332 | lr 1.13e-02 | 2.1s
epoch  459 | loss 63.3828 | lr 1.13e-02 | 2.0s
epoch  460 | loss 63.2167 | lr 1.12e-02 | 2.0s
epoch  461 | loss 63.7730 | lr 1.12e-02 | 2.0s
epoch  462 | loss 63.2310 | lr 1.12e-02 | 2.0s
epoch  463 | loss 63.0456 | lr 1.11e-02 | 2.0s
epoch  464 | loss 63.0870 | lr 1.11e-02 | 2.0s
epoch  465 | loss 63.4163 | lr 1.11e-02 | 2.0s
epoch  466 | loss 64.4986 | lr 1.10e-02 | 2.1s
epoch  467 | loss 63.4642 | lr 1.10e-02 | 2.1s
epoch  468 | loss 63.8741 | lr 1.10e-02 | 2.1s
epoch  469 | loss 63.7158 | lr 1.09e-02 | 2.0s
epoch  470 | loss 63.3604 | lr 1.09e-02 | 2.0s
epoch  471 | loss 63.4570 | lr 1.09e-02 | 2.0s
epoch  472 | loss 63.5699 | lr 1.08e-02 | 2.0s
epoch  473 | loss 63.7002 | lr 1.08e-02 | 2.0s
epoch  474 | loss 63.6286 | lr 1.08e-02 | 2.0s
epoch  475 | loss 63.4279 | lr 1.08e-02 | 2.0s
epoch  476 | loss 63.3536 | lr 1.07e-02 | 2.0s
epoch  477 | loss 63.1280 | lr 1.07e-02 | 2.0s
epoch  478 | loss 63.3449 | lr 1.07e-02 | 2.0s
epoch  479 | loss 63.4915 | lr 1.06e-02 | 2.0s
epoch  480 | loss 63.2058 | lr 1.06e-02 | 2.0s
epoch  481 | loss 63.7384 | lr 1.06e-02 | 2.0s
epoch  482 | loss 63.2456 | lr 1.05e-02 | 2.0s
epoch  483 | loss 63.5297 | lr 1.05e-02 | 1.9s
epoch  484 | loss 63.7126 | lr 1.05e-02 | 2.0s
epoch  485 | loss 63.4442 | lr 1.04e-02 | 2.0s
epoch  486 | loss 63.5498 | lr 1.04e-02 | 2.0s
epoch  487 | loss 63.3674 | lr 1.04e-02 | 2.0s
epoch  488 | loss 63.4249 | lr 1.03e-02 | 2.0s
epoch  489 | loss 63.2270 | lr 1.03e-02 | 2.0s
epoch  490 | loss 63.5398 | lr 1.03e-02 | 2.1s
epoch  491 | loss 63.8858 | lr 1.03e-02 | 2.1s
epoch  492 | loss 63.1884 | lr 1.02e-02 | 2.1s
epoch  493 | loss 63.3582 | lr 1.02e-02 | 2.1s
epoch  494 | loss 63.3511 | lr 1.02e-02 | 2.2s
epoch  495 | loss 63.7324 | lr 1.01e-02 | 2.1s
epoch  496 | loss 64.3006 | lr 1.01e-02 | 2.1s
epoch  497 | loss 63.3673 | lr 1.01e-02 | 2.3s
epoch  498 | loss 63.9613 | lr 1.00e-02 | 2.4s
epoch  499 | loss 63.4777 | lr 1.00e-02 | 2.1s
epoch  500 | loss 64.0035 | lr 9.97e-03 | 2.1s
epoch  501 | loss 63.7022 | lr 9.94e-03 | 2.1s
epoch  502 | loss 63.3401 | lr 9.91e-03 | 2.1s
epoch  503 | loss 63.9846 | lr 9.87e-03 | 2.1s
epoch  504 | loss 63.9507 | lr 9.84e-03 | 2.1s
epoch  505 | loss 63.9174 | lr 9.81e-03 | 2.1s
epoch  506 | loss 63.3975 | lr 9.78e-03 | 2.0s
epoch  507 | loss 63.9472 | lr 9.75e-03 | 2.1s
epoch  508 | loss 63.7761 | lr 9.72e-03 | 2.1s
epoch  509 | loss 63.5227 | lr 9.69e-03 | 2.0s
epoch  510 | loss 63.1528 | lr 9.65e-03 | 2.0s
epoch  511 | loss 64.0476 | lr 9.62e-03 | 2.0s
epoch  512 | loss 63.5349 | lr 9.59e-03 | 2.0s
epoch  513 | loss 63.6761 | lr 9.56e-03 | 2.0s
epoch  514 | loss 63.6687 | lr 9.53e-03 | 2.0s
epoch  515 | loss 63.7693 | lr 9.50e-03 | 2.0s
epoch  516 | loss 64.0868 | lr 9.47e-03 | 2.0s
epoch  517 | loss 63.5304 | lr 9.43e-03 | 2.0s
epoch  518 | loss 63.7312 | lr 9.40e-03 | 2.0s
epoch  519 | loss 63.5543 | lr 9.37e-03 | 2.0s
epoch  520 | loss 64.1691 | lr 9.34e-03 | 2.0s
epoch  521 | loss 63.7926 | lr 9.31e-03 | 2.0s
epoch  522 | loss 63.4159 | lr 9.28e-03 | 2.0s
epoch  523 | loss 63.5523 | lr 9.25e-03 | 2.0s
epoch  524 | loss 63.4340 | lr 9.22e-03 | 2.0s
epoch  525 | loss 63.4318 | lr 9.18e-03 | 2.0s
epoch  526 | loss 63.7498 | lr 9.15e-03 | 2.0s
epoch  527 | loss 64.2062 | lr 9.12e-03 | 2.0s
epoch  528 | loss 63.6939 | lr 9.09e-03 | 2.0s
epoch  529 | loss 63.3524 | lr 9.06e-03 | 2.0s
epoch  530 | loss 63.9260 | lr 9.03e-03 | 2.0s
epoch  531 | loss 63.3702 | lr 9.00e-03 | 2.0s
epoch  532 | loss 63.4133 | lr 8.97e-03 | 2.0s
epoch  533 | loss 63.1026 | lr 8.93e-03 | 2.0s
epoch  534 | loss 63.2296 | lr 8.90e-03 | 2.0s
epoch  535 | loss 63.8216 | lr 8.87e-03 | 2.0s
epoch  536 | loss 63.6087 | lr 8.84e-03 | 2.0s
epoch  537 | loss 62.7145 | lr 8.81e-03 | 2.0s
epoch  538 | loss 63.6068 | lr 8.78e-03 | 2.0s
epoch  539 | loss 63.6637 | lr 8.75e-03 | 2.0s
epoch  540 | loss 63.1097 | lr 8.72e-03 | 2.0s
epoch  541 | loss 63.7034 | lr 8.68e-03 | 2.0s
epoch  542 | loss 63.6835 | lr 8.65e-03 | 2.0s
epoch  543 | loss 63.6456 | lr 8.62e-03 | 2.1s
epoch  544 | loss 63.6967 | lr 8.59e-03 | 2.1s
epoch  545 | loss 64.2433 | lr 8.56e-03 | 2.0s
epoch  546 | loss 63.2349 | lr 8.53e-03 | 2.0s
epoch  547 | loss 64.0140 | lr 8.50e-03 | 2.0s
epoch  548 | loss 63.3191 | lr 8.47e-03 | 2.0s
epoch  549 | loss 64.2606 | lr 8.44e-03 | 2.0s
epoch  550 | loss 63.8387 | lr 8.40e-03 | 2.0s
epoch  551 | loss 62.9491 | lr 8.37e-03 | 2.0s
epoch  552 | loss 63.3265 | lr 8.34e-03 | 2.1s
epoch  553 | loss 63.7964 | lr 8.31e-03 | 2.1s
epoch  554 | loss 64.1143 | lr 8.28e-03 | 2.0s
epoch  555 | loss 64.6078 | lr 8.25e-03 | 2.0s
epoch  556 | loss 63.6973 | lr 8.22e-03 | 2.0s
epoch  557 | loss 63.8980 | lr 8.19e-03 | 2.0s
epoch  558 | loss 63.9802 | lr 8.16e-03 | 2.0s
epoch  559 | loss 63.9702 | lr 8.13e-03 | 2.0s
epoch  560 | loss 63.2497 | lr 8.10e-03 | 2.0s
epoch  561 | loss 64.1005 | lr 8.06e-03 | 2.0s
epoch  562 | loss 63.8082 | lr 8.03e-03 | 2.0s
epoch  563 | loss 63.6889 | lr 8.00e-03 | 2.0s
epoch  564 | loss 63.9702 | lr 7.97e-03 | 2.0s
epoch  565 | loss 64.6639 | lr 7.94e-03 | 2.0s
epoch  566 | loss 63.9501 | lr 7.91e-03 | 2.0s
epoch  567 | loss 63.5975 | lr 7.88e-03 | 2.0s
epoch  568 | loss 63.9746 | lr 7.85e-03 | 2.0s
epoch  569 | loss 63.6323 | lr 7.82e-03 | 2.0s
epoch  570 | loss 64.0658 | lr 7.79e-03 | 2.5s
epoch  571 | loss 64.2009 | lr 7.76e-03 | 2.4s
epoch  572 | loss 64.6305 | lr 7.73e-03 | 2.5s
epoch  573 | loss 63.9637 | lr 7.70e-03 | 2.4s
epoch  574 | loss 63.5212 | lr 7.67e-03 | 2.3s
epoch  575 | loss 63.9742 | lr 7.64e-03 | 2.2s
epoch  576 | loss 64.2090 | lr 7.60e-03 | 2.2s
epoch  577 | loss 63.7854 | lr 7.57e-03 | 2.3s
epoch  578 | loss 63.4827 | lr 7.54e-03 | 2.1s
epoch  579 | loss 64.2344 | lr 7.51e-03 | 2.3s
epoch  580 | loss 63.9539 | lr 7.48e-03 | 2.2s
epoch  581 | loss 64.4796 | lr 7.45e-03 | 2.1s
epoch  582 | loss 63.6924 | lr 7.42e-03 | 2.3s
epoch  583 | loss 64.1914 | lr 7.39e-03 | 2.2s
epoch  584 | loss 64.0736 | lr 7.36e-03 | 2.3s
epoch  585 | loss 63.8562 | lr 7.33e-03 | 2.2s
epoch  586 | loss 64.6512 | lr 7.30e-03 | 2.2s
epoch  587 | loss 63.9149 | lr 7.27e-03 | 2.2s
epoch  588 | loss 63.3047 | lr 7.24e-03 | 2.1s
epoch  589 | loss 64.5996 | lr 7.21e-03 | 2.1s
epoch  590 | loss 63.8411 | lr 7.18e-03 | 2.1s
epoch  591 | loss 64.3502 | lr 7.15e-03 | 2.2s
epoch  592 | loss 64.2796 | lr 7.12e-03 | 2.1s
epoch  593 | loss 64.0591 | lr 7.09e-03 | 2.0s
epoch  594 | loss 63.8615 | lr 7.06e-03 | 2.0s
epoch  595 | loss 64.4150 | lr 7.03e-03 | 2.1s
epoch  596 | loss 64.0832 | lr 7.00e-03 | 2.2s
epoch  597 | loss 63.9149 | lr 6.97e-03 | 2.1s
epoch  598 | loss 64.3293 | lr 6.94e-03 | 2.1s
epoch  599 | loss 64.3651 | lr 6.91e-03 | 2.1s
epoch  600 | loss 63.7047 | lr 6.88e-03 | 2.1s
epoch  601 | loss 64.5001 | lr 6.85e-03 | 2.3s
epoch  602 | loss 64.5899 | lr 6.82e-03 | 2.2s
epoch  603 | loss 64.2579 | lr 6.79e-03 | 2.2s
epoch  604 | loss 63.6801 | lr 6.76e-03 | 2.2s
epoch  605 | loss 63.9243 | lr 6.73e-03 | 2.1s
epoch  606 | loss 63.6414 | lr 6.70e-03 | 2.2s
epoch  607 | loss 64.2318 | lr 6.67e-03 | 2.1s
epoch  608 | loss 64.4332 | lr 6.64e-03 | 2.1s
epoch  609 | loss 64.4758 | lr 6.61e-03 | 2.2s
epoch  610 | loss 63.9972 | lr 6.58e-03 | 2.3s
epoch  611 | loss 64.4657 | lr 6.55e-03 | 2.2s
epoch  612 | loss 64.5762 | lr 6.52e-03 | 2.1s
epoch  613 | loss 64.0449 | lr 6.49e-03 | 2.2s
epoch  614 | loss 64.4731 | lr 6.47e-03 | 2.2s
epoch  615 | loss 63.9744 | lr 6.44e-03 | 2.3s
epoch  616 | loss 64.0141 | lr 6.41e-03 | 2.1s
epoch  617 | loss 63.4341 | lr 6.38e-03 | 2.2s
epoch  618 | loss 63.8530 | lr 6.35e-03 | 2.2s
epoch  619 | loss 63.6429 | lr 6.32e-03 | 2.2s
epoch  620 | loss 64.2266 | lr 6.29e-03 | 2.2s
epoch  621 | loss 64.4167 | lr 6.26e-03 | 2.2s
epoch  622 | loss 63.8830 | lr 6.23e-03 | 2.1s
epoch  623 | loss 64.0449 | lr 6.20e-03 | 2.1s
epoch  624 | loss 63.3179 | lr 6.17e-03 | 2.1s
epoch  625 | loss 63.6266 | lr 6.14e-03 | 2.3s
epoch  626 | loss 64.5202 | lr 6.12e-03 | 2.1s
epoch  627 | loss 63.8033 | lr 6.09e-03 | 2.1s
epoch  628 | loss 64.0560 | lr 6.06e-03 | 2.2s
epoch  629 | loss 64.1418 | lr 6.03e-03 | 2.3s
epoch  630 | loss 64.4883 | lr 6.00e-03 | 2.2s
epoch  631 | loss 64.8666 | lr 5.97e-03 | 2.1s
epoch  632 | loss 63.9183 | lr 5.94e-03 | 2.1s
epoch  633 | loss 64.1796 | lr 5.91e-03 | 2.1s
epoch  634 | loss 64.2038 | lr 5.88e-03 | 2.0s
epoch  635 | loss 64.1996 | lr 5.86e-03 | 2.0s
epoch  636 | loss 64.7017 | lr 5.83e-03 | 2.0s
epoch  637 | loss 64.7262 | lr 5.80e-03 | 2.1s
epoch  638 | loss 64.5479 | lr 5.77e-03 | 2.1s
epoch  639 | loss 64.3201 | lr 5.74e-03 | 2.1s
epoch  640 | loss 64.1172 | lr 5.71e-03 | 2.2s
epoch  641 | loss 64.1397 | lr 5.69e-03 | 2.2s
epoch  642 | loss 63.4436 | lr 5.66e-03 | 2.3s
epoch  643 | loss 64.8676 | lr 5.63e-03 | 2.2s
epoch  644 | loss 64.5415 | lr 5.60e-03 | 2.1s
epoch  645 | loss 63.8073 | lr 5.57e-03 | 2.2s
epoch  646 | loss 64.0314 | lr 5.54e-03 | 2.2s
epoch  647 | loss 63.5335 | lr 5.52e-03 | 2.4s
epoch  648 | loss 64.5839 | lr 5.49e-03 | 2.2s
epoch  649 | loss 64.3454 | lr 5.46e-03 | 2.1s
epoch  650 | loss 63.6453 | lr 5.43e-03 | 2.4s
epoch  651 | loss 64.5121 | lr 5.40e-03 | 2.2s
epoch  652 | loss 63.7943 | lr 5.38e-03 | 2.2s
epoch  653 | loss 64.4004 | lr 5.35e-03 | 2.2s
epoch  654 | loss 64.1169 | lr 5.32e-03 | 2.2s
epoch  655 | loss 64.3635 | lr 5.29e-03 | 2.2s
epoch  656 | loss 63.8823 | lr 5.27e-03 | 2.2s
epoch  657 | loss 63.9905 | lr 5.24e-03 | 2.3s
epoch  658 | loss 63.9292 | lr 5.21e-03 | 2.2s
epoch  659 | loss 64.3409 | lr 5.18e-03 | 2.2s
epoch  660 | loss 64.5091 | lr 5.15e-03 | 2.3s
epoch  661 | loss 64.2994 | lr 5.13e-03 | 2.3s
epoch  662 | loss 64.0024 | lr 5.10e-03 | 2.3s
epoch  663 | loss 64.5344 | lr 5.07e-03 | 2.2s
epoch  664 | loss 63.9307 | lr 5.05e-03 | 2.2s
epoch  665 | loss 63.9220 | lr 5.02e-03 | 2.2s
epoch  666 | loss 63.8599 | lr 4.99e-03 | 2.2s
epoch  667 | loss 63.9397 | lr 4.96e-03 | 2.2s
epoch  668 | loss 64.9078 | lr 4.94e-03 | 2.3s
epoch  669 | loss 64.1135 | lr 4.91e-03 | 2.3s
epoch  670 | loss 64.7992 | lr 4.88e-03 | 2.3s
epoch  671 | loss 64.0283 | lr 4.86e-03 | 2.3s
epoch  672 | loss 63.9704 | lr 4.83e-03 | 2.4s
epoch  673 | loss 64.7660 | lr 4.80e-03 | 2.3s
epoch  674 | loss 64.8024 | lr 4.78e-03 | 2.3s
epoch  675 | loss 64.6744 | lr 4.75e-03 | 2.3s
epoch  676 | loss 63.6410 | lr 4.72e-03 | 2.2s
epoch  677 | loss 64.3680 | lr 4.69e-03 | 2.2s
epoch  678 | loss 64.4591 | lr 4.67e-03 | 2.4s
epoch  679 | loss 64.5573 | lr 4.64e-03 | 2.2s
epoch  680 | loss 64.1817 | lr 4.62e-03 | 2.2s
epoch  681 | loss 64.7428 | lr 4.59e-03 | 2.2s
epoch  682 | loss 64.5198 | lr 4.56e-03 | 2.2s
epoch  683 | loss 64.0224 | lr 4.54e-03 | 2.2s
epoch  684 | loss 64.0959 | lr 4.51e-03 | 2.2s
epoch  685 | loss 64.5336 | lr 4.48e-03 | 2.2s
epoch  686 | loss 64.9777 | lr 4.46e-03 | 2.2s
epoch  687 | loss 64.6251 | lr 4.43e-03 | 2.3s
epoch  688 | loss 64.3649 | lr 4.41e-03 | 2.2s
epoch  689 | loss 64.2331 | lr 4.38e-03 | 2.2s
epoch  690 | loss 64.9333 | lr 4.35e-03 | 2.1s
epoch  691 | loss 64.0879 | lr 4.33e-03 | 2.2s
epoch  692 | loss 64.0594 | lr 4.30e-03 | 2.1s
epoch  693 | loss 63.9487 | lr 4.28e-03 | 2.1s
epoch  694 | loss 64.7468 | lr 4.25e-03 | 2.1s
epoch  695 | loss 63.8344 | lr 4.22e-03 | 2.2s
epoch  696 | loss 64.0321 | lr 4.20e-03 | 2.1s
epoch  697 | loss 64.2663 | lr 4.17e-03 | 2.3s
epoch  698 | loss 64.2972 | lr 4.15e-03 | 2.3s
epoch  699 | loss 65.2626 | lr 4.12e-03 | 2.2s
epoch  700 | loss 64.1570 | lr 4.10e-03 | 2.2s
epoch  701 | loss 64.0658 | lr 4.07e-03 | 2.2s
epoch  702 | loss 65.3082 | lr 4.05e-03 | 2.2s
epoch  703 | loss 64.5120 | lr 4.02e-03 | 2.2s
epoch  704 | loss 64.3798 | lr 4.00e-03 | 2.2s
epoch  705 | loss 63.9094 | lr 3.97e-03 | 2.2s
epoch  706 | loss 64.4732 | lr 3.95e-03 | 2.2s
epoch  707 | loss 64.5531 | lr 3.92e-03 | 2.1s
epoch  708 | loss 64.2967 | lr 3.90e-03 | 2.2s
epoch  709 | loss 64.6808 | lr 3.87e-03 | 2.3s
epoch  710 | loss 64.4597 | lr 3.85e-03 | 2.3s
epoch  711 | loss 64.8797 | lr 3.82e-03 | 2.3s
epoch  712 | loss 64.6881 | lr 3.80e-03 | 2.2s
epoch  713 | loss 64.8264 | lr 3.77e-03 | 2.1s
epoch  714 | loss 64.9341 | lr 3.75e-03 | 2.2s
epoch  715 | loss 65.0073 | lr 3.72e-03 | 2.2s
epoch  716 | loss 64.4256 | lr 3.70e-03 | 2.2s
epoch  717 | loss 64.5944 | lr 3.67e-03 | 2.2s
epoch  718 | loss 64.6613 | lr 3.65e-03 | 2.3s
epoch  719 | loss 64.2615 | lr 3.63e-03 | 2.2s
epoch  720 | loss 65.1557 | lr 3.60e-03 | 2.2s
epoch  721 | loss 64.7316 | lr 3.58e-03 | 2.2s
epoch  722 | loss 64.8967 | lr 3.55e-03 | 2.1s
epoch  723 | loss 64.7813 | lr 3.53e-03 | 2.1s
epoch  724 | loss 64.5529 | lr 3.51e-03 | 2.2s
epoch  725 | loss 64.1887 | lr 3.48e-03 | 2.3s
epoch  726 | loss 63.7381 | lr 3.46e-03 | 2.2s
epoch  727 | loss 63.8778 | lr 3.43e-03 | 2.1s
epoch  728 | loss 64.7390 | lr 3.41e-03 | 2.1s
epoch  729 | loss 64.9608 | lr 3.39e-03 | 2.3s
epoch  730 | loss 64.8112 | lr 3.36e-03 | 2.1s
epoch  731 | loss 64.6053 | lr 3.34e-03 | 2.1s
epoch  732 | loss 64.5644 | lr 3.32e-03 | 2.1s
epoch  733 | loss 64.6489 | lr 3.29e-03 | 2.3s
epoch  734 | loss 64.8053 | lr 3.27e-03 | 2.1s
epoch  735 | loss 64.7672 | lr 3.25e-03 | 2.4s
epoch  736 | loss 64.6488 | lr 3.22e-03 | 2.1s
epoch  737 | loss 63.8602 | lr 3.20e-03 | 2.1s
epoch  738 | loss 64.1710 | lr 3.18e-03 | 2.2s
epoch  739 | loss 64.4886 | lr 3.15e-03 | 2.3s
epoch  740 | loss 64.7781 | lr 3.13e-03 | 2.2s
epoch  741 | loss 64.6695 | lr 3.11e-03 | 2.3s
epoch  742 | loss 64.6823 | lr 3.09e-03 | 2.1s
epoch  743 | loss 65.0952 | lr 3.06e-03 | 2.3s
epoch  744 | loss 64.2862 | lr 3.04e-03 | 2.1s
epoch  745 | loss 64.6741 | lr 3.02e-03 | 2.3s
epoch  746 | loss 64.3564 | lr 3.00e-03 | 2.1s
epoch  747 | loss 64.5190 | lr 2.97e-03 | 2.1s
epoch  748 | loss 64.8691 | lr 2.95e-03 | 2.1s
epoch  749 | loss 64.6218 | lr 2.93e-03 | 2.1s
epoch  750 | loss 64.4411 | lr 2.91e-03 | 2.1s
epoch  751 | loss 64.6002 | lr 2.88e-03 | 2.1s
epoch  752 | loss 64.6407 | lr 2.86e-03 | 2.2s
epoch  753 | loss 64.6532 | lr 2.84e-03 | 2.2s
epoch  754 | loss 64.4805 | lr 2.82e-03 | 2.2s
epoch  755 | loss 64.4827 | lr 2.80e-03 | 2.2s
epoch  756 | loss 64.8880 | lr 2.78e-03 | 2.3s
epoch  757 | loss 64.4605 | lr 2.75e-03 | 2.2s
epoch  758 | loss 65.1094 | lr 2.73e-03 | 2.3s
epoch  759 | loss 64.9127 | lr 2.71e-03 | 2.3s
epoch  760 | loss 64.2902 | lr 2.69e-03 | 2.3s
epoch  761 | loss 64.4625 | lr 2.67e-03 | 2.1s
epoch  762 | loss 64.5902 | lr 2.65e-03 | 2.2s
epoch  763 | loss 64.5178 | lr 2.62e-03 | 2.2s
epoch  764 | loss 65.1756 | lr 2.60e-03 | 2.2s
epoch  765 | loss 64.8123 | lr 2.58e-03 | 2.1s
epoch  766 | loss 65.2630 | lr 2.56e-03 | 2.3s
epoch  767 | loss 64.1332 | lr 2.54e-03 | 2.2s
epoch  768 | loss 65.0235 | lr 2.52e-03 | 2.2s
epoch  769 | loss 65.1461 | lr 2.50e-03 | 2.2s
epoch  770 | loss 65.2041 | lr 2.48e-03 | 2.2s
epoch  771 | loss 64.4145 | lr 2.46e-03 | 2.1s
epoch  772 | loss 64.0170 | lr 2.44e-03 | 2.1s
epoch  773 | loss 65.0469 | lr 2.42e-03 | 2.1s
epoch  774 | loss 65.3397 | lr 2.40e-03 | 2.0s
epoch  775 | loss 64.3571 | lr 2.38e-03 | 2.0s
epoch  776 | loss 65.0453 | lr 2.36e-03 | 2.0s
epoch  777 | loss 64.1594 | lr 2.34e-03 | 2.0s
epoch  778 | loss 64.4369 | lr 2.31e-03 | 2.0s
epoch  779 | loss 64.9018 | lr 2.29e-03 | 2.0s
epoch  780 | loss 64.6391 | lr 2.27e-03 | 2.0s
epoch  781 | loss 64.8093 | lr 2.25e-03 | 2.0s
epoch  782 | loss 64.6008 | lr 2.24e-03 | 2.0s
epoch  783 | loss 64.8537 | lr 2.22e-03 | 2.0s
epoch  784 | loss 64.5530 | lr 2.20e-03 | 2.0s
epoch  785 | loss 65.3875 | lr 2.18e-03 | 2.0s
epoch  786 | loss 64.4128 | lr 2.16e-03 | 2.0s
epoch  787 | loss 64.6359 | lr 2.14e-03 | 2.0s
epoch  788 | loss 64.8021 | lr 2.12e-03 | 2.0s
epoch  789 | loss 64.5872 | lr 2.10e-03 | 2.0s
epoch  790 | loss 64.5318 | lr 2.08e-03 | 2.0s
epoch  791 | loss 65.2087 | lr 2.06e-03 | 2.0s
epoch  792 | loss 64.5257 | lr 2.04e-03 | 2.0s
epoch  793 | loss 64.6216 | lr 2.02e-03 | 2.0s
epoch  794 | loss 64.3247 | lr 2.00e-03 | 2.0s
epoch  795 | loss 64.3085 | lr 1.98e-03 | 2.1s
epoch  796 | loss 65.1518 | lr 1.97e-03 | 2.2s
epoch  797 | loss 64.7862 | lr 1.95e-03 | 2.1s
epoch  798 | loss 64.9852 | lr 1.93e-03 | 2.0s
epoch  799 | loss 65.3821 | lr 1.91e-03 | 2.0s
epoch  800 | loss 65.6090 | lr 1.89e-03 | 1.9s
epoch  801 | loss 64.5885 | lr 1.87e-03 | 2.0s
epoch  802 | loss 64.6677 | lr 1.85e-03 | 2.0s
epoch  803 | loss 64.8812 | lr 1.84e-03 | 2.0s
epoch  804 | loss 64.6531 | lr 1.82e-03 | 2.0s
epoch  805 | loss 64.8150 | lr 1.80e-03 | 2.0s
epoch  806 | loss 64.7361 | lr 1.78e-03 | 2.0s
epoch  807 | loss 64.8788 | lr 1.76e-03 | 2.0s
epoch  808 | loss 64.8073 | lr 1.75e-03 | 2.0s
epoch  809 | loss 64.9944 | lr 1.73e-03 | 2.0s
epoch  810 | loss 64.8464 | lr 1.71e-03 | 2.0s
epoch  811 | loss 64.7186 | lr 1.69e-03 | 2.0s
epoch  812 | loss 64.9641 | lr 1.68e-03 | 2.0s
epoch  813 | loss 64.8799 | lr 1.66e-03 | 2.0s
epoch  814 | loss 65.0224 | lr 1.64e-03 | 2.0s
epoch  815 | loss 64.3096 | lr 1.62e-03 | 2.0s
epoch  816 | loss 65.0101 | lr 1.61e-03 | 2.0s
epoch  817 | loss 64.4162 | lr 1.59e-03 | 2.0s
epoch  818 | loss 64.5495 | lr 1.57e-03 | 2.0s
epoch  819 | loss 65.2643 | lr 1.56e-03 | 2.0s
epoch  820 | loss 65.0754 | lr 1.54e-03 | 2.0s
epoch  821 | loss 64.7357 | lr 1.52e-03 | 2.0s
epoch  822 | loss 64.6636 | lr 1.51e-03 | 2.0s
epoch  823 | loss 65.0673 | lr 1.49e-03 | 2.0s
epoch  824 | loss 64.9822 | lr 1.47e-03 | 2.1s
epoch  825 | loss 64.9784 | lr 1.46e-03 | 2.1s
epoch  826 | loss 64.7648 | lr 1.44e-03 | 2.0s
epoch  827 | loss 64.6058 | lr 1.42e-03 | 2.0s
epoch  828 | loss 64.8328 | lr 1.41e-03 | 2.0s
epoch  829 | loss 65.1146 | lr 1.39e-03 | 2.0s
epoch  830 | loss 64.9637 | lr 1.38e-03 | 2.0s
epoch  831 | loss 64.8086 | lr 1.36e-03 | 2.1s
epoch  832 | loss 65.5602 | lr 1.34e-03 | 2.0s
epoch  833 | loss 65.3413 | lr 1.33e-03 | 2.1s
epoch  834 | loss 64.4931 | lr 1.31e-03 | 2.1s
epoch  835 | loss 64.6443 | lr 1.30e-03 | 2.1s
epoch  836 | loss 64.8149 | lr 1.28e-03 | 2.1s
epoch  837 | loss 65.0150 | lr 1.27e-03 | 2.2s
epoch  838 | loss 64.7957 | lr 1.25e-03 | 2.2s
epoch  839 | loss 65.5700 | lr 1.24e-03 | 2.1s
epoch  840 | loss 64.6772 | lr 1.22e-03 | 2.1s
epoch  841 | loss 64.4561 | lr 1.21e-03 | 2.1s
epoch  842 | loss 65.1566 | lr 1.19e-03 | 2.1s
epoch  843 | loss 64.5685 | lr 1.18e-03 | 2.1s
epoch  844 | loss 64.9820 | lr 1.16e-03 | 2.0s
epoch  845 | loss 64.8433 | lr 1.15e-03 | 2.0s
epoch  846 | loss 64.7155 | lr 1.13e-03 | 2.0s
epoch  847 | loss 64.8611 | lr 1.12e-03 | 2.0s
epoch  848 | loss 65.0963 | lr 1.10e-03 | 2.0s
epoch  849 | loss 64.5097 | lr 1.09e-03 | 2.0s
epoch  850 | loss 65.2167 | lr 1.08e-03 | 2.0s
epoch  851 | loss 64.6417 | lr 1.06e-03 | 2.0s
epoch  852 | loss 65.1332 | lr 1.05e-03 | 2.0s
epoch  853 | loss 65.0484 | lr 1.03e-03 | 2.0s
epoch  854 | loss 65.2479 | lr 1.02e-03 | 2.0s
epoch  855 | loss 64.3529 | lr 1.01e-03 | 2.1s
epoch  856 | loss 64.8443 | lr 9.92e-04 | 2.2s
epoch  857 | loss 65.0837 | lr 9.79e-04 | 2.1s
epoch  858 | loss 64.9666 | lr 9.65e-04 | 2.1s
epoch  859 | loss 64.6165 | lr 9.52e-04 | 2.1s
epoch  860 | loss 64.9356 | lr 9.38e-04 | 2.1s
epoch  861 | loss 65.0506 | lr 9.25e-04 | 2.2s
epoch  862 | loss 65.5357 | lr 9.12e-04 | 2.1s
epoch  863 | loss 64.7878 | lr 8.99e-04 | 2.1s
epoch  864 | loss 65.1137 | lr 8.86e-04 | 2.1s
epoch  865 | loss 64.4907 | lr 8.73e-04 | 2.0s
epoch  866 | loss 65.3206 | lr 8.60e-04 | 2.0s
epoch  867 | loss 64.9330 | lr 8.48e-04 | 2.0s
epoch  868 | loss 65.2941 | lr 8.35e-04 | 2.0s
epoch  869 | loss 64.7429 | lr 8.22e-04 | 2.0s
epoch  870 | loss 65.3683 | lr 8.10e-04 | 2.0s
epoch  871 | loss 65.4225 | lr 7.98e-04 | 2.0s
epoch  872 | loss 65.5375 | lr 7.85e-04 | 2.0s
epoch  873 | loss 65.2990 | lr 7.73e-04 | 2.0s
epoch  874 | loss 65.2326 | lr 7.61e-04 | 2.0s
epoch  875 | loss 65.2711 | lr 7.49e-04 | 2.0s
epoch  876 | loss 64.7833 | lr 7.37e-04 | 2.1s
epoch  877 | loss 65.7258 | lr 7.26e-04 | 2.1s
epoch  878 | loss 65.0910 | lr 7.14e-04 | 2.1s
epoch  879 | loss 65.2048 | lr 7.02e-04 | 2.1s
epoch  880 | loss 64.6273 | lr 6.91e-04 | 2.0s
epoch  881 | loss 64.7098 | lr 6.79e-04 | 2.0s
epoch  882 | loss 64.8835 | lr 6.68e-04 | 2.0s
epoch  883 | loss 64.5396 | lr 6.57e-04 | 2.0s
epoch  884 | loss 65.2251 | lr 6.46e-04 | 2.0s
epoch  885 | loss 65.2713 | lr 6.35e-04 | 2.0s
epoch  886 | loss 65.4517 | lr 6.24e-04 | 2.0s
epoch  887 | loss 65.2534 | lr 6.13e-04 | 2.0s
epoch  888 | loss 65.1171 | lr 6.02e-04 | 2.0s
epoch  889 | loss 65.3047 | lr 5.91e-04 | 2.1s
epoch  890 | loss 65.6372 | lr 5.81e-04 | 2.0s
epoch  891 | loss 64.9637 | lr 5.70e-04 | 2.0s
epoch  892 | loss 64.9499 | lr 5.60e-04 | 2.0s
epoch  893 | loss 64.7293 | lr 5.49e-04 | 2.0s
epoch  894 | loss 64.8761 | lr 5.39e-04 | 2.1s
epoch  895 | loss 65.4217 | lr 5.29e-04 | 2.1s
epoch  896 | loss 64.9594 | lr 5.19e-04 | 2.1s
epoch  897 | loss 65.0346 | lr 5.09e-04 | 2.1s
epoch  898 | loss 65.5251 | lr 4.99e-04 | 2.1s
epoch  899 | loss 65.6004 | lr 4.89e-04 | 2.1s
epoch  900 | loss 65.0674 | lr 4.80e-04 | 2.1s
epoch  901 | loss 65.0188 | lr 4.70e-04 | 2.0s
epoch  902 | loss 65.5100 | lr 4.61e-04 | 2.1s
epoch  903 | loss 64.7030 | lr 4.51e-04 | 2.2s
epoch  904 | loss 64.8508 | lr 4.42e-04 | 2.1s
epoch  905 | loss 65.4813 | lr 4.33e-04 | 2.1s
epoch  906 | loss 64.8759 | lr 4.24e-04 | 2.2s
epoch  907 | loss 65.0685 | lr 4.15e-04 | 2.3s
epoch  908 | loss 65.0859 | lr 4.06e-04 | 2.2s
epoch  909 | loss 65.0539 | lr 3.97e-04 | 2.1s
epoch  910 | loss 64.7279 | lr 3.88e-04 | 2.2s
epoch  911 | loss 64.6878 | lr 3.80e-04 | 2.0s
epoch  912 | loss 65.9393 | lr 3.71e-04 | 2.0s
epoch  913 | loss 65.5638 | lr 3.63e-04 | 2.0s
epoch  914 | loss 65.3972 | lr 3.54e-04 | 2.0s
epoch  915 | loss 66.0188 | lr 3.46e-04 | 2.0s
epoch  916 | loss 65.5925 | lr 3.38e-04 | 2.0s
epoch  917 | loss 65.3076 | lr 3.30e-04 | 2.0s
epoch  918 | loss 65.5857 | lr 3.22e-04 | 2.0s
epoch  919 | loss 65.6898 | lr 3.14e-04 | 2.0s
epoch  920 | loss 65.2154 | lr 3.06e-04 | 2.0s
epoch  921 | loss 64.8819 | lr 2.99e-04 | 2.0s
epoch  922 | loss 64.7561 | lr 2.91e-04 | 2.0s
epoch  923 | loss 65.9672 | lr 2.84e-04 | 2.0s
epoch  924 | loss 65.4358 | lr 2.76e-04 | 1.9s
epoch  925 | loss 65.6353 | lr 2.69e-04 | 2.0s
epoch  926 | loss 65.3537 | lr 2.62e-04 | 2.0s
epoch  927 | loss 65.7662 | lr 2.55e-04 | 2.0s
epoch  928 | loss 65.8306 | lr 2.48e-04 | 2.0s
epoch  929 | loss 65.4187 | lr 2.41e-04 | 2.0s
epoch  930 | loss 65.5221 | lr 2.34e-04 | 2.0s
epoch  931 | loss 65.1356 | lr 2.27e-04 | 2.0s
epoch  932 | loss 65.0173 | lr 2.21e-04 | 2.0s
epoch  933 | loss 64.9136 | lr 2.14e-04 | 2.0s
epoch  934 | loss 66.0055 | lr 2.08e-04 | 2.0s
epoch  935 | loss 64.8584 | lr 2.01e-04 | 2.1s
epoch  936 | loss 65.8165 | lr 1.95e-04 | 2.0s
epoch  937 | loss 65.7316 | lr 1.89e-04 | 1.9s
epoch  938 | loss 65.4090 | lr 1.83e-04 | 2.0s
epoch  939 | loss 64.6259 | lr 1.77e-04 | 2.0s
epoch  940 | loss 64.9278 | lr 1.71e-04 | 2.0s
epoch  941 | loss 65.1777 | lr 1.66e-04 | 2.0s
epoch  942 | loss 65.4388 | lr 1.60e-04 | 2.0s
epoch  943 | loss 65.5472 | lr 1.54e-04 | 2.0s
epoch  944 | loss 65.5983 | lr 1.49e-04 | 2.0s
epoch  945 | loss 64.6986 | lr 1.44e-04 | 2.0s
epoch  946 | loss 65.3956 | lr 1.38e-04 | 2.0s
epoch  947 | loss 65.7797 | lr 1.33e-04 | 2.0s
epoch  948 | loss 65.2578 | lr 1.28e-04 | 2.0s
epoch  949 | loss 64.5906 | lr 1.23e-04 | 2.0s
epoch  950 | loss 65.4574 | lr 1.18e-04 | 2.0s
epoch  951 | loss 65.8214 | lr 1.13e-04 | 2.0s
epoch  952 | loss 65.0231 | lr 1.09e-04 | 2.0s
epoch  953 | loss 65.0475 | lr 1.04e-04 | 2.0s
epoch  954 | loss 65.4272 | lr 9.98e-05 | 2.0s
epoch  955 | loss 65.4880 | lr 9.54e-05 | 2.0s
epoch  956 | loss 65.8891 | lr 9.11e-05 | 2.0s
epoch  957 | loss 65.6300 | lr 8.69e-05 | 2.0s
epoch  958 | loss 66.0935 | lr 8.28e-05 | 2.0s
epoch  959 | loss 65.5776 | lr 7.89e-05 | 2.0s
epoch  960 | loss 65.2224 | lr 7.50e-05 | 2.0s
epoch  961 | loss 65.4587 | lr 7.12e-05 | 2.0s
epoch  962 | loss 64.8998 | lr 6.75e-05 | 2.0s
epoch  963 | loss 64.9291 | lr 6.39e-05 | 2.0s
epoch  964 | loss 65.6844 | lr 6.04e-05 | 2.1s
epoch  965 | loss 65.0913 | lr 5.70e-05 | 2.0s
epoch  966 | loss 65.3002 | lr 5.37e-05 | 2.0s
epoch  967 | loss 66.1195 | lr 5.05e-05 | 2.1s
epoch  968 | loss 65.2748 | lr 4.74e-05 | 2.1s
epoch  969 | loss 65.2904 | lr 4.44e-05 | 2.0s
epoch  970 | loss 65.8200 | lr 4.15e-05 | 2.0s
epoch  971 | loss 66.2872 | lr 3.87e-05 | 2.0s
epoch  972 | loss 65.7032 | lr 3.60e-05 | 2.0s
epoch  973 | loss 66.3638 | lr 3.33e-05 | 2.0s
epoch  974 | loss 64.4547 | lr 3.08e-05 | 2.1s
epoch  975 | loss 65.3047 | lr 2.84e-05 | 2.1s
epoch  976 | loss 65.3589 | lr 2.61e-05 | 2.1s
epoch  977 | loss 65.3871 | lr 2.39e-05 | 2.2s
epoch  978 | loss 65.6560 | lr 2.18e-05 | 2.1s
epoch  979 | loss 65.7630 | lr 1.97e-05 | 2.1s
epoch  980 | loss 65.7852 | lr 1.78e-05 | 2.1s
epoch  981 | loss 65.5102 | lr 1.60e-05 | 2.1s
epoch  982 | loss 65.4759 | lr 1.43e-05 | 2.1s
epoch  983 | loss 65.6021 | lr 1.26e-05 | 2.2s
epoch  984 | loss 65.4524 | lr 1.11e-05 | 2.0s
epoch  985 | loss 65.3183 | lr 9.67e-06 | 2.0s
epoch  986 | loss 64.9390 | lr 8.34e-06 | 2.1s
epoch  987 | loss 65.6109 | lr 7.11e-06 | 2.0s
epoch  988 | loss 65.2399 | lr 5.97e-06 | 2.0s
epoch  989 | loss 65.7152 | lr 4.93e-06 | 2.0s
epoch  990 | loss 65.3356 | lr 4.00e-06 | 2.0s
epoch  991 | loss 65.5551 | lr 3.16e-06 | 2.0s
epoch  992 | loss 65.0381 | lr 2.42e-06 | 2.0s
epoch  993 | loss 64.8503 | lr 1.78e-06 | 2.0s
epoch  994 | loss 65.8003 | lr 1.23e-06 | 2.1s
epoch  995 | loss 65.9079 | lr 7.90e-07 | 2.2s
epoch  996 | loss 65.7721 | lr 4.44e-07 | 2.1s
epoch  997 | loss 65.5017 | lr 1.97e-07 | 2.2s
epoch  998 | loss 65.1916 | lr 4.93e-08 | 2.2s
epoch  999 | loss 65.4731 | lr 0.00e+00 | 2.2s
final loss: 65.4731
