model params: 6,045,569
device: cuda
puzzle: state_size=120 moves=24
training: {'n_epochs': 1000, 'samples_per_epoch': 1000000, 'batch_size': 16384, 'k_max': 80, 'lr': 0.002, 'weight_decay': 0.0, 'checkpoint_every_epochs': 100, 'n_back': 1, 'loss': 'mse', 'amp': True, 'compile_model': False, 'fused_optimizer': True, 'optimizer': 'muon', 'muon_lr': 0.01, 'muon_momentum': 0.95, 'muon_weight_decay': 0.01, 'muon_ns_steps': 5, 'device': 'cuda', 'seed': 310}
[Muon split] Muon: 6 tensors, 6,029,312 params; AdamW: 21 tensors, 16,257 params
epoch    0 | loss 576.8233 | lr 1.00e-02 | 2.6s
epoch    1 | loss 90.6879 | lr 1.00e-02 | 2.2s
epoch    2 | loss 71.1480 | lr 1.00e-02 | 2.2s
epoch    3 | loss 68.9669 | lr 1.00e-02 | 2.2s
epoch    4 | loss 67.2055 | lr 1.00e-02 | 2.2s
epoch    5 | loss 66.9150 | lr 1.00e-02 | 2.2s
epoch    6 | loss 67.1438 | lr 1.00e-02 | 2.2s
epoch    7 | loss 66.0182 | lr 1.00e-02 | 2.2s
epoch    8 | loss 65.7363 | lr 1.00e-02 | 2.2s
epoch    9 | loss 65.5161 | lr 1.00e-02 | 2.1s
epoch   10 | loss 64.9896 | lr 1.00e-02 | 2.2s
epoch   11 | loss 64.6790 | lr 1.00e-02 | 2.1s
epoch   12 | loss 64.3266 | lr 1.00e-02 | 2.2s
epoch   13 | loss 64.2056 | lr 1.00e-02 | 2.1s
epoch   14 | loss 65.1907 | lr 9.99e-03 | 2.0s
epoch   15 | loss 64.8364 | lr 9.99e-03 | 2.2s
epoch   16 | loss 64.2303 | lr 9.99e-03 | 2.1s
epoch   17 | loss 64.5353 | lr 9.99e-03 | 2.2s
epoch   18 | loss 64.1230 | lr 9.99e-03 | 2.1s
epoch   19 | loss 64.5066 | lr 9.99e-03 | 2.0s
epoch   20 | loss 63.8869 | lr 9.99e-03 | 2.1s
epoch   21 | loss 64.4648 | lr 9.99e-03 | 2.1s
epoch   22 | loss 64.4464 | lr 9.99e-03 | 2.1s
epoch   23 | loss 63.6955 | lr 9.99e-03 | 2.1s
epoch   24 | loss 63.9224 | lr 9.98e-03 | 2.3s
epoch   25 | loss 63.6551 | lr 9.98e-03 | 2.1s
epoch   26 | loss 64.4927 | lr 9.98e-03 | 2.2s
epoch   27 | loss 64.1017 | lr 9.98e-03 | 2.1s
epoch   28 | loss 63.8732 | lr 9.98e-03 | 2.1s
epoch   29 | loss 63.2996 | lr 9.98e-03 | 2.1s
epoch   30 | loss 63.5433 | lr 9.98e-03 | 2.1s
epoch   31 | loss 63.4726 | lr 9.97e-03 | 2.1s
epoch   32 | loss 64.1284 | lr 9.97e-03 | 2.1s
epoch   33 | loss 63.6399 | lr 9.97e-03 | 2.3s
epoch   34 | loss 63.8358 | lr 9.97e-03 | 2.2s
epoch   35 | loss 63.8782 | lr 9.97e-03 | 2.2s
epoch   36 | loss 64.0164 | lr 9.97e-03 | 2.2s
epoch   37 | loss 63.9345 | lr 9.96e-03 | 2.1s
epoch   38 | loss 63.9707 | lr 9.96e-03 | 2.2s
epoch   39 | loss 64.0729 | lr 9.96e-03 | 2.1s
epoch   40 | loss 64.6890 | lr 9.96e-03 | 2.1s
epoch   41 | loss 63.9202 | lr 9.96e-03 | 2.2s
epoch   42 | loss 63.8547 | lr 9.95e-03 | 2.1s
epoch   43 | loss 62.9556 | lr 9.95e-03 | 2.2s
epoch   44 | loss 63.4536 | lr 9.95e-03 | 2.2s
epoch   45 | loss 63.2321 | lr 9.95e-03 | 2.4s
epoch   46 | loss 63.8171 | lr 9.95e-03 | 2.2s
epoch   47 | loss 63.6802 | lr 9.94e-03 | 2.2s
epoch   48 | loss 63.9373 | lr 9.94e-03 | 2.1s
epoch   49 | loss 63.8036 | lr 9.94e-03 | 2.2s
epoch   50 | loss 64.0266 | lr 9.94e-03 | 2.2s
epoch   51 | loss 63.7569 | lr 9.93e-03 | 2.1s
epoch   52 | loss 64.3108 | lr 9.93e-03 | 2.2s
epoch   53 | loss 63.8041 | lr 9.93e-03 | 2.1s
epoch   54 | loss 63.6719 | lr 9.93e-03 | 2.2s
epoch   55 | loss 63.2460 | lr 9.92e-03 | 2.2s
epoch   56 | loss 64.0046 | lr 9.92e-03 | 2.1s
epoch   57 | loss 63.9620 | lr 9.92e-03 | 2.2s
epoch   58 | loss 63.7365 | lr 9.91e-03 | 2.1s
epoch   59 | loss 64.2578 | lr 9.91e-03 | 2.2s
epoch   60 | loss 64.0215 | lr 9.91e-03 | 2.0s
epoch   61 | loss 64.3120 | lr 9.91e-03 | 2.0s
epoch   62 | loss 64.0154 | lr 9.90e-03 | 2.0s
epoch   63 | loss 64.0941 | lr 9.90e-03 | 2.0s
epoch   64 | loss 63.7443 | lr 9.90e-03 | 2.0s
epoch   65 | loss 63.8487 | lr 9.89e-03 | 2.0s
epoch   66 | loss 63.5430 | lr 9.89e-03 | 2.0s
epoch   67 | loss 64.6980 | lr 9.89e-03 | 2.0s
epoch   68 | loss 64.2348 | lr 9.88e-03 | 2.0s
epoch   69 | loss 63.5337 | lr 9.88e-03 | 2.0s
epoch   70 | loss 64.0893 | lr 9.88e-03 | 2.0s
epoch   71 | loss 63.3859 | lr 9.87e-03 | 2.0s
epoch   72 | loss 63.9432 | lr 9.87e-03 | 2.0s
epoch   73 | loss 64.3724 | lr 9.87e-03 | 2.0s
epoch   74 | loss 64.1435 | lr 9.86e-03 | 2.1s
epoch   75 | loss 63.3395 | lr 9.86e-03 | 2.1s
epoch   76 | loss 63.7764 | lr 9.85e-03 | 2.0s
epoch   77 | loss 64.3358 | lr 9.85e-03 | 2.0s
epoch   78 | loss 64.5574 | lr 9.85e-03 | 2.0s
epoch   79 | loss 63.4198 | lr 9.84e-03 | 2.0s
epoch   80 | loss 63.9003 | lr 9.84e-03 | 2.1s
epoch   81 | loss 63.7234 | lr 9.84e-03 | 2.1s
epoch   82 | loss 64.4889 | lr 9.83e-03 | 2.1s
epoch   83 | loss 63.7948 | lr 9.83e-03 | 2.1s
epoch   84 | loss 63.8123 | lr 9.82e-03 | 2.2s
epoch   85 | loss 64.2824 | lr 9.82e-03 | 2.1s
epoch   86 | loss 63.6085 | lr 9.81e-03 | 2.1s
epoch   87 | loss 64.5347 | lr 9.81e-03 | 2.2s
epoch   88 | loss 63.4894 | lr 9.81e-03 | 2.1s
epoch   89 | loss 63.4037 | lr 9.80e-03 | 2.1s
epoch   90 | loss 64.0898 | lr 9.80e-03 | 2.2s
epoch   91 | loss 63.2275 | lr 9.79e-03 | 2.1s
epoch   92 | loss 63.4348 | lr 9.79e-03 | 2.1s
epoch   93 | loss 64.1639 | lr 9.78e-03 | 2.0s
epoch   94 | loss 64.3354 | lr 9.78e-03 | 2.0s
epoch   95 | loss 64.0680 | lr 9.77e-03 | 2.0s
epoch   96 | loss 63.0856 | lr 9.77e-03 | 2.0s
epoch   97 | loss 63.4357 | lr 9.76e-03 | 2.0s
epoch   98 | loss 63.5936 | lr 9.76e-03 | 2.0s
epoch   99 | loss 63.7943 | lr 9.76e-03 | 2.0s
epoch  100 | loss 64.0028 | lr 9.75e-03 | 2.0s
epoch  101 | loss 62.9700 | lr 9.75e-03 | 2.0s
epoch  102 | loss 63.8994 | lr 9.74e-03 | 2.0s
epoch  103 | loss 64.2036 | lr 9.74e-03 | 2.0s
epoch  104 | loss 64.7515 | lr 9.73e-03 | 2.0s
epoch  105 | loss 63.7689 | lr 9.73e-03 | 2.0s
epoch  106 | loss 63.6141 | lr 9.72e-03 | 2.0s
epoch  107 | loss 63.8595 | lr 9.71e-03 | 2.1s
epoch  108 | loss 64.3792 | lr 9.71e-03 | 2.0s
epoch  109 | loss 63.9137 | lr 9.70e-03 | 2.0s
epoch  110 | loss 64.1398 | lr 9.70e-03 | 2.0s
epoch  111 | loss 63.5263 | lr 9.69e-03 | 2.0s
epoch  112 | loss 63.6735 | lr 9.69e-03 | 2.0s
epoch  113 | loss 64.0201 | lr 9.68e-03 | 2.0s
epoch  114 | loss 64.0315 | lr 9.68e-03 | 2.1s
epoch  115 | loss 63.8861 | lr 9.67e-03 | 2.1s
epoch  116 | loss 64.0543 | lr 9.67e-03 | 2.0s
epoch  117 | loss 63.9095 | lr 9.66e-03 | 2.0s
epoch  118 | loss 63.3280 | lr 9.65e-03 | 2.0s
epoch  119 | loss 63.8642 | lr 9.65e-03 | 2.0s
epoch  120 | loss 63.8455 | lr 9.64e-03 | 2.0s
epoch  121 | loss 63.7079 | lr 9.64e-03 | 2.1s
epoch  122 | loss 63.9297 | lr 9.63e-03 | 2.0s
epoch  123 | loss 63.6142 | lr 9.63e-03 | 2.0s
epoch  124 | loss 63.6753 | lr 9.62e-03 | 2.0s
epoch  125 | loss 63.6347 | lr 9.61e-03 | 2.0s
epoch  126 | loss 64.1958 | lr 9.61e-03 | 2.0s
epoch  127 | loss 64.0372 | lr 9.60e-03 | 2.0s
epoch  128 | loss 63.9744 | lr 9.59e-03 | 2.0s
epoch  129 | loss 63.5965 | lr 9.59e-03 | 2.0s
epoch  130 | loss 63.4361 | lr 9.58e-03 | 2.0s
epoch  131 | loss 63.7399 | lr 9.58e-03 | 2.0s
epoch  132 | loss 64.3833 | lr 9.57e-03 | 2.0s
epoch  133 | loss 63.7971 | lr 9.56e-03 | 2.0s
epoch  134 | loss 63.4058 | lr 9.56e-03 | 2.0s
epoch  135 | loss 63.6023 | lr 9.55e-03 | 2.0s
epoch  136 | loss 63.4855 | lr 9.54e-03 | 2.0s
epoch  137 | loss 63.5041 | lr 9.54e-03 | 2.0s
epoch  138 | loss 64.1087 | lr 9.53e-03 | 2.0s
epoch  139 | loss 63.1189 | lr 9.52e-03 | 2.0s
epoch  140 | loss 63.8619 | lr 9.52e-03 | 2.0s
epoch  141 | loss 64.3013 | lr 9.51e-03 | 2.0s
epoch  142 | loss 63.5337 | lr 9.50e-03 | 2.0s
epoch  143 | loss 63.9460 | lr 9.50e-03 | 2.0s
epoch  144 | loss 63.6215 | lr 9.49e-03 | 2.0s
epoch  145 | loss 63.9793 | lr 9.48e-03 | 2.0s
epoch  146 | loss 64.0205 | lr 9.48e-03 | 2.0s
epoch  147 | loss 63.3311 | lr 9.47e-03 | 2.0s
epoch  148 | loss 64.3244 | lr 9.46e-03 | 2.0s
epoch  149 | loss 64.2658 | lr 9.46e-03 | 2.0s
epoch  150 | loss 64.5560 | lr 9.45e-03 | 2.0s
epoch  151 | loss 63.7965 | lr 9.44e-03 | 2.0s
epoch  152 | loss 63.5790 | lr 9.43e-03 | 2.0s
epoch  153 | loss 63.7136 | lr 9.43e-03 | 2.0s
epoch  154 | loss 63.1051 | lr 9.42e-03 | 2.0s
epoch  155 | loss 63.9169 | lr 9.41e-03 | 2.0s
epoch  156 | loss 64.0312 | lr 9.40e-03 | 2.0s
epoch  157 | loss 63.9659 | lr 9.40e-03 | 2.0s
epoch  158 | loss 63.0037 | lr 9.39e-03 | 2.0s
epoch  159 | loss 64.0847 | lr 9.38e-03 | 2.1s
epoch  160 | loss 63.8037 | lr 9.37e-03 | 2.1s
epoch  161 | loss 63.3788 | lr 9.37e-03 | 2.0s
epoch  162 | loss 63.5547 | lr 9.36e-03 | 2.0s
epoch  163 | loss 63.3690 | lr 9.35e-03 | 2.0s
epoch  164 | loss 63.8494 | lr 9.34e-03 | 2.0s
epoch  165 | loss 63.4722 | lr 9.34e-03 | 2.0s
epoch  166 | loss 63.3148 | lr 9.33e-03 | 2.0s
epoch  167 | loss 63.4289 | lr 9.32e-03 | 2.0s
epoch  168 | loss 63.1670 | lr 9.31e-03 | 2.0s
epoch  169 | loss 64.0542 | lr 9.30e-03 | 2.0s
epoch  170 | loss 63.7090 | lr 9.30e-03 | 2.0s
epoch  171 | loss 63.8797 | lr 9.29e-03 | 2.1s
epoch  172 | loss 63.7663 | lr 9.28e-03 | 2.0s
epoch  173 | loss 63.8809 | lr 9.27e-03 | 2.0s
epoch  174 | loss 63.6712 | lr 9.26e-03 | 2.0s
epoch  175 | loss 63.6254 | lr 9.25e-03 | 2.0s
epoch  176 | loss 64.5417 | lr 9.25e-03 | 2.0s
epoch  177 | loss 63.8926 | lr 9.24e-03 | 2.0s
epoch  178 | loss 64.4503 | lr 9.23e-03 | 2.0s
epoch  179 | loss 63.6256 | lr 9.22e-03 | 2.0s
epoch  180 | loss 63.1142 | lr 9.21e-03 | 2.0s
epoch  181 | loss 63.9498 | lr 9.20e-03 | 2.0s
epoch  182 | loss 63.4278 | lr 9.20e-03 | 2.0s
epoch  183 | loss 63.3773 | lr 9.19e-03 | 2.0s
epoch  184 | loss 63.4029 | lr 9.18e-03 | 2.0s
epoch  185 | loss 63.5755 | lr 9.17e-03 | 2.0s
epoch  186 | loss 64.4120 | lr 9.16e-03 | 2.0s
epoch  187 | loss 63.6598 | lr 9.15e-03 | 2.0s
epoch  188 | loss 64.0839 | lr 9.14e-03 | 2.0s
epoch  189 | loss 64.1589 | lr 9.14e-03 | 2.0s
epoch  190 | loss 63.1264 | lr 9.13e-03 | 2.0s
epoch  191 | loss 63.7311 | lr 9.12e-03 | 2.0s
epoch  192 | loss 63.8893 | lr 9.11e-03 | 2.0s
epoch  193 | loss 63.7888 | lr 9.10e-03 | 2.0s
epoch  194 | loss 63.5433 | lr 9.09e-03 | 2.1s
epoch  195 | loss 63.6014 | lr 9.08e-03 | 2.1s
epoch  196 | loss 63.7818 | lr 9.07e-03 | 2.1s
epoch  197 | loss 63.2220 | lr 9.06e-03 | 2.0s
epoch  198 | loss 63.4631 | lr 9.05e-03 | 2.0s
epoch  199 | loss 63.3487 | lr 9.05e-03 | 2.0s
epoch  200 | loss 63.7424 | lr 9.04e-03 | 2.0s
epoch  201 | loss 63.8759 | lr 9.03e-03 | 2.0s
epoch  202 | loss 63.4913 | lr 9.02e-03 | 2.0s
epoch  203 | loss 63.4800 | lr 9.01e-03 | 2.0s
epoch  204 | loss 63.6596 | lr 9.00e-03 | 2.0s
epoch  205 | loss 63.5207 | lr 8.99e-03 | 2.0s
epoch  206 | loss 63.6034 | lr 8.98e-03 | 2.0s
epoch  207 | loss 63.4068 | lr 8.97e-03 | 2.0s
epoch  208 | loss 63.6338 | lr 8.96e-03 | 2.0s
epoch  209 | loss 63.2884 | lr 8.95e-03 | 2.0s
epoch  210 | loss 63.8966 | lr 8.94e-03 | 2.0s
epoch  211 | loss 63.9347 | lr 8.93e-03 | 2.1s
epoch  212 | loss 63.0871 | lr 8.92e-03 | 2.3s
epoch  213 | loss 63.5547 | lr 8.91e-03 | 2.1s
epoch  214 | loss 63.4979 | lr 8.90e-03 | 2.2s
epoch  215 | loss 63.8797 | lr 8.89e-03 | 2.2s
epoch  216 | loss 64.0413 | lr 8.88e-03 | 2.2s
epoch  217 | loss 63.4267 | lr 8.87e-03 | 2.2s
epoch  218 | loss 63.9802 | lr 8.86e-03 | 2.2s
epoch  219 | loss 63.4387 | lr 8.85e-03 | 2.1s
epoch  220 | loss 64.0044 | lr 8.84e-03 | 2.1s
epoch  221 | loss 63.8893 | lr 8.83e-03 | 2.1s
epoch  222 | loss 63.5494 | lr 8.82e-03 | 2.0s
epoch  223 | loss 64.0738 | lr 8.81e-03 | 2.0s
epoch  224 | loss 63.8193 | lr 8.80e-03 | 2.0s
epoch  225 | loss 63.9498 | lr 8.79e-03 | 2.0s
epoch  226 | loss 63.5629 | lr 8.78e-03 | 2.0s
epoch  227 | loss 64.0174 | lr 8.77e-03 | 2.0s
epoch  228 | loss 63.7601 | lr 8.76e-03 | 2.0s
epoch  229 | loss 63.4718 | lr 8.75e-03 | 2.0s
epoch  230 | loss 63.4058 | lr 8.74e-03 | 2.0s
epoch  231 | loss 63.8553 | lr 8.73e-03 | 2.0s
epoch  232 | loss 63.7962 | lr 8.72e-03 | 2.0s
epoch  233 | loss 63.4256 | lr 8.71e-03 | 2.0s
epoch  234 | loss 63.6704 | lr 8.70e-03 | 2.0s
epoch  235 | loss 63.7964 | lr 8.69e-03 | 2.0s
epoch  236 | loss 63.8038 | lr 8.68e-03 | 2.0s
epoch  237 | loss 63.4729 | lr 8.67e-03 | 2.0s
epoch  238 | loss 63.7236 | lr 8.66e-03 | 2.0s
epoch  239 | loss 63.6122 | lr 8.64e-03 | 2.0s
epoch  240 | loss 64.1829 | lr 8.63e-03 | 2.0s
epoch  241 | loss 63.4667 | lr 8.62e-03 | 2.0s
epoch  242 | loss 63.3991 | lr 8.61e-03 | 2.1s
epoch  243 | loss 63.5180 | lr 8.60e-03 | 2.1s
epoch  244 | loss 63.4584 | lr 8.59e-03 | 2.1s
epoch  245 | loss 63.7202 | lr 8.58e-03 | 2.1s
epoch  246 | loss 63.8061 | lr 8.57e-03 | 2.0s
epoch  247 | loss 63.9446 | lr 8.56e-03 | 2.0s
epoch  248 | loss 63.4486 | lr 8.55e-03 | 2.0s
epoch  249 | loss 63.1776 | lr 8.54e-03 | 2.0s
epoch  250 | loss 63.8351 | lr 8.52e-03 | 2.0s
epoch  251 | loss 63.4091 | lr 8.51e-03 | 2.0s
epoch  252 | loss 63.2541 | lr 8.50e-03 | 2.0s
epoch  253 | loss 63.0617 | lr 8.49e-03 | 2.0s
epoch  254 | loss 63.1356 | lr 8.48e-03 | 2.0s
epoch  255 | loss 63.8558 | lr 8.47e-03 | 2.0s
epoch  256 | loss 63.7196 | lr 8.46e-03 | 2.0s
epoch  257 | loss 62.7508 | lr 8.45e-03 | 2.1s
epoch  258 | loss 63.3179 | lr 8.43e-03 | 2.1s
epoch  259 | loss 63.3725 | lr 8.42e-03 | 2.1s
epoch  260 | loss 63.1142 | lr 8.41e-03 | 2.0s
epoch  261 | loss 63.7136 | lr 8.40e-03 | 2.0s
epoch  262 | loss 63.7028 | lr 8.39e-03 | 2.0s
epoch  263 | loss 63.4804 | lr 8.38e-03 | 2.0s
epoch  264 | loss 63.4502 | lr 8.37e-03 | 2.0s
epoch  265 | loss 63.7334 | lr 8.35e-03 | 2.0s
epoch  266 | loss 63.2790 | lr 8.34e-03 | 2.0s
epoch  267 | loss 64.1057 | lr 8.33e-03 | 2.0s
epoch  268 | loss 63.0327 | lr 8.32e-03 | 2.0s
epoch  269 | loss 64.0206 | lr 8.31e-03 | 2.0s
epoch  270 | loss 63.6399 | lr 8.29e-03 | 2.0s
epoch  271 | loss 62.6242 | lr 8.28e-03 | 2.1s
epoch  272 | loss 63.1258 | lr 8.27e-03 | 2.1s
epoch  273 | loss 63.6397 | lr 8.26e-03 | 2.0s
epoch  274 | loss 64.0734 | lr 8.25e-03 | 2.0s
epoch  275 | loss 64.2820 | lr 8.24e-03 | 2.0s
epoch  276 | loss 63.4231 | lr 8.22e-03 | 2.0s
epoch  277 | loss 63.6601 | lr 8.21e-03 | 2.0s
epoch  278 | loss 63.7703 | lr 8.20e-03 | 2.0s
epoch  279 | loss 63.6807 | lr 8.19e-03 | 2.0s
epoch  280 | loss 63.0237 | lr 8.18e-03 | 2.0s
epoch  281 | loss 63.7841 | lr 8.16e-03 | 2.0s
epoch  282 | loss 63.6792 | lr 8.15e-03 | 2.0s
epoch  283 | loss 63.3792 | lr 8.14e-03 | 2.0s
epoch  284 | loss 63.6541 | lr 8.13e-03 | 2.0s
epoch  285 | loss 64.3704 | lr 8.11e-03 | 2.0s
epoch  286 | loss 63.8161 | lr 8.10e-03 | 2.0s
epoch  287 | loss 63.5575 | lr 8.09e-03 | 2.0s
epoch  288 | loss 63.7273 | lr 8.08e-03 | 2.0s
epoch  289 | loss 63.7546 | lr 8.06e-03 | 2.0s
epoch  290 | loss 63.9258 | lr 8.05e-03 | 2.0s
epoch  291 | loss 63.8389 | lr 8.04e-03 | 2.0s
epoch  292 | loss 64.1791 | lr 8.03e-03 | 2.0s
epoch  293 | loss 63.5692 | lr 8.01e-03 | 2.1s
epoch  294 | loss 63.1324 | lr 8.00e-03 | 2.1s
epoch  295 | loss 63.8282 | lr 7.99e-03 | 2.0s
epoch  296 | loss 63.8834 | lr 7.98e-03 | 2.0s
epoch  297 | loss 63.5101 | lr 7.96e-03 | 2.0s
epoch  298 | loss 63.4565 | lr 7.95e-03 | 2.0s
epoch  299 | loss 63.9181 | lr 7.94e-03 | 2.0s
epoch  300 | loss 63.6232 | lr 7.93e-03 | 2.0s
epoch  301 | loss 64.1401 | lr 7.91e-03 | 2.0s
epoch  302 | loss 63.5149 | lr 7.90e-03 | 2.0s
epoch  303 | loss 64.0496 | lr 7.89e-03 | 2.0s
epoch  304 | loss 63.8530 | lr 7.88e-03 | 2.0s
epoch  305 | loss 63.7923 | lr 7.86e-03 | 2.0s
epoch  306 | loss 64.2725 | lr 7.85e-03 | 2.0s
epoch  307 | loss 63.7117 | lr 7.84e-03 | 2.1s
epoch  308 | loss 63.1476 | lr 7.82e-03 | 2.0s
epoch  309 | loss 64.1862 | lr 7.81e-03 | 2.0s
epoch  310 | loss 63.5691 | lr 7.80e-03 | 2.0s
epoch  311 | loss 64.2388 | lr 7.78e-03 | 2.0s
epoch  312 | loss 63.7939 | lr 7.77e-03 | 2.0s
epoch  313 | loss 63.7520 | lr 7.76e-03 | 2.0s
epoch  314 | loss 63.7033 | lr 7.75e-03 | 2.0s
epoch  315 | loss 64.1977 | lr 7.73e-03 | 2.0s
epoch  316 | loss 63.6773 | lr 7.72e-03 | 2.0s
epoch  317 | loss 63.4578 | lr 7.71e-03 | 2.0s
epoch  318 | loss 64.0717 | lr 7.69e-03 | 2.0s
epoch  319 | loss 63.7555 | lr 7.68e-03 | 2.0s
epoch  320 | loss 63.4286 | lr 7.67e-03 | 2.0s
epoch  321 | loss 64.4951 | lr 7.65e-03 | 2.0s
epoch  322 | loss 64.3033 | lr 7.64e-03 | 2.0s
epoch  323 | loss 63.8616 | lr 7.63e-03 | 2.0s
epoch  324 | loss 63.2237 | lr 7.61e-03 | 2.0s
epoch  325 | loss 63.3309 | lr 7.60e-03 | 2.0s
epoch  326 | loss 63.0916 | lr 7.59e-03 | 2.0s
epoch  327 | loss 63.7348 | lr 7.57e-03 | 2.0s
epoch  328 | loss 64.0764 | lr 7.56e-03 | 2.0s
epoch  329 | loss 63.9661 | lr 7.55e-03 | 2.0s
epoch  330 | loss 63.5123 | lr 7.53e-03 | 2.0s
epoch  331 | loss 64.1465 | lr 7.52e-03 | 2.0s
epoch  332 | loss 64.3498 | lr 7.50e-03 | 2.0s
epoch  333 | loss 63.5107 | lr 7.49e-03 | 2.0s
epoch  334 | loss 63.8621 | lr 7.48e-03 | 2.0s
epoch  335 | loss 63.5397 | lr 7.46e-03 | 2.0s
epoch  336 | loss 63.6171 | lr 7.45e-03 | 2.0s
epoch  337 | loss 63.4329 | lr 7.44e-03 | 2.0s
epoch  338 | loss 63.4410 | lr 7.42e-03 | 2.0s
epoch  339 | loss 63.4485 | lr 7.41e-03 | 2.0s
epoch  340 | loss 63.5640 | lr 7.39e-03 | 2.0s
epoch  341 | loss 64.1733 | lr 7.38e-03 | 2.0s
epoch  342 | loss 63.7516 | lr 7.37e-03 | 2.0s
epoch  343 | loss 63.7175 | lr 7.35e-03 | 2.0s
epoch  344 | loss 62.8896 | lr 7.34e-03 | 2.0s
epoch  345 | loss 62.9471 | lr 7.33e-03 | 2.1s
epoch  346 | loss 64.1035 | lr 7.31e-03 | 2.1s
epoch  347 | loss 63.4723 | lr 7.30e-03 | 2.0s
epoch  348 | loss 63.4774 | lr 7.28e-03 | 2.0s
epoch  349 | loss 63.8690 | lr 7.27e-03 | 2.0s
epoch  350 | loss 64.3183 | lr 7.26e-03 | 2.0s
epoch  351 | loss 64.3134 | lr 7.24e-03 | 2.0s
epoch  352 | loss 63.4312 | lr 7.23e-03 | 2.0s
epoch  353 | loss 63.6977 | lr 7.21e-03 | 2.0s
epoch  354 | loss 63.6901 | lr 7.20e-03 | 2.0s
epoch  355 | loss 63.5661 | lr 7.19e-03 | 2.0s
epoch  356 | loss 64.0388 | lr 7.17e-03 | 2.0s
epoch  357 | loss 64.1801 | lr 7.16e-03 | 2.0s
epoch  358 | loss 64.0007 | lr 7.14e-03 | 2.0s
epoch  359 | loss 63.7546 | lr 7.13e-03 | 2.0s
epoch  360 | loss 63.7914 | lr 7.11e-03 | 2.0s
epoch  361 | loss 63.8492 | lr 7.10e-03 | 2.0s
epoch  362 | loss 63.1534 | lr 7.09e-03 | 2.0s
epoch  363 | loss 64.1940 | lr 7.07e-03 | 2.0s
epoch  364 | loss 64.1668 | lr 7.06e-03 | 2.0s
epoch  365 | loss 63.4818 | lr 7.04e-03 | 2.0s
epoch  366 | loss 63.8159 | lr 7.03e-03 | 2.0s
epoch  367 | loss 63.1334 | lr 7.01e-03 | 2.0s
epoch  368 | loss 63.9713 | lr 7.00e-03 | 2.0s
epoch  369 | loss 63.9932 | lr 6.99e-03 | 2.0s
epoch  370 | loss 62.9756 | lr 6.97e-03 | 2.1s
epoch  371 | loss 64.1125 | lr 6.96e-03 | 2.0s
epoch  372 | loss 63.3359 | lr 6.94e-03 | 2.1s
epoch  373 | loss 63.8526 | lr 6.93e-03 | 2.0s
epoch  374 | loss 63.8044 | lr 6.91e-03 | 2.0s
epoch  375 | loss 63.6751 | lr 6.90e-03 | 2.0s
epoch  376 | loss 63.2257 | lr 6.88e-03 | 2.0s
epoch  377 | loss 64.0081 | lr 6.87e-03 | 2.0s
epoch  378 | loss 63.8779 | lr 6.86e-03 | 2.1s
epoch  379 | loss 63.8623 | lr 6.84e-03 | 2.0s
epoch  380 | loss 63.8372 | lr 6.83e-03 | 2.0s
epoch  381 | loss 63.6580 | lr 6.81e-03 | 2.0s
epoch  382 | loss 63.6653 | lr 6.80e-03 | 2.0s
epoch  383 | loss 64.1957 | lr 6.78e-03 | 2.0s
epoch  384 | loss 63.3790 | lr 6.77e-03 | 2.0s
epoch  385 | loss 63.3420 | lr 6.75e-03 | 2.0s
epoch  386 | loss 63.3654 | lr 6.74e-03 | 2.1s
epoch  387 | loss 63.4915 | lr 6.72e-03 | 2.2s
epoch  388 | loss 64.4304 | lr 6.71e-03 | 2.1s
epoch  389 | loss 63.4449 | lr 6.69e-03 | 2.1s
epoch  390 | loss 64.0946 | lr 6.68e-03 | 2.0s
epoch  391 | loss 63.6326 | lr 6.66e-03 | 2.0s
epoch  392 | loss 63.3873 | lr 6.65e-03 | 2.0s
epoch  393 | loss 64.2550 | lr 6.63e-03 | 2.0s
epoch  394 | loss 64.4187 | lr 6.62e-03 | 2.0s
epoch  395 | loss 64.3395 | lr 6.60e-03 | 2.0s
epoch  396 | loss 62.9277 | lr 6.59e-03 | 2.0s
epoch  397 | loss 63.6615 | lr 6.57e-03 | 2.0s
epoch  398 | loss 64.0157 | lr 6.56e-03 | 2.0s
epoch  399 | loss 63.6493 | lr 6.55e-03 | 2.0s
epoch  400 | loss 63.5542 | lr 6.53e-03 | 2.0s
epoch  401 | loss 63.9897 | lr 6.52e-03 | 2.0s
epoch  402 | loss 63.9532 | lr 6.50e-03 | 2.0s
epoch  403 | loss 63.2446 | lr 6.49e-03 | 2.0s
epoch  404 | loss 63.5661 | lr 6.47e-03 | 2.0s
epoch  405 | loss 64.0858 | lr 6.46e-03 | 2.1s
epoch  406 | loss 64.2580 | lr 6.44e-03 | 2.1s
epoch  407 | loss 63.8956 | lr 6.43e-03 | 2.0s
epoch  408 | loss 64.0915 | lr 6.41e-03 | 2.0s
epoch  409 | loss 63.5625 | lr 6.39e-03 | 2.0s
epoch  410 | loss 64.1405 | lr 6.38e-03 | 2.0s
epoch  411 | loss 63.2761 | lr 6.36e-03 | 2.0s
epoch  412 | loss 63.3338 | lr 6.35e-03 | 2.0s
epoch  413 | loss 63.4875 | lr 6.33e-03 | 2.0s
epoch  414 | loss 64.0397 | lr 6.32e-03 | 2.0s
epoch  415 | loss 63.1973 | lr 6.30e-03 | 2.0s
epoch  416 | loss 63.2779 | lr 6.29e-03 | 2.0s
epoch  417 | loss 63.7830 | lr 6.27e-03 | 2.0s
epoch  418 | loss 63.8436 | lr 6.26e-03 | 2.0s
epoch  419 | loss 64.4144 | lr 6.24e-03 | 2.0s
epoch  420 | loss 63.7221 | lr 6.23e-03 | 2.0s
epoch  421 | loss 63.5808 | lr 6.21e-03 | 2.0s
epoch  422 | loss 64.8324 | lr 6.20e-03 | 2.0s
epoch  423 | loss 64.1101 | lr 6.18e-03 | 2.0s
epoch  424 | loss 63.8821 | lr 6.17e-03 | 2.0s
epoch  425 | loss 63.2690 | lr 6.15e-03 | 2.0s
epoch  426 | loss 64.0276 | lr 6.14e-03 | 2.0s
epoch  427 | loss 64.0397 | lr 6.12e-03 | 2.0s
epoch  428 | loss 63.9913 | lr 6.11e-03 | 2.0s
epoch  429 | loss 63.7963 | lr 6.09e-03 | 2.0s
epoch  430 | loss 63.8240 | lr 6.08e-03 | 2.1s
epoch  431 | loss 64.0923 | lr 6.06e-03 | 2.1s
epoch  432 | loss 64.1714 | lr 6.04e-03 | 2.1s
epoch  433 | loss 64.1346 | lr 6.03e-03 | 2.1s
epoch  434 | loss 64.2791 | lr 6.01e-03 | 2.0s
epoch  435 | loss 64.1433 | lr 6.00e-03 | 2.0s
epoch  436 | loss 63.6372 | lr 5.98e-03 | 2.0s
epoch  437 | loss 64.0164 | lr 5.97e-03 | 2.0s
epoch  438 | loss 64.0716 | lr 5.95e-03 | 2.0s
epoch  439 | loss 63.8030 | lr 5.94e-03 | 2.0s
epoch  440 | loss 64.5512 | lr 5.92e-03 | 2.0s
epoch  441 | loss 64.0814 | lr 5.91e-03 | 2.0s
epoch  442 | loss 64.5320 | lr 5.89e-03 | 2.0s
epoch  443 | loss 64.2185 | lr 5.88e-03 | 2.0s
epoch  444 | loss 63.9407 | lr 5.86e-03 | 2.0s
epoch  445 | loss 63.3595 | lr 5.84e-03 | 2.0s
epoch  446 | loss 63.2232 | lr 5.83e-03 | 2.0s
epoch  447 | loss 63.4109 | lr 5.81e-03 | 2.1s
epoch  448 | loss 63.9938 | lr 5.80e-03 | 2.2s
epoch  449 | loss 64.1403 | lr 5.78e-03 | 2.2s
epoch  450 | loss 64.1666 | lr 5.77e-03 | 2.0s
epoch  451 | loss 64.2530 | lr 5.75e-03 | 2.0s
epoch  452 | loss 63.6525 | lr 5.74e-03 | 2.0s
epoch  453 | loss 63.9045 | lr 5.72e-03 | 2.0s
epoch  454 | loss 64.2741 | lr 5.70e-03 | 2.0s
epoch  455 | loss 64.3791 | lr 5.69e-03 | 2.0s
epoch  456 | loss 64.0222 | lr 5.67e-03 | 2.0s
epoch  457 | loss 63.4063 | lr 5.66e-03 | 2.0s
epoch  458 | loss 63.4591 | lr 5.64e-03 | 2.0s
epoch  459 | loss 63.9353 | lr 5.63e-03 | 2.0s
epoch  460 | loss 64.0146 | lr 5.61e-03 | 2.0s
epoch  461 | loss 63.8507 | lr 5.60e-03 | 2.0s
epoch  462 | loss 63.9821 | lr 5.58e-03 | 2.0s
epoch  463 | loss 64.3920 | lr 5.56e-03 | 2.0s
epoch  464 | loss 63.6650 | lr 5.55e-03 | 2.0s
epoch  465 | loss 63.8792 | lr 5.53e-03 | 2.0s
epoch  466 | loss 63.7671 | lr 5.52e-03 | 2.0s
epoch  467 | loss 63.8179 | lr 5.50e-03 | 2.0s
epoch  468 | loss 64.0785 | lr 5.49e-03 | 2.0s
epoch  469 | loss 64.1190 | lr 5.47e-03 | 2.0s
epoch  470 | loss 63.7080 | lr 5.45e-03 | 2.0s
epoch  471 | loss 63.9379 | lr 5.44e-03 | 2.0s
epoch  472 | loss 64.2622 | lr 5.42e-03 | 2.0s
epoch  473 | loss 64.0431 | lr 5.41e-03 | 2.0s
epoch  474 | loss 63.7666 | lr 5.39e-03 | 2.0s
epoch  475 | loss 63.8017 | lr 5.38e-03 | 2.0s
epoch  476 | loss 64.3109 | lr 5.36e-03 | 2.0s
epoch  477 | loss 63.7402 | lr 5.35e-03 | 2.0s
epoch  478 | loss 64.6622 | lr 5.33e-03 | 2.0s
epoch  479 | loss 64.1178 | lr 5.31e-03 | 2.0s
epoch  480 | loss 63.4561 | lr 5.30e-03 | 2.0s
epoch  481 | loss 63.7213 | lr 5.28e-03 | 2.0s
epoch  482 | loss 63.8098 | lr 5.27e-03 | 2.1s
epoch  483 | loss 63.9465 | lr 5.25e-03 | 2.1s
epoch  484 | loss 64.5033 | lr 5.24e-03 | 2.1s
epoch  485 | loss 64.1642 | lr 5.22e-03 | 2.2s
epoch  486 | loss 64.5437 | lr 5.20e-03 | 2.1s
epoch  487 | loss 63.5362 | lr 5.19e-03 | 2.2s
epoch  488 | loss 64.3510 | lr 5.17e-03 | 2.0s
epoch  489 | loss 64.4554 | lr 5.16e-03 | 2.0s
epoch  490 | loss 64.6610 | lr 5.14e-03 | 2.0s
epoch  491 | loss 63.7457 | lr 5.13e-03 | 2.0s
epoch  492 | loss 63.6038 | lr 5.11e-03 | 2.0s
epoch  493 | loss 64.3953 | lr 5.09e-03 | 2.0s
epoch  494 | loss 64.5536 | lr 5.08e-03 | 2.0s
epoch  495 | loss 63.6435 | lr 5.06e-03 | 2.0s
epoch  496 | loss 64.3883 | lr 5.05e-03 | 2.0s
epoch  497 | loss 63.5196 | lr 5.03e-03 | 2.0s
epoch  498 | loss 63.9145 | lr 5.02e-03 | 2.0s
epoch  499 | loss 63.9844 | lr 5.00e-03 | 2.1s
epoch  500 | loss 63.7188 | lr 4.98e-03 | 2.3s
epoch  501 | loss 63.9614 | lr 4.97e-03 | 2.3s
epoch  502 | loss 63.7304 | lr 4.95e-03 | 2.2s
epoch  503 | loss 64.1090 | lr 4.94e-03 | 2.1s
epoch  504 | loss 63.6823 | lr 4.92e-03 | 2.2s
epoch  505 | loss 64.7721 | lr 4.91e-03 | 2.3s
epoch  506 | loss 63.7336 | lr 4.89e-03 | 2.2s
epoch  507 | loss 63.8556 | lr 4.87e-03 | 2.1s
epoch  508 | loss 63.9240 | lr 4.86e-03 | 2.2s
epoch  509 | loss 63.8595 | lr 4.84e-03 | 2.1s
epoch  510 | loss 63.6973 | lr 4.83e-03 | 2.1s
epoch  511 | loss 64.4650 | lr 4.81e-03 | 2.0s
epoch  512 | loss 63.5976 | lr 4.80e-03 | 2.0s
epoch  513 | loss 63.8229 | lr 4.78e-03 | 2.0s
epoch  514 | loss 63.4799 | lr 4.76e-03 | 2.0s
epoch  515 | loss 63.7137 | lr 4.75e-03 | 2.1s
epoch  516 | loss 64.3713 | lr 4.73e-03 | 2.0s
epoch  517 | loss 63.8207 | lr 4.72e-03 | 2.0s
epoch  518 | loss 64.2731 | lr 4.70e-03 | 2.0s
epoch  519 | loss 64.4399 | lr 4.69e-03 | 2.0s
epoch  520 | loss 64.9637 | lr 4.67e-03 | 2.0s
epoch  521 | loss 64.0782 | lr 4.65e-03 | 2.0s
epoch  522 | loss 63.8441 | lr 4.64e-03 | 2.0s
epoch  523 | loss 64.0078 | lr 4.62e-03 | 2.1s
epoch  524 | loss 63.7781 | lr 4.61e-03 | 2.1s
epoch  525 | loss 64.0361 | lr 4.59e-03 | 2.1s
epoch  526 | loss 63.7307 | lr 4.58e-03 | 2.1s
epoch  527 | loss 63.9938 | lr 4.56e-03 | 2.0s
epoch  528 | loss 63.7631 | lr 4.55e-03 | 2.0s
epoch  529 | loss 64.1521 | lr 4.53e-03 | 2.0s
epoch  530 | loss 64.0590 | lr 4.51e-03 | 2.0s
epoch  531 | loss 64.1230 | lr 4.50e-03 | 2.0s
epoch  532 | loss 64.2938 | lr 4.48e-03 | 2.0s
epoch  533 | loss 64.0335 | lr 4.47e-03 | 2.0s
epoch  534 | loss 64.4698 | lr 4.45e-03 | 2.0s
epoch  535 | loss 63.3663 | lr 4.44e-03 | 2.0s
epoch  536 | loss 64.1454 | lr 4.42e-03 | 2.0s
epoch  537 | loss 63.6237 | lr 4.40e-03 | 2.0s
epoch  538 | loss 63.9394 | lr 4.39e-03 | 2.1s
epoch  539 | loss 64.3963 | lr 4.37e-03 | 2.0s
epoch  540 | loss 64.5615 | lr 4.36e-03 | 2.0s
epoch  541 | loss 63.9523 | lr 4.34e-03 | 2.0s
epoch  542 | loss 64.0383 | lr 4.33e-03 | 2.0s
epoch  543 | loss 64.2609 | lr 4.31e-03 | 2.0s
epoch  544 | loss 64.1728 | lr 4.30e-03 | 2.1s
epoch  545 | loss 64.0858 | lr 4.28e-03 | 2.1s
epoch  546 | loss 64.0821 | lr 4.26e-03 | 2.0s
epoch  547 | loss 64.0958 | lr 4.25e-03 | 2.0s
epoch  548 | loss 63.9277 | lr 4.23e-03 | 2.0s
epoch  549 | loss 64.1883 | lr 4.22e-03 | 2.0s
epoch  550 | loss 64.0872 | lr 4.20e-03 | 2.0s
epoch  551 | loss 63.8633 | lr 4.19e-03 | 2.0s
epoch  552 | loss 64.4173 | lr 4.17e-03 | 2.0s
epoch  553 | loss 64.4239 | lr 4.16e-03 | 2.0s
epoch  554 | loss 63.4406 | lr 4.14e-03 | 2.0s
epoch  555 | loss 63.9217 | lr 4.12e-03 | 2.0s
epoch  556 | loss 64.2056 | lr 4.11e-03 | 2.0s
epoch  557 | loss 64.3078 | lr 4.09e-03 | 2.0s
epoch  558 | loss 64.0282 | lr 4.08e-03 | 2.0s
epoch  559 | loss 64.5072 | lr 4.06e-03 | 2.0s
epoch  560 | loss 63.9819 | lr 4.05e-03 | 2.0s
epoch  561 | loss 63.6069 | lr 4.03e-03 | 2.0s
epoch  562 | loss 64.2058 | lr 4.02e-03 | 2.0s
epoch  563 | loss 63.7966 | lr 4.00e-03 | 2.0s
epoch  564 | loss 64.1820 | lr 3.99e-03 | 2.0s
epoch  565 | loss 64.0947 | lr 3.97e-03 | 2.0s
epoch  566 | loss 63.8921 | lr 3.96e-03 | 2.0s
epoch  567 | loss 64.4013 | lr 3.94e-03 | 2.0s
epoch  568 | loss 64.2283 | lr 3.92e-03 | 2.0s
epoch  569 | loss 63.9177 | lr 3.91e-03 | 2.0s
epoch  570 | loss 64.2266 | lr 3.89e-03 | 2.0s
epoch  571 | loss 63.7577 | lr 3.88e-03 | 2.0s
epoch  572 | loss 64.1726 | lr 3.86e-03 | 2.1s
epoch  573 | loss 64.1728 | lr 3.85e-03 | 2.1s
epoch  574 | loss 64.5955 | lr 3.83e-03 | 2.0s
epoch  575 | loss 63.7528 | lr 3.82e-03 | 2.0s
epoch  576 | loss 63.8831 | lr 3.80e-03 | 2.0s
epoch  577 | loss 64.5194 | lr 3.79e-03 | 2.0s
epoch  578 | loss 64.3483 | lr 3.77e-03 | 2.0s
epoch  579 | loss 63.8895 | lr 3.76e-03 | 2.0s
epoch  580 | loss 64.1839 | lr 3.74e-03 | 2.0s
epoch  581 | loss 64.2680 | lr 3.73e-03 | 2.0s
epoch  582 | loss 64.6652 | lr 3.71e-03 | 2.0s
epoch  583 | loss 63.8585 | lr 3.70e-03 | 2.0s
epoch  584 | loss 64.1254 | lr 3.68e-03 | 2.0s
epoch  585 | loss 63.5884 | lr 3.67e-03 | 2.1s
epoch  586 | loss 64.3389 | lr 3.65e-03 | 2.0s
epoch  587 | loss 64.1175 | lr 3.64e-03 | 2.0s
epoch  588 | loss 64.1753 | lr 3.62e-03 | 2.0s
epoch  589 | loss 63.7733 | lr 3.61e-03 | 2.0s
epoch  590 | loss 64.4567 | lr 3.59e-03 | 2.0s
epoch  591 | loss 64.4868 | lr 3.57e-03 | 2.1s
epoch  592 | loss 64.4129 | lr 3.56e-03 | 2.0s
epoch  593 | loss 64.3238 | lr 3.54e-03 | 2.0s
epoch  594 | loss 64.0932 | lr 3.53e-03 | 2.0s
epoch  595 | loss 64.5731 | lr 3.51e-03 | 2.0s
epoch  596 | loss 63.5071 | lr 3.50e-03 | 2.0s
epoch  597 | loss 64.7855 | lr 3.48e-03 | 2.0s
epoch  598 | loss 64.2233 | lr 3.47e-03 | 2.0s
epoch  599 | loss 64.2259 | lr 3.45e-03 | 2.0s
epoch  600 | loss 63.8194 | lr 3.44e-03 | 2.0s
epoch  601 | loss 63.5521 | lr 3.43e-03 | 2.0s
epoch  602 | loss 64.1965 | lr 3.41e-03 | 2.0s
epoch  603 | loss 63.5564 | lr 3.40e-03 | 2.0s
epoch  604 | loss 64.3456 | lr 3.38e-03 | 2.0s
epoch  605 | loss 64.4638 | lr 3.37e-03 | 2.0s
epoch  606 | loss 64.5813 | lr 3.35e-03 | 2.0s
epoch  607 | loss 64.3881 | lr 3.34e-03 | 2.0s
epoch  608 | loss 64.1753 | lr 3.32e-03 | 2.0s
epoch  609 | loss 64.0560 | lr 3.31e-03 | 2.0s
epoch  610 | loss 64.5626 | lr 3.29e-03 | 2.0s
epoch  611 | loss 64.1007 | lr 3.28e-03 | 2.0s
epoch  612 | loss 64.0294 | lr 3.26e-03 | 2.0s
epoch  613 | loss 63.8875 | lr 3.25e-03 | 2.0s
epoch  614 | loss 64.0573 | lr 3.23e-03 | 2.0s
epoch  615 | loss 64.4788 | lr 3.22e-03 | 2.0s
epoch  616 | loss 63.6610 | lr 3.20e-03 | 2.0s
epoch  617 | loss 64.1803 | lr 3.19e-03 | 2.0s
epoch  618 | loss 64.4875 | lr 3.17e-03 | 2.0s
epoch  619 | loss 64.6042 | lr 3.16e-03 | 2.0s
epoch  620 | loss 64.1713 | lr 3.14e-03 | 2.0s
epoch  621 | loss 64.4080 | lr 3.13e-03 | 2.0s
epoch  622 | loss 64.4063 | lr 3.12e-03 | 2.0s
epoch  623 | loss 63.8727 | lr 3.10e-03 | 2.0s
epoch  624 | loss 63.7324 | lr 3.09e-03 | 2.0s
epoch  625 | loss 64.6873 | lr 3.07e-03 | 2.1s
epoch  626 | loss 63.7640 | lr 3.06e-03 | 2.0s
epoch  627 | loss 63.9472 | lr 3.04e-03 | 2.0s
epoch  628 | loss 64.0867 | lr 3.03e-03 | 2.0s
epoch  629 | loss 64.1654 | lr 3.01e-03 | 2.1s
epoch  630 | loss 63.6624 | lr 3.00e-03 | 2.1s
epoch  631 | loss 64.0094 | lr 2.99e-03 | 2.0s
epoch  632 | loss 64.9852 | lr 2.97e-03 | 2.0s
epoch  633 | loss 64.4252 | lr 2.96e-03 | 2.0s
epoch  634 | loss 64.4059 | lr 2.94e-03 | 2.0s
epoch  635 | loss 64.9524 | lr 2.93e-03 | 2.0s
epoch  636 | loss 64.5468 | lr 2.91e-03 | 2.1s
epoch  637 | loss 64.0953 | lr 2.90e-03 | 2.0s
epoch  638 | loss 64.5588 | lr 2.89e-03 | 2.0s
epoch  639 | loss 64.5988 | lr 2.87e-03 | 2.1s
epoch  640 | loss 64.0905 | lr 2.86e-03 | 2.0s
epoch  641 | loss 63.8083 | lr 2.84e-03 | 2.0s
epoch  642 | loss 63.8927 | lr 2.83e-03 | 2.0s
epoch  643 | loss 64.7976 | lr 2.81e-03 | 2.0s
epoch  644 | loss 64.6067 | lr 2.80e-03 | 2.0s
epoch  645 | loss 64.5506 | lr 2.79e-03 | 2.0s
epoch  646 | loss 64.4841 | lr 2.77e-03 | 2.0s
epoch  647 | loss 64.8632 | lr 2.76e-03 | 2.1s
epoch  648 | loss 64.8571 | lr 2.74e-03 | 2.1s
epoch  649 | loss 64.3297 | lr 2.73e-03 | 2.0s
epoch  650 | loss 64.5906 | lr 2.72e-03 | 2.0s
epoch  651 | loss 64.0994 | lr 2.70e-03 | 2.0s
epoch  652 | loss 64.0208 | lr 2.69e-03 | 2.0s
epoch  653 | loss 63.8710 | lr 2.67e-03 | 2.0s
epoch  654 | loss 64.9405 | lr 2.66e-03 | 2.0s
epoch  655 | loss 63.9849 | lr 2.65e-03 | 2.0s
epoch  656 | loss 64.5901 | lr 2.63e-03 | 2.0s
epoch  657 | loss 64.6701 | lr 2.62e-03 | 2.1s
epoch  658 | loss 64.6455 | lr 2.61e-03 | 2.1s
epoch  659 | loss 63.7379 | lr 2.59e-03 | 2.1s
epoch  660 | loss 63.8431 | lr 2.58e-03 | 2.0s
epoch  661 | loss 64.0550 | lr 2.56e-03 | 2.0s
epoch  662 | loss 64.5169 | lr 2.55e-03 | 2.0s
epoch  663 | loss 64.4923 | lr 2.54e-03 | 2.0s
epoch  664 | loss 64.5286 | lr 2.52e-03 | 2.0s
epoch  665 | loss 63.4310 | lr 2.51e-03 | 2.0s
epoch  666 | loss 64.2927 | lr 2.50e-03 | 2.0s
epoch  667 | loss 64.8297 | lr 2.48e-03 | 2.0s
epoch  668 | loss 64.0546 | lr 2.47e-03 | 2.0s
epoch  669 | loss 63.4573 | lr 2.45e-03 | 2.0s
epoch  670 | loss 64.4056 | lr 2.44e-03 | 2.0s
epoch  671 | loss 64.6720 | lr 2.43e-03 | 2.0s
epoch  672 | loss 63.8093 | lr 2.41e-03 | 2.1s
epoch  673 | loss 63.9708 | lr 2.40e-03 | 2.1s
epoch  674 | loss 64.1959 | lr 2.39e-03 | 2.1s
epoch  675 | loss 64.4521 | lr 2.37e-03 | 2.1s
epoch  676 | loss 64.7945 | lr 2.36e-03 | 2.1s
epoch  677 | loss 64.7700 | lr 2.35e-03 | 2.1s
epoch  678 | loss 64.9017 | lr 2.33e-03 | 2.0s
epoch  679 | loss 64.4283 | lr 2.32e-03 | 2.0s
epoch  680 | loss 64.3281 | lr 2.31e-03 | 2.0s
epoch  681 | loss 64.3238 | lr 2.29e-03 | 2.0s
epoch  682 | loss 63.5787 | lr 2.28e-03 | 2.0s
epoch  683 | loss 63.7491 | lr 2.27e-03 | 2.0s
epoch  684 | loss 64.6411 | lr 2.25e-03 | 2.0s
epoch  685 | loss 63.9786 | lr 2.24e-03 | 2.0s
epoch  686 | loss 64.2061 | lr 2.23e-03 | 2.0s
epoch  687 | loss 64.9345 | lr 2.22e-03 | 2.0s
epoch  688 | loss 64.2682 | lr 2.20e-03 | 2.0s
epoch  689 | loss 64.0554 | lr 2.19e-03 | 2.0s
epoch  690 | loss 64.9082 | lr 2.18e-03 | 2.1s
epoch  691 | loss 64.9693 | lr 2.16e-03 | 2.0s
epoch  692 | loss 64.3320 | lr 2.15e-03 | 2.1s
epoch  693 | loss 65.0463 | lr 2.14e-03 | 2.0s
epoch  694 | loss 63.4231 | lr 2.12e-03 | 2.0s
epoch  695 | loss 64.4546 | lr 2.11e-03 | 2.0s
epoch  696 | loss 64.4280 | lr 2.10e-03 | 2.0s
epoch  697 | loss 64.0982 | lr 2.09e-03 | 2.0s
epoch  698 | loss 64.7976 | lr 2.07e-03 | 2.0s
epoch  699 | loss 64.5485 | lr 2.06e-03 | 2.0s
epoch  700 | loss 64.8531 | lr 2.05e-03 | 2.0s
epoch  701 | loss 64.3116 | lr 2.04e-03 | 2.0s
epoch  702 | loss 64.3640 | lr 2.02e-03 | 2.0s
epoch  703 | loss 64.6246 | lr 2.01e-03 | 2.0s
epoch  704 | loss 64.3893 | lr 2.00e-03 | 2.0s
epoch  705 | loss 64.2447 | lr 1.99e-03 | 2.1s
epoch  706 | loss 63.9577 | lr 1.97e-03 | 2.1s
epoch  707 | loss 64.5312 | lr 1.96e-03 | 2.2s
epoch  708 | loss 64.3545 | lr 1.95e-03 | 2.1s
epoch  709 | loss 64.5781 | lr 1.94e-03 | 2.0s
epoch  710 | loss 64.1525 | lr 1.92e-03 | 2.0s
epoch  711 | loss 64.6336 | lr 1.91e-03 | 2.0s
epoch  712 | loss 64.0209 | lr 1.90e-03 | 2.0s
epoch  713 | loss 63.7222 | lr 1.89e-03 | 2.0s
epoch  714 | loss 64.6195 | lr 1.87e-03 | 2.0s
epoch  715 | loss 64.5003 | lr 1.86e-03 | 2.0s
epoch  716 | loss 64.8105 | lr 1.85e-03 | 2.0s
epoch  717 | loss 64.5175 | lr 1.84e-03 | 2.0s
epoch  718 | loss 64.3388 | lr 1.82e-03 | 2.0s
epoch  719 | loss 64.1767 | lr 1.81e-03 | 2.0s
epoch  720 | loss 63.6970 | lr 1.80e-03 | 2.1s
epoch  721 | loss 64.4619 | lr 1.79e-03 | 2.0s
epoch  722 | loss 64.1246 | lr 1.78e-03 | 2.0s
epoch  723 | loss 64.2129 | lr 1.76e-03 | 2.0s
epoch  724 | loss 64.1593 | lr 1.75e-03 | 2.0s
epoch  725 | loss 64.6174 | lr 1.74e-03 | 2.1s
epoch  726 | loss 64.1933 | lr 1.73e-03 | 2.3s
epoch  727 | loss 64.8517 | lr 1.72e-03 | 2.1s
epoch  728 | loss 64.3622 | lr 1.71e-03 | 2.2s
epoch  729 | loss 64.1767 | lr 1.69e-03 | 2.1s
epoch  730 | loss 64.8334 | lr 1.68e-03 | 2.0s
epoch  731 | loss 64.5489 | lr 1.67e-03 | 2.0s
epoch  732 | loss 64.5280 | lr 1.66e-03 | 2.0s
epoch  733 | loss 63.7626 | lr 1.65e-03 | 2.0s
epoch  734 | loss 64.0988 | lr 1.63e-03 | 2.0s
epoch  735 | loss 65.0875 | lr 1.62e-03 | 2.0s
epoch  736 | loss 64.3128 | lr 1.61e-03 | 2.0s
epoch  737 | loss 64.5963 | lr 1.60e-03 | 2.0s
epoch  738 | loss 64.6876 | lr 1.59e-03 | 2.0s
epoch  739 | loss 64.6310 | lr 1.58e-03 | 2.0s
epoch  740 | loss 64.5389 | lr 1.57e-03 | 2.0s
epoch  741 | loss 64.4953 | lr 1.55e-03 | 2.0s
epoch  742 | loss 64.8202 | lr 1.54e-03 | 2.0s
epoch  743 | loss 64.7107 | lr 1.53e-03 | 2.0s
epoch  744 | loss 65.2144 | lr 1.52e-03 | 2.0s
epoch  745 | loss 63.8315 | lr 1.51e-03 | 2.0s
epoch  746 | loss 64.4170 | lr 1.50e-03 | 2.0s
epoch  747 | loss 64.5342 | lr 1.49e-03 | 2.0s
epoch  748 | loss 64.7824 | lr 1.48e-03 | 2.0s
epoch  749 | loss 64.5729 | lr 1.46e-03 | 2.0s
epoch  750 | loss 64.3987 | lr 1.45e-03 | 2.0s
epoch  751 | loss 64.4260 | lr 1.44e-03 | 2.0s
epoch  752 | loss 64.5782 | lr 1.43e-03 | 2.0s
epoch  753 | loss 65.0160 | lr 1.42e-03 | 2.0s
epoch  754 | loss 64.3784 | lr 1.41e-03 | 2.0s
epoch  755 | loss 64.4906 | lr 1.40e-03 | 2.0s
epoch  756 | loss 64.7803 | lr 1.39e-03 | 2.0s
epoch  757 | loss 64.2294 | lr 1.38e-03 | 2.1s
epoch  758 | loss 64.9982 | lr 1.37e-03 | 2.1s
epoch  759 | loss 65.1123 | lr 1.36e-03 | 2.0s
epoch  760 | loss 64.6510 | lr 1.34e-03 | 2.0s
epoch  761 | loss 64.7916 | lr 1.33e-03 | 2.0s
epoch  762 | loss 64.7971 | lr 1.32e-03 | 2.0s
epoch  763 | loss 64.6875 | lr 1.31e-03 | 2.0s
epoch  764 | loss 64.4883 | lr 1.30e-03 | 2.0s
epoch  765 | loss 64.1904 | lr 1.29e-03 | 2.0s
epoch  766 | loss 64.2607 | lr 1.28e-03 | 2.0s
epoch  767 | loss 64.5156 | lr 1.27e-03 | 2.0s
epoch  768 | loss 64.4298 | lr 1.26e-03 | 2.0s
epoch  769 | loss 64.6026 | lr 1.25e-03 | 2.0s
epoch  770 | loss 64.6818 | lr 1.24e-03 | 2.1s
epoch  771 | loss 64.5085 | lr 1.23e-03 | 2.1s
epoch  772 | loss 64.2237 | lr 1.22e-03 | 2.2s
epoch  773 | loss 64.6095 | lr 1.21e-03 | 2.1s
epoch  774 | loss 65.1361 | lr 1.20e-03 | 2.0s
epoch  775 | loss 64.3711 | lr 1.19e-03 | 2.0s
epoch  776 | loss 65.2069 | lr 1.18e-03 | 2.0s
epoch  777 | loss 65.0269 | lr 1.17e-03 | 2.0s
epoch  778 | loss 63.9952 | lr 1.16e-03 | 2.0s
epoch  779 | loss 64.4802 | lr 1.15e-03 | 2.0s
epoch  780 | loss 64.6295 | lr 1.14e-03 | 2.0s
epoch  781 | loss 65.1350 | lr 1.13e-03 | 2.0s
epoch  782 | loss 64.3937 | lr 1.12e-03 | 2.0s
epoch  783 | loss 64.9213 | lr 1.11e-03 | 2.0s
epoch  784 | loss 64.5970 | lr 1.10e-03 | 2.0s
epoch  785 | loss 64.6505 | lr 1.09e-03 | 2.0s
epoch  786 | loss 64.3275 | lr 1.08e-03 | 2.0s
epoch  787 | loss 65.2396 | lr 1.07e-03 | 2.0s
epoch  788 | loss 64.2014 | lr 1.06e-03 | 2.0s
epoch  789 | loss 64.6647 | lr 1.05e-03 | 2.0s
epoch  790 | loss 64.4296 | lr 1.04e-03 | 2.0s
epoch  791 | loss 64.6787 | lr 1.03e-03 | 2.0s
epoch  792 | loss 64.9840 | lr 1.02e-03 | 2.0s
epoch  793 | loss 65.1550 | lr 1.01e-03 | 2.0s
epoch  794 | loss 64.6709 | lr 1.00e-03 | 2.0s
epoch  795 | loss 64.9665 | lr 9.92e-04 | 2.0s
epoch  796 | loss 64.7779 | lr 9.83e-04 | 2.0s
epoch  797 | loss 64.4791 | lr 9.73e-04 | 2.0s
epoch  798 | loss 64.9603 | lr 9.64e-04 | 2.0s
epoch  799 | loss 64.9432 | lr 9.55e-04 | 2.0s
epoch  800 | loss 64.2294 | lr 9.46e-04 | 2.0s
epoch  801 | loss 64.4181 | lr 9.37e-04 | 2.0s
epoch  802 | loss 64.6801 | lr 9.27e-04 | 2.0s
epoch  803 | loss 64.5271 | lr 9.18e-04 | 2.0s
epoch  804 | loss 64.4046 | lr 9.09e-04 | 2.0s
epoch  805 | loss 64.7857 | lr 9.00e-04 | 2.0s
epoch  806 | loss 64.1693 | lr 8.91e-04 | 2.1s
epoch  807 | loss 64.7061 | lr 8.82e-04 | 2.1s
epoch  808 | loss 65.0180 | lr 8.73e-04 | 2.0s
epoch  809 | loss 64.5945 | lr 8.65e-04 | 2.0s
epoch  810 | loss 65.2641 | lr 8.56e-04 | 2.0s
epoch  811 | loss 64.6585 | lr 8.47e-04 | 2.0s
epoch  812 | loss 64.6717 | lr 8.38e-04 | 2.0s
epoch  813 | loss 65.3520 | lr 8.30e-04 | 2.0s
epoch  814 | loss 64.5252 | lr 8.21e-04 | 2.0s
epoch  815 | loss 64.6342 | lr 8.12e-04 | 2.1s
epoch  816 | loss 64.7813 | lr 8.04e-04 | 2.0s
epoch  817 | loss 64.4199 | lr 7.95e-04 | 2.0s
epoch  818 | loss 64.4051 | lr 7.87e-04 | 2.0s
epoch  819 | loss 64.9238 | lr 7.78e-04 | 2.0s
epoch  820 | loss 65.0515 | lr 7.70e-04 | 2.0s
epoch  821 | loss 64.8642 | lr 7.62e-04 | 2.0s
epoch  822 | loss 64.7214 | lr 7.53e-04 | 2.0s
epoch  823 | loss 64.4386 | lr 7.45e-04 | 2.0s
epoch  824 | loss 65.3869 | lr 7.37e-04 | 2.0s
epoch  825 | loss 64.3041 | lr 7.29e-04 | 2.0s
epoch  826 | loss 65.0961 | lr 7.20e-04 | 2.0s
epoch  827 | loss 64.0400 | lr 7.12e-04 | 2.0s
epoch  828 | loss 64.7445 | lr 7.04e-04 | 2.0s
epoch  829 | loss 64.5415 | lr 6.96e-04 | 2.0s
epoch  830 | loss 64.1797 | lr 6.88e-04 | 2.0s
epoch  831 | loss 64.5742 | lr 6.80e-04 | 2.0s
epoch  832 | loss 64.8191 | lr 6.72e-04 | 2.0s
epoch  833 | loss 65.2091 | lr 6.65e-04 | 2.0s
epoch  834 | loss 65.2794 | lr 6.57e-04 | 2.0s
epoch  835 | loss 64.0265 | lr 6.49e-04 | 2.0s
epoch  836 | loss 65.2192 | lr 6.41e-04 | 2.0s
epoch  837 | loss 64.7264 | lr 6.34e-04 | 2.0s
epoch  838 | loss 65.4509 | lr 6.26e-04 | 2.0s
epoch  839 | loss 64.4191 | lr 6.18e-04 | 2.0s
epoch  840 | loss 64.8274 | lr 6.11e-04 | 2.0s
epoch  841 | loss 64.7924 | lr 6.03e-04 | 2.0s
epoch  842 | loss 65.2272 | lr 5.96e-04 | 2.0s
epoch  843 | loss 64.8859 | lr 5.89e-04 | 2.0s
epoch  844 | loss 64.6475 | lr 5.81e-04 | 2.0s
epoch  845 | loss 65.0452 | lr 5.74e-04 | 2.0s
epoch  846 | loss 64.9229 | lr 5.67e-04 | 2.0s
epoch  847 | loss 64.4148 | lr 5.59e-04 | 2.0s
epoch  848 | loss 64.7527 | lr 5.52e-04 | 2.0s
epoch  849 | loss 64.5310 | lr 5.45e-04 | 2.0s
epoch  850 | loss 64.6165 | lr 5.38e-04 | 2.0s
epoch  851 | loss 65.2410 | lr 5.31e-04 | 2.0s
epoch  852 | loss 64.9236 | lr 5.24e-04 | 2.0s
epoch  853 | loss 64.8956 | lr 5.17e-04 | 2.0s
epoch  854 | loss 64.2179 | lr 5.10e-04 | 2.0s
epoch  855 | loss 64.3395 | lr 5.03e-04 | 2.0s
epoch  856 | loss 64.5737 | lr 4.96e-04 | 2.0s
epoch  857 | loss 65.0302 | lr 4.89e-04 | 2.0s
epoch  858 | loss 64.7155 | lr 4.83e-04 | 2.0s
epoch  859 | loss 64.5271 | lr 4.76e-04 | 2.0s
epoch  860 | loss 64.0722 | lr 4.69e-04 | 2.0s
epoch  861 | loss 65.3235 | lr 4.63e-04 | 2.0s
epoch  862 | loss 64.2479 | lr 4.56e-04 | 2.0s
epoch  863 | loss 65.0914 | lr 4.49e-04 | 2.0s
epoch  864 | loss 65.1343 | lr 4.43e-04 | 2.0s
epoch  865 | loss 64.8776 | lr 4.37e-04 | 2.0s
epoch  866 | loss 65.5389 | lr 4.30e-04 | 2.0s
epoch  867 | loss 64.7893 | lr 4.24e-04 | 2.0s
epoch  868 | loss 65.5642 | lr 4.17e-04 | 2.0s
epoch  869 | loss 65.0862 | lr 4.11e-04 | 2.0s
epoch  870 | loss 64.0624 | lr 4.05e-04 | 2.0s
epoch  871 | loss 65.2012 | lr 3.99e-04 | 2.0s
epoch  872 | loss 64.7771 | lr 3.93e-04 | 2.0s
epoch  873 | loss 64.8103 | lr 3.87e-04 | 2.0s
epoch  874 | loss 64.7201 | lr 3.81e-04 | 2.0s
epoch  875 | loss 64.6417 | lr 3.75e-04 | 2.0s
epoch  876 | loss 64.9555 | lr 3.69e-04 | 2.0s
epoch  877 | loss 65.1333 | lr 3.63e-04 | 2.0s
epoch  878 | loss 65.8761 | lr 3.57e-04 | 2.0s
epoch  879 | loss 65.2436 | lr 3.51e-04 | 2.0s
epoch  880 | loss 64.7267 | lr 3.45e-04 | 2.0s
epoch  881 | loss 64.6436 | lr 3.40e-04 | 2.0s
epoch  882 | loss 65.0587 | lr 3.34e-04 | 2.0s
epoch  883 | loss 65.0234 | lr 3.28e-04 | 2.0s
epoch  884 | loss 64.5909 | lr 3.23e-04 | 2.0s
epoch  885 | loss 64.6562 | lr 3.17e-04 | 2.0s
epoch  886 | loss 64.7724 | lr 3.12e-04 | 2.0s
epoch  887 | loss 64.8662 | lr 3.06e-04 | 2.0s
epoch  888 | loss 64.3197 | lr 3.01e-04 | 2.0s
epoch  889 | loss 64.6006 | lr 2.96e-04 | 2.0s
epoch  890 | loss 64.4683 | lr 2.90e-04 | 2.0s
epoch  891 | loss 65.5955 | lr 2.85e-04 | 2.0s
epoch  892 | loss 64.8715 | lr 2.80e-04 | 2.0s
epoch  893 | loss 65.2256 | lr 2.75e-04 | 2.0s
epoch  894 | loss 65.1473 | lr 2.70e-04 | 2.0s
epoch  895 | loss 64.7010 | lr 2.65e-04 | 2.0s
epoch  896 | loss 65.0106 | lr 2.59e-04 | 2.0s
epoch  897 | loss 65.1157 | lr 2.55e-04 | 2.1s
epoch  898 | loss 65.0402 | lr 2.50e-04 | 2.2s
epoch  899 | loss 64.9211 | lr 2.45e-04 | 2.1s
epoch  900 | loss 64.7523 | lr 2.40e-04 | 2.1s
epoch  901 | loss 64.8101 | lr 2.35e-04 | 2.0s
epoch  902 | loss 65.4886 | lr 2.30e-04 | 2.0s
epoch  903 | loss 64.9844 | lr 2.26e-04 | 2.0s
epoch  904 | loss 65.4812 | lr 2.21e-04 | 2.0s
epoch  905 | loss 65.0838 | lr 2.16e-04 | 2.0s
epoch  906 | loss 64.6618 | lr 2.12e-04 | 2.0s
epoch  907 | loss 64.5643 | lr 2.07e-04 | 2.0s
epoch  908 | loss 64.5912 | lr 2.03e-04 | 2.0s
epoch  909 | loss 64.7983 | lr 1.99e-04 | 2.0s
epoch  910 | loss 65.1255 | lr 1.94e-04 | 2.0s
epoch  911 | loss 64.7264 | lr 1.90e-04 | 2.0s
epoch  912 | loss 65.5325 | lr 1.86e-04 | 2.0s
epoch  913 | loss 65.2041 | lr 1.81e-04 | 2.0s
epoch  914 | loss 65.4756 | lr 1.77e-04 | 2.1s
epoch  915 | loss 64.9487 | lr 1.73e-04 | 2.2s
epoch  916 | loss 64.9834 | lr 1.69e-04 | 2.1s
epoch  917 | loss 65.1429 | lr 1.65e-04 | 2.1s
epoch  918 | loss 64.8397 | lr 1.61e-04 | 2.2s
epoch  919 | loss 64.7082 | lr 1.57e-04 | 2.1s
epoch  920 | loss 64.7037 | lr 1.53e-04 | 2.0s
epoch  921 | loss 64.5763 | lr 1.49e-04 | 2.0s
epoch  922 | loss 64.7534 | lr 1.46e-04 | 2.0s
epoch  923 | loss 64.6317 | lr 1.42e-04 | 2.0s
epoch  924 | loss 65.1169 | lr 1.38e-04 | 2.0s
epoch  925 | loss 65.0823 | lr 1.35e-04 | 2.0s
epoch  926 | loss 65.1417 | lr 1.31e-04 | 2.0s
epoch  927 | loss 65.1443 | lr 1.27e-04 | 2.0s
epoch  928 | loss 64.9445 | lr 1.24e-04 | 2.0s
epoch  929 | loss 64.9809 | lr 1.20e-04 | 2.0s
epoch  930 | loss 64.8369 | lr 1.17e-04 | 2.0s
epoch  931 | loss 65.3251 | lr 1.14e-04 | 2.1s
epoch  932 | loss 65.1166 | lr 1.10e-04 | 2.1s
epoch  933 | loss 64.8613 | lr 1.07e-04 | 2.1s
epoch  934 | loss 65.4185 | lr 1.04e-04 | 2.1s
epoch  935 | loss 65.2701 | lr 1.01e-04 | 2.0s
epoch  936 | loss 64.9783 | lr 9.76e-05 | 2.0s
epoch  937 | loss 64.9519 | lr 9.45e-05 | 2.0s
epoch  938 | loss 65.0345 | lr 9.15e-05 | 2.0s
epoch  939 | loss 65.8316 | lr 8.86e-05 | 2.0s
epoch  940 | loss 64.3373 | lr 8.56e-05 | 2.0s
epoch  941 | loss 65.6258 | lr 8.28e-05 | 2.0s
epoch  942 | loss 65.3260 | lr 8.00e-05 | 2.0s
epoch  943 | loss 65.1255 | lr 7.72e-05 | 2.0s
epoch  944 | loss 65.4019 | lr 7.45e-05 | 2.0s
epoch  945 | loss 64.7551 | lr 7.18e-05 | 2.0s
epoch  946 | loss 65.0223 | lr 6.91e-05 | 2.0s
epoch  947 | loss 65.3175 | lr 6.66e-05 | 2.0s
epoch  948 | loss 65.8832 | lr 6.40e-05 | 2.0s
epoch  949 | loss 65.4749 | lr 6.16e-05 | 2.1s
epoch  950 | loss 64.7889 | lr 5.91e-05 | 2.1s
epoch  951 | loss 64.5272 | lr 5.67e-05 | 2.0s
epoch  952 | loss 64.6982 | lr 5.44e-05 | 2.0s
epoch  953 | loss 65.1344 | lr 5.21e-05 | 2.0s
epoch  954 | loss 64.9029 | lr 4.99e-05 | 2.1s
epoch  955 | loss 64.9275 | lr 4.77e-05 | 2.1s
epoch  956 | loss 65.4587 | lr 4.56e-05 | 2.0s
epoch  957 | loss 65.1357 | lr 4.35e-05 | 2.0s
epoch  958 | loss 65.0170 | lr 4.14e-05 | 2.0s
epoch  959 | loss 65.0105 | lr 3.94e-05 | 2.0s
epoch  960 | loss 65.1744 | lr 3.75e-05 | 2.0s
epoch  961 | loss 64.8893 | lr 3.56e-05 | 2.0s
epoch  962 | loss 65.0027 | lr 3.37e-05 | 2.0s
epoch  963 | loss 65.3268 | lr 3.19e-05 | 2.0s
epoch  964 | loss 65.2682 | lr 3.02e-05 | 2.1s
epoch  965 | loss 64.6908 | lr 2.85e-05 | 2.1s
epoch  966 | loss 65.1093 | lr 2.68e-05 | 2.0s
epoch  967 | loss 65.2136 | lr 2.52e-05 | 2.0s
epoch  968 | loss 65.3557 | lr 2.37e-05 | 2.0s
epoch  969 | loss 64.9386 | lr 2.22e-05 | 2.0s
epoch  970 | loss 65.7273 | lr 2.07e-05 | 2.0s
epoch  971 | loss 64.9963 | lr 1.93e-05 | 2.1s
epoch  972 | loss 65.0012 | lr 1.80e-05 | 2.0s
epoch  973 | loss 65.2874 | lr 1.67e-05 | 2.0s
epoch  974 | loss 65.2867 | lr 1.54e-05 | 2.0s
epoch  975 | loss 65.5819 | lr 1.42e-05 | 2.0s
epoch  976 | loss 65.0290 | lr 1.30e-05 | 2.0s
epoch  977 | loss 65.3091 | lr 1.19e-05 | 2.1s
epoch  978 | loss 64.8188 | lr 1.09e-05 | 2.1s
epoch  979 | loss 65.2857 | lr 9.87e-06 | 2.1s
epoch  980 | loss 64.7952 | lr 8.90e-06 | 2.0s
epoch  981 | loss 65.6878 | lr 7.99e-06 | 2.0s
epoch  982 | loss 65.4154 | lr 7.13e-06 | 2.0s
epoch  983 | loss 64.8081 | lr 6.32e-06 | 2.0s
epoch  984 | loss 65.2351 | lr 5.55e-06 | 2.0s
epoch  985 | loss 64.4226 | lr 4.84e-06 | 2.0s
epoch  986 | loss 64.2828 | lr 4.17e-06 | 2.0s
epoch  987 | loss 65.6493 | lr 3.55e-06 | 2.0s
epoch  988 | loss 64.9838 | lr 2.99e-06 | 2.1s
epoch  989 | loss 64.9218 | lr 2.47e-06 | 2.1s
epoch  990 | loss 65.4747 | lr 2.00e-06 | 2.2s
epoch  991 | loss 65.4778 | lr 1.58e-06 | 2.2s
epoch  992 | loss 65.2652 | lr 1.21e-06 | 2.1s
epoch  993 | loss 65.2572 | lr 8.88e-07 | 2.1s
epoch  994 | loss 65.2468 | lr 6.17e-07 | 2.1s
epoch  995 | loss 64.7463 | lr 3.95e-07 | 2.1s
epoch  996 | loss 65.2979 | lr 2.22e-07 | 2.1s
epoch  997 | loss 65.2162 | lr 9.87e-08 | 2.1s
epoch  998 | loss 64.8524 | lr 2.47e-08 | 2.1s
epoch  999 | loss 64.9202 | lr 0.00e+00 | 2.1s
final loss: 64.9202
