model params: 6,045,569
device: cuda
puzzle: state_size=120 moves=24
training: {'n_epochs': 1000, 'samples_per_epoch': 1000000, 'batch_size': 16384, 'k_max': 80, 'lr': 0.002, 'weight_decay': 0.0, 'checkpoint_every_epochs': 100, 'n_back': 1, 'loss': 'mse', 'amp': True, 'compile_model': False, 'fused_optimizer': True, 'optimizer': 'muon', 'muon_lr': 0.005, 'muon_momentum': 0.95, 'muon_weight_decay': 0.01, 'muon_ns_steps': 5, 'device': 'cuda', 'seed': 311}
[Muon split] Muon: 6 tensors, 6,029,312 params; AdamW: 21 tensors, 16,257 params
epoch    0 | loss 675.1833 | lr 5.00e-03 | 2.6s
epoch    1 | loss 127.8505 | lr 5.00e-03 | 2.3s
epoch    2 | loss 81.4535 | lr 5.00e-03 | 2.2s
epoch    3 | loss 74.9757 | lr 5.00e-03 | 2.1s
epoch    4 | loss 72.2116 | lr 5.00e-03 | 2.1s
epoch    5 | loss 71.6788 | lr 5.00e-03 | 2.1s
epoch    6 | loss 70.5063 | lr 5.00e-03 | 2.1s
epoch    7 | loss 69.3634 | lr 5.00e-03 | 2.2s
epoch    8 | loss 68.7355 | lr 5.00e-03 | 2.1s
epoch    9 | loss 67.8368 | lr 5.00e-03 | 2.1s
epoch   10 | loss 67.3593 | lr 5.00e-03 | 2.1s
epoch   11 | loss 66.8634 | lr 5.00e-03 | 2.0s
epoch   12 | loss 66.5364 | lr 5.00e-03 | 2.0s
epoch   13 | loss 67.1358 | lr 5.00e-03 | 2.0s
epoch   14 | loss 67.0516 | lr 5.00e-03 | 2.0s
epoch   15 | loss 66.3167 | lr 5.00e-03 | 2.0s
epoch   16 | loss 66.2174 | lr 5.00e-03 | 2.0s
epoch   17 | loss 65.5483 | lr 5.00e-03 | 2.0s
epoch   18 | loss 65.8737 | lr 5.00e-03 | 2.0s
epoch   19 | loss 65.1225 | lr 5.00e-03 | 2.0s
epoch   20 | loss 66.2146 | lr 4.99e-03 | 2.0s
epoch   21 | loss 65.6728 | lr 4.99e-03 | 2.0s
epoch   22 | loss 65.1696 | lr 4.99e-03 | 2.0s
epoch   23 | loss 65.2465 | lr 4.99e-03 | 2.0s
epoch   24 | loss 64.6826 | lr 4.99e-03 | 2.0s
epoch   25 | loss 65.9110 | lr 4.99e-03 | 2.0s
epoch   26 | loss 65.1624 | lr 4.99e-03 | 2.0s
epoch   27 | loss 64.9572 | lr 4.99e-03 | 2.0s
epoch   28 | loss 64.6991 | lr 4.99e-03 | 2.0s
epoch   29 | loss 64.1380 | lr 4.99e-03 | 2.0s
epoch   30 | loss 64.3101 | lr 4.99e-03 | 2.0s
epoch   31 | loss 64.8946 | lr 4.99e-03 | 2.0s
epoch   32 | loss 64.7433 | lr 4.99e-03 | 2.1s
epoch   33 | loss 64.8437 | lr 4.99e-03 | 2.1s
epoch   34 | loss 65.0119 | lr 4.98e-03 | 2.0s
epoch   35 | loss 64.8739 | lr 4.98e-03 | 2.0s
epoch   36 | loss 64.7255 | lr 4.98e-03 | 2.0s
epoch   37 | loss 64.4365 | lr 4.98e-03 | 2.0s
epoch   38 | loss 64.4691 | lr 4.98e-03 | 2.0s
epoch   39 | loss 65.4962 | lr 4.98e-03 | 2.0s
epoch   40 | loss 64.7426 | lr 4.98e-03 | 2.0s
epoch   41 | loss 64.3381 | lr 4.98e-03 | 2.0s
epoch   42 | loss 63.4966 | lr 4.98e-03 | 2.1s
epoch   43 | loss 64.0290 | lr 4.98e-03 | 2.2s
epoch   44 | loss 63.8651 | lr 4.98e-03 | 2.0s
epoch   45 | loss 64.4917 | lr 4.97e-03 | 2.0s
epoch   46 | loss 64.3700 | lr 4.97e-03 | 2.0s
epoch   47 | loss 64.3835 | lr 4.97e-03 | 2.0s
epoch   48 | loss 64.0449 | lr 4.97e-03 | 2.0s
epoch   49 | loss 64.7875 | lr 4.97e-03 | 2.0s
epoch   50 | loss 64.2124 | lr 4.97e-03 | 2.0s
epoch   51 | loss 64.8854 | lr 4.97e-03 | 2.0s
epoch   52 | loss 64.3273 | lr 4.97e-03 | 2.1s
epoch   53 | loss 64.1337 | lr 4.96e-03 | 2.1s
epoch   54 | loss 63.5834 | lr 4.96e-03 | 2.1s
epoch   55 | loss 64.6165 | lr 4.96e-03 | 2.1s
epoch   56 | loss 64.7343 | lr 4.96e-03 | 2.0s
epoch   57 | loss 64.5986 | lr 4.96e-03 | 2.0s
epoch   58 | loss 64.6608 | lr 4.96e-03 | 2.0s
epoch   59 | loss 64.4793 | lr 4.96e-03 | 2.0s
epoch   60 | loss 65.0033 | lr 4.95e-03 | 2.0s
epoch   61 | loss 64.8087 | lr 4.95e-03 | 2.0s
epoch   62 | loss 64.4349 | lr 4.95e-03 | 2.0s
epoch   63 | loss 64.0580 | lr 4.95e-03 | 2.0s
epoch   64 | loss 63.9709 | lr 4.95e-03 | 2.0s
epoch   65 | loss 64.0525 | lr 4.95e-03 | 2.0s
epoch   66 | loss 65.0670 | lr 4.94e-03 | 2.0s
epoch   67 | loss 64.5417 | lr 4.94e-03 | 2.0s
epoch   68 | loss 63.9013 | lr 4.94e-03 | 2.0s
epoch   69 | loss 64.3636 | lr 4.94e-03 | 2.1s
epoch   70 | loss 63.8114 | lr 4.94e-03 | 2.0s
epoch   71 | loss 64.3087 | lr 4.94e-03 | 2.0s
epoch   72 | loss 64.4656 | lr 4.93e-03 | 2.0s
epoch   73 | loss 64.2334 | lr 4.93e-03 | 2.0s
epoch   74 | loss 63.6528 | lr 4.93e-03 | 2.0s
epoch   75 | loss 64.3257 | lr 4.93e-03 | 2.0s
epoch   76 | loss 64.6266 | lr 4.93e-03 | 2.0s
epoch   77 | loss 64.5821 | lr 4.93e-03 | 2.1s
epoch   78 | loss 64.0239 | lr 4.92e-03 | 2.1s
epoch   79 | loss 64.3862 | lr 4.92e-03 | 2.0s
epoch   80 | loss 64.3517 | lr 4.92e-03 | 2.0s
epoch   81 | loss 64.8031 | lr 4.92e-03 | 2.0s
epoch   82 | loss 64.1826 | lr 4.92e-03 | 2.0s
epoch   83 | loss 64.2928 | lr 4.91e-03 | 2.0s
epoch   84 | loss 64.7272 | lr 4.91e-03 | 2.0s
epoch   85 | loss 64.2221 | lr 4.91e-03 | 2.0s
epoch   86 | loss 64.8210 | lr 4.91e-03 | 2.1s
epoch   87 | loss 63.9051 | lr 4.91e-03 | 2.0s
epoch   88 | loss 64.1202 | lr 4.90e-03 | 2.0s
epoch   89 | loss 64.6963 | lr 4.90e-03 | 2.0s
epoch   90 | loss 63.8703 | lr 4.90e-03 | 2.0s
epoch   91 | loss 63.8428 | lr 4.90e-03 | 2.0s
epoch   92 | loss 64.5946 | lr 4.89e-03 | 2.0s
epoch   93 | loss 64.9926 | lr 4.89e-03 | 2.1s
epoch   94 | loss 64.2596 | lr 4.89e-03 | 2.1s
epoch   95 | loss 63.6145 | lr 4.89e-03 | 2.1s
epoch   96 | loss 63.9259 | lr 4.88e-03 | 2.0s
epoch   97 | loss 63.6320 | lr 4.88e-03 | 2.0s
epoch   98 | loss 64.0795 | lr 4.88e-03 | 2.0s
epoch   99 | loss 64.0955 | lr 4.88e-03 | 2.0s
epoch  100 | loss 63.4550 | lr 4.88e-03 | 2.0s
epoch  101 | loss 64.1343 | lr 4.87e-03 | 2.0s
epoch  102 | loss 64.8095 | lr 4.87e-03 | 2.0s
epoch  103 | loss 64.9376 | lr 4.87e-03 | 2.0s
epoch  104 | loss 64.1542 | lr 4.87e-03 | 2.1s
epoch  105 | loss 63.9853 | lr 4.86e-03 | 2.0s
epoch  106 | loss 63.9434 | lr 4.86e-03 | 2.0s
epoch  107 | loss 64.9753 | lr 4.86e-03 | 2.0s
epoch  108 | loss 64.0066 | lr 4.85e-03 | 2.0s
epoch  109 | loss 64.2808 | lr 4.85e-03 | 2.0s
epoch  110 | loss 63.5297 | lr 4.85e-03 | 2.0s
epoch  111 | loss 63.8730 | lr 4.85e-03 | 2.0s
epoch  112 | loss 64.4712 | lr 4.84e-03 | 2.1s
epoch  113 | loss 64.2075 | lr 4.84e-03 | 2.1s
epoch  114 | loss 64.1277 | lr 4.84e-03 | 2.0s
epoch  115 | loss 64.3532 | lr 4.84e-03 | 2.0s
epoch  116 | loss 64.4202 | lr 4.83e-03 | 2.0s
epoch  117 | loss 63.6611 | lr 4.83e-03 | 2.0s
epoch  118 | loss 63.9636 | lr 4.83e-03 | 2.0s
epoch  119 | loss 64.2386 | lr 4.82e-03 | 2.0s
epoch  120 | loss 64.3751 | lr 4.82e-03 | 2.0s
epoch  121 | loss 64.3474 | lr 4.82e-03 | 2.0s
epoch  122 | loss 63.8519 | lr 4.82e-03 | 2.0s
epoch  123 | loss 64.1516 | lr 4.81e-03 | 2.2s
epoch  124 | loss 64.1027 | lr 4.81e-03 | 2.2s
epoch  125 | loss 64.1955 | lr 4.81e-03 | 2.1s
epoch  126 | loss 64.7692 | lr 4.80e-03 | 2.1s
epoch  127 | loss 64.4454 | lr 4.80e-03 | 2.0s
epoch  128 | loss 64.1091 | lr 4.80e-03 | 2.0s
epoch  129 | loss 63.6632 | lr 4.79e-03 | 2.1s
epoch  130 | loss 64.2065 | lr 4.79e-03 | 2.1s
epoch  131 | loss 65.0102 | lr 4.79e-03 | 2.0s
epoch  132 | loss 63.9600 | lr 4.78e-03 | 2.0s
epoch  133 | loss 63.9963 | lr 4.78e-03 | 2.0s
epoch  134 | loss 64.1441 | lr 4.78e-03 | 2.0s
epoch  135 | loss 63.8636 | lr 4.78e-03 | 2.0s
epoch  136 | loss 63.7455 | lr 4.77e-03 | 2.0s
epoch  137 | loss 64.4562 | lr 4.77e-03 | 2.0s
epoch  138 | loss 63.6875 | lr 4.77e-03 | 2.0s
epoch  139 | loss 64.2255 | lr 4.76e-03 | 2.0s
epoch  140 | loss 64.5305 | lr 4.76e-03 | 2.0s
epoch  141 | loss 63.6398 | lr 4.76e-03 | 2.0s
epoch  142 | loss 64.1159 | lr 4.75e-03 | 2.0s
epoch  143 | loss 64.1564 | lr 4.75e-03 | 2.0s
epoch  144 | loss 64.4043 | lr 4.75e-03 | 2.0s
epoch  145 | loss 64.1572 | lr 4.74e-03 | 2.0s
epoch  146 | loss 63.6837 | lr 4.74e-03 | 2.0s
epoch  147 | loss 64.8832 | lr 4.73e-03 | 2.0s
epoch  148 | loss 64.3880 | lr 4.73e-03 | 2.0s
epoch  149 | loss 65.1491 | lr 4.73e-03 | 2.0s
epoch  150 | loss 64.1497 | lr 4.72e-03 | 2.0s
epoch  151 | loss 63.7603 | lr 4.72e-03 | 2.0s
epoch  152 | loss 63.9386 | lr 4.72e-03 | 2.0s
epoch  153 | loss 63.3489 | lr 4.71e-03 | 2.0s
epoch  154 | loss 64.2258 | lr 4.71e-03 | 2.0s
epoch  155 | loss 64.3305 | lr 4.71e-03 | 2.0s
epoch  156 | loss 64.3616 | lr 4.70e-03 | 2.0s
epoch  157 | loss 63.7766 | lr 4.70e-03 | 2.0s
epoch  158 | loss 64.3843 | lr 4.69e-03 | 2.0s
epoch  159 | loss 63.8083 | lr 4.69e-03 | 2.0s
epoch  160 | loss 63.7352 | lr 4.69e-03 | 2.0s
epoch  161 | loss 64.1560 | lr 4.68e-03 | 2.0s
epoch  162 | loss 63.7154 | lr 4.68e-03 | 2.0s
epoch  163 | loss 64.2781 | lr 4.68e-03 | 2.0s
epoch  164 | loss 63.9044 | lr 4.67e-03 | 2.0s
epoch  165 | loss 63.7217 | lr 4.67e-03 | 2.0s
epoch  166 | loss 64.0341 | lr 4.66e-03 | 2.0s
epoch  167 | loss 63.6525 | lr 4.66e-03 | 2.0s
epoch  168 | loss 64.3359 | lr 4.66e-03 | 2.0s
epoch  169 | loss 64.3009 | lr 4.65e-03 | 2.0s
epoch  170 | loss 64.1853 | lr 4.65e-03 | 2.0s
epoch  171 | loss 64.1539 | lr 4.64e-03 | 2.0s
epoch  172 | loss 63.9515 | lr 4.64e-03 | 2.0s
epoch  173 | loss 63.9308 | lr 4.64e-03 | 2.0s
epoch  174 | loss 63.9380 | lr 4.63e-03 | 2.0s
epoch  175 | loss 64.6592 | lr 4.63e-03 | 2.0s
epoch  176 | loss 63.9833 | lr 4.62e-03 | 2.0s
epoch  177 | loss 64.6728 | lr 4.62e-03 | 2.0s
epoch  178 | loss 63.8599 | lr 4.62e-03 | 2.0s
epoch  179 | loss 63.4764 | lr 4.61e-03 | 2.0s
epoch  180 | loss 64.1997 | lr 4.61e-03 | 2.0s
epoch  181 | loss 63.9750 | lr 4.60e-03 | 2.0s
epoch  182 | loss 63.7733 | lr 4.60e-03 | 2.0s
epoch  183 | loss 63.6151 | lr 4.59e-03 | 2.0s
epoch  184 | loss 63.8751 | lr 4.59e-03 | 2.0s
epoch  185 | loss 64.7565 | lr 4.59e-03 | 2.0s
epoch  186 | loss 63.8529 | lr 4.58e-03 | 2.0s
epoch  187 | loss 64.5737 | lr 4.58e-03 | 2.0s
epoch  188 | loss 64.4376 | lr 4.57e-03 | 2.0s
epoch  189 | loss 63.4740 | lr 4.57e-03 | 2.0s
epoch  190 | loss 63.9943 | lr 4.56e-03 | 2.0s
epoch  191 | loss 64.1013 | lr 4.56e-03 | 2.1s
epoch  192 | loss 64.4490 | lr 4.55e-03 | 2.2s
epoch  193 | loss 64.0247 | lr 4.55e-03 | 2.2s
epoch  194 | loss 63.7951 | lr 4.55e-03 | 2.2s
epoch  195 | loss 63.8456 | lr 4.54e-03 | 2.1s
epoch  196 | loss 63.7380 | lr 4.54e-03 | 2.1s
epoch  197 | loss 63.8136 | lr 4.53e-03 | 2.2s
epoch  198 | loss 63.8648 | lr 4.53e-03 | 2.3s
epoch  199 | loss 64.0559 | lr 4.52e-03 | 2.2s
epoch  200 | loss 64.3023 | lr 4.52e-03 | 2.3s
epoch  201 | loss 63.6220 | lr 4.51e-03 | 2.3s
epoch  202 | loss 63.8856 | lr 4.51e-03 | 2.1s
epoch  203 | loss 64.2598 | lr 4.50e-03 | 2.1s
epoch  204 | loss 63.9686 | lr 4.50e-03 | 2.1s
epoch  205 | loss 63.9876 | lr 4.49e-03 | 2.1s
epoch  206 | loss 63.8713 | lr 4.49e-03 | 2.0s
epoch  207 | loss 63.6568 | lr 4.48e-03 | 2.1s
epoch  208 | loss 63.6552 | lr 4.48e-03 | 2.3s
epoch  209 | loss 64.1784 | lr 4.48e-03 | 2.1s
epoch  210 | loss 64.1539 | lr 4.47e-03 | 2.1s
epoch  211 | loss 63.6190 | lr 4.47e-03 | 2.1s
epoch  212 | loss 63.8668 | lr 4.46e-03 | 2.1s
epoch  213 | loss 63.8245 | lr 4.46e-03 | 2.0s
epoch  214 | loss 64.2349 | lr 4.45e-03 | 2.1s
epoch  215 | loss 64.5844 | lr 4.45e-03 | 2.1s
epoch  216 | loss 63.8204 | lr 4.44e-03 | 2.1s
epoch  217 | loss 64.1954 | lr 4.44e-03 | 2.0s
epoch  218 | loss 63.9473 | lr 4.43e-03 | 2.0s
epoch  219 | loss 64.4117 | lr 4.43e-03 | 2.0s
epoch  220 | loss 63.9572 | lr 4.42e-03 | 2.0s
epoch  221 | loss 63.6942 | lr 4.42e-03 | 2.0s
epoch  222 | loss 64.4528 | lr 4.41e-03 | 2.0s
epoch  223 | loss 64.3027 | lr 4.41e-03 | 2.0s
epoch  224 | loss 64.2801 | lr 4.40e-03 | 2.0s
epoch  225 | loss 63.7735 | lr 4.40e-03 | 2.0s
epoch  226 | loss 64.3747 | lr 4.39e-03 | 2.0s
epoch  227 | loss 64.2036 | lr 4.39e-03 | 2.0s
epoch  228 | loss 64.0789 | lr 4.38e-03 | 2.0s
epoch  229 | loss 63.3779 | lr 4.38e-03 | 2.0s
epoch  230 | loss 64.2003 | lr 4.37e-03 | 2.0s
epoch  231 | loss 63.9778 | lr 4.36e-03 | 2.0s
epoch  232 | loss 64.1082 | lr 4.36e-03 | 2.0s
epoch  233 | loss 64.0275 | lr 4.35e-03 | 2.0s
epoch  234 | loss 63.9660 | lr 4.35e-03 | 2.0s
epoch  235 | loss 64.3141 | lr 4.34e-03 | 2.0s
epoch  236 | loss 63.6390 | lr 4.34e-03 | 2.0s
epoch  237 | loss 64.0830 | lr 4.33e-03 | 2.0s
epoch  238 | loss 64.2878 | lr 4.33e-03 | 2.0s
epoch  239 | loss 64.6351 | lr 4.32e-03 | 2.0s
epoch  240 | loss 63.8802 | lr 4.32e-03 | 2.0s
epoch  241 | loss 63.7726 | lr 4.31e-03 | 2.0s
epoch  242 | loss 63.7175 | lr 4.31e-03 | 2.0s
epoch  243 | loss 63.9710 | lr 4.30e-03 | 2.0s
epoch  244 | loss 63.8627 | lr 4.30e-03 | 2.0s
epoch  245 | loss 63.8333 | lr 4.29e-03 | 2.0s
epoch  246 | loss 64.0575 | lr 4.28e-03 | 2.0s
epoch  247 | loss 63.9742 | lr 4.28e-03 | 2.0s
epoch  248 | loss 63.3990 | lr 4.27e-03 | 2.0s
epoch  249 | loss 64.3594 | lr 4.27e-03 | 2.0s
epoch  250 | loss 63.7439 | lr 4.26e-03 | 2.0s
epoch  251 | loss 63.6599 | lr 4.26e-03 | 2.0s
epoch  252 | loss 63.6615 | lr 4.25e-03 | 2.0s
epoch  253 | loss 63.5235 | lr 4.25e-03 | 2.0s
epoch  254 | loss 64.3487 | lr 4.24e-03 | 2.1s
epoch  255 | loss 64.1685 | lr 4.23e-03 | 2.0s
epoch  256 | loss 63.1260 | lr 4.23e-03 | 2.0s
epoch  257 | loss 63.5850 | lr 4.22e-03 | 2.0s
epoch  258 | loss 64.0940 | lr 4.22e-03 | 2.0s
epoch  259 | loss 63.5649 | lr 4.21e-03 | 2.0s
epoch  260 | loss 63.8586 | lr 4.21e-03 | 2.0s
epoch  261 | loss 63.6744 | lr 4.20e-03 | 2.1s
epoch  262 | loss 63.7809 | lr 4.19e-03 | 2.1s
epoch  263 | loss 63.8330 | lr 4.19e-03 | 2.1s
epoch  264 | loss 64.2051 | lr 4.18e-03 | 2.0s
epoch  265 | loss 63.5133 | lr 4.18e-03 | 2.0s
epoch  266 | loss 64.2949 | lr 4.17e-03 | 2.0s
epoch  267 | loss 63.3816 | lr 4.17e-03 | 2.0s
epoch  268 | loss 64.3471 | lr 4.16e-03 | 2.0s
epoch  269 | loss 63.9173 | lr 4.15e-03 | 2.0s
epoch  270 | loss 63.1115 | lr 4.15e-03 | 2.0s
epoch  271 | loss 63.6557 | lr 4.14e-03 | 2.0s
epoch  272 | loss 64.0332 | lr 4.14e-03 | 2.0s
epoch  273 | loss 64.2590 | lr 4.13e-03 | 2.0s
epoch  274 | loss 64.8424 | lr 4.12e-03 | 2.0s
epoch  275 | loss 64.0762 | lr 4.12e-03 | 2.0s
epoch  276 | loss 64.1156 | lr 4.11e-03 | 2.1s
epoch  277 | loss 64.3622 | lr 4.11e-03 | 2.0s
epoch  278 | loss 64.0641 | lr 4.10e-03 | 2.0s
epoch  279 | loss 63.4780 | lr 4.09e-03 | 2.0s
epoch  280 | loss 64.3200 | lr 4.09e-03 | 2.0s
epoch  281 | loss 64.0592 | lr 4.08e-03 | 2.0s
epoch  282 | loss 63.5575 | lr 4.08e-03 | 2.0s
epoch  283 | loss 63.8096 | lr 4.07e-03 | 2.1s
epoch  284 | loss 64.5429 | lr 4.06e-03 | 2.1s
epoch  285 | loss 64.0963 | lr 4.06e-03 | 2.2s
epoch  286 | loss 63.7355 | lr 4.05e-03 | 2.2s
epoch  287 | loss 64.0450 | lr 4.04e-03 | 2.1s
epoch  288 | loss 63.8412 | lr 4.04e-03 | 2.1s
epoch  289 | loss 64.1181 | lr 4.03e-03 | 2.2s
epoch  290 | loss 64.0708 | lr 4.03e-03 | 2.2s
epoch  291 | loss 64.5967 | lr 4.02e-03 | 2.1s
epoch  292 | loss 64.0558 | lr 4.01e-03 | 2.0s
epoch  293 | loss 63.5656 | lr 4.01e-03 | 2.0s
epoch  294 | loss 64.0403 | lr 4.00e-03 | 2.0s
epoch  295 | loss 64.3554 | lr 3.99e-03 | 2.0s
epoch  296 | loss 63.6466 | lr 3.99e-03 | 2.0s
epoch  297 | loss 63.5475 | lr 3.98e-03 | 2.0s
epoch  298 | loss 64.3101 | lr 3.98e-03 | 2.0s
epoch  299 | loss 63.8062 | lr 3.97e-03 | 2.0s
epoch  300 | loss 64.4354 | lr 3.96e-03 | 2.0s
epoch  301 | loss 63.8076 | lr 3.96e-03 | 2.0s
epoch  302 | loss 64.0804 | lr 3.95e-03 | 2.0s
epoch  303 | loss 64.2555 | lr 3.94e-03 | 2.1s
epoch  304 | loss 64.0382 | lr 3.94e-03 | 2.1s
epoch  305 | loss 64.7274 | lr 3.93e-03 | 2.1s
epoch  306 | loss 64.1242 | lr 3.92e-03 | 2.0s
epoch  307 | loss 63.5297 | lr 3.92e-03 | 2.0s
epoch  308 | loss 64.6188 | lr 3.91e-03 | 2.0s
epoch  309 | loss 63.8581 | lr 3.91e-03 | 2.0s
epoch  310 | loss 64.5672 | lr 3.90e-03 | 2.0s
epoch  311 | loss 64.1954 | lr 3.89e-03 | 2.0s
epoch  312 | loss 63.9877 | lr 3.89e-03 | 2.0s
epoch  313 | loss 63.9147 | lr 3.88e-03 | 2.0s
epoch  314 | loss 64.4106 | lr 3.87e-03 | 2.0s
epoch  315 | loss 64.1253 | lr 3.87e-03 | 2.0s
epoch  316 | loss 63.8905 | lr 3.86e-03 | 2.1s
epoch  317 | loss 64.2975 | lr 3.85e-03 | 2.0s
epoch  318 | loss 64.1727 | lr 3.85e-03 | 2.0s
epoch  319 | loss 63.9345 | lr 3.84e-03 | 2.0s
epoch  320 | loss 64.8243 | lr 3.83e-03 | 2.0s
epoch  321 | loss 64.7275 | lr 3.83e-03 | 2.0s
epoch  322 | loss 64.1973 | lr 3.82e-03 | 2.0s
epoch  323 | loss 63.4667 | lr 3.81e-03 | 2.0s
epoch  324 | loss 63.7366 | lr 3.81e-03 | 2.0s
epoch  325 | loss 63.4837 | lr 3.80e-03 | 2.0s
epoch  326 | loss 64.0792 | lr 3.79e-03 | 2.0s
epoch  327 | loss 64.3242 | lr 3.79e-03 | 2.0s
epoch  328 | loss 64.1741 | lr 3.78e-03 | 2.0s
epoch  329 | loss 63.7930 | lr 3.77e-03 | 2.0s
epoch  330 | loss 64.5632 | lr 3.77e-03 | 2.0s
epoch  331 | loss 64.5958 | lr 3.76e-03 | 2.0s
epoch  332 | loss 63.9641 | lr 3.75e-03 | 2.0s
epoch  333 | loss 64.5120 | lr 3.75e-03 | 2.0s
epoch  334 | loss 63.9661 | lr 3.74e-03 | 2.0s
epoch  335 | loss 64.0429 | lr 3.73e-03 | 2.0s
epoch  336 | loss 63.4949 | lr 3.72e-03 | 2.0s
epoch  337 | loss 63.8945 | lr 3.72e-03 | 2.0s
epoch  338 | loss 63.8389 | lr 3.71e-03 | 2.0s
epoch  339 | loss 63.9204 | lr 3.70e-03 | 2.0s
epoch  340 | loss 64.4015 | lr 3.70e-03 | 2.0s
epoch  341 | loss 64.0329 | lr 3.69e-03 | 2.0s
epoch  342 | loss 63.8261 | lr 3.68e-03 | 2.0s
epoch  343 | loss 63.4987 | lr 3.68e-03 | 2.0s
epoch  344 | loss 63.4650 | lr 3.67e-03 | 2.0s
epoch  345 | loss 64.4102 | lr 3.66e-03 | 2.0s
epoch  346 | loss 63.7010 | lr 3.66e-03 | 2.1s
epoch  347 | loss 64.0570 | lr 3.65e-03 | 2.1s
epoch  348 | loss 64.1002 | lr 3.64e-03 | 2.1s
epoch  349 | loss 64.4824 | lr 3.63e-03 | 2.0s
epoch  350 | loss 64.4499 | lr 3.63e-03 | 2.0s
epoch  351 | loss 63.4694 | lr 3.62e-03 | 2.0s
epoch  352 | loss 63.8925 | lr 3.61e-03 | 2.0s
epoch  353 | loss 64.1479 | lr 3.61e-03 | 2.0s
epoch  354 | loss 64.0960 | lr 3.60e-03 | 2.0s
epoch  355 | loss 64.4334 | lr 3.59e-03 | 2.0s
epoch  356 | loss 64.1724 | lr 3.59e-03 | 2.0s
epoch  357 | loss 64.1327 | lr 3.58e-03 | 2.0s
epoch  358 | loss 64.0882 | lr 3.57e-03 | 2.1s
epoch  359 | loss 63.8994 | lr 3.56e-03 | 2.3s
epoch  360 | loss 64.2514 | lr 3.56e-03 | 2.1s
epoch  361 | loss 63.3394 | lr 3.55e-03 | 2.0s
epoch  362 | loss 64.6195 | lr 3.54e-03 | 2.0s
epoch  363 | loss 64.5005 | lr 3.54e-03 | 2.0s
epoch  364 | loss 63.8079 | lr 3.53e-03 | 2.0s
epoch  365 | loss 64.0714 | lr 3.52e-03 | 2.0s
epoch  366 | loss 63.4688 | lr 3.51e-03 | 2.0s
epoch  367 | loss 64.2358 | lr 3.51e-03 | 2.0s
epoch  368 | loss 64.4085 | lr 3.50e-03 | 2.0s
epoch  369 | loss 63.5494 | lr 3.49e-03 | 2.0s
epoch  370 | loss 64.6148 | lr 3.49e-03 | 2.0s
epoch  371 | loss 63.7504 | lr 3.48e-03 | 2.0s
epoch  372 | loss 64.0868 | lr 3.47e-03 | 2.0s
epoch  373 | loss 64.0989 | lr 3.46e-03 | 2.0s
epoch  374 | loss 63.9486 | lr 3.46e-03 | 2.0s
epoch  375 | loss 63.5273 | lr 3.45e-03 | 2.0s
epoch  376 | loss 64.0795 | lr 3.44e-03 | 2.0s
epoch  377 | loss 64.2245 | lr 3.43e-03 | 2.0s
epoch  378 | loss 63.9063 | lr 3.43e-03 | 2.0s
epoch  379 | loss 64.1297 | lr 3.42e-03 | 2.1s
epoch  380 | loss 64.1592 | lr 3.41e-03 | 2.1s
epoch  381 | loss 63.9105 | lr 3.41e-03 | 2.0s
epoch  382 | loss 64.2813 | lr 3.40e-03 | 2.0s
epoch  383 | loss 63.7592 | lr 3.39e-03 | 2.0s
epoch  384 | loss 63.5757 | lr 3.38e-03 | 2.0s
epoch  385 | loss 63.8414 | lr 3.38e-03 | 2.0s
epoch  386 | loss 63.9069 | lr 3.37e-03 | 2.0s
epoch  387 | loss 64.5195 | lr 3.36e-03 | 2.0s
epoch  388 | loss 63.7631 | lr 3.35e-03 | 2.0s
epoch  389 | loss 64.4468 | lr 3.35e-03 | 2.0s
epoch  390 | loss 63.7205 | lr 3.34e-03 | 2.0s
epoch  391 | loss 63.3362 | lr 3.33e-03 | 2.0s
epoch  392 | loss 64.4164 | lr 3.32e-03 | 2.0s
epoch  393 | loss 64.5643 | lr 3.32e-03 | 2.0s
epoch  394 | loss 64.4706 | lr 3.31e-03 | 2.0s
epoch  395 | loss 63.1899 | lr 3.30e-03 | 2.0s
epoch  396 | loss 63.9547 | lr 3.29e-03 | 2.0s
epoch  397 | loss 64.1837 | lr 3.29e-03 | 2.0s
epoch  398 | loss 63.8284 | lr 3.28e-03 | 2.0s
epoch  399 | loss 63.6966 | lr 3.27e-03 | 2.0s
epoch  400 | loss 64.3198 | lr 3.27e-03 | 2.0s
epoch  401 | loss 64.0544 | lr 3.26e-03 | 2.0s
epoch  402 | loss 63.5566 | lr 3.25e-03 | 2.0s
epoch  403 | loss 63.7378 | lr 3.24e-03 | 2.0s
epoch  404 | loss 64.2383 | lr 3.24e-03 | 2.1s
epoch  405 | loss 64.3859 | lr 3.23e-03 | 2.0s
epoch  406 | loss 64.1889 | lr 3.22e-03 | 2.0s
epoch  407 | loss 63.9041 | lr 3.21e-03 | 2.0s
epoch  408 | loss 63.7576 | lr 3.21e-03 | 2.0s
epoch  409 | loss 64.4977 | lr 3.20e-03 | 2.0s
epoch  410 | loss 63.6728 | lr 3.19e-03 | 2.0s
epoch  411 | loss 63.8473 | lr 3.18e-03 | 2.1s
epoch  412 | loss 63.6275 | lr 3.17e-03 | 2.1s
epoch  413 | loss 64.3317 | lr 3.17e-03 | 2.1s
epoch  414 | loss 63.4707 | lr 3.16e-03 | 2.0s
epoch  415 | loss 63.5850 | lr 3.15e-03 | 2.0s
epoch  416 | loss 63.9545 | lr 3.14e-03 | 2.0s
epoch  417 | loss 63.9591 | lr 3.14e-03 | 2.0s
epoch  418 | loss 64.8596 | lr 3.13e-03 | 2.0s
epoch  419 | loss 63.7631 | lr 3.12e-03 | 2.0s
epoch  420 | loss 63.7686 | lr 3.11e-03 | 2.0s
epoch  421 | loss 65.0446 | lr 3.11e-03 | 2.0s
epoch  422 | loss 64.2133 | lr 3.10e-03 | 2.0s
epoch  423 | loss 64.1251 | lr 3.09e-03 | 2.0s
epoch  424 | loss 63.4756 | lr 3.08e-03 | 2.0s
epoch  425 | loss 63.9783 | lr 3.08e-03 | 2.0s
epoch  426 | loss 64.4201 | lr 3.07e-03 | 2.0s
epoch  427 | loss 63.8654 | lr 3.06e-03 | 2.0s
epoch  428 | loss 64.0089 | lr 3.05e-03 | 2.0s
epoch  429 | loss 64.0091 | lr 3.05e-03 | 2.0s
epoch  430 | loss 64.4439 | lr 3.04e-03 | 2.0s
epoch  431 | loss 64.4156 | lr 3.03e-03 | 2.0s
epoch  432 | loss 64.4061 | lr 3.02e-03 | 2.0s
epoch  433 | loss 64.4843 | lr 3.01e-03 | 2.0s
epoch  434 | loss 64.4822 | lr 3.01e-03 | 2.0s
epoch  435 | loss 64.0183 | lr 3.00e-03 | 2.0s
epoch  436 | loss 64.3218 | lr 2.99e-03 | 2.0s
epoch  437 | loss 64.2394 | lr 2.98e-03 | 2.0s
epoch  438 | loss 63.8882 | lr 2.98e-03 | 2.0s
epoch  439 | loss 64.6926 | lr 2.97e-03 | 2.0s
epoch  440 | loss 64.3577 | lr 2.96e-03 | 2.0s
epoch  441 | loss 64.4363 | lr 2.95e-03 | 2.0s
epoch  442 | loss 64.5378 | lr 2.95e-03 | 2.0s
epoch  443 | loss 64.1699 | lr 2.94e-03 | 2.0s
epoch  444 | loss 63.8717 | lr 2.93e-03 | 2.1s
epoch  445 | loss 63.4459 | lr 2.92e-03 | 2.1s
epoch  446 | loss 63.6864 | lr 2.91e-03 | 2.1s
epoch  447 | loss 64.1420 | lr 2.91e-03 | 2.1s
epoch  448 | loss 64.6083 | lr 2.90e-03 | 2.0s
epoch  449 | loss 64.3874 | lr 2.89e-03 | 2.0s
epoch  450 | loss 64.3408 | lr 2.88e-03 | 2.0s
epoch  451 | loss 63.9179 | lr 2.88e-03 | 2.0s
epoch  452 | loss 64.0707 | lr 2.87e-03 | 2.0s
epoch  453 | loss 64.3554 | lr 2.86e-03 | 2.0s
epoch  454 | loss 64.5594 | lr 2.85e-03 | 2.0s
epoch  455 | loss 64.1390 | lr 2.84e-03 | 2.0s
epoch  456 | loss 63.4457 | lr 2.84e-03 | 2.0s
epoch  457 | loss 63.7896 | lr 2.83e-03 | 2.0s
epoch  458 | loss 64.0935 | lr 2.82e-03 | 2.1s
epoch  459 | loss 63.9473 | lr 2.81e-03 | 2.0s
epoch  460 | loss 63.9794 | lr 2.81e-03 | 2.0s
epoch  461 | loss 64.3277 | lr 2.80e-03 | 2.0s
epoch  462 | loss 64.5527 | lr 2.79e-03 | 2.0s
epoch  463 | loss 63.9313 | lr 2.78e-03 | 2.0s
epoch  464 | loss 64.0591 | lr 2.77e-03 | 2.0s
epoch  465 | loss 63.6734 | lr 2.77e-03 | 2.1s
epoch  466 | loss 64.1366 | lr 2.76e-03 | 2.0s
epoch  467 | loss 64.2486 | lr 2.75e-03 | 2.0s
epoch  468 | loss 64.2909 | lr 2.74e-03 | 2.0s
epoch  469 | loss 63.9076 | lr 2.74e-03 | 2.0s
epoch  470 | loss 63.9103 | lr 2.73e-03 | 2.0s
epoch  471 | loss 64.1944 | lr 2.72e-03 | 2.0s
epoch  472 | loss 64.0097 | lr 2.71e-03 | 2.0s
epoch  473 | loss 64.0267 | lr 2.70e-03 | 2.0s
epoch  474 | loss 64.0941 | lr 2.70e-03 | 2.0s
epoch  475 | loss 64.5632 | lr 2.69e-03 | 2.1s
epoch  476 | loss 63.8792 | lr 2.68e-03 | 2.1s
epoch  477 | loss 64.6399 | lr 2.67e-03 | 2.0s
epoch  478 | loss 64.4521 | lr 2.66e-03 | 2.0s
epoch  479 | loss 63.6926 | lr 2.66e-03 | 2.0s
epoch  480 | loss 63.8734 | lr 2.65e-03 | 2.0s
epoch  481 | loss 64.0444 | lr 2.64e-03 | 2.0s
epoch  482 | loss 63.9744 | lr 2.63e-03 | 2.0s
epoch  483 | loss 64.6232 | lr 2.63e-03 | 2.0s
epoch  484 | loss 64.2048 | lr 2.62e-03 | 2.0s
epoch  485 | loss 64.7507 | lr 2.61e-03 | 2.1s
epoch  486 | loss 63.7620 | lr 2.60e-03 | 2.0s
epoch  487 | loss 64.3308 | lr 2.59e-03 | 2.0s
epoch  488 | loss 64.5558 | lr 2.59e-03 | 2.0s
epoch  489 | loss 64.6919 | lr 2.58e-03 | 2.0s
epoch  490 | loss 64.0757 | lr 2.57e-03 | 2.0s
epoch  491 | loss 63.7129 | lr 2.56e-03 | 2.0s
epoch  492 | loss 64.3928 | lr 2.55e-03 | 2.0s
epoch  493 | loss 64.8534 | lr 2.55e-03 | 2.0s
epoch  494 | loss 63.9288 | lr 2.54e-03 | 2.0s
epoch  495 | loss 64.7540 | lr 2.53e-03 | 2.0s
epoch  496 | loss 63.6633 | lr 2.52e-03 | 2.0s
epoch  497 | loss 63.9034 | lr 2.52e-03 | 2.0s
epoch  498 | loss 64.3085 | lr 2.51e-03 | 2.0s
epoch  499 | loss 63.8965 | lr 2.50e-03 | 2.0s
epoch  500 | loss 63.9728 | lr 2.49e-03 | 2.0s
epoch  501 | loss 63.8645 | lr 2.48e-03 | 2.0s
epoch  502 | loss 64.0467 | lr 2.48e-03 | 2.0s
epoch  503 | loss 63.9896 | lr 2.47e-03 | 2.0s
epoch  504 | loss 64.7024 | lr 2.46e-03 | 2.0s
epoch  505 | loss 63.8406 | lr 2.45e-03 | 2.0s
epoch  506 | loss 63.8543 | lr 2.45e-03 | 2.0s
epoch  507 | loss 64.1419 | lr 2.44e-03 | 2.0s
epoch  508 | loss 63.9727 | lr 2.43e-03 | 2.0s
epoch  509 | loss 63.7850 | lr 2.42e-03 | 2.1s
epoch  510 | loss 64.6873 | lr 2.41e-03 | 2.0s
epoch  511 | loss 63.6902 | lr 2.41e-03 | 2.0s
epoch  512 | loss 64.0039 | lr 2.40e-03 | 2.0s
epoch  513 | loss 63.8459 | lr 2.39e-03 | 2.0s
epoch  514 | loss 63.9497 | lr 2.38e-03 | 2.0s
epoch  515 | loss 64.4170 | lr 2.37e-03 | 2.0s
epoch  516 | loss 64.2453 | lr 2.37e-03 | 2.1s
epoch  517 | loss 64.3857 | lr 2.36e-03 | 2.1s
epoch  518 | loss 64.7691 | lr 2.35e-03 | 2.1s
epoch  519 | loss 65.0754 | lr 2.34e-03 | 2.0s
epoch  520 | loss 64.0727 | lr 2.34e-03 | 2.0s
epoch  521 | loss 63.9321 | lr 2.33e-03 | 2.0s
epoch  522 | loss 64.2340 | lr 2.32e-03 | 2.0s
epoch  523 | loss 63.8606 | lr 2.31e-03 | 2.0s
epoch  524 | loss 64.1625 | lr 2.30e-03 | 2.0s
epoch  525 | loss 63.8840 | lr 2.30e-03 | 2.0s
epoch  526 | loss 64.1833 | lr 2.29e-03 | 2.0s
epoch  527 | loss 64.0820 | lr 2.28e-03 | 2.0s
epoch  528 | loss 64.2986 | lr 2.27e-03 | 2.2s
epoch  529 | loss 64.0774 | lr 2.26e-03 | 2.1s
epoch  530 | loss 64.0854 | lr 2.26e-03 | 2.2s
epoch  531 | loss 64.0316 | lr 2.25e-03 | 2.1s
epoch  532 | loss 64.0837 | lr 2.24e-03 | 2.1s
epoch  533 | loss 64.3959 | lr 2.23e-03 | 2.2s
epoch  534 | loss 63.7654 | lr 2.23e-03 | 2.0s
epoch  535 | loss 64.3540 | lr 2.22e-03 | 2.0s
epoch  536 | loss 63.8840 | lr 2.21e-03 | 2.0s
epoch  537 | loss 63.7881 | lr 2.20e-03 | 2.0s
epoch  538 | loss 64.5456 | lr 2.19e-03 | 2.0s
epoch  539 | loss 64.3118 | lr 2.19e-03 | 2.0s
epoch  540 | loss 64.0578 | lr 2.18e-03 | 2.0s
epoch  541 | loss 63.8995 | lr 2.17e-03 | 2.0s
epoch  542 | loss 64.4116 | lr 2.16e-03 | 2.0s
epoch  543 | loss 64.2979 | lr 2.16e-03 | 2.0s
epoch  544 | loss 64.1103 | lr 2.15e-03 | 2.0s
epoch  545 | loss 64.1550 | lr 2.14e-03 | 2.0s
epoch  546 | loss 63.9991 | lr 2.13e-03 | 2.0s
epoch  547 | loss 64.2745 | lr 2.12e-03 | 2.1s
epoch  548 | loss 64.3786 | lr 2.12e-03 | 2.1s
epoch  549 | loss 64.1701 | lr 2.11e-03 | 2.1s
epoch  550 | loss 64.1329 | lr 2.10e-03 | 2.0s
epoch  551 | loss 64.6087 | lr 2.09e-03 | 2.0s
epoch  552 | loss 64.3801 | lr 2.09e-03 | 2.0s
epoch  553 | loss 63.6673 | lr 2.08e-03 | 2.0s
epoch  554 | loss 64.3112 | lr 2.07e-03 | 2.0s
epoch  555 | loss 64.0885 | lr 2.06e-03 | 2.0s
epoch  556 | loss 64.2841 | lr 2.05e-03 | 2.0s
epoch  557 | loss 64.1245 | lr 2.05e-03 | 2.0s
epoch  558 | loss 64.7722 | lr 2.04e-03 | 2.0s
epoch  559 | loss 64.1417 | lr 2.03e-03 | 2.0s
epoch  560 | loss 63.6501 | lr 2.02e-03 | 2.0s
epoch  561 | loss 64.1507 | lr 2.02e-03 | 2.1s
epoch  562 | loss 63.7609 | lr 2.01e-03 | 2.1s
epoch  563 | loss 64.3104 | lr 2.00e-03 | 2.0s
epoch  564 | loss 64.3616 | lr 1.99e-03 | 2.0s
epoch  565 | loss 63.8903 | lr 1.99e-03 | 2.0s
epoch  566 | loss 64.1503 | lr 1.98e-03 | 2.1s
epoch  567 | loss 64.2738 | lr 1.97e-03 | 2.1s
epoch  568 | loss 63.9071 | lr 1.96e-03 | 2.0s
epoch  569 | loss 64.2553 | lr 1.95e-03 | 2.0s
epoch  570 | loss 64.0676 | lr 1.95e-03 | 2.0s
epoch  571 | loss 64.3031 | lr 1.94e-03 | 2.0s
epoch  572 | loss 64.1882 | lr 1.93e-03 | 2.0s
epoch  573 | loss 64.6550 | lr 1.92e-03 | 2.0s
epoch  574 | loss 63.9316 | lr 1.92e-03 | 2.0s
epoch  575 | loss 64.0566 | lr 1.91e-03 | 2.0s
epoch  576 | loss 64.3432 | lr 1.90e-03 | 2.0s
epoch  577 | loss 64.0763 | lr 1.89e-03 | 2.0s
epoch  578 | loss 63.7463 | lr 1.89e-03 | 2.0s
epoch  579 | loss 64.1275 | lr 1.88e-03 | 2.0s
epoch  580 | loss 64.2203 | lr 1.87e-03 | 2.0s
epoch  581 | loss 64.5686 | lr 1.86e-03 | 2.0s
epoch  582 | loss 64.1274 | lr 1.86e-03 | 2.0s
epoch  583 | loss 64.4823 | lr 1.85e-03 | 2.0s
epoch  584 | loss 63.7248 | lr 1.84e-03 | 2.0s
epoch  585 | loss 64.5785 | lr 1.83e-03 | 2.0s
epoch  586 | loss 64.0097 | lr 1.83e-03 | 2.0s
epoch  587 | loss 64.2895 | lr 1.82e-03 | 2.0s
epoch  588 | loss 63.8343 | lr 1.81e-03 | 2.0s
epoch  589 | loss 64.5520 | lr 1.80e-03 | 2.0s
epoch  590 | loss 64.7238 | lr 1.79e-03 | 2.0s
epoch  591 | loss 64.5922 | lr 1.79e-03 | 2.0s
epoch  592 | loss 64.5349 | lr 1.78e-03 | 2.0s
epoch  593 | loss 64.2616 | lr 1.77e-03 | 2.1s
epoch  594 | loss 64.4135 | lr 1.76e-03 | 2.2s
epoch  595 | loss 63.7491 | lr 1.76e-03 | 2.1s
epoch  596 | loss 64.7972 | lr 1.75e-03 | 2.0s
epoch  597 | loss 64.1648 | lr 1.74e-03 | 2.0s
epoch  598 | loss 64.1485 | lr 1.73e-03 | 2.0s
epoch  599 | loss 63.8193 | lr 1.73e-03 | 2.0s
epoch  600 | loss 63.7365 | lr 1.72e-03 | 2.0s
epoch  601 | loss 64.2200 | lr 1.71e-03 | 2.0s
epoch  602 | loss 63.6167 | lr 1.71e-03 | 2.0s
epoch  603 | loss 64.5049 | lr 1.70e-03 | 2.0s
epoch  604 | loss 64.4302 | lr 1.69e-03 | 2.0s
epoch  605 | loss 64.6501 | lr 1.68e-03 | 2.0s
epoch  606 | loss 64.1940 | lr 1.68e-03 | 2.0s
epoch  607 | loss 64.0886 | lr 1.67e-03 | 2.0s
epoch  608 | loss 64.1499 | lr 1.66e-03 | 2.0s
epoch  609 | loss 64.6219 | lr 1.65e-03 | 2.0s
epoch  610 | loss 64.1389 | lr 1.65e-03 | 2.0s
epoch  611 | loss 64.0021 | lr 1.64e-03 | 2.0s
epoch  612 | loss 64.0355 | lr 1.63e-03 | 2.0s
epoch  613 | loss 63.9874 | lr 1.62e-03 | 2.0s
epoch  614 | loss 64.3882 | lr 1.62e-03 | 2.0s
epoch  615 | loss 63.9043 | lr 1.61e-03 | 2.0s
epoch  616 | loss 64.2568 | lr 1.60e-03 | 2.0s
epoch  617 | loss 64.4998 | lr 1.59e-03 | 2.0s
epoch  618 | loss 64.4928 | lr 1.59e-03 | 2.0s
epoch  619 | loss 64.1455 | lr 1.58e-03 | 2.0s
epoch  620 | loss 64.2679 | lr 1.57e-03 | 2.0s
epoch  621 | loss 64.4693 | lr 1.57e-03 | 2.0s
epoch  622 | loss 63.8058 | lr 1.56e-03 | 2.0s
epoch  623 | loss 63.8339 | lr 1.55e-03 | 2.0s
epoch  624 | loss 64.4381 | lr 1.54e-03 | 2.1s
epoch  625 | loss 63.9020 | lr 1.54e-03 | 2.2s
epoch  626 | loss 64.1888 | lr 1.53e-03 | 2.1s
epoch  627 | loss 64.0793 | lr 1.52e-03 | 2.0s
epoch  628 | loss 64.4178 | lr 1.51e-03 | 2.0s
epoch  629 | loss 63.5423 | lr 1.51e-03 | 2.0s
epoch  630 | loss 63.9387 | lr 1.50e-03 | 2.0s
epoch  631 | loss 64.9860 | lr 1.49e-03 | 2.0s
epoch  632 | loss 64.6254 | lr 1.49e-03 | 2.0s
epoch  633 | loss 64.3881 | lr 1.48e-03 | 2.0s
epoch  634 | loss 64.9865 | lr 1.47e-03 | 2.0s
epoch  635 | loss 64.4658 | lr 1.46e-03 | 2.0s
epoch  636 | loss 64.1174 | lr 1.46e-03 | 2.0s
epoch  637 | loss 64.4220 | lr 1.45e-03 | 2.0s
epoch  638 | loss 64.7399 | lr 1.44e-03 | 2.0s
epoch  639 | loss 64.3218 | lr 1.44e-03 | 2.1s
epoch  640 | loss 63.7047 | lr 1.43e-03 | 2.1s
epoch  641 | loss 63.8065 | lr 1.42e-03 | 2.0s
epoch  642 | loss 64.7677 | lr 1.41e-03 | 2.0s
epoch  643 | loss 64.4999 | lr 1.41e-03 | 2.0s
epoch  644 | loss 64.5285 | lr 1.40e-03 | 2.0s
epoch  645 | loss 64.2931 | lr 1.39e-03 | 2.0s
epoch  646 | loss 64.8210 | lr 1.39e-03 | 2.0s
epoch  647 | loss 64.7744 | lr 1.38e-03 | 2.0s
epoch  648 | loss 64.3993 | lr 1.37e-03 | 2.0s
epoch  649 | loss 64.6296 | lr 1.37e-03 | 2.0s
epoch  650 | loss 64.0213 | lr 1.36e-03 | 2.1s
epoch  651 | loss 63.9559 | lr 1.35e-03 | 2.0s
epoch  652 | loss 63.9697 | lr 1.34e-03 | 2.0s
epoch  653 | loss 64.8764 | lr 1.34e-03 | 2.0s
epoch  654 | loss 63.8542 | lr 1.33e-03 | 2.0s
epoch  655 | loss 64.7066 | lr 1.32e-03 | 2.0s
epoch  656 | loss 64.7456 | lr 1.32e-03 | 2.2s
epoch  657 | loss 64.4146 | lr 1.31e-03 | 2.2s
epoch  658 | loss 63.5326 | lr 1.30e-03 | 2.2s
epoch  659 | loss 63.7108 | lr 1.30e-03 | 2.1s
epoch  660 | loss 64.1931 | lr 1.29e-03 | 2.1s
epoch  661 | loss 64.4178 | lr 1.28e-03 | 2.3s
epoch  662 | loss 64.6043 | lr 1.28e-03 | 2.3s
epoch  663 | loss 64.5446 | lr 1.27e-03 | 2.2s
epoch  664 | loss 63.5150 | lr 1.26e-03 | 2.1s
epoch  665 | loss 64.3959 | lr 1.25e-03 | 2.2s
epoch  666 | loss 64.4668 | lr 1.25e-03 | 2.1s
epoch  667 | loss 64.1404 | lr 1.24e-03 | 2.1s
epoch  668 | loss 63.6201 | lr 1.23e-03 | 2.2s
epoch  669 | loss 64.5176 | lr 1.23e-03 | 2.1s
epoch  670 | loss 64.6792 | lr 1.22e-03 | 2.0s
epoch  671 | loss 63.7634 | lr 1.21e-03 | 2.0s
epoch  672 | loss 63.8485 | lr 1.21e-03 | 2.0s
epoch  673 | loss 64.0862 | lr 1.20e-03 | 2.0s
epoch  674 | loss 64.2352 | lr 1.19e-03 | 2.0s
epoch  675 | loss 64.7034 | lr 1.19e-03 | 2.0s
epoch  676 | loss 64.8274 | lr 1.18e-03 | 2.0s
epoch  677 | loss 64.9796 | lr 1.17e-03 | 2.0s
epoch  678 | loss 64.4925 | lr 1.17e-03 | 2.0s
epoch  679 | loss 64.1423 | lr 1.16e-03 | 2.0s
epoch  680 | loss 64.0929 | lr 1.15e-03 | 2.0s
epoch  681 | loss 63.7637 | lr 1.15e-03 | 2.0s
epoch  682 | loss 63.6837 | lr 1.14e-03 | 2.0s
epoch  683 | loss 64.6666 | lr 1.13e-03 | 2.0s
epoch  684 | loss 64.0227 | lr 1.13e-03 | 2.0s
epoch  685 | loss 64.2238 | lr 1.12e-03 | 2.1s
epoch  686 | loss 65.0280 | lr 1.11e-03 | 2.0s
epoch  687 | loss 64.1108 | lr 1.11e-03 | 2.0s
epoch  688 | loss 63.9967 | lr 1.10e-03 | 2.0s
epoch  689 | loss 64.6587 | lr 1.09e-03 | 2.0s
epoch  690 | loss 65.0976 | lr 1.09e-03 | 2.0s
epoch  691 | loss 64.4044 | lr 1.08e-03 | 2.0s
epoch  692 | loss 65.1061 | lr 1.08e-03 | 2.0s
epoch  693 | loss 63.3415 | lr 1.07e-03 | 2.0s
epoch  694 | loss 64.4905 | lr 1.06e-03 | 2.0s
epoch  695 | loss 64.1858 | lr 1.06e-03 | 2.0s
epoch  696 | loss 64.1841 | lr 1.05e-03 | 2.1s
epoch  697 | loss 64.4725 | lr 1.04e-03 | 2.0s
epoch  698 | loss 64.6004 | lr 1.04e-03 | 2.1s
epoch  699 | loss 64.6355 | lr 1.03e-03 | 2.1s
epoch  700 | loss 64.2140 | lr 1.02e-03 | 2.0s
epoch  701 | loss 64.4761 | lr 1.02e-03 | 2.0s
epoch  702 | loss 64.5092 | lr 1.01e-03 | 2.0s
epoch  703 | loss 64.2580 | lr 1.01e-03 | 2.0s
epoch  704 | loss 64.3793 | lr 9.99e-04 | 2.0s
epoch  705 | loss 63.8313 | lr 9.93e-04 | 2.1s
epoch  706 | loss 64.3956 | lr 9.86e-04 | 2.4s
epoch  707 | loss 64.2092 | lr 9.80e-04 | 2.2s
epoch  708 | loss 64.3624 | lr 9.74e-04 | 2.2s
epoch  709 | loss 64.0720 | lr 9.68e-04 | 2.2s
epoch  710 | loss 64.4334 | lr 9.62e-04 | 2.2s
epoch  711 | loss 63.8446 | lr 9.55e-04 | 2.2s
epoch  712 | loss 63.7461 | lr 9.49e-04 | 2.1s
epoch  713 | loss 64.4719 | lr 9.43e-04 | 2.2s
epoch  714 | loss 64.4200 | lr 9.37e-04 | 2.1s
epoch  715 | loss 64.7651 | lr 9.31e-04 | 2.2s
epoch  716 | loss 64.4721 | lr 9.25e-04 | 2.1s
epoch  717 | loss 64.2367 | lr 9.19e-04 | 2.1s
epoch  718 | loss 63.9925 | lr 9.12e-04 | 2.1s
epoch  719 | loss 63.7064 | lr 9.06e-04 | 2.1s
epoch  720 | loss 64.6515 | lr 9.00e-04 | 2.0s
epoch  721 | loss 64.0092 | lr 8.94e-04 | 2.0s
epoch  722 | loss 64.1782 | lr 8.88e-04 | 2.0s
epoch  723 | loss 64.2353 | lr 8.82e-04 | 2.0s
epoch  724 | loss 64.6566 | lr 8.76e-04 | 2.0s
epoch  725 | loss 63.8332 | lr 8.70e-04 | 2.0s
epoch  726 | loss 64.7652 | lr 8.64e-04 | 2.0s
epoch  727 | loss 64.2975 | lr 8.59e-04 | 2.0s
epoch  728 | loss 64.0992 | lr 8.53e-04 | 2.0s
epoch  729 | loss 64.8864 | lr 8.47e-04 | 2.0s
epoch  730 | loss 64.1645 | lr 8.41e-04 | 2.0s
epoch  731 | loss 64.5008 | lr 8.35e-04 | 2.0s
epoch  732 | loss 63.8964 | lr 8.29e-04 | 2.0s
epoch  733 | loss 64.0678 | lr 8.23e-04 | 2.0s
epoch  734 | loss 64.7443 | lr 8.17e-04 | 2.1s
epoch  735 | loss 64.1384 | lr 8.12e-04 | 2.1s
epoch  736 | loss 64.6408 | lr 8.06e-04 | 2.0s
epoch  737 | loss 64.6395 | lr 8.00e-04 | 2.0s
epoch  738 | loss 64.4865 | lr 7.94e-04 | 2.0s
epoch  739 | loss 64.5051 | lr 7.89e-04 | 2.0s
epoch  740 | loss 64.1241 | lr 7.83e-04 | 2.0s
epoch  741 | loss 64.8587 | lr 7.77e-04 | 2.0s
epoch  742 | loss 64.4721 | lr 7.72e-04 | 2.0s
epoch  743 | loss 64.9517 | lr 7.66e-04 | 2.1s
epoch  744 | loss 63.7368 | lr 7.60e-04 | 2.1s
epoch  745 | loss 64.6428 | lr 7.55e-04 | 2.1s
epoch  746 | loss 64.6952 | lr 7.49e-04 | 2.1s
epoch  747 | loss 64.3967 | lr 7.43e-04 | 2.1s
epoch  748 | loss 64.4421 | lr 7.38e-04 | 2.0s
epoch  749 | loss 64.2855 | lr 7.32e-04 | 2.0s
epoch  750 | loss 64.4421 | lr 7.27e-04 | 2.0s
epoch  751 | loss 64.5959 | lr 7.21e-04 | 2.0s
epoch  752 | loss 65.0153 | lr 7.16e-04 | 2.0s
epoch  753 | loss 64.3067 | lr 7.10e-04 | 2.0s
epoch  754 | loss 64.5259 | lr 7.05e-04 | 2.0s
epoch  755 | loss 64.7719 | lr 6.99e-04 | 2.0s
epoch  756 | loss 64.1588 | lr 6.94e-04 | 2.0s
epoch  757 | loss 64.9099 | lr 6.88e-04 | 2.0s
epoch  758 | loss 64.8734 | lr 6.83e-04 | 2.0s
epoch  759 | loss 64.6472 | lr 6.78e-04 | 2.0s
epoch  760 | loss 64.5664 | lr 6.72e-04 | 2.0s
epoch  761 | loss 64.8210 | lr 6.67e-04 | 2.0s
epoch  762 | loss 64.6313 | lr 6.62e-04 | 2.0s
epoch  763 | loss 64.4854 | lr 6.56e-04 | 2.0s
epoch  764 | loss 64.2221 | lr 6.51e-04 | 2.0s
epoch  765 | loss 64.0601 | lr 6.46e-04 | 2.0s
epoch  766 | loss 64.3594 | lr 6.40e-04 | 2.0s
epoch  767 | loss 64.2454 | lr 6.35e-04 | 2.0s
epoch  768 | loss 64.7563 | lr 6.30e-04 | 2.0s
epoch  769 | loss 64.6637 | lr 6.25e-04 | 2.0s
epoch  770 | loss 64.3826 | lr 6.20e-04 | 2.0s
epoch  771 | loss 64.2379 | lr 6.14e-04 | 2.0s
epoch  772 | loss 64.5960 | lr 6.09e-04 | 2.0s
epoch  773 | loss 65.1212 | lr 6.04e-04 | 2.0s
epoch  774 | loss 64.3851 | lr 5.99e-04 | 2.0s
epoch  775 | loss 65.2692 | lr 5.94e-04 | 2.0s
epoch  776 | loss 65.0019 | lr 5.89e-04 | 2.0s
epoch  777 | loss 64.1415 | lr 5.84e-04 | 2.0s
epoch  778 | loss 64.5992 | lr 5.79e-04 | 2.0s
epoch  779 | loss 64.4907 | lr 5.74e-04 | 2.0s
epoch  780 | loss 65.1456 | lr 5.69e-04 | 2.0s
epoch  781 | loss 64.1869 | lr 5.64e-04 | 2.1s
epoch  782 | loss 64.6012 | lr 5.59e-04 | 2.1s
epoch  783 | loss 64.4245 | lr 5.54e-04 | 2.1s
epoch  784 | loss 64.6004 | lr 5.49e-04 | 2.1s
epoch  785 | loss 64.1272 | lr 5.44e-04 | 2.1s
epoch  786 | loss 65.0361 | lr 5.39e-04 | 2.2s
epoch  787 | loss 64.1493 | lr 5.34e-04 | 2.2s
epoch  788 | loss 64.7041 | lr 5.29e-04 | 2.1s
epoch  789 | loss 64.1555 | lr 5.25e-04 | 2.1s
epoch  790 | loss 64.7444 | lr 5.20e-04 | 2.2s
epoch  791 | loss 64.8628 | lr 5.15e-04 | 2.2s
epoch  792 | loss 64.8526 | lr 5.10e-04 | 2.1s
epoch  793 | loss 64.4761 | lr 5.06e-04 | 2.1s
epoch  794 | loss 64.9211 | lr 5.01e-04 | 2.3s
epoch  795 | loss 64.6258 | lr 4.96e-04 | 2.2s
epoch  796 | loss 64.1192 | lr 4.91e-04 | 2.2s
epoch  797 | loss 64.6273 | lr 4.87e-04 | 2.1s
epoch  798 | loss 64.8261 | lr 4.82e-04 | 2.1s
epoch  799 | loss 64.3365 | lr 4.77e-04 | 2.2s
epoch  800 | loss 64.4369 | lr 4.73e-04 | 2.2s
epoch  801 | loss 64.6069 | lr 4.68e-04 | 2.1s
epoch  802 | loss 64.3686 | lr 4.64e-04 | 2.1s
epoch  803 | loss 64.4107 | lr 4.59e-04 | 2.1s
epoch  804 | loss 64.7783 | lr 4.55e-04 | 2.0s
epoch  805 | loss 63.9714 | lr 4.50e-04 | 2.0s
epoch  806 | loss 64.5109 | lr 4.46e-04 | 2.0s
epoch  807 | loss 65.0258 | lr 4.41e-04 | 2.0s
epoch  808 | loss 64.6457 | lr 4.37e-04 | 2.0s
epoch  809 | loss 65.0906 | lr 4.32e-04 | 2.0s
epoch  810 | loss 64.3910 | lr 4.28e-04 | 2.0s
epoch  811 | loss 64.4994 | lr 4.24e-04 | 2.0s
epoch  812 | loss 65.2739 | lr 4.19e-04 | 2.0s
epoch  813 | loss 64.5575 | lr 4.15e-04 | 2.0s
epoch  814 | loss 64.5748 | lr 4.10e-04 | 2.1s
epoch  815 | loss 64.7042 | lr 4.06e-04 | 2.0s
epoch  816 | loss 64.1730 | lr 4.02e-04 | 2.0s
epoch  817 | loss 64.0144 | lr 3.98e-04 | 2.0s
epoch  818 | loss 64.7599 | lr 3.93e-04 | 2.1s
epoch  819 | loss 65.1616 | lr 3.89e-04 | 2.2s
epoch  820 | loss 64.7919 | lr 3.85e-04 | 2.1s
epoch  821 | loss 64.7106 | lr 3.81e-04 | 2.0s
epoch  822 | loss 64.3046 | lr 3.77e-04 | 2.0s
epoch  823 | loss 65.1614 | lr 3.73e-04 | 2.0s
epoch  824 | loss 64.0525 | lr 3.68e-04 | 2.0s
epoch  825 | loss 64.8522 | lr 3.64e-04 | 2.0s
epoch  826 | loss 63.7556 | lr 3.60e-04 | 2.0s
epoch  827 | loss 64.5951 | lr 3.56e-04 | 2.0s
epoch  828 | loss 64.5356 | lr 3.52e-04 | 2.0s
epoch  829 | loss 64.0548 | lr 3.48e-04 | 2.0s
epoch  830 | loss 64.4543 | lr 3.44e-04 | 2.0s
epoch  831 | loss 64.6471 | lr 3.40e-04 | 2.0s
epoch  832 | loss 65.0332 | lr 3.36e-04 | 2.0s
epoch  833 | loss 64.9776 | lr 3.32e-04 | 2.0s
epoch  834 | loss 63.9392 | lr 3.28e-04 | 2.0s
epoch  835 | loss 64.8637 | lr 3.25e-04 | 2.0s
epoch  836 | loss 64.4239 | lr 3.21e-04 | 2.0s
epoch  837 | loss 65.1855 | lr 3.17e-04 | 2.0s
epoch  838 | loss 64.2864 | lr 3.13e-04 | 2.0s
epoch  839 | loss 64.7786 | lr 3.09e-04 | 2.0s
epoch  840 | loss 64.7019 | lr 3.05e-04 | 2.0s
epoch  841 | loss 64.8927 | lr 3.02e-04 | 2.0s
epoch  842 | loss 64.6161 | lr 2.98e-04 | 2.0s
epoch  843 | loss 64.4563 | lr 2.94e-04 | 2.0s
epoch  844 | loss 65.0920 | lr 2.91e-04 | 2.0s
epoch  845 | loss 64.7362 | lr 2.87e-04 | 2.0s
epoch  846 | loss 64.4664 | lr 2.83e-04 | 2.0s
epoch  847 | loss 64.6133 | lr 2.80e-04 | 2.0s
epoch  848 | loss 64.2038 | lr 2.76e-04 | 2.0s
epoch  849 | loss 64.4848 | lr 2.72e-04 | 2.0s
epoch  850 | loss 64.9363 | lr 2.69e-04 | 2.0s
epoch  851 | loss 64.6419 | lr 2.65e-04 | 2.0s
epoch  852 | loss 64.6167 | lr 2.62e-04 | 2.0s
epoch  853 | loss 64.0906 | lr 2.58e-04 | 2.0s
epoch  854 | loss 64.2577 | lr 2.55e-04 | 2.0s
epoch  855 | loss 64.3661 | lr 2.51e-04 | 2.0s
epoch  856 | loss 64.8167 | lr 2.48e-04 | 2.0s
epoch  857 | loss 64.4448 | lr 2.45e-04 | 2.0s
epoch  858 | loss 64.3192 | lr 2.41e-04 | 2.0s
epoch  859 | loss 63.9792 | lr 2.38e-04 | 2.0s
epoch  860 | loss 65.2487 | lr 2.35e-04 | 2.0s
epoch  861 | loss 64.0982 | lr 2.31e-04 | 2.1s
epoch  862 | loss 64.9452 | lr 2.28e-04 | 2.1s
epoch  863 | loss 64.6984 | lr 2.25e-04 | 2.0s
epoch  864 | loss 64.7007 | lr 2.21e-04 | 2.0s
epoch  865 | loss 65.1108 | lr 2.18e-04 | 2.0s
epoch  866 | loss 64.3519 | lr 2.15e-04 | 2.0s
epoch  867 | loss 65.3434 | lr 2.12e-04 | 2.0s
epoch  868 | loss 65.0585 | lr 2.09e-04 | 2.0s
epoch  869 | loss 63.9942 | lr 2.06e-04 | 2.1s
epoch  870 | loss 64.8306 | lr 2.03e-04 | 2.3s
epoch  871 | loss 64.5877 | lr 1.99e-04 | 2.1s
epoch  872 | loss 64.6963 | lr 1.96e-04 | 2.1s
epoch  873 | loss 64.7476 | lr 1.93e-04 | 2.2s
epoch  874 | loss 64.5028 | lr 1.90e-04 | 2.2s
epoch  875 | loss 64.7250 | lr 1.87e-04 | 2.2s
epoch  876 | loss 64.8976 | lr 1.84e-04 | 2.1s
epoch  877 | loss 65.4895 | lr 1.81e-04 | 2.1s
epoch  878 | loss 64.9913 | lr 1.78e-04 | 2.1s
epoch  879 | loss 64.3193 | lr 1.76e-04 | 2.1s
epoch  880 | loss 64.5151 | lr 1.73e-04 | 2.1s
epoch  881 | loss 65.2442 | lr 1.70e-04 | 2.1s
epoch  882 | loss 64.7762 | lr 1.67e-04 | 2.0s
epoch  883 | loss 64.5120 | lr 1.64e-04 | 2.0s
epoch  884 | loss 64.3856 | lr 1.61e-04 | 2.0s
epoch  885 | loss 64.5339 | lr 1.59e-04 | 2.0s
epoch  886 | loss 64.6244 | lr 1.56e-04 | 2.0s
epoch  887 | loss 64.1472 | lr 1.53e-04 | 2.0s
epoch  888 | loss 64.2897 | lr 1.50e-04 | 2.0s
epoch  889 | loss 64.2805 | lr 1.48e-04 | 2.0s
epoch  890 | loss 65.4119 | lr 1.45e-04 | 2.0s
epoch  891 | loss 64.6151 | lr 1.43e-04 | 2.0s
epoch  892 | loss 64.9988 | lr 1.40e-04 | 2.0s
epoch  893 | loss 65.1831 | lr 1.37e-04 | 2.0s
epoch  894 | loss 64.5371 | lr 1.35e-04 | 2.1s
epoch  895 | loss 64.7281 | lr 1.32e-04 | 2.0s
epoch  896 | loss 64.8751 | lr 1.30e-04 | 2.1s
epoch  897 | loss 64.8243 | lr 1.27e-04 | 2.0s
epoch  898 | loss 64.7957 | lr 1.25e-04 | 2.0s
epoch  899 | loss 64.4230 | lr 1.22e-04 | 2.0s
epoch  900 | loss 64.8283 | lr 1.20e-04 | 2.0s
epoch  901 | loss 65.1427 | lr 1.18e-04 | 2.0s
epoch  902 | loss 64.8507 | lr 1.15e-04 | 2.0s
epoch  903 | loss 65.3489 | lr 1.13e-04 | 2.0s
epoch  904 | loss 64.7026 | lr 1.11e-04 | 2.1s
epoch  905 | loss 64.3117 | lr 1.08e-04 | 2.0s
epoch  906 | loss 64.4132 | lr 1.06e-04 | 2.0s
epoch  907 | loss 64.3997 | lr 1.04e-04 | 2.0s
epoch  908 | loss 64.6043 | lr 1.01e-04 | 2.0s
epoch  909 | loss 64.9106 | lr 9.93e-05 | 2.0s
epoch  910 | loss 64.5600 | lr 9.71e-05 | 2.1s
epoch  911 | loss 65.3006 | lr 9.49e-05 | 2.1s
epoch  912 | loss 64.8717 | lr 9.28e-05 | 2.0s
epoch  913 | loss 65.3413 | lr 9.07e-05 | 2.0s
epoch  914 | loss 64.6428 | lr 8.86e-05 | 2.0s
epoch  915 | loss 64.7436 | lr 8.65e-05 | 2.0s
epoch  916 | loss 64.9187 | lr 8.45e-05 | 2.0s
epoch  917 | loss 64.7601 | lr 8.25e-05 | 2.0s
epoch  918 | loss 64.4070 | lr 8.05e-05 | 2.0s
epoch  919 | loss 64.6374 | lr 7.85e-05 | 2.0s
epoch  920 | loss 64.3424 | lr 7.66e-05 | 2.1s
epoch  921 | loss 64.5634 | lr 7.47e-05 | 2.1s
epoch  922 | loss 64.6018 | lr 7.28e-05 | 2.1s
epoch  923 | loss 64.9615 | lr 7.09e-05 | 2.1s
epoch  924 | loss 64.7047 | lr 6.91e-05 | 2.1s
epoch  925 | loss 64.9399 | lr 6.73e-05 | 2.1s
epoch  926 | loss 64.7083 | lr 6.55e-05 | 2.1s
epoch  927 | loss 64.7035 | lr 6.37e-05 | 2.1s
epoch  928 | loss 64.7117 | lr 6.19e-05 | 2.1s
epoch  929 | loss 64.5631 | lr 6.02e-05 | 2.2s
epoch  930 | loss 65.0974 | lr 5.85e-05 | 2.2s
epoch  931 | loss 65.0664 | lr 5.68e-05 | 2.1s
epoch  932 | loss 64.6207 | lr 5.52e-05 | 2.1s
epoch  933 | loss 65.0294 | lr 5.35e-05 | 2.2s
epoch  934 | loss 64.7875 | lr 5.19e-05 | 2.1s
epoch  935 | loss 64.6662 | lr 5.04e-05 | 2.1s
epoch  936 | loss 64.7284 | lr 4.88e-05 | 2.1s
epoch  937 | loss 64.8762 | lr 4.73e-05 | 2.2s
epoch  938 | loss 65.6743 | lr 4.58e-05 | 2.2s
epoch  939 | loss 64.1180 | lr 4.43e-05 | 2.1s
epoch  940 | loss 65.2165 | lr 4.28e-05 | 2.1s
epoch  941 | loss 64.7116 | lr 4.14e-05 | 2.1s
epoch  942 | loss 64.8782 | lr 4.00e-05 | 2.1s
epoch  943 | loss 65.1967 | lr 3.86e-05 | 2.4s
epoch  944 | loss 64.5570 | lr 3.72e-05 | 2.2s
epoch  945 | loss 64.8236 | lr 3.59e-05 | 2.1s
epoch  946 | loss 65.0726 | lr 3.46e-05 | 2.2s
epoch  947 | loss 65.6198 | lr 3.33e-05 | 2.2s
epoch  948 | loss 64.8099 | lr 3.20e-05 | 2.2s
epoch  949 | loss 64.4967 | lr 3.08e-05 | 2.1s
epoch  950 | loss 64.3670 | lr 2.96e-05 | 2.2s
epoch  951 | loss 64.4084 | lr 2.84e-05 | 2.3s
epoch  952 | loss 65.0186 | lr 2.72e-05 | 2.2s
epoch  953 | loss 64.4533 | lr 2.61e-05 | 2.2s
epoch  954 | loss 64.6390 | lr 2.49e-05 | 2.2s
epoch  955 | loss 65.2045 | lr 2.38e-05 | 2.2s
epoch  956 | loss 64.8150 | lr 2.28e-05 | 2.3s
epoch  957 | loss 64.8994 | lr 2.17e-05 | 2.2s
epoch  958 | loss 64.5921 | lr 2.07e-05 | 2.1s
epoch  959 | loss 64.9508 | lr 1.97e-05 | 2.1s
epoch  960 | loss 64.7224 | lr 1.87e-05 | 2.2s
epoch  961 | loss 64.8486 | lr 1.78e-05 | 2.2s
epoch  962 | loss 65.1613 | lr 1.69e-05 | 2.1s
epoch  963 | loss 65.0810 | lr 1.60e-05 | 2.1s
epoch  964 | loss 64.6305 | lr 1.51e-05 | 2.2s
epoch  965 | loss 64.8910 | lr 1.42e-05 | 2.1s
epoch  966 | loss 65.1034 | lr 1.34e-05 | 2.1s
epoch  967 | loss 65.0862 | lr 1.26e-05 | 2.1s
epoch  968 | loss 64.6845 | lr 1.18e-05 | 2.1s
epoch  969 | loss 65.3879 | lr 1.11e-05 | 2.1s
epoch  970 | loss 64.7746 | lr 1.04e-05 | 2.0s
epoch  971 | loss 64.6645 | lr 9.67e-06 | 2.0s
epoch  972 | loss 65.1033 | lr 8.99e-06 | 2.0s
epoch  973 | loss 65.0738 | lr 8.34e-06 | 2.0s
epoch  974 | loss 65.1614 | lr 7.71e-06 | 2.0s
epoch  975 | loss 64.7001 | lr 7.10e-06 | 2.0s
epoch  976 | loss 64.9556 | lr 6.52e-06 | 2.0s
epoch  977 | loss 64.5958 | lr 5.97e-06 | 2.0s
epoch  978 | loss 64.7780 | lr 5.44e-06 | 2.0s
epoch  979 | loss 64.6361 | lr 4.93e-06 | 2.0s
epoch  980 | loss 65.7660 | lr 4.45e-06 | 2.0s
epoch  981 | loss 65.1840 | lr 4.00e-06 | 2.0s
epoch  982 | loss 64.4967 | lr 3.56e-06 | 2.0s
epoch  983 | loss 65.0303 | lr 3.16e-06 | 2.1s
epoch  984 | loss 64.1054 | lr 2.78e-06 | 2.1s
epoch  985 | loss 64.0358 | lr 2.42e-06 | 2.0s
epoch  986 | loss 65.3149 | lr 2.08e-06 | 2.0s
epoch  987 | loss 64.6335 | lr 1.78e-06 | 2.0s
epoch  988 | loss 64.3975 | lr 1.49e-06 | 2.0s
epoch  989 | loss 65.1798 | lr 1.23e-06 | 2.0s
epoch  990 | loss 65.1085 | lr 9.99e-07 | 2.0s
epoch  991 | loss 65.0106 | lr 7.90e-07 | 2.0s
epoch  992 | loss 64.8712 | lr 6.04e-07 | 2.1s
epoch  993 | loss 65.2746 | lr 4.44e-07 | 2.1s
epoch  994 | loss 64.5681 | lr 3.08e-07 | 2.0s
epoch  995 | loss 65.1102 | lr 1.97e-07 | 2.0s
epoch  996 | loss 64.6450 | lr 1.11e-07 | 2.0s
epoch  997 | loss 64.5294 | lr 4.93e-08 | 2.0s
epoch  998 | loss 64.8149 | lr 1.23e-08 | 2.0s
epoch  999 | loss 65.2276 | lr 0.00e+00 | 2.0s
final loss: 65.2276
