model params: 6,045,569
device: cuda
puzzle: state_size=120 moves=24
training: {'n_epochs': 1000, 'samples_per_epoch': 1000000, 'batch_size': 16384, 'k_max': 80, 'lr': 0.002, 'weight_decay': 0.0, 'checkpoint_every_epochs': 100, 'n_back': 1, 'loss': 'mse', 'amp': True, 'compile_model': False, 'fused_optimizer': True, 'optimizer': 'muon', 'muon_lr': 0.05, 'muon_momentum': 0.95, 'muon_weight_decay': 0.01, 'muon_ns_steps': 5, 'device': 'cuda', 'seed': 312}
[Muon split] Muon: 6 tensors, 6,029,312 params; AdamW: 21 tensors, 16,257 params
epoch    0 | loss 316.8368 | lr 5.00e-02 | 2.6s
epoch    1 | loss 73.7505 | lr 5.00e-02 | 2.3s
epoch    2 | loss 67.9983 | lr 5.00e-02 | 2.2s
epoch    3 | loss 66.4773 | lr 5.00e-02 | 2.2s
epoch    4 | loss 66.3360 | lr 5.00e-02 | 2.2s
epoch    5 | loss 65.2233 | lr 5.00e-02 | 2.2s
epoch    6 | loss 64.6914 | lr 5.00e-02 | 2.2s
epoch    7 | loss 64.4113 | lr 5.00e-02 | 2.3s
epoch    8 | loss 63.6858 | lr 5.00e-02 | 2.2s
epoch    9 | loss 63.0677 | lr 5.00e-02 | 2.1s
epoch   10 | loss 63.1783 | lr 5.00e-02 | 2.3s
epoch   11 | loss 63.0480 | lr 5.00e-02 | 2.1s
epoch   12 | loss 63.6263 | lr 5.00e-02 | 2.2s
epoch   13 | loss 63.3260 | lr 5.00e-02 | 2.2s
epoch   14 | loss 62.8726 | lr 5.00e-02 | 2.3s
epoch   15 | loss 62.5850 | lr 5.00e-02 | 2.3s
epoch   16 | loss 62.0136 | lr 5.00e-02 | 2.1s
epoch   17 | loss 62.3700 | lr 5.00e-02 | 2.1s
epoch   18 | loss 61.4506 | lr 5.00e-02 | 2.1s
epoch   19 | loss 62.2800 | lr 5.00e-02 | 2.2s
epoch   20 | loss 61.6647 | lr 4.99e-02 | 2.2s
epoch   21 | loss 61.3104 | lr 4.99e-02 | 2.2s
epoch   22 | loss 61.0172 | lr 4.99e-02 | 2.1s
epoch   23 | loss 61.1887 | lr 4.99e-02 | 2.1s
epoch   24 | loss 62.0455 | lr 4.99e-02 | 2.2s
epoch   25 | loss 61.8081 | lr 4.99e-02 | 2.1s
epoch   26 | loss 60.8371 | lr 4.99e-02 | 2.0s
epoch   27 | loss 60.8558 | lr 4.99e-02 | 2.0s
epoch   28 | loss 60.6523 | lr 4.99e-02 | 2.0s
epoch   29 | loss 60.3585 | lr 4.99e-02 | 2.0s
epoch   30 | loss 60.8623 | lr 4.99e-02 | 2.0s
epoch   31 | loss 61.0055 | lr 4.99e-02 | 2.0s
epoch   32 | loss 60.8584 | lr 4.99e-02 | 2.0s
epoch   33 | loss 60.9607 | lr 4.99e-02 | 2.0s
epoch   34 | loss 61.0150 | lr 4.98e-02 | 2.1s
epoch   35 | loss 60.7163 | lr 4.98e-02 | 2.1s
epoch   36 | loss 60.5208 | lr 4.98e-02 | 2.1s
epoch   37 | loss 60.4328 | lr 4.98e-02 | 2.1s
epoch   38 | loss 61.0702 | lr 4.98e-02 | 2.0s
epoch   39 | loss 60.8962 | lr 4.98e-02 | 2.0s
epoch   40 | loss 60.5388 | lr 4.98e-02 | 2.0s
epoch   41 | loss 59.7514 | lr 4.98e-02 | 2.0s
epoch   42 | loss 60.6133 | lr 4.98e-02 | 2.0s
epoch   43 | loss 59.7686 | lr 4.98e-02 | 2.0s
epoch   44 | loss 60.4932 | lr 4.98e-02 | 2.0s
epoch   45 | loss 60.1735 | lr 4.97e-02 | 2.0s
epoch   46 | loss 60.5304 | lr 4.97e-02 | 2.0s
epoch   47 | loss 60.0507 | lr 4.97e-02 | 2.0s
epoch   48 | loss 60.5693 | lr 4.97e-02 | 2.0s
epoch   49 | loss 60.3651 | lr 4.97e-02 | 2.0s
epoch   50 | loss 60.7129 | lr 4.97e-02 | 2.0s
epoch   51 | loss 60.1121 | lr 4.97e-02 | 2.0s
epoch   52 | loss 60.0776 | lr 4.97e-02 | 2.1s
epoch   53 | loss 59.6352 | lr 4.96e-02 | 2.1s
epoch   54 | loss 60.3289 | lr 4.96e-02 | 2.1s
epoch   55 | loss 60.4990 | lr 4.96e-02 | 2.0s
epoch   56 | loss 60.1827 | lr 4.96e-02 | 2.0s
epoch   57 | loss 60.3903 | lr 4.96e-02 | 2.0s
epoch   58 | loss 60.3151 | lr 4.96e-02 | 2.0s
epoch   59 | loss 60.5938 | lr 4.96e-02 | 2.0s
epoch   60 | loss 60.4921 | lr 4.95e-02 | 2.0s
epoch   61 | loss 60.3360 | lr 4.95e-02 | 2.0s
epoch   62 | loss 59.7533 | lr 4.95e-02 | 2.0s
epoch   63 | loss 59.9172 | lr 4.95e-02 | 2.0s
epoch   64 | loss 59.6732 | lr 4.95e-02 | 2.0s
epoch   65 | loss 60.7087 | lr 4.95e-02 | 2.0s
epoch   66 | loss 60.4305 | lr 4.94e-02 | 2.1s
epoch   67 | loss 59.6487 | lr 4.94e-02 | 2.1s
epoch   68 | loss 60.4911 | lr 4.94e-02 | 2.1s
epoch   69 | loss 59.6522 | lr 4.94e-02 | 2.1s
epoch   70 | loss 59.9553 | lr 4.94e-02 | 2.2s
epoch   71 | loss 60.1929 | lr 4.94e-02 | 2.3s
epoch   72 | loss 59.9973 | lr 4.93e-02 | 2.4s
epoch   73 | loss 59.6431 | lr 4.93e-02 | 2.2s
epoch   74 | loss 60.1367 | lr 4.93e-02 | 2.2s
epoch   75 | loss 60.2849 | lr 4.93e-02 | 2.2s
epoch   76 | loss 60.6539 | lr 4.93e-02 | 2.1s
epoch   77 | loss 59.5884 | lr 4.93e-02 | 2.1s
epoch   78 | loss 60.0886 | lr 4.92e-02 | 2.1s
epoch   79 | loss 59.9929 | lr 4.92e-02 | 2.0s
epoch   80 | loss 60.3339 | lr 4.92e-02 | 2.0s
epoch   81 | loss 59.7341 | lr 4.92e-02 | 2.0s
epoch   82 | loss 59.8679 | lr 4.92e-02 | 2.0s
epoch   83 | loss 59.8311 | lr 4.91e-02 | 2.0s
epoch   84 | loss 59.9010 | lr 4.91e-02 | 2.0s
epoch   85 | loss 60.4651 | lr 4.91e-02 | 2.0s
epoch   86 | loss 59.6986 | lr 4.91e-02 | 2.0s
epoch   87 | loss 59.5156 | lr 4.91e-02 | 2.0s
epoch   88 | loss 60.4081 | lr 4.90e-02 | 2.0s
epoch   89 | loss 59.4633 | lr 4.90e-02 | 2.0s
epoch   90 | loss 59.7346 | lr 4.90e-02 | 2.0s
epoch   91 | loss 59.9225 | lr 4.90e-02 | 2.0s
epoch   92 | loss 60.4936 | lr 4.89e-02 | 2.0s
epoch   93 | loss 60.0921 | lr 4.89e-02 | 2.0s
epoch   94 | loss 59.7089 | lr 4.89e-02 | 2.0s
epoch   95 | loss 59.7804 | lr 4.89e-02 | 2.0s
epoch   96 | loss 59.6786 | lr 4.88e-02 | 2.0s
epoch   97 | loss 59.8900 | lr 4.88e-02 | 2.0s
epoch   98 | loss 59.6807 | lr 4.88e-02 | 2.0s
epoch   99 | loss 59.0578 | lr 4.88e-02 | 2.0s
epoch  100 | loss 60.0424 | lr 4.88e-02 | 2.0s
epoch  101 | loss 60.1545 | lr 4.87e-02 | 2.0s
epoch  102 | loss 60.5003 | lr 4.87e-02 | 2.0s
epoch  103 | loss 59.8310 | lr 4.87e-02 | 2.0s
epoch  104 | loss 59.4602 | lr 4.87e-02 | 2.0s
epoch  105 | loss 59.7056 | lr 4.86e-02 | 2.0s
epoch  106 | loss 60.2897 | lr 4.86e-02 | 2.0s
epoch  107 | loss 59.6581 | lr 4.86e-02 | 2.0s
epoch  108 | loss 59.9463 | lr 4.85e-02 | 2.0s
epoch  109 | loss 59.2207 | lr 4.85e-02 | 2.1s
epoch  110 | loss 59.5801 | lr 4.85e-02 | 2.1s
epoch  111 | loss 60.0419 | lr 4.85e-02 | 2.0s
epoch  112 | loss 59.5966 | lr 4.84e-02 | 2.0s
epoch  113 | loss 59.5777 | lr 4.84e-02 | 2.0s
epoch  114 | loss 59.6984 | lr 4.84e-02 | 2.0s
epoch  115 | loss 60.0621 | lr 4.84e-02 | 2.1s
epoch  116 | loss 59.7068 | lr 4.83e-02 | 2.0s
epoch  117 | loss 59.6784 | lr 4.83e-02 | 2.0s
epoch  118 | loss 60.0132 | lr 4.83e-02 | 2.0s
epoch  119 | loss 59.6167 | lr 4.82e-02 | 2.0s
epoch  120 | loss 59.9132 | lr 4.82e-02 | 2.0s
epoch  121 | loss 59.5209 | lr 4.82e-02 | 2.1s
epoch  122 | loss 59.3660 | lr 4.82e-02 | 2.1s
epoch  123 | loss 59.3016 | lr 4.81e-02 | 2.0s
epoch  124 | loss 59.7816 | lr 4.81e-02 | 2.0s
epoch  125 | loss 60.0429 | lr 4.81e-02 | 2.0s
epoch  126 | loss 60.2101 | lr 4.80e-02 | 2.0s
epoch  127 | loss 59.6714 | lr 4.80e-02 | 2.0s
epoch  128 | loss 59.7271 | lr 4.80e-02 | 2.1s
epoch  129 | loss 59.7510 | lr 4.79e-02 | 2.0s
epoch  130 | loss 60.2740 | lr 4.79e-02 | 2.0s
epoch  131 | loss 59.4140 | lr 4.79e-02 | 2.0s
epoch  132 | loss 59.3518 | lr 4.78e-02 | 2.0s
epoch  133 | loss 59.6635 | lr 4.78e-02 | 2.0s
epoch  134 | loss 59.2568 | lr 4.78e-02 | 2.0s
epoch  135 | loss 59.5009 | lr 4.78e-02 | 2.1s
epoch  136 | loss 59.7931 | lr 4.77e-02 | 2.0s
epoch  137 | loss 59.3733 | lr 4.77e-02 | 2.0s
epoch  138 | loss 59.7635 | lr 4.77e-02 | 2.0s
epoch  139 | loss 60.2484 | lr 4.76e-02 | 2.0s
epoch  140 | loss 59.6898 | lr 4.76e-02 | 2.0s
epoch  141 | loss 59.8774 | lr 4.76e-02 | 2.0s
epoch  142 | loss 59.8223 | lr 4.75e-02 | 2.0s
epoch  143 | loss 60.2659 | lr 4.75e-02 | 2.0s
epoch  144 | loss 60.1659 | lr 4.75e-02 | 2.0s
epoch  145 | loss 59.4498 | lr 4.74e-02 | 2.0s
epoch  146 | loss 60.4752 | lr 4.74e-02 | 2.0s
epoch  147 | loss 60.0293 | lr 4.73e-02 | 2.0s
epoch  148 | loss 60.4435 | lr 4.73e-02 | 2.0s
epoch  149 | loss 59.7844 | lr 4.73e-02 | 2.0s
epoch  150 | loss 59.2757 | lr 4.72e-02 | 2.0s
epoch  151 | loss 59.5749 | lr 4.72e-02 | 2.0s
epoch  152 | loss 59.3193 | lr 4.72e-02 | 2.0s
epoch  153 | loss 59.8793 | lr 4.71e-02 | 2.0s
epoch  154 | loss 59.8332 | lr 4.71e-02 | 2.0s
epoch  155 | loss 59.8382 | lr 4.71e-02 | 2.0s
epoch  156 | loss 59.3762 | lr 4.70e-02 | 2.0s
epoch  157 | loss 60.2040 | lr 4.70e-02 | 2.0s
epoch  158 | loss 59.7715 | lr 4.69e-02 | 2.0s
epoch  159 | loss 59.5606 | lr 4.69e-02 | 2.0s
epoch  160 | loss 59.6266 | lr 4.69e-02 | 2.0s
epoch  161 | loss 59.3976 | lr 4.68e-02 | 2.0s
epoch  162 | loss 59.9550 | lr 4.68e-02 | 2.0s
epoch  163 | loss 59.7188 | lr 4.68e-02 | 2.0s
epoch  164 | loss 59.6288 | lr 4.67e-02 | 2.0s
epoch  165 | loss 59.6197 | lr 4.67e-02 | 2.0s
epoch  166 | loss 59.4612 | lr 4.66e-02 | 2.0s
epoch  167 | loss 59.8724 | lr 4.66e-02 | 2.0s
epoch  168 | loss 59.7322 | lr 4.66e-02 | 2.0s
epoch  169 | loss 59.9586 | lr 4.65e-02 | 2.0s
epoch  170 | loss 59.9752 | lr 4.65e-02 | 2.0s
epoch  171 | loss 59.9179 | lr 4.64e-02 | 2.0s
epoch  172 | loss 59.3849 | lr 4.64e-02 | 2.1s
epoch  173 | loss 59.6042 | lr 4.64e-02 | 2.0s
epoch  174 | loss 60.5844 | lr 4.63e-02 | 2.0s
epoch  175 | loss 59.9586 | lr 4.63e-02 | 2.0s
epoch  176 | loss 60.2883 | lr 4.62e-02 | 2.0s
epoch  177 | loss 59.8692 | lr 4.62e-02 | 2.0s
epoch  178 | loss 59.5115 | lr 4.62e-02 | 2.1s
epoch  179 | loss 60.0289 | lr 4.61e-02 | 2.1s
epoch  180 | loss 59.4224 | lr 4.61e-02 | 2.0s
epoch  181 | loss 59.6037 | lr 4.60e-02 | 2.0s
epoch  182 | loss 59.3370 | lr 4.60e-02 | 2.0s
epoch  183 | loss 59.6961 | lr 4.59e-02 | 2.0s
epoch  184 | loss 60.4242 | lr 4.59e-02 | 2.0s
epoch  185 | loss 59.7317 | lr 4.59e-02 | 2.0s
epoch  186 | loss 60.1576 | lr 4.58e-02 | 2.0s
epoch  187 | loss 60.2062 | lr 4.58e-02 | 2.0s
epoch  188 | loss 59.7009 | lr 4.57e-02 | 2.0s
epoch  189 | loss 59.5641 | lr 4.57e-02 | 2.0s
epoch  190 | loss 59.9753 | lr 4.56e-02 | 2.0s
epoch  191 | loss 59.9419 | lr 4.56e-02 | 2.0s
epoch  192 | loss 59.6201 | lr 4.55e-02 | 2.0s
epoch  193 | loss 59.6347 | lr 4.55e-02 | 2.0s
epoch  194 | loss 59.6599 | lr 4.55e-02 | 2.0s
epoch  195 | loss 59.6142 | lr 4.54e-02 | 2.0s
epoch  196 | loss 59.6140 | lr 4.54e-02 | 2.0s
epoch  197 | loss 59.7001 | lr 4.53e-02 | 2.0s
epoch  198 | loss 60.0339 | lr 4.53e-02 | 2.1s
epoch  199 | loss 60.0250 | lr 4.52e-02 | 2.0s
epoch  200 | loss 59.5773 | lr 4.52e-02 | 2.0s
epoch  201 | loss 59.8195 | lr 4.51e-02 | 2.0s
epoch  202 | loss 59.8357 | lr 4.51e-02 | 2.0s
epoch  203 | loss 59.8080 | lr 4.50e-02 | 2.1s
epoch  204 | loss 59.9406 | lr 4.50e-02 | 2.1s
epoch  205 | loss 59.7327 | lr 4.49e-02 | 2.1s
epoch  206 | loss 59.7106 | lr 4.49e-02 | 2.0s
epoch  207 | loss 59.6784 | lr 4.48e-02 | 2.0s
epoch  208 | loss 59.9885 | lr 4.48e-02 | 2.0s
epoch  209 | loss 60.1849 | lr 4.48e-02 | 2.0s
epoch  210 | loss 59.5365 | lr 4.47e-02 | 2.0s
epoch  211 | loss 59.5189 | lr 4.47e-02 | 2.0s
epoch  212 | loss 59.8040 | lr 4.46e-02 | 2.0s
epoch  213 | loss 59.7670 | lr 4.46e-02 | 2.0s
epoch  214 | loss 60.2788 | lr 4.45e-02 | 2.0s
epoch  215 | loss 59.6072 | lr 4.45e-02 | 2.0s
epoch  216 | loss 60.1778 | lr 4.44e-02 | 2.0s
epoch  217 | loss 60.0498 | lr 4.44e-02 | 2.0s
epoch  218 | loss 60.3054 | lr 4.43e-02 | 2.0s
epoch  219 | loss 60.0581 | lr 4.43e-02 | 2.0s
epoch  220 | loss 59.9533 | lr 4.42e-02 | 2.0s
epoch  221 | loss 60.3402 | lr 4.42e-02 | 2.0s
epoch  222 | loss 60.2599 | lr 4.41e-02 | 2.0s
epoch  223 | loss 60.3280 | lr 4.41e-02 | 2.0s
epoch  224 | loss 59.9512 | lr 4.40e-02 | 2.0s
epoch  225 | loss 60.4273 | lr 4.40e-02 | 2.0s
epoch  226 | loss 60.3124 | lr 4.39e-02 | 2.0s
epoch  227 | loss 59.9488 | lr 4.39e-02 | 2.0s
epoch  228 | loss 59.6615 | lr 4.38e-02 | 2.0s
epoch  229 | loss 60.0501 | lr 4.38e-02 | 2.1s
epoch  230 | loss 60.1099 | lr 4.37e-02 | 2.1s
epoch  231 | loss 60.0914 | lr 4.36e-02 | 2.2s
epoch  232 | loss 60.3189 | lr 4.36e-02 | 2.1s
epoch  233 | loss 60.3395 | lr 4.35e-02 | 2.1s
epoch  234 | loss 60.1888 | lr 4.35e-02 | 2.2s
epoch  235 | loss 59.8403 | lr 4.34e-02 | 2.2s
epoch  236 | loss 60.1540 | lr 4.34e-02 | 2.2s
epoch  237 | loss 60.2493 | lr 4.33e-02 | 2.1s
epoch  238 | loss 60.4769 | lr 4.33e-02 | 2.1s
epoch  239 | loss 59.9224 | lr 4.32e-02 | 2.1s
epoch  240 | loss 59.8179 | lr 4.32e-02 | 2.1s
epoch  241 | loss 59.9952 | lr 4.31e-02 | 2.1s
epoch  242 | loss 60.1214 | lr 4.31e-02 | 2.1s
epoch  243 | loss 59.9442 | lr 4.30e-02 | 2.1s
epoch  244 | loss 60.1212 | lr 4.30e-02 | 2.0s
epoch  245 | loss 60.1671 | lr 4.29e-02 | 2.0s
epoch  246 | loss 59.9679 | lr 4.28e-02 | 2.0s
epoch  247 | loss 59.3155 | lr 4.28e-02 | 2.0s
epoch  248 | loss 60.3836 | lr 4.27e-02 | 2.0s
epoch  249 | loss 59.7473 | lr 4.27e-02 | 2.0s
epoch  250 | loss 59.8372 | lr 4.26e-02 | 2.0s
epoch  251 | loss 59.4449 | lr 4.26e-02 | 2.1s
epoch  252 | loss 59.5797 | lr 4.25e-02 | 2.1s
epoch  253 | loss 60.3980 | lr 4.25e-02 | 2.1s
epoch  254 | loss 60.3202 | lr 4.24e-02 | 2.0s
epoch  255 | loss 59.0770 | lr 4.23e-02 | 2.0s
epoch  256 | loss 59.9101 | lr 4.23e-02 | 2.0s
epoch  257 | loss 60.0732 | lr 4.22e-02 | 2.0s
epoch  258 | loss 59.9253 | lr 4.22e-02 | 2.0s
epoch  259 | loss 60.3283 | lr 4.21e-02 | 2.0s
epoch  260 | loss 60.3503 | lr 4.21e-02 | 2.0s
epoch  261 | loss 60.2433 | lr 4.20e-02 | 2.0s
epoch  262 | loss 60.0732 | lr 4.19e-02 | 2.0s
epoch  263 | loss 60.4617 | lr 4.19e-02 | 2.0s
epoch  264 | loss 59.7012 | lr 4.18e-02 | 2.0s
epoch  265 | loss 60.4056 | lr 4.18e-02 | 2.0s
epoch  266 | loss 59.7771 | lr 4.17e-02 | 2.0s
epoch  267 | loss 60.5504 | lr 4.17e-02 | 2.0s
epoch  268 | loss 60.2290 | lr 4.16e-02 | 2.0s
epoch  269 | loss 59.6444 | lr 4.15e-02 | 2.0s
epoch  270 | loss 59.8375 | lr 4.15e-02 | 2.0s
epoch  271 | loss 60.1751 | lr 4.14e-02 | 2.0s
epoch  272 | loss 60.3598 | lr 4.14e-02 | 2.0s
epoch  273 | loss 60.9077 | lr 4.13e-02 | 2.0s
epoch  274 | loss 60.2083 | lr 4.12e-02 | 2.0s
epoch  275 | loss 60.1119 | lr 4.12e-02 | 2.0s
epoch  276 | loss 60.5675 | lr 4.11e-02 | 2.0s
epoch  277 | loss 60.1733 | lr 4.11e-02 | 2.0s
epoch  278 | loss 59.7478 | lr 4.10e-02 | 2.0s
epoch  279 | loss 60.5695 | lr 4.09e-02 | 2.0s
epoch  280 | loss 60.1050 | lr 4.09e-02 | 2.0s
epoch  281 | loss 59.6464 | lr 4.08e-02 | 2.0s
epoch  282 | loss 59.9508 | lr 4.08e-02 | 2.0s
epoch  283 | loss 60.7477 | lr 4.07e-02 | 2.0s
epoch  284 | loss 60.4647 | lr 4.06e-02 | 2.0s
epoch  285 | loss 60.3128 | lr 4.06e-02 | 2.0s
epoch  286 | loss 60.3592 | lr 4.05e-02 | 2.0s
epoch  287 | loss 59.9898 | lr 4.04e-02 | 2.0s
epoch  288 | loss 60.3857 | lr 4.04e-02 | 2.0s
epoch  289 | loss 60.7472 | lr 4.03e-02 | 2.0s
epoch  290 | loss 60.8403 | lr 4.03e-02 | 2.1s
epoch  291 | loss 60.0265 | lr 4.02e-02 | 2.1s
epoch  292 | loss 59.5654 | lr 4.01e-02 | 2.0s
epoch  293 | loss 60.2898 | lr 4.01e-02 | 2.0s
epoch  294 | loss 60.3763 | lr 4.00e-02 | 2.0s
epoch  295 | loss 60.2200 | lr 3.99e-02 | 2.0s
epoch  296 | loss 59.8838 | lr 3.99e-02 | 2.0s
epoch  297 | loss 60.4395 | lr 3.98e-02 | 2.0s
epoch  298 | loss 60.4964 | lr 3.98e-02 | 2.1s
epoch  299 | loss 60.6914 | lr 3.97e-02 | 2.1s
epoch  300 | loss 60.3359 | lr 3.96e-02 | 2.1s
epoch  301 | loss 60.5629 | lr 3.96e-02 | 2.0s
epoch  302 | loss 60.5088 | lr 3.95e-02 | 2.0s
epoch  303 | loss 60.6061 | lr 3.94e-02 | 2.0s
epoch  304 | loss 61.0521 | lr 3.94e-02 | 2.0s
epoch  305 | loss 60.5680 | lr 3.93e-02 | 2.0s
epoch  306 | loss 60.0219 | lr 3.92e-02 | 2.0s
epoch  307 | loss 60.6858 | lr 3.92e-02 | 2.0s
epoch  308 | loss 60.4558 | lr 3.91e-02 | 2.0s
epoch  309 | loss 60.9247 | lr 3.91e-02 | 2.0s
epoch  310 | loss 60.4880 | lr 3.90e-02 | 2.1s
epoch  311 | loss 60.2919 | lr 3.89e-02 | 2.1s
epoch  312 | loss 60.0797 | lr 3.89e-02 | 2.1s
epoch  313 | loss 60.6122 | lr 3.88e-02 | 2.2s
epoch  314 | loss 60.4285 | lr 3.87e-02 | 2.2s
epoch  315 | loss 60.3556 | lr 3.87e-02 | 2.1s
epoch  316 | loss 60.5910 | lr 3.86e-02 | 2.1s
epoch  317 | loss 60.4945 | lr 3.85e-02 | 2.0s
epoch  318 | loss 60.2981 | lr 3.85e-02 | 2.0s
epoch  319 | loss 60.9777 | lr 3.84e-02 | 2.0s
epoch  320 | loss 60.9533 | lr 3.83e-02 | 2.0s
epoch  321 | loss 60.5349 | lr 3.83e-02 | 2.0s
epoch  322 | loss 60.3821 | lr 3.82e-02 | 2.0s
epoch  323 | loss 60.2566 | lr 3.81e-02 | 2.0s
epoch  324 | loss 59.9823 | lr 3.81e-02 | 2.0s
epoch  325 | loss 60.3445 | lr 3.80e-02 | 2.0s
epoch  326 | loss 60.5128 | lr 3.79e-02 | 2.0s
epoch  327 | loss 60.3919 | lr 3.79e-02 | 2.0s
epoch  328 | loss 60.5168 | lr 3.78e-02 | 2.0s
epoch  329 | loss 61.0830 | lr 3.77e-02 | 2.0s
epoch  330 | loss 60.7932 | lr 3.77e-02 | 2.0s
epoch  331 | loss 60.3976 | lr 3.76e-02 | 2.0s
epoch  332 | loss 60.7184 | lr 3.75e-02 | 2.0s
epoch  333 | loss 60.3605 | lr 3.75e-02 | 2.0s
epoch  334 | loss 60.4097 | lr 3.74e-02 | 2.0s
epoch  335 | loss 60.0123 | lr 3.73e-02 | 2.0s
epoch  336 | loss 60.0586 | lr 3.72e-02 | 2.0s
epoch  337 | loss 60.3246 | lr 3.72e-02 | 2.0s
epoch  338 | loss 60.3756 | lr 3.71e-02 | 2.0s
epoch  339 | loss 60.9941 | lr 3.70e-02 | 2.0s
epoch  340 | loss 60.6888 | lr 3.70e-02 | 2.0s
epoch  341 | loss 60.5449 | lr 3.69e-02 | 2.0s
epoch  342 | loss 59.8288 | lr 3.68e-02 | 2.0s
epoch  343 | loss 60.1153 | lr 3.68e-02 | 2.1s
epoch  344 | loss 61.0105 | lr 3.67e-02 | 2.1s
epoch  345 | loss 60.2324 | lr 3.66e-02 | 2.1s
epoch  346 | loss 60.5002 | lr 3.66e-02 | 2.0s
epoch  347 | loss 60.4457 | lr 3.65e-02 | 2.0s
epoch  348 | loss 60.6659 | lr 3.64e-02 | 2.0s
epoch  349 | loss 60.9007 | lr 3.63e-02 | 2.0s
epoch  350 | loss 60.1887 | lr 3.63e-02 | 2.0s
epoch  351 | loss 60.6937 | lr 3.62e-02 | 2.0s
epoch  352 | loss 60.4402 | lr 3.61e-02 | 2.1s
epoch  353 | loss 60.8497 | lr 3.61e-02 | 2.0s
epoch  354 | loss 61.0307 | lr 3.60e-02 | 2.1s
epoch  355 | loss 61.0494 | lr 3.59e-02 | 2.0s
epoch  356 | loss 60.8057 | lr 3.59e-02 | 2.0s
epoch  357 | loss 60.6896 | lr 3.58e-02 | 2.0s
epoch  358 | loss 60.5349 | lr 3.57e-02 | 2.0s
epoch  359 | loss 60.7934 | lr 3.56e-02 | 2.0s
epoch  360 | loss 60.2582 | lr 3.56e-02 | 2.0s
epoch  361 | loss 61.3450 | lr 3.55e-02 | 2.0s
epoch  362 | loss 61.2010 | lr 3.54e-02 | 2.1s
epoch  363 | loss 60.4721 | lr 3.54e-02 | 2.1s
epoch  364 | loss 60.7437 | lr 3.53e-02 | 2.1s
epoch  365 | loss 60.3450 | lr 3.52e-02 | 2.0s
epoch  366 | loss 60.8515 | lr 3.51e-02 | 2.0s
epoch  367 | loss 61.0149 | lr 3.51e-02 | 2.0s
epoch  368 | loss 60.4753 | lr 3.50e-02 | 2.0s
epoch  369 | loss 61.0995 | lr 3.49e-02 | 2.0s
epoch  370 | loss 60.5659 | lr 3.49e-02 | 2.1s
epoch  371 | loss 60.8577 | lr 3.48e-02 | 2.0s
epoch  372 | loss 60.9541 | lr 3.47e-02 | 2.0s
epoch  373 | loss 60.7171 | lr 3.46e-02 | 2.0s
epoch  374 | loss 60.3702 | lr 3.46e-02 | 2.0s
epoch  375 | loss 60.6740 | lr 3.45e-02 | 2.0s
epoch  376 | loss 60.8787 | lr 3.44e-02 | 2.0s
epoch  377 | loss 60.5900 | lr 3.43e-02 | 2.0s
epoch  378 | loss 60.8578 | lr 3.43e-02 | 2.0s
epoch  379 | loss 60.6169 | lr 3.42e-02 | 2.0s
epoch  380 | loss 60.5869 | lr 3.41e-02 | 2.0s
epoch  381 | loss 61.1779 | lr 3.41e-02 | 2.0s
epoch  382 | loss 60.5322 | lr 3.40e-02 | 2.0s
epoch  383 | loss 60.6423 | lr 3.39e-02 | 2.0s
epoch  384 | loss 60.6013 | lr 3.38e-02 | 2.0s
epoch  385 | loss 60.7072 | lr 3.38e-02 | 2.0s
epoch  386 | loss 61.5202 | lr 3.37e-02 | 2.0s
epoch  387 | loss 60.6988 | lr 3.36e-02 | 2.0s
epoch  388 | loss 61.3227 | lr 3.35e-02 | 2.0s
epoch  389 | loss 60.6459 | lr 3.35e-02 | 2.0s
epoch  390 | loss 60.5346 | lr 3.34e-02 | 2.0s
epoch  391 | loss 61.2180 | lr 3.33e-02 | 2.1s
epoch  392 | loss 61.3425 | lr 3.32e-02 | 2.3s
epoch  393 | loss 61.4891 | lr 3.32e-02 | 2.1s
epoch  394 | loss 60.2279 | lr 3.31e-02 | 2.1s
epoch  395 | loss 60.6999 | lr 3.30e-02 | 2.1s
epoch  396 | loss 60.9113 | lr 3.29e-02 | 2.0s
epoch  397 | loss 60.9033 | lr 3.29e-02 | 2.0s
epoch  398 | loss 60.6526 | lr 3.28e-02 | 2.1s
epoch  399 | loss 61.3246 | lr 3.27e-02 | 2.1s
epoch  400 | loss 61.0342 | lr 3.27e-02 | 2.0s
epoch  401 | loss 60.4126 | lr 3.26e-02 | 2.0s
epoch  402 | loss 60.7625 | lr 3.25e-02 | 2.0s
epoch  403 | loss 61.1463 | lr 3.24e-02 | 2.0s
epoch  404 | loss 61.3768 | lr 3.24e-02 | 2.0s
epoch  405 | loss 61.2770 | lr 3.23e-02 | 2.0s
epoch  406 | loss 61.1047 | lr 3.22e-02 | 2.0s
epoch  407 | loss 60.9389 | lr 3.21e-02 | 2.0s
epoch  408 | loss 61.5900 | lr 3.21e-02 | 2.0s
epoch  409 | loss 60.7632 | lr 3.20e-02 | 2.0s
epoch  410 | loss 61.1263 | lr 3.19e-02 | 2.0s
epoch  411 | loss 60.7904 | lr 3.18e-02 | 2.0s
epoch  412 | loss 61.1709 | lr 3.17e-02 | 2.0s
epoch  413 | loss 60.4626 | lr 3.17e-02 | 2.0s
epoch  414 | loss 60.7980 | lr 3.16e-02 | 2.0s
epoch  415 | loss 61.1507 | lr 3.15e-02 | 2.0s
epoch  416 | loss 61.0938 | lr 3.14e-02 | 2.0s
epoch  417 | loss 61.5028 | lr 3.14e-02 | 2.0s
epoch  418 | loss 61.2008 | lr 3.13e-02 | 2.0s
epoch  419 | loss 61.1378 | lr 3.12e-02 | 2.0s
epoch  420 | loss 61.8009 | lr 3.11e-02 | 2.0s
epoch  421 | loss 61.1347 | lr 3.11e-02 | 2.0s
epoch  422 | loss 60.9836 | lr 3.10e-02 | 2.0s
epoch  423 | loss 60.6350 | lr 3.09e-02 | 2.1s
epoch  424 | loss 61.3874 | lr 3.08e-02 | 2.0s
epoch  425 | loss 61.3003 | lr 3.08e-02 | 2.0s
epoch  426 | loss 61.5394 | lr 3.07e-02 | 2.0s
epoch  427 | loss 61.4465 | lr 3.06e-02 | 2.0s
epoch  428 | loss 61.2117 | lr 3.05e-02 | 2.0s
epoch  429 | loss 61.4613 | lr 3.05e-02 | 2.0s
epoch  430 | loss 61.6331 | lr 3.04e-02 | 2.0s
epoch  431 | loss 61.7407 | lr 3.03e-02 | 2.0s
epoch  432 | loss 61.6254 | lr 3.02e-02 | 2.0s
epoch  433 | loss 61.9474 | lr 3.01e-02 | 2.0s
epoch  434 | loss 61.5755 | lr 3.01e-02 | 2.0s
epoch  435 | loss 61.6918 | lr 3.00e-02 | 2.0s
epoch  436 | loss 61.5129 | lr 2.99e-02 | 2.0s
epoch  437 | loss 61.0634 | lr 2.98e-02 | 2.0s
epoch  438 | loss 62.1165 | lr 2.98e-02 | 2.0s
epoch  439 | loss 61.6408 | lr 2.97e-02 | 2.0s
epoch  440 | loss 61.9609 | lr 2.96e-02 | 2.0s
epoch  441 | loss 61.7056 | lr 2.95e-02 | 2.1s
epoch  442 | loss 61.4975 | lr 2.95e-02 | 2.1s
epoch  443 | loss 60.9131 | lr 2.94e-02 | 2.2s
epoch  444 | loss 60.8778 | lr 2.93e-02 | 2.1s
epoch  445 | loss 61.3085 | lr 2.92e-02 | 2.1s
epoch  446 | loss 61.3007 | lr 2.91e-02 | 2.1s
epoch  447 | loss 61.6914 | lr 2.91e-02 | 2.1s
epoch  448 | loss 61.6298 | lr 2.90e-02 | 2.1s
epoch  449 | loss 61.8628 | lr 2.89e-02 | 2.0s
epoch  450 | loss 61.5058 | lr 2.88e-02 | 2.0s
epoch  451 | loss 61.4803 | lr 2.88e-02 | 2.0s
epoch  452 | loss 61.7670 | lr 2.87e-02 | 2.0s
epoch  453 | loss 61.8881 | lr 2.86e-02 | 2.0s
epoch  454 | loss 61.5946 | lr 2.85e-02 | 2.0s
epoch  455 | loss 61.0912 | lr 2.84e-02 | 2.0s
epoch  456 | loss 61.2089 | lr 2.84e-02 | 2.0s
epoch  457 | loss 61.4148 | lr 2.83e-02 | 2.0s
epoch  458 | loss 61.3626 | lr 2.82e-02 | 2.0s
epoch  459 | loss 61.4844 | lr 2.81e-02 | 2.0s
epoch  460 | loss 61.7833 | lr 2.81e-02 | 2.0s
epoch  461 | loss 61.9358 | lr 2.80e-02 | 2.0s
epoch  462 | loss 61.5031 | lr 2.79e-02 | 2.0s
epoch  463 | loss 61.5969 | lr 2.78e-02 | 2.0s
epoch  464 | loss 61.1823 | lr 2.77e-02 | 2.1s
epoch  465 | loss 61.4849 | lr 2.77e-02 | 2.4s
epoch  466 | loss 61.5122 | lr 2.76e-02 | 2.2s
epoch  467 | loss 61.7410 | lr 2.75e-02 | 2.3s
epoch  468 | loss 61.5753 | lr 2.74e-02 | 2.2s
epoch  469 | loss 61.5121 | lr 2.74e-02 | 2.2s
epoch  470 | loss 61.6357 | lr 2.73e-02 | 2.2s
epoch  471 | loss 61.8247 | lr 2.72e-02 | 2.1s
epoch  472 | loss 61.5275 | lr 2.71e-02 | 2.2s
epoch  473 | loss 61.4826 | lr 2.70e-02 | 2.1s
epoch  474 | loss 61.9470 | lr 2.70e-02 | 2.2s
epoch  475 | loss 61.4250 | lr 2.69e-02 | 2.1s
epoch  476 | loss 62.2292 | lr 2.68e-02 | 2.0s
epoch  477 | loss 62.1109 | lr 2.67e-02 | 2.1s
epoch  478 | loss 61.0923 | lr 2.66e-02 | 2.2s
epoch  479 | loss 61.4511 | lr 2.66e-02 | 2.1s
epoch  480 | loss 61.5331 | lr 2.65e-02 | 2.1s
epoch  481 | loss 61.5431 | lr 2.64e-02 | 2.0s
epoch  482 | loss 62.1428 | lr 2.63e-02 | 2.0s
epoch  483 | loss 61.9977 | lr 2.63e-02 | 2.0s
epoch  484 | loss 62.2508 | lr 2.62e-02 | 2.0s
epoch  485 | loss 61.5903 | lr 2.61e-02 | 2.0s
epoch  486 | loss 62.0205 | lr 2.60e-02 | 2.0s
epoch  487 | loss 62.1324 | lr 2.59e-02 | 2.0s
epoch  488 | loss 62.3620 | lr 2.59e-02 | 2.0s
epoch  489 | loss 61.5719 | lr 2.58e-02 | 2.0s
epoch  490 | loss 61.2367 | lr 2.57e-02 | 2.0s
epoch  491 | loss 62.0943 | lr 2.56e-02 | 2.1s
epoch  492 | loss 62.5236 | lr 2.55e-02 | 2.0s
epoch  493 | loss 61.6254 | lr 2.55e-02 | 2.0s
epoch  494 | loss 62.0148 | lr 2.54e-02 | 2.0s
epoch  495 | loss 61.4087 | lr 2.53e-02 | 2.0s
epoch  496 | loss 61.5740 | lr 2.52e-02 | 2.0s
epoch  497 | loss 61.9573 | lr 2.52e-02 | 2.0s
epoch  498 | loss 61.7426 | lr 2.51e-02 | 2.0s
epoch  499 | loss 61.5835 | lr 2.50e-02 | 2.1s
epoch  500 | loss 61.8094 | lr 2.49e-02 | 2.0s
epoch  501 | loss 62.1974 | lr 2.48e-02 | 2.1s
epoch  502 | loss 61.6813 | lr 2.48e-02 | 2.1s
epoch  503 | loss 62.5122 | lr 2.47e-02 | 2.1s
epoch  504 | loss 61.6390 | lr 2.46e-02 | 2.1s
epoch  505 | loss 61.8479 | lr 2.45e-02 | 2.1s
epoch  506 | loss 61.8041 | lr 2.45e-02 | 2.0s
epoch  507 | loss 61.9433 | lr 2.44e-02 | 2.0s
epoch  508 | loss 61.7059 | lr 2.43e-02 | 2.0s
epoch  509 | loss 62.5023 | lr 2.42e-02 | 2.0s
epoch  510 | loss 61.5795 | lr 2.41e-02 | 2.0s
epoch  511 | loss 61.9941 | lr 2.41e-02 | 2.2s
epoch  512 | loss 61.6263 | lr 2.40e-02 | 2.1s
epoch  513 | loss 61.7251 | lr 2.39e-02 | 2.0s
epoch  514 | loss 62.2017 | lr 2.38e-02 | 2.0s
epoch  515 | loss 62.4101 | lr 2.37e-02 | 2.0s
epoch  516 | loss 62.0365 | lr 2.37e-02 | 2.0s
epoch  517 | loss 62.3665 | lr 2.36e-02 | 2.0s
epoch  518 | loss 63.0151 | lr 2.35e-02 | 2.0s
epoch  519 | loss 62.0454 | lr 2.34e-02 | 2.0s
epoch  520 | loss 61.6969 | lr 2.34e-02 | 2.0s
epoch  521 | loss 62.1412 | lr 2.33e-02 | 2.0s
epoch  522 | loss 61.7815 | lr 2.32e-02 | 2.0s
epoch  523 | loss 62.1188 | lr 2.31e-02 | 2.0s
epoch  524 | loss 61.8342 | lr 2.30e-02 | 2.0s
epoch  525 | loss 62.0462 | lr 2.30e-02 | 2.1s
epoch  526 | loss 61.9508 | lr 2.29e-02 | 2.2s
epoch  527 | loss 62.3856 | lr 2.28e-02 | 2.1s
epoch  528 | loss 62.3396 | lr 2.27e-02 | 2.1s
epoch  529 | loss 62.2341 | lr 2.26e-02 | 2.1s
epoch  530 | loss 61.8549 | lr 2.26e-02 | 2.2s
epoch  531 | loss 62.1837 | lr 2.25e-02 | 2.1s
epoch  532 | loss 62.7740 | lr 2.24e-02 | 2.0s
epoch  533 | loss 61.9621 | lr 2.23e-02 | 2.0s
epoch  534 | loss 62.5608 | lr 2.23e-02 | 2.0s
epoch  535 | loss 61.9948 | lr 2.22e-02 | 2.0s
epoch  536 | loss 61.9541 | lr 2.21e-02 | 2.0s
epoch  537 | loss 62.5953 | lr 2.20e-02 | 2.0s
epoch  538 | loss 62.5462 | lr 2.19e-02 | 2.0s
epoch  539 | loss 62.6376 | lr 2.19e-02 | 2.0s
epoch  540 | loss 62.2503 | lr 2.18e-02 | 2.0s
epoch  541 | loss 62.2543 | lr 2.17e-02 | 2.1s
epoch  542 | loss 62.4867 | lr 2.16e-02 | 2.1s
epoch  543 | loss 62.2293 | lr 2.16e-02 | 2.0s
epoch  544 | loss 62.4385 | lr 2.15e-02 | 2.0s
epoch  545 | loss 62.2268 | lr 2.14e-02 | 2.0s
epoch  546 | loss 62.0960 | lr 2.13e-02 | 2.1s
epoch  547 | loss 62.5507 | lr 2.12e-02 | 2.0s
epoch  548 | loss 62.6591 | lr 2.12e-02 | 2.0s
epoch  549 | loss 62.4576 | lr 2.11e-02 | 2.0s
epoch  550 | loss 62.4251 | lr 2.10e-02 | 2.0s
epoch  551 | loss 62.5696 | lr 2.09e-02 | 2.0s
epoch  552 | loss 61.6344 | lr 2.09e-02 | 2.0s
epoch  553 | loss 62.2916 | lr 2.08e-02 | 2.0s
epoch  554 | loss 62.5568 | lr 2.07e-02 | 2.1s
epoch  555 | loss 62.7807 | lr 2.06e-02 | 2.0s
epoch  556 | loss 62.3303 | lr 2.05e-02 | 2.0s
epoch  557 | loss 62.7535 | lr 2.05e-02 | 2.0s
epoch  558 | loss 62.3789 | lr 2.04e-02 | 2.1s
epoch  559 | loss 61.9954 | lr 2.03e-02 | 2.0s
epoch  560 | loss 62.5253 | lr 2.02e-02 | 2.0s
epoch  561 | loss 62.1775 | lr 2.02e-02 | 2.0s
epoch  562 | loss 62.6614 | lr 2.01e-02 | 2.0s
epoch  563 | loss 62.5254 | lr 2.00e-02 | 2.0s
epoch  564 | loss 62.3103 | lr 1.99e-02 | 2.1s
epoch  565 | loss 62.8359 | lr 1.99e-02 | 2.1s
epoch  566 | loss 62.7050 | lr 1.98e-02 | 2.1s
epoch  567 | loss 62.3729 | lr 1.97e-02 | 2.0s
epoch  568 | loss 62.5071 | lr 1.96e-02 | 2.0s
epoch  569 | loss 62.3914 | lr 1.95e-02 | 2.0s
epoch  570 | loss 62.6188 | lr 1.95e-02 | 2.0s
epoch  571 | loss 62.9011 | lr 1.94e-02 | 2.0s
epoch  572 | loss 63.1070 | lr 1.93e-02 | 2.0s
epoch  573 | loss 62.2852 | lr 1.92e-02 | 2.0s
epoch  574 | loss 62.2694 | lr 1.92e-02 | 2.0s
epoch  575 | loss 62.7301 | lr 1.91e-02 | 2.0s
epoch  576 | loss 62.7216 | lr 1.90e-02 | 2.1s
epoch  577 | loss 62.0711 | lr 1.89e-02 | 2.1s
epoch  578 | loss 62.9866 | lr 1.89e-02 | 2.0s
epoch  579 | loss 62.6469 | lr 1.88e-02 | 2.0s
epoch  580 | loss 62.9601 | lr 1.87e-02 | 2.0s
epoch  581 | loss 62.6405 | lr 1.86e-02 | 2.0s
epoch  582 | loss 62.8247 | lr 1.86e-02 | 2.1s
epoch  583 | loss 62.2197 | lr 1.85e-02 | 2.0s
epoch  584 | loss 63.0618 | lr 1.84e-02 | 2.0s
epoch  585 | loss 62.8511 | lr 1.83e-02 | 2.0s
epoch  586 | loss 62.7530 | lr 1.83e-02 | 2.0s
epoch  587 | loss 62.4239 | lr 1.82e-02 | 2.0s
epoch  588 | loss 62.9564 | lr 1.81e-02 | 2.0s
epoch  589 | loss 63.1475 | lr 1.80e-02 | 2.0s
epoch  590 | loss 63.1581 | lr 1.79e-02 | 2.0s
epoch  591 | loss 63.1578 | lr 1.79e-02 | 2.0s
epoch  592 | loss 62.6034 | lr 1.78e-02 | 2.0s
epoch  593 | loss 62.8385 | lr 1.77e-02 | 2.0s
epoch  594 | loss 62.4645 | lr 1.76e-02 | 2.0s
epoch  595 | loss 63.3633 | lr 1.76e-02 | 2.0s
epoch  596 | loss 62.8090 | lr 1.75e-02 | 2.0s
epoch  597 | loss 62.8503 | lr 1.74e-02 | 2.0s
epoch  598 | loss 62.5466 | lr 1.73e-02 | 2.0s
epoch  599 | loss 62.3869 | lr 1.73e-02 | 2.0s
epoch  600 | loss 62.8442 | lr 1.72e-02 | 2.0s
epoch  601 | loss 62.4422 | lr 1.71e-02 | 2.0s
epoch  602 | loss 63.1207 | lr 1.71e-02 | 2.1s
epoch  603 | loss 63.1598 | lr 1.70e-02 | 2.1s
epoch  604 | loss 63.2511 | lr 1.69e-02 | 2.1s
epoch  605 | loss 63.2718 | lr 1.68e-02 | 2.0s
epoch  606 | loss 62.7705 | lr 1.68e-02 | 2.0s
epoch  607 | loss 62.6056 | lr 1.67e-02 | 2.0s
epoch  608 | loss 63.1721 | lr 1.66e-02 | 2.0s
epoch  609 | loss 62.7767 | lr 1.65e-02 | 2.0s
epoch  610 | loss 62.7053 | lr 1.65e-02 | 2.0s
epoch  611 | loss 62.7280 | lr 1.64e-02 | 2.0s
epoch  612 | loss 62.6674 | lr 1.63e-02 | 2.0s
epoch  613 | loss 63.0828 | lr 1.62e-02 | 2.0s
epoch  614 | loss 62.5978 | lr 1.62e-02 | 2.1s
epoch  615 | loss 63.0710 | lr 1.61e-02 | 2.1s
epoch  616 | loss 63.4421 | lr 1.60e-02 | 2.0s
epoch  617 | loss 63.4582 | lr 1.59e-02 | 2.0s
epoch  618 | loss 63.2268 | lr 1.59e-02 | 2.0s
epoch  619 | loss 63.1375 | lr 1.58e-02 | 2.0s
epoch  620 | loss 63.2489 | lr 1.57e-02 | 2.0s
epoch  621 | loss 62.7238 | lr 1.57e-02 | 2.1s
epoch  622 | loss 62.7431 | lr 1.56e-02 | 2.1s
epoch  623 | loss 63.4031 | lr 1.55e-02 | 2.2s
epoch  624 | loss 62.7258 | lr 1.54e-02 | 2.2s
epoch  625 | loss 62.8986 | lr 1.54e-02 | 2.2s
epoch  626 | loss 62.9330 | lr 1.53e-02 | 2.0s
epoch  627 | loss 62.9367 | lr 1.52e-02 | 2.1s
epoch  628 | loss 62.4867 | lr 1.51e-02 | 2.1s
epoch  629 | loss 62.7710 | lr 1.51e-02 | 2.0s
epoch  630 | loss 63.9646 | lr 1.50e-02 | 2.0s
epoch  631 | loss 63.4285 | lr 1.49e-02 | 2.0s
epoch  632 | loss 63.3767 | lr 1.49e-02 | 2.0s
epoch  633 | loss 63.9639 | lr 1.48e-02 | 2.0s
epoch  634 | loss 63.6453 | lr 1.47e-02 | 2.0s
epoch  635 | loss 63.1228 | lr 1.46e-02 | 2.0s
epoch  636 | loss 63.4762 | lr 1.46e-02 | 2.0s
epoch  637 | loss 63.5534 | lr 1.45e-02 | 2.0s
epoch  638 | loss 63.1710 | lr 1.44e-02 | 2.0s
epoch  639 | loss 62.8164 | lr 1.44e-02 | 2.0s
epoch  640 | loss 62.9176 | lr 1.43e-02 | 2.0s
epoch  641 | loss 63.7511 | lr 1.42e-02 | 2.0s
epoch  642 | loss 63.7214 | lr 1.41e-02 | 2.0s
epoch  643 | loss 63.5293 | lr 1.41e-02 | 2.0s
epoch  644 | loss 63.5142 | lr 1.40e-02 | 2.0s
epoch  645 | loss 63.7818 | lr 1.39e-02 | 2.0s
epoch  646 | loss 64.1248 | lr 1.39e-02 | 2.0s
epoch  647 | loss 63.2945 | lr 1.38e-02 | 2.0s
epoch  648 | loss 63.6214 | lr 1.37e-02 | 2.0s
epoch  649 | loss 63.2628 | lr 1.37e-02 | 2.0s
epoch  650 | loss 63.1357 | lr 1.36e-02 | 2.0s
epoch  651 | loss 62.7862 | lr 1.35e-02 | 2.0s
epoch  652 | loss 63.8380 | lr 1.34e-02 | 2.0s
epoch  653 | loss 63.0115 | lr 1.34e-02 | 2.1s
epoch  654 | loss 63.7763 | lr 1.33e-02 | 2.0s
epoch  655 | loss 63.6151 | lr 1.32e-02 | 2.0s
epoch  656 | loss 63.5484 | lr 1.32e-02 | 2.0s
epoch  657 | loss 62.7593 | lr 1.31e-02 | 2.0s
epoch  658 | loss 63.0382 | lr 1.30e-02 | 2.0s
epoch  659 | loss 63.3539 | lr 1.30e-02 | 2.0s
epoch  660 | loss 63.6610 | lr 1.29e-02 | 2.0s
epoch  661 | loss 63.7095 | lr 1.28e-02 | 2.0s
epoch  662 | loss 63.9106 | lr 1.28e-02 | 2.0s
epoch  663 | loss 62.9344 | lr 1.27e-02 | 2.0s
epoch  664 | loss 63.3921 | lr 1.26e-02 | 2.0s
epoch  665 | loss 63.9219 | lr 1.25e-02 | 2.0s
epoch  666 | loss 63.1822 | lr 1.25e-02 | 2.0s
epoch  667 | loss 62.9247 | lr 1.24e-02 | 2.0s
epoch  668 | loss 63.9452 | lr 1.23e-02 | 2.0s
epoch  669 | loss 63.9470 | lr 1.23e-02 | 2.0s
epoch  670 | loss 63.3352 | lr 1.22e-02 | 2.0s
epoch  671 | loss 63.2111 | lr 1.21e-02 | 2.0s
epoch  672 | loss 63.4619 | lr 1.21e-02 | 2.0s
epoch  673 | loss 63.7495 | lr 1.20e-02 | 2.0s
epoch  674 | loss 64.1113 | lr 1.19e-02 | 2.0s
epoch  675 | loss 64.0032 | lr 1.19e-02 | 2.0s
epoch  676 | loss 64.3485 | lr 1.18e-02 | 2.0s
epoch  677 | loss 63.7630 | lr 1.17e-02 | 2.1s
epoch  678 | loss 63.7006 | lr 1.17e-02 | 2.2s
epoch  679 | loss 63.5379 | lr 1.16e-02 | 2.1s
epoch  680 | loss 62.9204 | lr 1.15e-02 | 2.2s
epoch  681 | loss 63.1861 | lr 1.15e-02 | 2.1s
epoch  682 | loss 64.0681 | lr 1.14e-02 | 2.1s
epoch  683 | loss 63.2736 | lr 1.13e-02 | 2.1s
epoch  684 | loss 63.6133 | lr 1.13e-02 | 2.0s
epoch  685 | loss 64.3770 | lr 1.12e-02 | 2.0s
epoch  686 | loss 63.3869 | lr 1.11e-02 | 2.0s
epoch  687 | loss 63.2810 | lr 1.11e-02 | 2.0s
epoch  688 | loss 64.0765 | lr 1.10e-02 | 2.0s
epoch  689 | loss 64.3921 | lr 1.09e-02 | 2.0s
epoch  690 | loss 63.8909 | lr 1.09e-02 | 2.0s
epoch  691 | loss 64.4604 | lr 1.08e-02 | 2.0s
epoch  692 | loss 63.0423 | lr 1.08e-02 | 2.0s
epoch  693 | loss 63.9177 | lr 1.07e-02 | 2.0s
epoch  694 | loss 63.9845 | lr 1.06e-02 | 2.0s
epoch  695 | loss 63.6511 | lr 1.06e-02 | 2.1s
epoch  696 | loss 64.2200 | lr 1.05e-02 | 2.1s
epoch  697 | loss 63.9347 | lr 1.04e-02 | 2.0s
epoch  698 | loss 64.1822 | lr 1.04e-02 | 2.0s
epoch  699 | loss 63.9937 | lr 1.03e-02 | 2.0s
epoch  700 | loss 63.8042 | lr 1.02e-02 | 2.0s
epoch  701 | loss 64.1198 | lr 1.02e-02 | 2.0s
epoch  702 | loss 63.9198 | lr 1.01e-02 | 2.0s
epoch  703 | loss 63.6203 | lr 1.01e-02 | 2.1s
epoch  704 | loss 63.4315 | lr 9.99e-03 | 2.0s
epoch  705 | loss 64.2159 | lr 9.93e-03 | 2.0s
epoch  706 | loss 63.7279 | lr 9.86e-03 | 2.0s
epoch  707 | loss 64.1952 | lr 9.80e-03 | 2.0s
epoch  708 | loss 63.5925 | lr 9.74e-03 | 2.0s
epoch  709 | loss 63.9481 | lr 9.68e-03 | 2.0s
epoch  710 | loss 63.7402 | lr 9.62e-03 | 2.0s
epoch  711 | loss 63.5649 | lr 9.55e-03 | 2.0s
epoch  712 | loss 64.1689 | lr 9.49e-03 | 2.0s
epoch  713 | loss 64.2421 | lr 9.43e-03 | 2.1s
epoch  714 | loss 64.1987 | lr 9.37e-03 | 2.1s
epoch  715 | loss 64.0758 | lr 9.31e-03 | 2.0s
epoch  716 | loss 63.9578 | lr 9.25e-03 | 2.0s
epoch  717 | loss 63.7709 | lr 9.19e-03 | 2.0s
epoch  718 | loss 63.2632 | lr 9.12e-03 | 2.0s
epoch  719 | loss 64.3645 | lr 9.06e-03 | 2.0s
epoch  720 | loss 63.6488 | lr 9.00e-03 | 2.0s
epoch  721 | loss 63.8795 | lr 8.94e-03 | 2.0s
epoch  722 | loss 63.6892 | lr 8.88e-03 | 2.0s
epoch  723 | loss 64.2454 | lr 8.82e-03 | 2.0s
epoch  724 | loss 63.5638 | lr 8.76e-03 | 2.0s
epoch  725 | loss 64.4064 | lr 8.70e-03 | 2.0s
epoch  726 | loss 64.0979 | lr 8.64e-03 | 2.0s
epoch  727 | loss 63.9476 | lr 8.59e-03 | 2.0s
epoch  728 | loss 64.6022 | lr 8.53e-03 | 2.0s
epoch  729 | loss 64.2582 | lr 8.47e-03 | 2.0s
epoch  730 | loss 64.5579 | lr 8.41e-03 | 2.0s
epoch  731 | loss 63.5197 | lr 8.35e-03 | 2.0s
epoch  732 | loss 63.8934 | lr 8.29e-03 | 2.0s
epoch  733 | loss 64.6004 | lr 8.23e-03 | 2.0s
epoch  734 | loss 64.1806 | lr 8.17e-03 | 2.0s
epoch  735 | loss 64.2132 | lr 8.12e-03 | 2.1s
epoch  736 | loss 64.4853 | lr 8.06e-03 | 2.1s
epoch  737 | loss 64.4594 | lr 8.00e-03 | 2.0s
epoch  738 | loss 64.5305 | lr 7.94e-03 | 2.0s
epoch  739 | loss 64.0734 | lr 7.89e-03 | 2.0s
epoch  740 | loss 64.6225 | lr 7.83e-03 | 2.0s
epoch  741 | loss 64.3627 | lr 7.77e-03 | 2.0s
epoch  742 | loss 65.1655 | lr 7.72e-03 | 2.0s
epoch  743 | loss 63.5859 | lr 7.66e-03 | 2.1s
epoch  744 | loss 64.1623 | lr 7.60e-03 | 2.0s
epoch  745 | loss 64.6382 | lr 7.55e-03 | 2.0s
epoch  746 | loss 64.5260 | lr 7.49e-03 | 2.0s
epoch  747 | loss 64.2484 | lr 7.43e-03 | 2.0s
epoch  748 | loss 64.2547 | lr 7.38e-03 | 2.0s
epoch  749 | loss 64.2273 | lr 7.32e-03 | 2.0s
epoch  750 | loss 64.2696 | lr 7.27e-03 | 2.0s
epoch  751 | loss 64.8063 | lr 7.21e-03 | 2.0s
epoch  752 | loss 64.2148 | lr 7.16e-03 | 2.0s
epoch  753 | loss 64.4768 | lr 7.10e-03 | 2.0s
epoch  754 | loss 64.6984 | lr 7.05e-03 | 2.0s
epoch  755 | loss 64.0830 | lr 6.99e-03 | 2.0s
epoch  756 | loss 64.9544 | lr 6.94e-03 | 2.0s
epoch  757 | loss 64.9916 | lr 6.88e-03 | 2.0s
epoch  758 | loss 64.5309 | lr 6.83e-03 | 2.0s
epoch  759 | loss 64.7562 | lr 6.78e-03 | 2.0s
epoch  760 | loss 64.6174 | lr 6.72e-03 | 2.0s
epoch  761 | loss 64.5217 | lr 6.67e-03 | 2.0s
epoch  762 | loss 64.6222 | lr 6.62e-03 | 2.0s
epoch  763 | loss 64.0753 | lr 6.56e-03 | 2.0s
epoch  764 | loss 64.0317 | lr 6.51e-03 | 2.0s
epoch  765 | loss 64.3353 | lr 6.46e-03 | 2.0s
epoch  766 | loss 64.4051 | lr 6.40e-03 | 2.0s
epoch  767 | loss 64.5021 | lr 6.35e-03 | 2.0s
epoch  768 | loss 64.5215 | lr 6.30e-03 | 2.0s
epoch  769 | loss 64.5173 | lr 6.25e-03 | 2.0s
epoch  770 | loss 64.1170 | lr 6.20e-03 | 2.0s
epoch  771 | loss 64.8630 | lr 6.14e-03 | 2.0s
epoch  772 | loss 65.0922 | lr 6.09e-03 | 2.0s
epoch  773 | loss 64.5218 | lr 6.04e-03 | 2.0s
epoch  774 | loss 65.2317 | lr 5.99e-03 | 2.0s
epoch  775 | loss 65.0824 | lr 5.94e-03 | 2.0s
epoch  776 | loss 64.0340 | lr 5.89e-03 | 2.0s
epoch  777 | loss 64.5077 | lr 5.84e-03 | 2.0s
epoch  778 | loss 64.6353 | lr 5.79e-03 | 2.0s
epoch  779 | loss 65.3960 | lr 5.74e-03 | 2.1s
epoch  780 | loss 64.3059 | lr 5.69e-03 | 2.1s
epoch  781 | loss 65.0189 | lr 5.64e-03 | 2.0s
epoch  782 | loss 64.4264 | lr 5.59e-03 | 2.0s
epoch  783 | loss 64.5561 | lr 5.54e-03 | 2.0s
epoch  784 | loss 64.3609 | lr 5.49e-03 | 2.0s
epoch  785 | loss 65.1794 | lr 5.44e-03 | 2.0s
epoch  786 | loss 64.2885 | lr 5.39e-03 | 2.0s
epoch  787 | loss 65.0209 | lr 5.34e-03 | 2.0s
epoch  788 | loss 64.5597 | lr 5.29e-03 | 2.0s
epoch  789 | loss 64.6362 | lr 5.25e-03 | 2.0s
epoch  790 | loss 64.8588 | lr 5.20e-03 | 2.0s
epoch  791 | loss 65.3023 | lr 5.15e-03 | 2.0s
epoch  792 | loss 64.9028 | lr 5.10e-03 | 2.0s
epoch  793 | loss 64.7068 | lr 5.06e-03 | 2.0s
epoch  794 | loss 64.7852 | lr 5.01e-03 | 2.0s
epoch  795 | loss 64.3806 | lr 4.96e-03 | 2.0s
epoch  796 | loss 65.0393 | lr 4.91e-03 | 2.0s
epoch  797 | loss 65.0331 | lr 4.87e-03 | 2.0s
epoch  798 | loss 64.4577 | lr 4.82e-03 | 2.0s
epoch  799 | loss 64.5506 | lr 4.77e-03 | 2.0s
epoch  800 | loss 64.7576 | lr 4.73e-03 | 2.0s
epoch  801 | loss 64.6608 | lr 4.68e-03 | 2.0s
epoch  802 | loss 64.7586 | lr 4.64e-03 | 2.0s
epoch  803 | loss 65.1070 | lr 4.59e-03 | 2.0s
epoch  804 | loss 64.3264 | lr 4.55e-03 | 2.0s
epoch  805 | loss 64.7134 | lr 4.50e-03 | 2.0s
epoch  806 | loss 65.3823 | lr 4.46e-03 | 2.0s
epoch  807 | loss 64.9694 | lr 4.41e-03 | 2.0s
epoch  808 | loss 65.1557 | lr 4.37e-03 | 2.0s
epoch  809 | loss 64.7522 | lr 4.32e-03 | 2.1s
epoch  810 | loss 64.7830 | lr 4.28e-03 | 2.1s
epoch  811 | loss 65.5694 | lr 4.24e-03 | 2.0s
epoch  812 | loss 64.6549 | lr 4.19e-03 | 2.0s
epoch  813 | loss 64.9459 | lr 4.15e-03 | 2.0s
epoch  814 | loss 65.2176 | lr 4.10e-03 | 2.0s
epoch  815 | loss 64.5318 | lr 4.06e-03 | 2.0s
epoch  816 | loss 64.6267 | lr 4.02e-03 | 1.9s
epoch  817 | loss 65.1956 | lr 3.98e-03 | 2.0s
epoch  818 | loss 65.1701 | lr 3.93e-03 | 2.0s
epoch  819 | loss 65.2059 | lr 3.89e-03 | 2.0s
epoch  820 | loss 64.9887 | lr 3.85e-03 | 2.0s
epoch  821 | loss 64.8899 | lr 3.81e-03 | 2.0s
epoch  822 | loss 65.3669 | lr 3.77e-03 | 2.0s
epoch  823 | loss 64.4408 | lr 3.73e-03 | 2.0s
epoch  824 | loss 65.2280 | lr 3.68e-03 | 2.0s
epoch  825 | loss 64.3506 | lr 3.64e-03 | 2.0s
epoch  826 | loss 65.0425 | lr 3.60e-03 | 2.0s
epoch  827 | loss 64.9120 | lr 3.56e-03 | 2.0s
epoch  828 | loss 64.3313 | lr 3.52e-03 | 2.1s
epoch  829 | loss 64.9708 | lr 3.48e-03 | 2.1s
epoch  830 | loss 64.9746 | lr 3.44e-03 | 2.0s
epoch  831 | loss 65.4019 | lr 3.40e-03 | 2.0s
epoch  832 | loss 65.3627 | lr 3.36e-03 | 2.0s
epoch  833 | loss 64.4524 | lr 3.32e-03 | 2.0s
epoch  834 | loss 65.2087 | lr 3.28e-03 | 2.0s
epoch  835 | loss 65.0844 | lr 3.25e-03 | 2.1s
epoch  836 | loss 65.5317 | lr 3.21e-03 | 2.1s
epoch  837 | loss 64.8704 | lr 3.17e-03 | 2.1s
epoch  838 | loss 65.3549 | lr 3.13e-03 | 2.0s
epoch  839 | loss 65.3183 | lr 3.09e-03 | 2.0s
epoch  840 | loss 65.3653 | lr 3.05e-03 | 2.0s
epoch  841 | loss 65.3074 | lr 3.02e-03 | 2.0s
epoch  842 | loss 64.9149 | lr 2.98e-03 | 2.0s
epoch  843 | loss 65.5035 | lr 2.94e-03 | 2.0s
epoch  844 | loss 65.3221 | lr 2.91e-03 | 2.0s
epoch  845 | loss 64.9292 | lr 2.87e-03 | 2.0s
epoch  846 | loss 65.0821 | lr 2.83e-03 | 2.0s
epoch  847 | loss 64.7930 | lr 2.80e-03 | 2.0s
epoch  848 | loss 64.9883 | lr 2.76e-03 | 2.0s
epoch  849 | loss 65.5162 | lr 2.72e-03 | 2.0s
epoch  850 | loss 65.0986 | lr 2.69e-03 | 2.0s
epoch  851 | loss 65.1929 | lr 2.65e-03 | 2.0s
epoch  852 | loss 64.8301 | lr 2.62e-03 | 2.0s
epoch  853 | loss 64.7007 | lr 2.58e-03 | 2.0s
epoch  854 | loss 64.8352 | lr 2.55e-03 | 2.0s
epoch  855 | loss 65.2694 | lr 2.51e-03 | 2.0s
epoch  856 | loss 65.1133 | lr 2.48e-03 | 2.0s
epoch  857 | loss 64.7210 | lr 2.45e-03 | 2.0s
epoch  858 | loss 64.5225 | lr 2.41e-03 | 2.0s
epoch  859 | loss 65.6460 | lr 2.38e-03 | 2.1s
epoch  860 | loss 64.7855 | lr 2.35e-03 | 2.3s
epoch  861 | loss 65.6649 | lr 2.31e-03 | 2.2s
epoch  862 | loss 65.4571 | lr 2.28e-03 | 2.1s
epoch  863 | loss 65.2693 | lr 2.25e-03 | 2.1s
epoch  864 | loss 65.9360 | lr 2.21e-03 | 2.2s
epoch  865 | loss 65.1445 | lr 2.18e-03 | 2.1s
epoch  866 | loss 65.8897 | lr 2.15e-03 | 2.1s
epoch  867 | loss 65.6004 | lr 2.12e-03 | 2.2s
epoch  868 | loss 64.5774 | lr 2.09e-03 | 2.1s
epoch  869 | loss 65.7031 | lr 2.06e-03 | 2.1s
epoch  870 | loss 65.3526 | lr 2.03e-03 | 2.1s
epoch  871 | loss 65.3400 | lr 1.99e-03 | 2.1s
epoch  872 | loss 65.4491 | lr 1.96e-03 | 2.0s
epoch  873 | loss 64.9551 | lr 1.93e-03 | 2.0s
epoch  874 | loss 65.0772 | lr 1.90e-03 | 2.0s
epoch  875 | loss 65.7423 | lr 1.87e-03 | 2.0s
epoch  876 | loss 66.3638 | lr 1.84e-03 | 2.1s
epoch  877 | loss 65.6974 | lr 1.81e-03 | 2.1s
epoch  878 | loss 65.2490 | lr 1.78e-03 | 2.0s
epoch  879 | loss 65.5085 | lr 1.76e-03 | 2.0s
epoch  880 | loss 65.7572 | lr 1.73e-03 | 2.0s
epoch  881 | loss 65.3955 | lr 1.70e-03 | 2.0s
epoch  882 | loss 65.1400 | lr 1.67e-03 | 2.0s
epoch  883 | loss 65.1315 | lr 1.64e-03 | 2.0s
epoch  884 | loss 65.2220 | lr 1.61e-03 | 2.0s
epoch  885 | loss 65.3305 | lr 1.59e-03 | 2.0s
epoch  886 | loss 64.9659 | lr 1.56e-03 | 2.0s
epoch  887 | loss 65.3737 | lr 1.53e-03 | 2.0s
epoch  888 | loss 65.0576 | lr 1.50e-03 | 2.0s
epoch  889 | loss 66.0911 | lr 1.48e-03 | 2.0s
epoch  890 | loss 65.3545 | lr 1.45e-03 | 2.0s
epoch  891 | loss 65.7161 | lr 1.43e-03 | 2.0s
epoch  892 | loss 66.0942 | lr 1.40e-03 | 2.0s
epoch  893 | loss 65.3669 | lr 1.37e-03 | 2.0s
epoch  894 | loss 65.4916 | lr 1.35e-03 | 2.0s
epoch  895 | loss 65.7251 | lr 1.32e-03 | 2.0s
epoch  896 | loss 65.6199 | lr 1.30e-03 | 2.0s
epoch  897 | loss 65.5099 | lr 1.27e-03 | 2.0s
epoch  898 | loss 65.2649 | lr 1.25e-03 | 2.0s
epoch  899 | loss 65.5384 | lr 1.22e-03 | 2.0s
epoch  900 | loss 66.3417 | lr 1.20e-03 | 2.1s
epoch  901 | loss 65.7193 | lr 1.18e-03 | 2.0s
epoch  902 | loss 66.0626 | lr 1.15e-03 | 2.0s
epoch  903 | loss 65.5035 | lr 1.13e-03 | 2.0s
epoch  904 | loss 65.1869 | lr 1.11e-03 | 2.0s
epoch  905 | loss 65.2432 | lr 1.08e-03 | 2.1s
epoch  906 | loss 65.3036 | lr 1.06e-03 | 2.1s
epoch  907 | loss 65.4521 | lr 1.04e-03 | 2.0s
epoch  908 | loss 66.0060 | lr 1.01e-03 | 2.0s
epoch  909 | loss 65.3270 | lr 9.93e-04 | 2.0s
epoch  910 | loss 66.2499 | lr 9.71e-04 | 2.0s
epoch  911 | loss 66.0332 | lr 9.49e-04 | 2.0s
epoch  912 | loss 66.3582 | lr 9.28e-04 | 2.1s
epoch  913 | loss 65.7840 | lr 9.07e-04 | 2.2s
epoch  914 | loss 65.5808 | lr 8.86e-04 | 2.1s
epoch  915 | loss 65.8207 | lr 8.65e-04 | 2.1s
epoch  916 | loss 65.5782 | lr 8.45e-04 | 2.2s
epoch  917 | loss 65.2842 | lr 8.25e-04 | 2.0s
epoch  918 | loss 65.4651 | lr 8.05e-04 | 2.0s
epoch  919 | loss 65.1636 | lr 7.85e-04 | 2.0s
epoch  920 | loss 65.5941 | lr 7.66e-04 | 2.0s
epoch  921 | loss 65.5807 | lr 7.47e-04 | 2.0s
epoch  922 | loss 65.7936 | lr 7.28e-04 | 2.0s
epoch  923 | loss 65.7182 | lr 7.09e-04 | 2.0s
epoch  924 | loss 65.9160 | lr 6.91e-04 | 2.0s
epoch  925 | loss 65.6255 | lr 6.73e-04 | 2.0s
epoch  926 | loss 65.5701 | lr 6.55e-04 | 2.0s
epoch  927 | loss 65.7172 | lr 6.37e-04 | 2.1s
epoch  928 | loss 65.5455 | lr 6.19e-04 | 2.1s
epoch  929 | loss 66.1722 | lr 6.02e-04 | 2.2s
epoch  930 | loss 65.9048 | lr 5.85e-04 | 2.1s
epoch  931 | loss 65.6691 | lr 5.68e-04 | 2.1s
epoch  932 | loss 65.8359 | lr 5.52e-04 | 2.1s
epoch  933 | loss 65.8031 | lr 5.35e-04 | 2.1s
epoch  934 | loss 65.8350 | lr 5.19e-04 | 2.3s
epoch  935 | loss 65.5220 | lr 5.04e-04 | 2.2s
epoch  936 | loss 65.8960 | lr 4.88e-04 | 2.1s
epoch  937 | loss 66.3579 | lr 4.73e-04 | 2.1s
epoch  938 | loss 65.1811 | lr 4.58e-04 | 2.3s
epoch  939 | loss 66.5082 | lr 4.43e-04 | 2.1s
epoch  940 | loss 65.8902 | lr 4.28e-04 | 2.1s
epoch  941 | loss 66.0832 | lr 4.14e-04 | 2.0s
epoch  942 | loss 66.1868 | lr 4.00e-04 | 2.0s
epoch  943 | loss 65.6969 | lr 3.86e-04 | 2.0s
epoch  944 | loss 65.9598 | lr 3.72e-04 | 2.0s
epoch  945 | loss 65.9879 | lr 3.59e-04 | 2.0s
epoch  946 | loss 66.8137 | lr 3.46e-04 | 2.0s
epoch  947 | loss 66.0685 | lr 3.33e-04 | 2.0s
epoch  948 | loss 65.6516 | lr 3.20e-04 | 2.0s
epoch  949 | loss 65.4941 | lr 3.08e-04 | 2.0s
epoch  950 | loss 65.5831 | lr 2.96e-04 | 2.0s
epoch  951 | loss 66.0510 | lr 2.84e-04 | 2.0s
epoch  952 | loss 65.7470 | lr 2.72e-04 | 2.0s
epoch  953 | loss 66.0409 | lr 2.61e-04 | 1.9s
epoch  954 | loss 66.4106 | lr 2.49e-04 | 2.1s
epoch  955 | loss 65.8109 | lr 2.38e-04 | 2.1s
epoch  956 | loss 66.0281 | lr 2.28e-04 | 2.1s
epoch  957 | loss 65.7978 | lr 2.17e-04 | 2.0s
epoch  958 | loss 66.1100 | lr 2.07e-04 | 2.0s
epoch  959 | loss 65.9616 | lr 1.97e-04 | 2.0s
epoch  960 | loss 65.9366 | lr 1.87e-04 | 2.0s
epoch  961 | loss 66.5035 | lr 1.78e-04 | 2.0s
epoch  962 | loss 66.1351 | lr 1.69e-04 | 2.0s
epoch  963 | loss 65.7232 | lr 1.60e-04 | 2.1s
epoch  964 | loss 65.9623 | lr 1.51e-04 | 2.1s
epoch  965 | loss 66.2655 | lr 1.42e-04 | 2.0s
epoch  966 | loss 66.2597 | lr 1.34e-04 | 2.0s
epoch  967 | loss 65.8561 | lr 1.26e-04 | 2.0s
epoch  968 | loss 66.8936 | lr 1.18e-04 | 2.0s
epoch  969 | loss 65.9832 | lr 1.11e-04 | 2.1s
epoch  970 | loss 66.0237 | lr 1.04e-04 | 2.0s
epoch  971 | loss 66.4414 | lr 9.67e-05 | 2.0s
epoch  972 | loss 66.1838 | lr 8.99e-05 | 2.0s
epoch  973 | loss 66.3301 | lr 8.34e-05 | 2.0s
epoch  974 | loss 65.8932 | lr 7.71e-05 | 2.0s
epoch  975 | loss 66.1342 | lr 7.10e-05 | 2.1s
epoch  976 | loss 65.8278 | lr 6.52e-05 | 2.0s
epoch  977 | loss 66.0815 | lr 5.97e-05 | 2.0s
epoch  978 | loss 65.9933 | lr 5.44e-05 | 2.0s
epoch  979 | loss 66.8192 | lr 4.93e-05 | 2.0s
epoch  980 | loss 66.4200 | lr 4.45e-05 | 2.0s
epoch  981 | loss 65.8748 | lr 4.00e-05 | 2.0s
epoch  982 | loss 66.1491 | lr 3.56e-05 | 2.1s
epoch  983 | loss 65.3728 | lr 3.16e-05 | 2.2s
epoch  984 | loss 65.2219 | lr 2.78e-05 | 2.2s
epoch  985 | loss 66.6221 | lr 2.42e-05 | 2.0s
epoch  986 | loss 65.9302 | lr 2.08e-05 | 2.0s
epoch  987 | loss 65.8848 | lr 1.78e-05 | 2.0s
epoch  988 | loss 66.4375 | lr 1.49e-05 | 2.0s
epoch  989 | loss 66.4508 | lr 1.23e-05 | 2.0s
epoch  990 | loss 66.3219 | lr 9.99e-06 | 2.0s
epoch  991 | loss 66.3374 | lr 7.90e-06 | 2.0s
epoch  992 | loss 66.4732 | lr 6.04e-06 | 2.0s
epoch  993 | loss 65.7314 | lr 4.44e-06 | 2.0s
epoch  994 | loss 66.3566 | lr 3.08e-06 | 2.0s
epoch  995 | loss 66.0430 | lr 1.97e-06 | 2.0s
epoch  996 | loss 65.9608 | lr 1.11e-06 | 2.0s
epoch  997 | loss 66.1087 | lr 4.93e-07 | 2.0s
epoch  998 | loss 66.6237 | lr 1.23e-07 | 2.0s
epoch  999 | loss 66.8124 | lr 0.00e+00 | 2.0s
final loss: 66.8124
