  pid=  49 solved=48 fallback=2 total=948 (238.2s)
  pid=  99 solved=98 fallback=2 total=2215 (589.9s)
  pid= 149 solved=148 fallback=2 total=3484 (942.0s)
  pid= 199 solved=198 fallback=2 total=4741 (1290.6s)
  pid= 249 solved=247 fallback=3 total=6022 (1673.0s)
  pid= 299 solved=297 fallback=3 total=7271 (2018.5s)
  pid= 349 solved=347 fallback=3 total=8520 (2363.3s)
  pid= 399 solved=397 fallback=3 total=9759 (2706.5s)
  pid= 449 solved=447 fallback=3 total=11010 (3052.9s)
  pid= 499 solved=497 fallback=3 total=12257 (3397.7s)
  pid= 549 solved=547 fallback=3 total=13508 (3746.2s)
  pid= 599 solved=597 fallback=3 total=14779 (4098.3s)
  pid= 649 solved=646 fallback=4 total=16042 (4448.9s)
  pid= 699 solved=696 fallback=4 total=17297 (4795.7s)
  pid= 749 solved=746 fallback=4 total=18560 (5146.2s)
  pid= 799 solved=795 fallback=5 total=19841 (5505.9s)
  pid= 849 solved=845 fallback=5 total=21098 (5853.4s)
  pid= 899 solved=895 fallback=5 total=22357 (6202.2s)
  pid= 949 solved=944 fallback=6 total=23636 (6564.3s)
  pid= 999 solved=994 fallback=6 total=24875 (6909.2s)
  pid=1002 solved=997 fallback=6 total=24948 (6929.3s)
wrote submissions\niss_e6_b65k.csv
  stats: {'niss_solved': 997, 'niss_fallback': 6, 'niss_verify_failed': 0, 'total_moves': 24948}
  verify: 1003/1003 valid, total 24948
