target count: 189
  10/189 pid=63 orig=25 new=25 improved=1 saved=2 (299.3s)
  20/189 pid=109 orig=25 new=25 improved=3 saved=6 (564.9s)
  30/189 pid=165 orig=25 new=25 improved=4 saved=8 (830.8s)
  40/189 pid=205 orig=25 new=25 improved=5 saved=10 (1095.3s)
  50/189 pid=251 orig=25 new=25 improved=8 saved=16 (1349.8s)
  60/189 pid=323 orig=25 new=25 improved=11 saved=22 (1606.5s)
  70/189 pid=363 orig=25 new=25 improved=11 saved=22 (1879.4s)
  80/189 pid=413 orig=25 new=25 improved=13 saved=26 (2158.0s)
  90/189 pid=483 orig=25 new=25 improved=13 saved=26 (2427.2s)
  100/189 pid=521 orig=25 new=25 improved=13 saved=26 (2692.2s)
  110/189 pid=581 orig=25 new=25 improved=15 saved=30 (2953.2s)
  120/189 pid=627 orig=25 new=25 improved=15 saved=30 (3220.0s)
  130/189 pid=707 orig=25 new=25 improved=17 saved=34 (3479.5s)
  140/189 pid=761 orig=25 new=25 improved=19 saved=38 (3740.7s)
  150/189 pid=813 orig=25 new=23 improved=24 saved=48 (3994.5s)
  160/189 pid=867 orig=25 new=25 improved=26 saved=52 (4253.3s)
  170/189 pid=905 orig=25 new=25 improved=28 saved=56 (4510.5s)
  180/189 pid=953 orig=25 new=25 improved=31 saved=62 (4767.1s)
  189/189 pid=1001 orig=25 new=25 improved=32 saved=64 (4998.7s)
wrote submissions\qe6_b4m_tail25.csv
  stats: {'improved': 32, 'same_or_worse': 156, 'failed_solve': 1, 'saved_moves': 64}
  verify: 1003/1003 valid, total 23258
