target count: 288
  10/288 pid=63 orig=25 new=25 improved=1 saved=2 (231.8s)
  20/288 pid=91 orig=25 new=25 improved=1 saved=2 (462.6s)
  30/288 pid=123 orig=25 new=25 improved=3 saved=6 (708.4s)
  40/288 pid=151 orig=25 new=25 improved=5 saved=10 (935.7s)
  50/288 pid=173 orig=25 new=23 improved=7 saved=14 (1159.3s)
  60/288 pid=199 orig=25 new=25 improved=9 saved=18 (1384.0s)
  70/288 pid=241 orig=25 new=25 improved=10 saved=20 (1613.1s)
  80/288 pid=293 orig=25 new=25 improved=12 saved=26 (1838.1s)
  90/288 pid=333 orig=25 new=25 improved=14 saved=30 (2098.9s)
  100/288 pid=363 orig=25 new=25 improved=14 saved=30 (2324.5s)
  110/288 pid=413 orig=25 new=25 improved=14 saved=30 (2555.5s)
  120/288 pid=443 orig=25 new=25 improved=16 saved=34 (2777.8s)
  130/288 pid=483 orig=25 new=25 improved=18 saved=38 (3006.3s)
  140/288 pid=513 orig=25 new=25 improved=18 saved=38 (3234.5s)
  150/288 pid=543 orig=25 new=25 improved=19 saved=40 (3462.0s)
  160/288 pid=585 orig=25 new=23 improved=20 saved=42 (3685.6s)
  170/288 pid=615 orig=25 new=25 improved=23 saved=48 (3904.2s)
  180/288 pid=641 orig=25 new=25 improved=23 saved=48 (4132.3s)
  190/288 pid=667 orig=25 new=25 improved=24 saved=50 (4364.6s)
  200/288 pid=707 orig=25 new=25 improved=25 saved=52 (4591.3s)
  210/288 pid=739 orig=25 new=25 improved=27 saved=56 (4821.4s)
  220/288 pid=771 orig=25 new=25 improved=29 saved=60 (5044.7s)
  230/288 pid=813 orig=25 new=25 improved=29 saved=60 (5269.3s)
  240/288 pid=847 orig=25 new=25 improved=32 saved=66 (5490.3s)
  250/288 pid=881 orig=25 new=25 improved=34 saved=70 (5715.2s)
  260/288 pid=921 orig=25 new=25 improved=34 saved=70 (5941.0s)
  270/288 pid=945 orig=25 new=25 improved=35 saved=72 (6166.5s)
  280/288 pid=971 orig=25 new=25 improved=37 saved=76 (6391.6s)
  288/288 pid=1001 orig=25 new=25 improved=37 saved=76 (6576.0s)
wrote submissions\wide_b131k_len25.csv
  stats: {'improved': 37, 'same_or_worse': 251, 'failed_solve': 0, 'saved_moves': 76}
  verify: 1003/1003 valid, total 23868
