stratified: 31 pids across 11 buckets (seed=0)
loaded BFS table bfs_table_d5.pkl: 1,376,945 states, max_depth=5 (1.8s)
beams=[32768]  max_steps=[80]  niss=True  state_dtype=torch.int8  num_attempts=1
  pid= 632 attempts=20/31 total_moves=166,138 (model:0 fb:633 passes:0) 477.0s (0.04 p/s)
  pid=1000 attempts=31/31 total_moves=415,521 (model:0 fb:1001 passes:0) 739.4s (0.04 p/s)
wrote megaminx\submissions\m02_niss_bfs5_s3.csv
  stats: {'solved_by_model': 0, 'fallback': 1001, 'total_moves': 415521}
  pass_solves: {32768: 0}
  verify: 1001/1001 valid, total 415,521

  per-bucket (attempted only):
    bucket    n  solved  model_avg   fb_avg  chosen_avg    saved
     0-99     3   0/3            -     56.0        56.0     +0.0
   100-199    3   0/3            -    102.3       102.3     +0.0
   200-299    3   0/3            -    203.7       203.7     +0.0
   300-399    3   0/3            -    300.0       300.0     +0.0
   400-499    3   0/3            -    355.3       355.3     +0.0
   500-599    3   0/3            -    445.3       445.3     +0.0
   600-699    3   0/3            -    527.3       527.3     +0.0
   700-799    3   0/3            -    644.3       644.3     +0.0
   800-899    3   0/3            -    690.0       690.0     +0.0
   900-999    3   0/3            -    789.0       789.0     +0.0
  1000-1099    1   0/1            -    842.0       842.0     +0.0
