model params: 23,654,657
device: cuda
training: {'n_epochs': 2000, 'samples_per_epoch': 1000000, 'batch_size': 16384, 'k_max': 30, 'lr': 0.002, 'weight_decay': 0.0, 'checkpoint_every_epochs': 100, 'n_back': 1, 'loss': 'mse', 'curriculum': True, 'amp': True, 'compile_model': True, 'fused_optimizer': True, 'device': 'cuda', 'seed': 0}
epoch    0 | loss 108.5793 | lr 2.00e-03 | 105.8s
epoch    1 | loss 23.2742 | lr 2.00e-03 | 3.9s
epoch    2 | loss 17.6998 | lr 2.00e-03 | 3.7s
epoch    3 | loss 11.0321 | lr 2.00e-03 | 3.7s
epoch    4 | loss 8.4947 | lr 2.00e-03 | 3.7s
epoch    5 | loss 7.7895 | lr 2.00e-03 | 3.7s
epoch    6 | loss 7.4852 | lr 2.00e-03 | 3.8s
epoch    7 | loss 7.2490 | lr 2.00e-03 | 3.7s
epoch    8 | loss 7.0845 | lr 2.00e-03 | 3.7s
epoch    9 | loss 7.0720 | lr 2.00e-03 | 3.7s
epoch   10 | loss 6.9719 | lr 2.00e-03 | 3.7s
epoch   11 | loss 6.8885 | lr 2.00e-03 | 3.7s
epoch   12 | loss 6.7741 | lr 2.00e-03 | 3.7s
epoch   13 | loss 6.7906 | lr 2.00e-03 | 3.7s
epoch   14 | loss 6.7746 | lr 2.00e-03 | 3.7s
epoch   15 | loss 6.7159 | lr 2.00e-03 | 3.7s
epoch   16 | loss 6.6224 | lr 2.00e-03 | 3.7s
epoch   17 | loss 6.6032 | lr 2.00e-03 | 3.7s
epoch   18 | loss 6.6182 | lr 2.00e-03 | 3.7s
epoch   19 | loss 6.5577 | lr 2.00e-03 | 3.8s
epoch   20 | loss 6.5187 | lr 2.00e-03 | 3.7s
epoch   21 | loss 6.5447 | lr 2.00e-03 | 3.8s
epoch   22 | loss 6.5232 | lr 2.00e-03 | 3.8s
epoch   23 | loss 6.4468 | lr 2.00e-03 | 3.7s
epoch   24 | loss 6.4734 | lr 2.00e-03 | 3.8s
epoch   25 | loss 6.4508 | lr 2.00e-03 | 3.8s
epoch   26 | loss 6.3887 | lr 2.00e-03 | 3.8s
epoch   27 | loss 6.3901 | lr 2.00e-03 | 3.8s
epoch   28 | loss 6.3531 | lr 2.00e-03 | 3.8s
epoch   29 | loss 6.3641 | lr 2.00e-03 | 3.8s
epoch   30 | loss 6.4080 | lr 2.00e-03 | 3.8s
epoch   31 | loss 6.3602 | lr 2.00e-03 | 3.8s
epoch   32 | loss 6.3444 | lr 2.00e-03 | 3.8s
epoch   33 | loss 6.3593 | lr 2.00e-03 | 3.8s
epoch   34 | loss 6.3288 | lr 2.00e-03 | 3.8s
epoch   35 | loss 6.3193 | lr 2.00e-03 | 3.8s
epoch   36 | loss 6.3505 | lr 2.00e-03 | 3.8s
epoch   37 | loss 6.3374 | lr 2.00e-03 | 3.8s
epoch   38 | loss 6.2401 | lr 2.00e-03 | 3.8s
epoch   39 | loss 6.2918 | lr 2.00e-03 | 3.8s
epoch   40 | loss 6.3795 | lr 2.00e-03 | 3.8s
epoch   41 | loss 6.2875 | lr 2.00e-03 | 3.8s
epoch   42 | loss 6.2634 | lr 2.00e-03 | 3.8s
epoch   43 | loss 6.2932 | lr 2.00e-03 | 3.8s
epoch   44 | loss 6.2452 | lr 2.00e-03 | 3.8s
epoch   45 | loss 6.2963 | lr 2.00e-03 | 3.8s
epoch   46 | loss 6.2180 | lr 2.00e-03 | 3.8s
epoch   47 | loss 6.2703 | lr 2.00e-03 | 3.8s
epoch   48 | loss 6.2460 | lr 2.00e-03 | 3.8s
epoch   49 | loss 6.2077 | lr 2.00e-03 | 3.8s
epoch   50 | loss 6.2062 | lr 2.00e-03 | 3.8s
epoch   51 | loss 6.2376 | lr 2.00e-03 | 3.8s
epoch   52 | loss 6.2501 | lr 2.00e-03 | 3.8s
epoch   53 | loss 6.2191 | lr 2.00e-03 | 3.8s
epoch   54 | loss 6.2450 | lr 2.00e-03 | 3.8s
epoch   55 | loss 6.1878 | lr 2.00e-03 | 3.8s
epoch   56 | loss 6.2405 | lr 2.00e-03 | 3.8s
epoch   57 | loss 6.1707 | lr 2.00e-03 | 3.8s
epoch   58 | loss 6.2111 | lr 2.00e-03 | 3.8s
epoch   59 | loss 6.2034 | lr 2.00e-03 | 3.8s
epoch   60 | loss 6.2267 | lr 2.00e-03 | 3.8s
epoch   61 | loss 6.1956 | lr 2.00e-03 | 3.8s
epoch   62 | loss 6.1584 | lr 2.00e-03 | 3.8s
epoch   63 | loss 6.2348 | lr 1.99e-03 | 3.8s
epoch   64 | loss 6.1741 | lr 1.99e-03 | 3.8s
epoch   65 | loss 6.2051 | lr 1.99e-03 | 3.8s
epoch   66 | loss 6.1544 | lr 1.99e-03 | 3.8s
epoch   67 | loss 6.4042 | lr 1.99e-03 | 3.8s
epoch   68 | loss 6.1947 | lr 1.99e-03 | 3.8s
epoch   69 | loss 6.2088 | lr 1.99e-03 | 3.8s
epoch   70 | loss 6.1537 | lr 1.99e-03 | 3.8s
epoch   71 | loss 6.1211 | lr 1.99e-03 | 3.8s
epoch   72 | loss 6.1694 | lr 1.99e-03 | 3.8s
epoch   73 | loss 6.1071 | lr 1.99e-03 | 3.8s
epoch   74 | loss 6.1681 | lr 1.99e-03 | 3.8s
epoch   75 | loss 6.1455 | lr 1.99e-03 | 3.8s
epoch   76 | loss 6.1442 | lr 1.99e-03 | 3.8s
epoch   77 | loss 6.1123 | lr 1.99e-03 | 3.8s
epoch   78 | loss 6.1850 | lr 1.99e-03 | 3.8s
epoch   79 | loss 6.1042 | lr 1.99e-03 | 3.8s
epoch   80 | loss 6.0801 | lr 1.99e-03 | 3.8s
epoch   81 | loss 6.1482 | lr 1.99e-03 | 3.8s
epoch   82 | loss 6.1279 | lr 1.99e-03 | 3.8s
epoch   83 | loss 6.1302 | lr 1.99e-03 | 3.8s
epoch   84 | loss 6.1053 | lr 1.99e-03 | 3.8s
epoch   85 | loss 6.1211 | lr 1.99e-03 | 3.8s
epoch   86 | loss 6.1763 | lr 1.99e-03 | 3.8s
epoch   87 | loss 6.1762 | lr 1.99e-03 | 3.8s
epoch   88 | loss 6.1091 | lr 1.99e-03 | 3.8s
epoch   89 | loss 6.1069 | lr 1.99e-03 | 3.8s
epoch   90 | loss 6.0720 | lr 1.99e-03 | 3.8s
epoch   91 | loss 6.0527 | lr 1.99e-03 | 3.8s
epoch   92 | loss 6.0567 | lr 1.99e-03 | 3.8s
epoch   93 | loss 6.1199 | lr 1.99e-03 | 3.8s
epoch   94 | loss 6.1236 | lr 1.99e-03 | 3.8s
epoch   95 | loss 6.0550 | lr 1.99e-03 | 3.8s
epoch   96 | loss 6.1253 | lr 1.99e-03 | 3.8s
epoch   97 | loss 6.1270 | lr 1.99e-03 | 3.8s
epoch   98 | loss 6.1029 | lr 1.99e-03 | 3.8s
epoch   99 | loss 6.1030 | lr 1.99e-03 | 3.8s
epoch  100 | loss 6.0879 | lr 1.99e-03 | 4.0s
epoch  101 | loss 6.1007 | lr 1.99e-03 | 3.8s
epoch  102 | loss 6.1007 | lr 1.99e-03 | 3.9s
epoch  103 | loss 6.0418 | lr 1.99e-03 | 3.8s
epoch  104 | loss 6.0355 | lr 1.99e-03 | 3.8s
epoch  105 | loss 6.0346 | lr 1.99e-03 | 3.8s
epoch  106 | loss 6.1349 | lr 1.99e-03 | 3.8s
epoch  107 | loss 6.0228 | lr 1.99e-03 | 3.8s
epoch  108 | loss 6.0698 | lr 1.99e-03 | 3.8s
epoch  109 | loss 6.0617 | lr 1.99e-03 | 3.8s
epoch  110 | loss 6.0721 | lr 1.98e-03 | 3.8s
epoch  111 | loss 6.0709 | lr 1.98e-03 | 3.8s
epoch  112 | loss 6.0112 | lr 1.98e-03 | 3.8s
epoch  113 | loss 6.0040 | lr 1.98e-03 | 3.8s
epoch  114 | loss 6.0158 | lr 1.98e-03 | 3.8s
epoch  115 | loss 6.1035 | lr 1.98e-03 | 3.8s
epoch  116 | loss 6.0396 | lr 1.98e-03 | 3.8s
epoch  117 | loss 6.0211 | lr 1.98e-03 | 3.8s
epoch  118 | loss 6.0376 | lr 1.98e-03 | 3.8s
epoch  119 | loss 6.0203 | lr 1.98e-03 | 3.8s
epoch  120 | loss 6.0576 | lr 1.98e-03 | 3.8s
epoch  121 | loss 6.0475 | lr 1.98e-03 | 3.8s
epoch  122 | loss 6.0140 | lr 1.98e-03 | 3.8s
epoch  123 | loss 6.0308 | lr 1.98e-03 | 3.8s
epoch  124 | loss 6.0123 | lr 1.98e-03 | 3.8s
epoch  125 | loss 5.9942 | lr 1.98e-03 | 3.8s
epoch  126 | loss 6.0087 | lr 1.98e-03 | 3.8s
epoch  127 | loss 6.0247 | lr 1.98e-03 | 3.8s
epoch  128 | loss 6.0568 | lr 1.98e-03 | 3.8s
epoch  129 | loss 6.0101 | lr 1.98e-03 | 3.8s
epoch  130 | loss 5.9845 | lr 1.98e-03 | 3.8s
epoch  131 | loss 6.0185 | lr 1.98e-03 | 3.8s
epoch  132 | loss 6.0189 | lr 1.98e-03 | 3.8s
epoch  133 | loss 6.0261 | lr 1.98e-03 | 3.8s
epoch  134 | loss 5.9925 | lr 1.98e-03 | 3.8s
epoch  135 | loss 6.0266 | lr 1.98e-03 | 3.8s
epoch  136 | loss 5.9952 | lr 1.98e-03 | 3.8s
epoch  137 | loss 6.0430 | lr 1.98e-03 | 3.8s
epoch  138 | loss 5.9697 | lr 1.98e-03 | 3.8s
epoch  139 | loss 6.0121 | lr 1.98e-03 | 3.8s
epoch  140 | loss 5.9590 | lr 1.98e-03 | 3.8s
epoch  141 | loss 6.0249 | lr 1.98e-03 | 3.8s
epoch  142 | loss 6.0301 | lr 1.97e-03 | 3.8s
epoch  143 | loss 5.9447 | lr 1.97e-03 | 3.8s
epoch  144 | loss 6.0108 | lr 1.97e-03 | 3.8s
epoch  145 | loss 5.9941 | lr 1.97e-03 | 3.8s
epoch  146 | loss 5.9233 | lr 1.97e-03 | 3.8s
epoch  147 | loss 5.9673 | lr 1.97e-03 | 3.8s
epoch  148 | loss 6.0074 | lr 1.97e-03 | 3.8s
epoch  149 | loss 5.9919 | lr 1.97e-03 | 3.8s
epoch  150 | loss 5.9974 | lr 1.97e-03 | 3.8s
epoch  151 | loss 5.9747 | lr 1.97e-03 | 3.8s
epoch  152 | loss 5.9686 | lr 1.97e-03 | 3.8s
epoch  153 | loss 6.0102 | lr 1.97e-03 | 3.8s
epoch  154 | loss 5.9180 | lr 1.97e-03 | 3.8s
epoch  155 | loss 5.9397 | lr 1.97e-03 | 3.9s
epoch  156 | loss 5.9552 | lr 1.97e-03 | 3.8s
epoch  157 | loss 5.9219 | lr 1.97e-03 | 3.8s
epoch  158 | loss 5.9628 | lr 1.97e-03 | 3.8s
epoch  159 | loss 5.9209 | lr 1.97e-03 | 3.8s
epoch  160 | loss 5.9593 | lr 1.97e-03 | 3.8s
epoch  161 | loss 5.9878 | lr 1.97e-03 | 3.8s
epoch  162 | loss 5.9574 | lr 1.97e-03 | 3.8s
epoch  163 | loss 6.0158 | lr 1.97e-03 | 3.8s
epoch  164 | loss 5.9907 | lr 1.97e-03 | 3.8s
epoch  165 | loss 5.9870 | lr 1.97e-03 | 3.8s
epoch  166 | loss 5.9800 | lr 1.97e-03 | 3.8s
epoch  167 | loss 5.9493 | lr 1.97e-03 | 3.8s
epoch  168 | loss 5.8890 | lr 1.96e-03 | 3.8s
epoch  169 | loss 5.9287 | lr 1.96e-03 | 3.8s
epoch  170 | loss 5.9253 | lr 1.96e-03 | 3.8s
epoch  171 | loss 5.9344 | lr 1.96e-03 | 3.8s
epoch  172 | loss 5.9256 | lr 1.96e-03 | 3.8s
epoch  173 | loss 5.9240 | lr 1.96e-03 | 3.8s
epoch  174 | loss 5.9277 | lr 1.96e-03 | 3.8s
epoch  175 | loss 5.9170 | lr 1.96e-03 | 3.8s
epoch  176 | loss 5.9516 | lr 1.96e-03 | 3.8s
epoch  177 | loss 5.9141 | lr 1.96e-03 | 3.8s
epoch  178 | loss 5.9022 | lr 1.96e-03 | 3.8s
epoch  179 | loss 5.9620 | lr 1.96e-03 | 3.8s
epoch  180 | loss 5.9376 | lr 1.96e-03 | 3.8s
epoch  181 | loss 5.9154 | lr 1.96e-03 | 3.8s
epoch  182 | loss 5.8852 | lr 1.96e-03 | 3.8s
epoch  183 | loss 5.9022 | lr 1.96e-03 | 3.8s
epoch  184 | loss 5.9057 | lr 1.96e-03 | 3.8s
epoch  185 | loss 5.9099 | lr 1.96e-03 | 3.8s
epoch  186 | loss 5.9354 | lr 1.96e-03 | 3.8s
epoch  187 | loss 5.8967 | lr 1.96e-03 | 3.8s
epoch  188 | loss 5.8543 | lr 1.96e-03 | 3.8s
epoch  189 | loss 5.8854 | lr 1.96e-03 | 3.8s
epoch  190 | loss 5.9035 | lr 1.96e-03 | 3.8s
epoch  191 | loss 5.8958 | lr 1.95e-03 | 3.8s
epoch  192 | loss 5.9100 | lr 1.95e-03 | 3.8s
epoch  193 | loss 5.9222 | lr 1.95e-03 | 3.8s
epoch  194 | loss 5.8967 | lr 1.95e-03 | 3.8s
epoch  195 | loss 5.9088 | lr 1.95e-03 | 3.8s
epoch  196 | loss 5.8770 | lr 1.95e-03 | 3.8s
epoch  197 | loss 5.9080 | lr 1.95e-03 | 3.8s
epoch  198 | loss 5.8682 | lr 1.95e-03 | 3.8s
epoch  199 | loss 5.8622 | lr 1.95e-03 | 3.8s
epoch  200 | loss 5.8997 | lr 1.95e-03 | 4.0s
epoch  201 | loss 5.8778 | lr 1.95e-03 | 3.8s
epoch  202 | loss 5.8570 | lr 1.95e-03 | 3.8s
epoch  203 | loss 5.8697 | lr 1.95e-03 | 3.8s
epoch  204 | loss 5.8969 | lr 1.95e-03 | 3.8s
epoch  205 | loss 5.9029 | lr 1.95e-03 | 3.8s
epoch  206 | loss 5.8682 | lr 1.95e-03 | 3.8s
epoch  207 | loss 5.8673 | lr 1.95e-03 | 3.8s
epoch  208 | loss 5.8650 | lr 1.95e-03 | 3.8s
epoch  209 | loss 5.8373 | lr 1.95e-03 | 3.8s
epoch  210 | loss 5.8620 | lr 1.95e-03 | 3.8s
epoch  211 | loss 5.8351 | lr 1.95e-03 | 3.8s
epoch  212 | loss 5.8740 | lr 1.94e-03 | 3.8s
epoch  213 | loss 5.8616 | lr 1.94e-03 | 3.8s
epoch  214 | loss 5.8542 | lr 1.94e-03 | 3.8s
epoch  215 | loss 5.8205 | lr 1.94e-03 | 3.8s
epoch  216 | loss 5.8362 | lr 1.94e-03 | 3.8s
epoch  217 | loss 5.8733 | lr 1.94e-03 | 3.8s
epoch  218 | loss 5.8831 | lr 1.94e-03 | 3.8s
epoch  219 | loss 5.8457 | lr 1.94e-03 | 3.8s
epoch  220 | loss 5.8672 | lr 1.94e-03 | 3.8s
epoch  221 | loss 5.8326 | lr 1.94e-03 | 3.8s
epoch  222 | loss 5.8398 | lr 1.94e-03 | 3.8s
epoch  223 | loss 5.8423 | lr 1.94e-03 | 3.8s
epoch  224 | loss 5.8570 | lr 1.94e-03 | 3.8s
epoch  225 | loss 5.8362 | lr 1.94e-03 | 3.8s
epoch  226 | loss 5.8063 | lr 1.94e-03 | 3.8s
epoch  227 | loss 5.8380 | lr 1.94e-03 | 3.8s
epoch  228 | loss 5.7733 | lr 1.94e-03 | 3.8s
epoch  229 | loss 5.8067 | lr 1.94e-03 | 3.8s
epoch  230 | loss 5.8130 | lr 1.93e-03 | 3.8s
epoch  231 | loss 5.7851 | lr 1.93e-03 | 3.8s
epoch  232 | loss 5.7870 | lr 1.93e-03 | 3.8s
epoch  233 | loss 5.8117 | lr 1.93e-03 | 3.8s
epoch  234 | loss 5.7910 | lr 1.93e-03 | 3.8s
epoch  235 | loss 5.8215 | lr 1.93e-03 | 3.8s
epoch  236 | loss 5.8096 | lr 1.93e-03 | 3.8s
epoch  237 | loss 5.8270 | lr 1.93e-03 | 3.7s
epoch  238 | loss 5.8283 | lr 1.93e-03 | 3.8s
epoch  239 | loss 5.7654 | lr 1.93e-03 | 3.7s
epoch  240 | loss 5.7741 | lr 1.93e-03 | 3.7s
epoch  241 | loss 5.7583 | lr 1.93e-03 | 3.8s
epoch  242 | loss 5.7993 | lr 1.93e-03 | 3.8s
epoch  243 | loss 5.7822 | lr 1.93e-03 | 3.8s
epoch  244 | loss 5.7922 | lr 1.93e-03 | 3.8s
epoch  245 | loss 5.7898 | lr 1.93e-03 | 3.8s
epoch  246 | loss 5.7881 | lr 1.93e-03 | 3.8s
epoch  247 | loss 5.7884 | lr 1.93e-03 | 3.7s
epoch  248 | loss 5.7806 | lr 1.92e-03 | 3.7s
epoch  249 | loss 5.7918 | lr 1.92e-03 | 3.8s
epoch  250 | loss 5.7671 | lr 1.92e-03 | 3.8s
epoch  251 | loss 5.7251 | lr 1.92e-03 | 3.8s
epoch  252 | loss 5.7470 | lr 1.92e-03 | 3.8s
epoch  253 | loss 5.7797 | lr 1.92e-03 | 3.7s
epoch  254 | loss 5.7576 | lr 1.92e-03 | 3.8s
epoch  255 | loss 5.7941 | lr 1.92e-03 | 3.7s
epoch  256 | loss 5.7966 | lr 1.92e-03 | 3.8s
epoch  257 | loss 5.7410 | lr 1.92e-03 | 3.8s
epoch  258 | loss 5.7027 | lr 1.92e-03 | 3.7s
epoch  259 | loss 5.7544 | lr 1.92e-03 | 3.8s
epoch  260 | loss 5.7373 | lr 1.92e-03 | 3.8s
epoch  261 | loss 5.7348 | lr 1.92e-03 | 3.7s
epoch  262 | loss 5.7358 | lr 1.92e-03 | 3.8s
epoch  263 | loss 5.7686 | lr 1.92e-03 | 3.8s
epoch  264 | loss 5.8055 | lr 1.91e-03 | 3.8s
epoch  265 | loss 5.7884 | lr 1.91e-03 | 3.7s
epoch  266 | loss 5.7669 | lr 1.91e-03 | 3.7s
epoch  267 | loss 5.7055 | lr 1.91e-03 | 3.7s
epoch  268 | loss 5.7618 | lr 1.91e-03 | 3.7s
epoch  269 | loss 5.7472 | lr 1.91e-03 | 3.7s
epoch  270 | loss 5.7317 | lr 1.91e-03 | 3.7s
epoch  271 | loss 5.7074 | lr 1.91e-03 | 3.7s
epoch  272 | loss 5.7139 | lr 1.91e-03 | 3.7s
epoch  273 | loss 5.7038 | lr 1.91e-03 | 3.7s
epoch  274 | loss 5.7248 | lr 1.91e-03 | 3.7s
epoch  275 | loss 5.6833 | lr 1.91e-03 | 3.7s
epoch  276 | loss 5.7084 | lr 1.91e-03 | 3.8s
epoch  277 | loss 5.6734 | lr 1.91e-03 | 3.7s
epoch  278 | loss 5.7225 | lr 1.91e-03 | 3.7s
epoch  279 | loss 5.7076 | lr 1.90e-03 | 3.7s
epoch  280 | loss 5.7102 | lr 1.90e-03 | 3.7s
epoch  281 | loss 5.7001 | lr 1.90e-03 | 3.7s
epoch  282 | loss 5.7192 | lr 1.90e-03 | 3.8s
epoch  283 | loss 5.7038 | lr 1.90e-03 | 3.7s
epoch  284 | loss 5.7024 | lr 1.90e-03 | 3.7s
epoch  285 | loss 5.7120 | lr 1.90e-03 | 3.7s
epoch  286 | loss 5.6663 | lr 1.90e-03 | 3.7s
epoch  287 | loss 5.7155 | lr 1.90e-03 | 3.7s
epoch  288 | loss 5.7002 | lr 1.90e-03 | 3.7s
epoch  289 | loss 5.6937 | lr 1.90e-03 | 3.7s
epoch  290 | loss 5.6865 | lr 1.90e-03 | 3.7s
epoch  291 | loss 5.7100 | lr 1.90e-03 | 3.7s
epoch  292 | loss 5.7035 | lr 1.90e-03 | 3.8s
epoch  293 | loss 5.6832 | lr 1.90e-03 | 3.7s
epoch  294 | loss 5.7152 | lr 1.89e-03 | 3.7s
epoch  295 | loss 5.6840 | lr 1.89e-03 | 3.7s
epoch  296 | loss 5.7050 | lr 1.89e-03 | 3.7s
epoch  297 | loss 5.6192 | lr 1.89e-03 | 3.7s
epoch  298 | loss 5.7299 | lr 1.89e-03 | 3.8s
epoch  299 | loss 5.7138 | lr 1.89e-03 | 3.7s
epoch  300 | loss 5.7135 | lr 1.89e-03 | 3.9s
epoch  301 | loss 5.6939 | lr 1.89e-03 | 3.8s
epoch  302 | loss 5.6662 | lr 1.89e-03 | 3.7s
epoch  303 | loss 5.7092 | lr 1.89e-03 | 3.7s
epoch  304 | loss 5.6877 | lr 1.89e-03 | 3.7s
epoch  305 | loss 5.6746 | lr 1.89e-03 | 3.7s
epoch  306 | loss 5.7060 | lr 1.89e-03 | 3.7s
epoch  307 | loss 5.6554 | lr 1.89e-03 | 3.8s
epoch  308 | loss 5.6334 | lr 1.88e-03 | 3.7s
epoch  309 | loss 5.6386 | lr 1.88e-03 | 3.7s
epoch  310 | loss 5.6615 | lr 1.88e-03 | 3.7s
epoch  311 | loss 5.6754 | lr 1.88e-03 | 3.7s
epoch  312 | loss 5.6608 | lr 1.88e-03 | 3.7s
epoch  313 | loss 5.6829 | lr 1.88e-03 | 3.7s
epoch  314 | loss 5.6162 | lr 1.88e-03 | 3.7s
epoch  315 | loss 5.6675 | lr 1.88e-03 | 3.7s
epoch  316 | loss 5.6379 | lr 1.88e-03 | 3.8s
epoch  317 | loss 5.6010 | lr 1.88e-03 | 3.7s
epoch  318 | loss 5.6471 | lr 1.88e-03 | 3.7s
epoch  319 | loss 5.6571 | lr 1.88e-03 | 3.7s
epoch  320 | loss 5.6452 | lr 1.88e-03 | 3.7s
epoch  321 | loss 5.6249 | lr 1.87e-03 | 3.7s
epoch  322 | loss 5.6443 | lr 1.87e-03 | 3.7s
epoch  323 | loss 5.6275 | lr 1.87e-03 | 3.7s
epoch  324 | loss 5.6269 | lr 1.87e-03 | 3.8s
epoch  325 | loss 5.6487 | lr 1.87e-03 | 3.7s
epoch  326 | loss 5.6257 | lr 1.87e-03 | 3.7s
epoch  327 | loss 5.6210 | lr 1.87e-03 | 3.7s
epoch  328 | loss 5.6356 | lr 1.87e-03 | 3.7s
epoch  329 | loss 5.6022 | lr 1.87e-03 | 3.7s
epoch  330 | loss 5.6116 | lr 1.87e-03 | 3.7s
epoch  331 | loss 5.6364 | lr 1.87e-03 | 3.7s
epoch  332 | loss 5.6422 | lr 1.87e-03 | 3.7s
epoch  333 | loss 5.6264 | lr 1.87e-03 | 3.8s
epoch  334 | loss 5.6580 | lr 1.86e-03 | 3.7s
epoch  335 | loss 5.6284 | lr 1.86e-03 | 3.7s
epoch  336 | loss 5.6334 | lr 1.86e-03 | 3.7s
epoch  337 | loss 5.6059 | lr 1.86e-03 | 3.7s
epoch  338 | loss 5.6363 | lr 1.86e-03 | 3.7s
epoch  339 | loss 5.6456 | lr 1.86e-03 | 3.7s
epoch  340 | loss 5.6013 | lr 1.86e-03 | 3.8s
epoch  341 | loss 5.6136 | lr 1.86e-03 | 3.7s
epoch  342 | loss 5.5761 | lr 1.86e-03 | 3.7s
epoch  343 | loss 5.6313 | lr 1.86e-03 | 3.7s
epoch  344 | loss 5.5716 | lr 1.86e-03 | 3.7s
epoch  345 | loss 5.6124 | lr 1.86e-03 | 3.7s
epoch  346 | loss 5.6223 | lr 1.86e-03 | 3.7s
epoch  347 | loss 5.6270 | lr 1.85e-03 | 3.7s
epoch  348 | loss 5.5479 | lr 1.85e-03 | 3.7s
epoch  349 | loss 5.6207 | lr 1.85e-03 | 3.7s
epoch  350 | loss 5.6099 | lr 1.85e-03 | 3.7s
epoch  351 | loss 5.6074 | lr 1.85e-03 | 3.8s
epoch  352 | loss 5.5878 | lr 1.85e-03 | 3.7s
epoch  353 | loss 5.6422 | lr 1.85e-03 | 3.7s
epoch  354 | loss 5.6310 | lr 1.85e-03 | 3.7s
epoch  355 | loss 5.5752 | lr 1.85e-03 | 3.8s
epoch  356 | loss 5.5737 | lr 1.85e-03 | 3.7s
epoch  357 | loss 5.6157 | lr 1.85e-03 | 3.7s
epoch  358 | loss 5.5828 | lr 1.85e-03 | 3.7s
epoch  359 | loss 5.5895 | lr 1.84e-03 | 3.8s
epoch  360 | loss 5.6201 | lr 1.84e-03 | 3.7s
epoch  361 | loss 5.5720 | lr 1.84e-03 | 3.7s
epoch  362 | loss 5.5801 | lr 1.84e-03 | 3.7s
epoch  363 | loss 5.5504 | lr 1.84e-03 | 3.8s
epoch  364 | loss 5.6056 | lr 1.84e-03 | 3.7s
epoch  365 | loss 5.5354 | lr 1.84e-03 | 3.7s
epoch  366 | loss 5.5990 | lr 1.84e-03 | 3.7s
epoch  367 | loss 5.5717 | lr 1.84e-03 | 3.7s
epoch  368 | loss 5.5583 | lr 1.84e-03 | 3.7s
epoch  369 | loss 5.5704 | lr 1.84e-03 | 3.7s
epoch  370 | loss 5.5885 | lr 1.83e-03 | 3.7s
epoch  371 | loss 5.5608 | lr 1.83e-03 | 3.7s
epoch  372 | loss 5.5623 | lr 1.83e-03 | 3.7s
epoch  373 | loss 5.5808 | lr 1.83e-03 | 3.7s
epoch  374 | loss 5.5389 | lr 1.83e-03 | 3.7s
epoch  375 | loss 5.5462 | lr 1.83e-03 | 3.7s
epoch  376 | loss 5.5586 | lr 1.83e-03 | 3.7s
epoch  377 | loss 5.5422 | lr 1.83e-03 | 3.7s
epoch  378 | loss 5.5552 | lr 1.83e-03 | 3.7s
epoch  379 | loss 5.5100 | lr 1.83e-03 | 3.7s
epoch  380 | loss 5.5408 | lr 1.83e-03 | 3.7s
epoch  381 | loss 5.5269 | lr 1.83e-03 | 3.8s
epoch  382 | loss 5.5299 | lr 1.82e-03 | 3.7s
epoch  383 | loss 5.5177 | lr 1.82e-03 | 3.7s
epoch  384 | loss 5.5099 | lr 1.82e-03 | 3.7s
epoch  385 | loss 5.5213 | lr 1.82e-03 | 3.7s
epoch  386 | loss 5.5607 | lr 1.82e-03 | 3.7s
epoch  387 | loss 5.5249 | lr 1.82e-03 | 3.7s
epoch  388 | loss 5.5631 | lr 1.82e-03 | 3.7s
epoch  389 | loss 5.5399 | lr 1.82e-03 | 3.8s
epoch  390 | loss 5.5346 | lr 1.82e-03 | 3.7s
epoch  391 | loss 5.5256 | lr 1.82e-03 | 3.7s
epoch  392 | loss 5.5206 | lr 1.82e-03 | 3.7s
epoch  393 | loss 5.5468 | lr 1.81e-03 | 3.7s
epoch  394 | loss 5.4819 | lr 1.81e-03 | 3.7s
epoch  395 | loss 5.5401 | lr 1.81e-03 | 3.7s
epoch  396 | loss 5.4753 | lr 1.81e-03 | 3.7s
epoch  397 | loss 5.5211 | lr 1.81e-03 | 3.7s
epoch  398 | loss 5.4987 | lr 1.81e-03 | 3.7s
epoch  399 | loss 5.5220 | lr 1.81e-03 | 3.7s
epoch  400 | loss 5.5522 | lr 1.81e-03 | 3.9s
epoch  401 | loss 5.5039 | lr 1.81e-03 | 3.7s
epoch  402 | loss 5.5177 | lr 1.81e-03 | 3.7s
epoch  403 | loss 5.5122 | lr 1.81e-03 | 3.7s
epoch  404 | loss 5.5069 | lr 1.80e-03 | 3.7s
epoch  405 | loss 5.5105 | lr 1.80e-03 | 3.7s
epoch  406 | loss 5.5560 | lr 1.80e-03 | 3.7s
epoch  407 | loss 5.5416 | lr 1.80e-03 | 3.7s
epoch  408 | loss 5.4713 | lr 1.80e-03 | 3.7s
epoch  409 | loss 5.4843 | lr 1.80e-03 | 3.7s
epoch  410 | loss 5.4942 | lr 1.80e-03 | 3.7s
epoch  411 | loss 5.4938 | lr 1.80e-03 | 3.7s
epoch  412 | loss 5.5006 | lr 1.80e-03 | 3.7s
epoch  413 | loss 5.5176 | lr 1.80e-03 | 3.9s
epoch  414 | loss 5.4990 | lr 1.79e-03 | 3.7s
epoch  415 | loss 5.5151 | lr 1.79e-03 | 3.7s
epoch  416 | loss 5.5090 | lr 1.79e-03 | 3.7s
epoch  417 | loss 5.5246 | lr 1.79e-03 | 3.7s
epoch  418 | loss 5.4956 | lr 1.79e-03 | 3.7s
epoch  419 | loss 5.4788 | lr 1.79e-03 | 3.7s
epoch  420 | loss 5.4761 | lr 1.79e-03 | 3.7s
epoch  421 | loss 5.4800 | lr 1.79e-03 | 3.8s
epoch  422 | loss 5.5174 | lr 1.79e-03 | 3.7s
epoch  423 | loss 5.5139 | lr 1.79e-03 | 3.7s
epoch  424 | loss 5.4839 | lr 1.79e-03 | 3.7s
epoch  425 | loss 5.4570 | lr 1.78e-03 | 3.7s
epoch  426 | loss 5.4740 | lr 1.78e-03 | 3.7s
epoch  427 | loss 5.4826 | lr 1.78e-03 | 3.7s
epoch  428 | loss 5.5057 | lr 1.78e-03 | 3.7s
epoch  429 | loss 5.5031 | lr 1.78e-03 | 3.7s
epoch  430 | loss 5.5053 | lr 1.78e-03 | 3.7s
epoch  431 | loss 5.4774 | lr 1.78e-03 | 3.7s
epoch  432 | loss 5.4865 | lr 1.78e-03 | 3.7s
epoch  433 | loss 5.4883 | lr 1.78e-03 | 3.7s
epoch  434 | loss 5.4882 | lr 1.78e-03 | 3.7s
epoch  435 | loss 5.5092 | lr 1.77e-03 | 3.7s
epoch  436 | loss 5.4872 | lr 1.77e-03 | 3.7s
epoch  437 | loss 5.4894 | lr 1.77e-03 | 3.7s
epoch  438 | loss 5.5128 | lr 1.77e-03 | 3.7s
epoch  439 | loss 5.4845 | lr 1.77e-03 | 3.7s
epoch  440 | loss 5.4825 | lr 1.77e-03 | 3.7s
epoch  441 | loss 5.4342 | lr 1.77e-03 | 3.7s
epoch  442 | loss 5.4726 | lr 1.77e-03 | 3.7s
epoch  443 | loss 5.5072 | lr 1.77e-03 | 3.7s
epoch  444 | loss 5.4742 | lr 1.77e-03 | 3.7s
epoch  445 | loss 5.4969 | lr 1.76e-03 | 3.8s
epoch  446 | loss 5.4895 | lr 1.76e-03 | 3.7s
epoch  447 | loss 5.4886 | lr 1.76e-03 | 3.7s
epoch  448 | loss 5.4887 | lr 1.76e-03 | 3.8s
epoch  449 | loss 5.4654 | lr 1.76e-03 | 3.7s
epoch  450 | loss 5.4593 | lr 1.76e-03 | 3.7s
epoch  451 | loss 5.4785 | lr 1.76e-03 | 3.7s
epoch  452 | loss 5.4769 | lr 1.76e-03 | 3.7s
epoch  453 | loss 5.4518 | lr 1.76e-03 | 3.8s
epoch  454 | loss 5.4369 | lr 1.76e-03 | 3.7s
epoch  455 | loss 5.4643 | lr 1.75e-03 | 3.7s
epoch  456 | loss 5.4454 | lr 1.75e-03 | 3.7s
epoch  457 | loss 5.4558 | lr 1.75e-03 | 3.7s
epoch  458 | loss 5.3903 | lr 1.75e-03 | 3.7s
epoch  459 | loss 5.4472 | lr 1.75e-03 | 3.7s
epoch  460 | loss 5.4586 | lr 1.75e-03 | 3.7s
epoch  461 | loss 5.4671 | lr 1.75e-03 | 3.7s
epoch  462 | loss 5.4333 | lr 1.75e-03 | 3.8s
epoch  463 | loss 5.4670 | lr 1.75e-03 | 3.7s
epoch  464 | loss 5.4524 | lr 1.74e-03 | 3.7s
epoch  465 | loss 5.4744 | lr 1.74e-03 | 3.7s
epoch  466 | loss 5.4717 | lr 1.74e-03 | 3.7s
epoch  467 | loss 5.4687 | lr 1.74e-03 | 3.7s
epoch  468 | loss 5.4628 | lr 1.74e-03 | 3.7s
epoch  469 | loss 5.4960 | lr 1.74e-03 | 3.7s
epoch  470 | loss 5.4506 | lr 1.74e-03 | 3.7s
epoch  471 | loss 5.4524 | lr 1.74e-03 | 3.7s
epoch  472 | loss 5.4279 | lr 1.74e-03 | 3.7s
epoch  473 | loss 5.4527 | lr 1.74e-03 | 3.8s
epoch  474 | loss 5.4589 | lr 1.73e-03 | 3.7s
epoch  475 | loss 5.4865 | lr 1.73e-03 | 3.7s
epoch  476 | loss 5.4190 | lr 1.73e-03 | 3.7s
epoch  477 | loss 5.4398 | lr 1.73e-03 | 3.7s
epoch  478 | loss 5.4641 | lr 1.73e-03 | 3.7s
epoch  479 | loss 5.4435 | lr 1.73e-03 | 3.7s
epoch  480 | loss 5.4391 | lr 1.73e-03 | 3.7s
epoch  481 | loss 5.4847 | lr 1.73e-03 | 3.7s
epoch  482 | loss 5.4491 | lr 1.73e-03 | 3.7s
epoch  483 | loss 5.4354 | lr 1.72e-03 | 3.7s
epoch  484 | loss 5.4510 | lr 1.72e-03 | 3.7s
epoch  485 | loss 5.4320 | lr 1.72e-03 | 3.7s
epoch  486 | loss 5.4298 | lr 1.72e-03 | 3.8s
epoch  487 | loss 5.4885 | lr 1.72e-03 | 3.7s
epoch  488 | loss 5.4404 | lr 1.72e-03 | 3.7s
epoch  489 | loss 5.4439 | lr 1.72e-03 | 3.7s
epoch  490 | loss 5.4072 | lr 1.72e-03 | 3.7s
epoch  491 | loss 5.4263 | lr 1.72e-03 | 3.7s
epoch  492 | loss 5.4118 | lr 1.71e-03 | 3.7s
epoch  493 | loss 5.4240 | lr 1.71e-03 | 3.7s
epoch  494 | loss 5.4229 | lr 1.71e-03 | 3.8s
epoch  495 | loss 5.4242 | lr 1.71e-03 | 3.7s
epoch  496 | loss 5.4120 | lr 1.71e-03 | 3.8s
epoch  497 | loss 5.4213 | lr 1.71e-03 | 3.7s
epoch  498 | loss 5.4371 | lr 1.71e-03 | 3.7s
epoch  499 | loss 5.4163 | lr 1.71e-03 | 3.9s
epoch  500 | loss 5.4591 | lr 1.71e-03 | 4.0s
epoch  501 | loss 5.4412 | lr 1.70e-03 | 3.7s
epoch  502 | loss 5.4143 | lr 1.70e-03 | 3.7s
epoch  503 | loss 5.3947 | lr 1.70e-03 | 3.7s
epoch  504 | loss 5.4112 | lr 1.70e-03 | 3.7s
epoch  505 | loss 5.4155 | lr 1.70e-03 | 3.7s
epoch  506 | loss 5.4316 | lr 1.70e-03 | 3.8s
epoch  507 | loss 5.4041 | lr 1.70e-03 | 3.7s
epoch  508 | loss 5.3827 | lr 1.70e-03 | 3.7s
epoch  509 | loss 5.3711 | lr 1.70e-03 | 3.7s
epoch  510 | loss 5.3924 | lr 1.69e-03 | 3.7s
epoch  511 | loss 5.4022 | lr 1.69e-03 | 3.7s
epoch  512 | loss 5.4172 | lr 1.69e-03 | 3.7s
epoch  513 | loss 5.4152 | lr 1.69e-03 | 3.7s
epoch  514 | loss 5.3957 | lr 1.69e-03 | 3.8s
epoch  515 | loss 5.4118 | lr 1.69e-03 | 3.7s
epoch  516 | loss 5.3898 | lr 1.69e-03 | 3.7s
epoch  517 | loss 5.4152 | lr 1.69e-03 | 3.7s
epoch  518 | loss 5.3950 | lr 1.69e-03 | 3.7s
epoch  519 | loss 5.4378 | lr 1.68e-03 | 3.7s
epoch  520 | loss 5.4319 | lr 1.68e-03 | 3.7s
epoch  521 | loss 5.3807 | lr 1.68e-03 | 3.7s
epoch  522 | loss 5.4280 | lr 1.68e-03 | 3.7s
epoch  523 | loss 5.4243 | lr 1.68e-03 | 3.7s
epoch  524 | loss 5.4183 | lr 1.68e-03 | 3.7s
epoch  525 | loss 5.4282 | lr 1.68e-03 | 3.7s
epoch  526 | loss 5.3920 | lr 1.68e-03 | 3.7s
epoch  527 | loss 5.4036 | lr 1.68e-03 | 3.7s
epoch  528 | loss 5.3809 | lr 1.67e-03 | 3.7s
epoch  529 | loss 5.4067 | lr 1.67e-03 | 3.7s
epoch  530 | loss 5.3791 | lr 1.67e-03 | 3.7s
epoch  531 | loss 5.3987 | lr 1.67e-03 | 3.7s
epoch  532 | loss 5.3853 | lr 1.67e-03 | 3.7s
epoch  533 | loss 5.4372 | lr 1.67e-03 | 3.7s
epoch  534 | loss 5.4250 | lr 1.67e-03 | 3.7s
epoch  535 | loss 5.3800 | lr 1.67e-03 | 3.7s
epoch  536 | loss 5.4397 | lr 1.66e-03 | 3.7s
epoch  537 | loss 5.3900 | lr 1.66e-03 | 3.8s
epoch  538 | loss 5.4449 | lr 1.66e-03 | 3.7s
epoch  539 | loss 5.3692 | lr 1.66e-03 | 3.7s
epoch  540 | loss 5.3766 | lr 1.66e-03 | 3.7s
epoch  541 | loss 5.3914 | lr 1.66e-03 | 3.7s
epoch  542 | loss 5.3772 | lr 1.66e-03 | 3.8s
epoch  543 | loss 5.3854 | lr 1.66e-03 | 3.7s
epoch  544 | loss 5.4091 | lr 1.66e-03 | 3.7s
epoch  545 | loss 5.3768 | lr 1.65e-03 | 3.7s
epoch  546 | loss 5.4199 | lr 1.65e-03 | 3.7s
epoch  547 | loss 5.3340 | lr 1.65e-03 | 3.7s
epoch  548 | loss 5.3938 | lr 1.65e-03 | 3.7s
epoch  549 | loss 5.3643 | lr 1.65e-03 | 3.7s
epoch  550 | loss 5.3578 | lr 1.65e-03 | 3.7s
epoch  551 | loss 5.3765 | lr 1.65e-03 | 3.7s
epoch  552 | loss 5.3809 | lr 1.65e-03 | 3.7s
epoch  553 | loss 5.3670 | lr 1.64e-03 | 3.7s
epoch  554 | loss 5.3638 | lr 1.64e-03 | 3.7s
epoch  555 | loss 5.3648 | lr 1.64e-03 | 3.7s
epoch  556 | loss 5.3626 | lr 1.64e-03 | 3.7s
epoch  557 | loss 5.3751 | lr 1.64e-03 | 3.7s
epoch  558 | loss 5.4035 | lr 1.64e-03 | 3.7s
epoch  559 | loss 5.3709 | lr 1.64e-03 | 3.7s
epoch  560 | loss 5.3684 | lr 1.64e-03 | 3.7s
epoch  561 | loss 5.3663 | lr 1.64e-03 | 3.7s
epoch  562 | loss 5.3966 | lr 1.63e-03 | 3.7s
epoch  563 | loss 5.3821 | lr 1.63e-03 | 3.7s
epoch  564 | loss 5.3783 | lr 1.63e-03 | 3.7s
epoch  565 | loss 5.3847 | lr 1.63e-03 | 3.7s
epoch  566 | loss 5.3457 | lr 1.63e-03 | 3.7s
epoch  567 | loss 5.4170 | lr 1.63e-03 | 3.7s
epoch  568 | loss 5.3985 | lr 1.63e-03 | 3.7s
epoch  569 | loss 5.3308 | lr 1.63e-03 | 3.7s
epoch  570 | loss 5.3464 | lr 1.62e-03 | 3.7s
epoch  571 | loss 5.3420 | lr 1.62e-03 | 3.7s
epoch  572 | loss 5.3702 | lr 1.62e-03 | 3.7s
epoch  573 | loss 5.3653 | lr 1.62e-03 | 3.7s
epoch  574 | loss 5.3728 | lr 1.62e-03 | 3.7s
epoch  575 | loss 5.3171 | lr 1.62e-03 | 3.7s
epoch  576 | loss 5.3602 | lr 1.62e-03 | 3.7s
epoch  577 | loss 5.3674 | lr 1.62e-03 | 3.7s
epoch  578 | loss 5.3713 | lr 1.61e-03 | 3.7s
epoch  579 | loss 5.3476 | lr 1.61e-03 | 3.8s
epoch  580 | loss 5.3815 | lr 1.61e-03 | 3.7s
epoch  581 | loss 5.3884 | lr 1.61e-03 | 3.7s
epoch  582 | loss 5.3799 | lr 1.61e-03 | 3.7s
epoch  583 | loss 5.4109 | lr 1.61e-03 | 3.7s
epoch  584 | loss 5.3759 | lr 1.61e-03 | 3.7s
epoch  585 | loss 5.3623 | lr 1.61e-03 | 3.7s
epoch  586 | loss 5.3981 | lr 1.60e-03 | 3.7s
epoch  587 | loss 5.3379 | lr 1.60e-03 | 3.8s
epoch  588 | loss 5.3240 | lr 1.60e-03 | 3.7s
epoch  589 | loss 5.3309 | lr 1.60e-03 | 3.7s
epoch  590 | loss 5.3870 | lr 1.60e-03 | 3.7s
epoch  591 | loss 5.3799 | lr 1.60e-03 | 3.7s
epoch  592 | loss 5.3549 | lr 1.60e-03 | 3.7s
epoch  593 | loss 5.3580 | lr 1.60e-03 | 3.7s
epoch  594 | loss 5.3710 | lr 1.59e-03 | 3.7s
epoch  595 | loss 5.3768 | lr 1.59e-03 | 3.7s
epoch  596 | loss 5.3337 | lr 1.59e-03 | 3.7s
epoch  597 | loss 5.3647 | lr 1.59e-03 | 3.7s
epoch  598 | loss 5.3386 | lr 1.59e-03 | 3.7s
epoch  599 | loss 5.3812 | lr 1.59e-03 | 3.7s
epoch  600 | loss 5.3236 | lr 1.59e-03 | 3.7s
epoch  601 | loss 5.3555 | lr 1.59e-03 | 3.7s
epoch  602 | loss 5.3459 | lr 1.58e-03 | 3.7s
epoch  603 | loss 5.3577 | lr 1.58e-03 | 3.7s
epoch  604 | loss 5.3141 | lr 1.58e-03 | 3.8s
epoch  605 | loss 5.3197 | lr 1.58e-03 | 3.7s
epoch  606 | loss 5.3286 | lr 1.58e-03 | 3.7s
epoch  607 | loss 5.3380 | lr 1.58e-03 | 3.7s
epoch  608 | loss 5.3433 | lr 1.58e-03 | 3.7s
epoch  609 | loss 5.3547 | lr 1.58e-03 | 3.7s
epoch  610 | loss 5.3394 | lr 1.57e-03 | 3.7s
epoch  611 | loss 5.3324 | lr 1.57e-03 | 3.7s
epoch  612 | loss 5.3689 | lr 1.57e-03 | 3.7s
epoch  613 | loss 5.3443 | lr 1.57e-03 | 3.7s
epoch  614 | loss 5.3236 | lr 1.57e-03 | 3.7s
epoch  615 | loss 5.3389 | lr 1.57e-03 | 3.7s
epoch  616 | loss 5.3411 | lr 1.57e-03 | 3.7s
epoch  617 | loss 5.3340 | lr 1.56e-03 | 3.7s
epoch  618 | loss 5.3250 | lr 1.56e-03 | 3.7s
epoch  619 | loss 5.3516 | lr 1.56e-03 | 3.7s
epoch  620 | loss 5.3193 | lr 1.56e-03 | 3.7s
epoch  621 | loss 5.3415 | lr 1.56e-03 | 3.7s
epoch  622 | loss 5.3215 | lr 1.56e-03 | 3.7s
epoch  623 | loss 5.3353 | lr 1.56e-03 | 3.7s
epoch  624 | loss 5.3258 | lr 1.56e-03 | 3.7s
epoch  625 | loss 5.3194 | lr 1.55e-03 | 3.7s
epoch  626 | loss 5.3256 | lr 1.55e-03 | 3.7s
epoch  627 | loss 5.3021 | lr 1.55e-03 | 3.7s
epoch  628 | loss 5.3327 | lr 1.55e-03 | 3.7s
epoch  629 | loss 5.3258 | lr 1.55e-03 | 3.7s
epoch  630 | loss 5.3031 | lr 1.55e-03 | 3.7s
epoch  631 | loss 5.3169 | lr 1.55e-03 | 3.7s
epoch  632 | loss 5.3287 | lr 1.55e-03 | 3.7s
epoch  633 | loss 5.3094 | lr 1.54e-03 | 3.7s
epoch  634 | loss 5.3460 | lr 1.54e-03 | 3.7s
epoch  635 | loss 5.3506 | lr 1.54e-03 | 3.7s
epoch  636 | loss 5.2811 | lr 1.54e-03 | 3.8s
epoch  637 | loss 5.3236 | lr 1.54e-03 | 3.7s
epoch  638 | loss 5.3101 | lr 1.54e-03 | 3.7s
epoch  639 | loss 5.3259 | lr 1.54e-03 | 3.7s
epoch  640 | loss 5.3010 | lr 1.53e-03 | 3.7s
epoch  641 | loss 5.3450 | lr 1.53e-03 | 3.7s
epoch  642 | loss 5.3427 | lr 1.53e-03 | 3.7s
epoch  643 | loss 5.3250 | lr 1.53e-03 | 3.7s
epoch  644 | loss 5.3285 | lr 1.53e-03 | 3.8s
epoch  645 | loss 5.3622 | lr 1.53e-03 | 3.7s
epoch  646 | loss 5.2764 | lr 1.53e-03 | 3.7s
epoch  647 | loss 5.3054 | lr 1.53e-03 | 3.7s
epoch  648 | loss 5.2926 | lr 1.52e-03 | 3.7s
epoch  649 | loss 5.3165 | lr 1.52e-03 | 3.7s
epoch  650 | loss 5.3745 | lr 1.52e-03 | 3.7s
epoch  651 | loss 5.3503 | lr 1.52e-03 | 3.7s
epoch  652 | loss 5.3306 | lr 1.52e-03 | 3.7s
epoch  653 | loss 5.3064 | lr 1.52e-03 | 3.7s
epoch  654 | loss 5.3045 | lr 1.52e-03 | 3.7s
epoch  655 | loss 5.3084 | lr 1.51e-03 | 3.7s
epoch  656 | loss 5.3423 | lr 1.51e-03 | 3.7s
epoch  657 | loss 5.2976 | lr 1.51e-03 | 3.7s
epoch  658 | loss 5.3289 | lr 1.51e-03 | 3.7s
epoch  659 | loss 5.2825 | lr 1.51e-03 | 3.7s
epoch  660 | loss 5.2863 | lr 1.51e-03 | 3.7s
epoch  661 | loss 5.3199 | lr 1.51e-03 | 3.7s
epoch  662 | loss 5.2773 | lr 1.50e-03 | 3.7s
epoch  663 | loss 5.3121 | lr 1.50e-03 | 3.7s
epoch  664 | loss 5.2947 | lr 1.50e-03 | 3.7s
epoch  665 | loss 5.2741 | lr 1.50e-03 | 3.7s
epoch  666 | loss 5.3049 | lr 1.50e-03 | 3.7s
epoch  667 | loss 5.3134 | lr 1.50e-03 | 3.7s
epoch  668 | loss 5.3501 | lr 1.50e-03 | 3.7s
epoch  669 | loss 5.3013 | lr 1.50e-03 | 3.7s
epoch  670 | loss 5.2723 | lr 1.49e-03 | 3.7s
epoch  671 | loss 5.2642 | lr 1.49e-03 | 3.7s
epoch  672 | loss 5.2780 | lr 1.49e-03 | 3.7s
epoch  673 | loss 5.3042 | lr 1.49e-03 | 3.7s
epoch  674 | loss 5.3268 | lr 1.49e-03 | 3.7s
epoch  675 | loss 5.3341 | lr 1.49e-03 | 3.7s
epoch  676 | loss 5.3311 | lr 1.49e-03 | 3.7s
epoch  677 | loss 5.2897 | lr 1.48e-03 | 3.7s
epoch  678 | loss 5.2757 | lr 1.48e-03 | 3.7s
epoch  679 | loss 5.3392 | lr 1.48e-03 | 3.7s
epoch  680 | loss 5.2864 | lr 1.48e-03 | 3.7s
epoch  681 | loss 5.3028 | lr 1.48e-03 | 3.7s
epoch  682 | loss 5.3018 | lr 1.48e-03 | 3.7s
epoch  683 | loss 5.3369 | lr 1.48e-03 | 3.7s
epoch  684 | loss 5.2927 | lr 1.47e-03 | 3.7s
epoch  685 | loss 5.2701 | lr 1.47e-03 | 3.7s
epoch  686 | loss 5.3299 | lr 1.47e-03 | 3.7s
epoch  687 | loss 5.2999 | lr 1.47e-03 | 3.7s
epoch  688 | loss 5.2717 | lr 1.47e-03 | 3.7s
epoch  689 | loss 5.2929 | lr 1.47e-03 | 3.7s
epoch  690 | loss 5.2867 | lr 1.47e-03 | 3.7s
epoch  691 | loss 5.2993 | lr 1.47e-03 | 3.7s
epoch  692 | loss 5.2618 | lr 1.46e-03 | 3.7s
epoch  693 | loss 5.3146 | lr 1.46e-03 | 3.7s
epoch  694 | loss 5.3005 | lr 1.46e-03 | 3.7s
epoch  695 | loss 5.3090 | lr 1.46e-03 | 3.7s
epoch  696 | loss 5.2953 | lr 1.46e-03 | 3.7s
epoch  697 | loss 5.3050 | lr 1.46e-03 | 3.7s
epoch  698 | loss 5.3128 | lr 1.46e-03 | 3.7s
epoch  699 | loss 5.2650 | lr 1.45e-03 | 3.7s
epoch  700 | loss 5.2805 | lr 1.45e-03 | 3.9s
epoch  701 | loss 5.2646 | lr 1.45e-03 | 3.8s
epoch  702 | loss 5.2649 | lr 1.45e-03 | 3.7s
epoch  703 | loss 5.2967 | lr 1.45e-03 | 3.7s
epoch  704 | loss 5.3009 | lr 1.45e-03 | 3.7s
epoch  705 | loss 5.2783 | lr 1.45e-03 | 3.8s
epoch  706 | loss 5.3171 | lr 1.44e-03 | 3.7s
epoch  707 | loss 5.2815 | lr 1.44e-03 | 3.7s
epoch  708 | loss 5.2794 | lr 1.44e-03 | 3.7s
epoch  709 | loss 5.2687 | lr 1.44e-03 | 3.7s
epoch  710 | loss 5.2756 | lr 1.44e-03 | 3.7s
epoch  711 | loss 5.2834 | lr 1.44e-03 | 3.7s
epoch  712 | loss 5.2674 | lr 1.44e-03 | 3.7s
epoch  713 | loss 5.3185 | lr 1.43e-03 | 3.7s
epoch  714 | loss 5.3020 | lr 1.43e-03 | 3.7s
epoch  715 | loss 5.2805 | lr 1.43e-03 | 3.7s
epoch  716 | loss 5.2666 | lr 1.43e-03 | 3.7s
epoch  717 | loss 5.2589 | lr 1.43e-03 | 3.7s
epoch  718 | loss 5.2688 | lr 1.43e-03 | 3.7s
epoch  719 | loss 5.2916 | lr 1.43e-03 | 3.7s
epoch  720 | loss 5.2562 | lr 1.42e-03 | 3.7s
epoch  721 | loss 5.2950 | lr 1.42e-03 | 3.7s
epoch  722 | loss 5.2773 | lr 1.42e-03 | 3.7s
epoch  723 | loss 5.2859 | lr 1.42e-03 | 3.7s
epoch  724 | loss 5.2975 | lr 1.42e-03 | 3.7s
epoch  725 | loss 5.2452 | lr 1.42e-03 | 3.7s
epoch  726 | loss 5.2754 | lr 1.42e-03 | 3.7s
epoch  727 | loss 5.2427 | lr 1.41e-03 | 3.7s
epoch  728 | loss 5.3101 | lr 1.41e-03 | 3.7s
epoch  729 | loss 5.2953 | lr 1.41e-03 | 3.8s
epoch  730 | loss 5.2648 | lr 1.41e-03 | 3.7s
epoch  731 | loss 5.2201 | lr 1.41e-03 | 3.7s
epoch  732 | loss 5.2745 | lr 1.41e-03 | 3.7s
epoch  733 | loss 5.3001 | lr 1.41e-03 | 3.7s
epoch  734 | loss 5.2907 | lr 1.40e-03 | 3.7s
epoch  735 | loss 5.2770 | lr 1.40e-03 | 3.7s
epoch  736 | loss 5.2887 | lr 1.40e-03 | 3.7s
epoch  737 | loss 5.3048 | lr 1.40e-03 | 3.7s
epoch  738 | loss 5.2440 | lr 1.40e-03 | 3.7s
epoch  739 | loss 5.2692 | lr 1.40e-03 | 3.7s
epoch  740 | loss 5.2771 | lr 1.40e-03 | 3.7s
epoch  741 | loss 5.2643 | lr 1.39e-03 | 3.7s
epoch  742 | loss 5.2523 | lr 1.39e-03 | 3.7s
epoch  743 | loss 5.2605 | lr 1.39e-03 | 3.7s
epoch  744 | loss 5.2303 | lr 1.39e-03 | 3.7s
epoch  745 | loss 5.2833 | lr 1.39e-03 | 3.7s
epoch  746 | loss 5.2465 | lr 1.39e-03 | 3.7s
epoch  747 | loss 5.2647 | lr 1.39e-03 | 3.7s
epoch  748 | loss 5.2638 | lr 1.38e-03 | 3.7s
epoch  749 | loss 5.2496 | lr 1.38e-03 | 3.7s
epoch  750 | loss 5.2742 | lr 1.38e-03 | 3.7s
epoch  751 | loss 5.2678 | lr 1.38e-03 | 3.7s
epoch  752 | loss 5.2566 | lr 1.38e-03 | 3.7s
epoch  753 | loss 5.2821 | lr 1.38e-03 | 3.7s
epoch  754 | loss 5.3069 | lr 1.38e-03 | 3.7s
epoch  755 | loss 5.2773 | lr 1.37e-03 | 3.7s
epoch  756 | loss 5.2592 | lr 1.37e-03 | 3.7s
epoch  757 | loss 5.2438 | lr 1.37e-03 | 3.7s
epoch  758 | loss 5.2823 | lr 1.37e-03 | 3.7s
epoch  759 | loss 5.2381 | lr 1.37e-03 | 3.7s
epoch  760 | loss 5.2963 | lr 1.37e-03 | 3.7s
epoch  761 | loss 5.2665 | lr 1.37e-03 | 3.7s
epoch  762 | loss 5.2399 | lr 1.36e-03 | 3.7s
epoch  763 | loss 5.2646 | lr 1.36e-03 | 3.7s
epoch  764 | loss 5.2638 | lr 1.36e-03 | 3.7s
epoch  765 | loss 5.2570 | lr 1.36e-03 | 3.7s
epoch  766 | loss 5.2457 | lr 1.36e-03 | 3.7s
epoch  767 | loss 5.2457 | lr 1.36e-03 | 3.7s
epoch  768 | loss 5.2754 | lr 1.35e-03 | 3.7s
epoch  769 | loss 5.2521 | lr 1.35e-03 | 3.7s
epoch  770 | loss 5.2611 | lr 1.35e-03 | 3.7s
epoch  771 | loss 5.2888 | lr 1.35e-03 | 3.7s
epoch  772 | loss 5.2608 | lr 1.35e-03 | 3.7s
epoch  773 | loss 5.2574 | lr 1.35e-03 | 3.7s
epoch  774 | loss 5.2871 | lr 1.35e-03 | 3.7s
epoch  775 | loss 5.2764 | lr 1.34e-03 | 3.7s
epoch  776 | loss 5.2235 | lr 1.34e-03 | 3.7s
epoch  777 | loss 5.2207 | lr 1.34e-03 | 3.7s
epoch  778 | loss 5.2872 | lr 1.34e-03 | 3.7s
epoch  779 | loss 5.2897 | lr 1.34e-03 | 3.7s
epoch  780 | loss 5.2444 | lr 1.34e-03 | 3.7s
epoch  781 | loss 5.2562 | lr 1.34e-03 | 3.7s
epoch  782 | loss 5.2602 | lr 1.33e-03 | 3.7s
epoch  783 | loss 5.2305 | lr 1.33e-03 | 3.7s
epoch  784 | loss 5.2463 | lr 1.33e-03 | 3.7s
epoch  785 | loss 5.2626 | lr 1.33e-03 | 3.7s
epoch  786 | loss 5.2584 | lr 1.33e-03 | 3.7s
epoch  787 | loss 5.2660 | lr 1.33e-03 | 3.7s
epoch  788 | loss 5.2390 | lr 1.33e-03 | 3.7s
epoch  789 | loss 5.2756 | lr 1.32e-03 | 3.7s
epoch  790 | loss 5.2438 | lr 1.32e-03 | 3.8s
epoch  791 | loss 5.2320 | lr 1.32e-03 | 3.7s
epoch  792 | loss 5.2773 | lr 1.32e-03 | 3.7s
epoch  793 | loss 5.2957 | lr 1.32e-03 | 3.7s
epoch  794 | loss 5.2331 | lr 1.32e-03 | 3.7s
epoch  795 | loss 5.2164 | lr 1.31e-03 | 3.7s
epoch  796 | loss 5.2495 | lr 1.31e-03 | 3.7s
epoch  797 | loss 5.2466 | lr 1.31e-03 | 3.7s
epoch  798 | loss 5.2515 | lr 1.31e-03 | 3.7s
epoch  799 | loss 5.2516 | lr 1.31e-03 | 3.7s
epoch  800 | loss 5.2340 | lr 1.31e-03 | 3.8s
epoch  801 | loss 5.2315 | lr 1.31e-03 | 3.7s
epoch  802 | loss 5.2071 | lr 1.30e-03 | 3.7s
epoch  803 | loss 5.2164 | lr 1.30e-03 | 3.8s
epoch  804 | loss 5.2523 | lr 1.30e-03 | 3.7s
epoch  805 | loss 5.1870 | lr 1.30e-03 | 3.7s
epoch  806 | loss 5.2156 | lr 1.30e-03 | 3.7s
epoch  807 | loss 5.2550 | lr 1.30e-03 | 3.7s
epoch  808 | loss 5.2147 | lr 1.30e-03 | 3.7s
epoch  809 | loss 5.2289 | lr 1.29e-03 | 3.7s
epoch  810 | loss 5.2296 | lr 1.29e-03 | 3.7s
epoch  811 | loss 5.2082 | lr 1.29e-03 | 3.7s
epoch  812 | loss 5.2691 | lr 1.29e-03 | 3.7s
epoch  813 | loss 5.2389 | lr 1.29e-03 | 3.7s
epoch  814 | loss 5.2381 | lr 1.29e-03 | 3.7s
epoch  815 | loss 5.2051 | lr 1.29e-03 | 3.7s
epoch  816 | loss 5.2144 | lr 1.28e-03 | 3.7s
epoch  817 | loss 5.2413 | lr 1.28e-03 | 3.7s
epoch  818 | loss 5.2113 | lr 1.28e-03 | 3.7s
epoch  819 | loss 5.2841 | lr 1.28e-03 | 3.7s
epoch  820 | loss 5.2031 | lr 1.28e-03 | 3.7s
epoch  821 | loss 5.2246 | lr 1.28e-03 | 3.7s
epoch  822 | loss 5.2402 | lr 1.27e-03 | 3.8s
epoch  823 | loss 5.2234 | lr 1.27e-03 | 3.7s
epoch  824 | loss 5.2282 | lr 1.27e-03 | 3.7s
epoch  825 | loss 5.2189 | lr 1.27e-03 | 3.7s
epoch  826 | loss 5.1926 | lr 1.27e-03 | 3.7s
epoch  827 | loss 5.2642 | lr 1.27e-03 | 3.7s
epoch  828 | loss 5.2415 | lr 1.27e-03 | 3.7s
epoch  829 | loss 5.2325 | lr 1.26e-03 | 3.7s
epoch  830 | loss 5.2331 | lr 1.26e-03 | 3.8s
epoch  831 | loss 5.2315 | lr 1.26e-03 | 3.8s
epoch  832 | loss 5.2149 | lr 1.26e-03 | 3.7s
epoch  833 | loss 5.2264 | lr 1.26e-03 | 3.7s
epoch  834 | loss 5.2567 | lr 1.26e-03 | 3.7s
epoch  835 | loss 5.2243 | lr 1.25e-03 | 3.7s
epoch  836 | loss 5.2140 | lr 1.25e-03 | 3.7s
epoch  837 | loss 5.2080 | lr 1.25e-03 | 3.7s
epoch  838 | loss 5.2471 | lr 1.25e-03 | 3.7s
epoch  839 | loss 5.2299 | lr 1.25e-03 | 3.7s
epoch  840 | loss 5.2249 | lr 1.25e-03 | 3.8s
epoch  841 | loss 5.2263 | lr 1.25e-03 | 3.7s
epoch  842 | loss 5.2388 | lr 1.24e-03 | 3.7s
epoch  843 | loss 5.2135 | lr 1.24e-03 | 3.7s
epoch  844 | loss 5.2249 | lr 1.24e-03 | 3.7s
epoch  845 | loss 5.1786 | lr 1.24e-03 | 3.7s
epoch  846 | loss 5.2241 | lr 1.24e-03 | 3.7s
epoch  847 | loss 5.2188 | lr 1.24e-03 | 3.7s
epoch  848 | loss 5.2244 | lr 1.23e-03 | 3.7s
epoch  849 | loss 5.2061 | lr 1.23e-03 | 3.7s
epoch  850 | loss 5.2111 | lr 1.23e-03 | 3.7s
epoch  851 | loss 5.2348 | lr 1.23e-03 | 3.7s
epoch  852 | loss 5.2575 | lr 1.23e-03 | 3.7s
epoch  853 | loss 5.1958 | lr 1.23e-03 | 3.7s
epoch  854 | loss 5.1919 | lr 1.23e-03 | 3.7s
epoch  855 | loss 5.2417 | lr 1.22e-03 | 3.7s
epoch  856 | loss 5.2181 | lr 1.22e-03 | 3.8s
epoch  857 | loss 5.2565 | lr 1.22e-03 | 3.7s
epoch  858 | loss 5.1924 | lr 1.22e-03 | 3.7s
epoch  859 | loss 5.2289 | lr 1.22e-03 | 3.7s
epoch  860 | loss 5.2235 | lr 1.22e-03 | 3.7s
epoch  861 | loss 5.2173 | lr 1.22e-03 | 3.7s
epoch  862 | loss 5.2136 | lr 1.21e-03 | 3.7s
epoch  863 | loss 5.1817 | lr 1.21e-03 | 3.7s
epoch  864 | loss 5.2294 | lr 1.21e-03 | 3.7s
epoch  865 | loss 5.2216 | lr 1.21e-03 | 3.7s
epoch  866 | loss 5.2417 | lr 1.21e-03 | 3.7s
epoch  867 | loss 5.2061 | lr 1.21e-03 | 3.7s
epoch  868 | loss 5.2217 | lr 1.20e-03 | 3.7s
epoch  869 | loss 5.2126 | lr 1.20e-03 | 3.7s
epoch  870 | loss 5.2185 | lr 1.20e-03 | 3.7s
epoch  871 | loss 5.1539 | lr 1.20e-03 | 3.7s
epoch  872 | loss 5.2125 | lr 1.20e-03 | 3.7s
epoch  873 | loss 5.2098 | lr 1.20e-03 | 3.7s
epoch  874 | loss 5.2195 | lr 1.20e-03 | 3.7s
epoch  875 | loss 5.2134 | lr 1.19e-03 | 3.7s
epoch  876 | loss 5.2334 | lr 1.19e-03 | 3.8s
epoch  877 | loss 5.1895 | lr 1.19e-03 | 3.7s
epoch  878 | loss 5.2568 | lr 1.19e-03 | 3.7s
epoch  879 | loss 5.2237 | lr 1.19e-03 | 3.7s
epoch  880 | loss 5.1778 | lr 1.19e-03 | 3.7s
epoch  881 | loss 5.2142 | lr 1.18e-03 | 3.8s
epoch  882 | loss 5.1895 | lr 1.18e-03 | 3.7s
epoch  883 | loss 5.1535 | lr 1.18e-03 | 3.7s
epoch  884 | loss 5.2039 | lr 1.18e-03 | 3.7s
epoch  885 | loss 5.2268 | lr 1.18e-03 | 3.7s
epoch  886 | loss 5.2171 | lr 1.18e-03 | 3.7s
epoch  887 | loss 5.1965 | lr 1.18e-03 | 3.7s
epoch  888 | loss 5.2126 | lr 1.17e-03 | 3.7s
epoch  889 | loss 5.1909 | lr 1.17e-03 | 3.8s
epoch  890 | loss 5.2090 | lr 1.17e-03 | 3.7s
epoch  891 | loss 5.2263 | lr 1.17e-03 | 3.7s
epoch  892 | loss 5.1823 | lr 1.17e-03 | 3.7s
epoch  893 | loss 5.1760 | lr 1.17e-03 | 3.7s
epoch  894 | loss 5.1704 | lr 1.16e-03 | 3.7s
epoch  895 | loss 5.2202 | lr 1.16e-03 | 3.7s
epoch  896 | loss 5.2302 | lr 1.16e-03 | 3.7s
epoch  897 | loss 5.2216 | lr 1.16e-03 | 3.7s
epoch  898 | loss 5.1801 | lr 1.16e-03 | 3.7s
epoch  899 | loss 5.1570 | lr 1.16e-03 | 3.7s
epoch  900 | loss 5.2099 | lr 1.15e-03 | 3.8s
epoch  901 | loss 5.2063 | lr 1.15e-03 | 3.7s
epoch  902 | loss 5.1900 | lr 1.15e-03 | 3.7s
epoch  903 | loss 5.2256 | lr 1.15e-03 | 3.7s
epoch  904 | loss 5.2226 | lr 1.15e-03 | 3.7s
epoch  905 | loss 5.1869 | lr 1.15e-03 | 3.7s
epoch  906 | loss 5.2036 | lr 1.15e-03 | 3.7s
epoch  907 | loss 5.2368 | lr 1.14e-03 | 3.7s
epoch  908 | loss 5.1999 | lr 1.14e-03 | 3.7s
epoch  909 | loss 5.1814 | lr 1.14e-03 | 3.7s
epoch  910 | loss 5.2154 | lr 1.14e-03 | 3.7s
epoch  911 | loss 5.1892 | lr 1.14e-03 | 3.7s
epoch  912 | loss 5.2160 | lr 1.14e-03 | 3.7s
epoch  913 | loss 5.1929 | lr 1.13e-03 | 3.7s
epoch  914 | loss 5.1827 | lr 1.13e-03 | 3.7s
epoch  915 | loss 5.2055 | lr 1.13e-03 | 3.7s
epoch  916 | loss 5.1821 | lr 1.13e-03 | 3.7s
epoch  917 | loss 5.2102 | lr 1.13e-03 | 3.7s
epoch  918 | loss 5.1517 | lr 1.13e-03 | 3.7s
epoch  919 | loss 5.1418 | lr 1.13e-03 | 3.7s
epoch  920 | loss 5.2249 | lr 1.12e-03 | 3.7s
epoch  921 | loss 5.1718 | lr 1.12e-03 | 3.7s
epoch  922 | loss 5.1861 | lr 1.12e-03 | 3.7s
epoch  923 | loss 5.2367 | lr 1.12e-03 | 3.7s
epoch  924 | loss 5.1901 | lr 1.12e-03 | 3.7s
epoch  925 | loss 5.2031 | lr 1.12e-03 | 3.7s
epoch  926 | loss 5.1885 | lr 1.11e-03 | 3.7s
epoch  927 | loss 5.1708 | lr 1.11e-03 | 3.7s
epoch  928 | loss 5.1706 | lr 1.11e-03 | 3.7s
epoch  929 | loss 5.1869 | lr 1.11e-03 | 3.8s
epoch  930 | loss 5.2016 | lr 1.11e-03 | 3.7s
epoch  931 | loss 5.2034 | lr 1.11e-03 | 3.7s
epoch  932 | loss 5.1849 | lr 1.11e-03 | 3.7s
epoch  933 | loss 5.1965 | lr 1.10e-03 | 3.7s
epoch  934 | loss 5.1791 | lr 1.10e-03 | 3.7s
epoch  935 | loss 5.2208 | lr 1.10e-03 | 3.7s
epoch  936 | loss 5.1903 | lr 1.10e-03 | 3.7s
epoch  937 | loss 5.1672 | lr 1.10e-03 | 3.8s
epoch  938 | loss 5.1982 | lr 1.10e-03 | 3.8s
epoch  939 | loss 5.2172 | lr 1.09e-03 | 3.7s
epoch  940 | loss 5.1870 | lr 1.09e-03 | 3.7s
epoch  941 | loss 5.1712 | lr 1.09e-03 | 3.7s
epoch  942 | loss 5.1724 | lr 1.09e-03 | 3.7s
epoch  943 | loss 5.1763 | lr 1.09e-03 | 3.7s
epoch  944 | loss 5.1639 | lr 1.09e-03 | 3.7s
epoch  945 | loss 5.1845 | lr 1.08e-03 | 3.7s
epoch  946 | loss 5.1789 | lr 1.08e-03 | 3.7s
epoch  947 | loss 5.1659 | lr 1.08e-03 | 3.7s
epoch  948 | loss 5.1861 | lr 1.08e-03 | 3.7s
epoch  949 | loss 5.1609 | lr 1.08e-03 | 3.7s
epoch  950 | loss 5.2099 | lr 1.08e-03 | 3.7s
epoch  951 | loss 5.2146 | lr 1.08e-03 | 3.8s
epoch  952 | loss 5.1541 | lr 1.07e-03 | 3.7s
epoch  953 | loss 5.1842 | lr 1.07e-03 | 3.7s
epoch  954 | loss 5.1824 | lr 1.07e-03 | 3.7s
epoch  955 | loss 5.1738 | lr 1.07e-03 | 3.7s
epoch  956 | loss 5.1594 | lr 1.07e-03 | 3.7s
epoch  957 | loss 5.1539 | lr 1.07e-03 | 3.7s
epoch  958 | loss 5.1686 | lr 1.06e-03 | 3.7s
epoch  959 | loss 5.1996 | lr 1.06e-03 | 3.7s
epoch  960 | loss 5.1813 | lr 1.06e-03 | 3.7s
epoch  961 | loss 5.1982 | lr 1.06e-03 | 3.7s
epoch  962 | loss 5.1697 | lr 1.06e-03 | 3.7s
epoch  963 | loss 5.1672 | lr 1.06e-03 | 3.7s
epoch  964 | loss 5.1331 | lr 1.05e-03 | 3.8s
epoch  965 | loss 5.1988 | lr 1.05e-03 | 3.7s
epoch  966 | loss 5.1631 | lr 1.05e-03 | 3.7s
epoch  967 | loss 5.1696 | lr 1.05e-03 | 3.7s
epoch  968 | loss 5.1729 | lr 1.05e-03 | 3.7s
epoch  969 | loss 5.1828 | lr 1.05e-03 | 3.7s
epoch  970 | loss 5.1946 | lr 1.05e-03 | 3.7s
epoch  971 | loss 5.1633 | lr 1.04e-03 | 3.7s
epoch  972 | loss 5.1690 | lr 1.04e-03 | 3.7s
epoch  973 | loss 5.1629 | lr 1.04e-03 | 3.8s
epoch  974 | loss 5.1823 | lr 1.04e-03 | 3.7s
epoch  975 | loss 5.1519 | lr 1.04e-03 | 3.7s
epoch  976 | loss 5.1672 | lr 1.04e-03 | 3.7s
epoch  977 | loss 5.2075 | lr 1.03e-03 | 3.7s
epoch  978 | loss 5.1979 | lr 1.03e-03 | 3.7s
epoch  979 | loss 5.1900 | lr 1.03e-03 | 3.8s
epoch  980 | loss 5.1819 | lr 1.03e-03 | 3.7s
epoch  981 | loss 5.1580 | lr 1.03e-03 | 3.7s
epoch  982 | loss 5.2043 | lr 1.03e-03 | 3.7s
epoch  983 | loss 5.1547 | lr 1.03e-03 | 3.7s
epoch  984 | loss 5.1725 | lr 1.02e-03 | 3.7s
epoch  985 | loss 5.1518 | lr 1.02e-03 | 3.7s
epoch  986 | loss 5.1626 | lr 1.02e-03 | 3.7s
epoch  987 | loss 5.1939 | lr 1.02e-03 | 3.8s
epoch  988 | loss 5.1766 | lr 1.02e-03 | 3.7s
epoch  989 | loss 5.1827 | lr 1.02e-03 | 3.7s
epoch  990 | loss 5.1904 | lr 1.01e-03 | 3.7s
epoch  991 | loss 5.1516 | lr 1.01e-03 | 3.7s
epoch  992 | loss 5.1676 | lr 1.01e-03 | 3.7s
epoch  993 | loss 5.1769 | lr 1.01e-03 | 3.7s
epoch  994 | loss 5.1725 | lr 1.01e-03 | 3.7s
epoch  995 | loss 5.1561 | lr 1.01e-03 | 3.8s
epoch  996 | loss 5.1449 | lr 1.00e-03 | 3.7s
epoch  997 | loss 5.1809 | lr 1.00e-03 | 3.7s
epoch  998 | loss 5.2045 | lr 1.00e-03 | 3.7s
epoch  999 | loss 5.1962 | lr 1.00e-03 | 3.7s
epoch 1000 | loss 5.1568 | lr 9.98e-04 | 4.1s
epoch 1001 | loss 5.1559 | lr 9.97e-04 | 3.8s
epoch 1002 | loss 5.1414 | lr 9.95e-04 | 3.7s
epoch 1003 | loss 5.1456 | lr 9.94e-04 | 3.8s
epoch 1004 | loss 5.1756 | lr 9.92e-04 | 3.7s
epoch 1005 | loss 5.1918 | lr 9.91e-04 | 3.8s
epoch 1006 | loss 5.1584 | lr 9.89e-04 | 3.7s
epoch 1007 | loss 5.1540 | lr 9.87e-04 | 3.7s
epoch 1008 | loss 5.1670 | lr 9.86e-04 | 3.7s
