model params: 1,579,649
device: cuda
training: {'n_epochs': 500, 'samples_per_epoch': 1000000, 'batch_size': 10000, 'k_max': 26, 'lr': 0.0005, 'weight_decay': 0.0, 'checkpoint_every_epochs': 50, 'n_back': 1, 'loss': 'mse', 'amp': True, 'compile_model': True, 'fused_optimizer': True, 'device': 'cuda', 'seed': 0}
bellman: {'warmstart_path': 'models/small_e5/epoch_7999.pt', 'target_update_every_epochs': 10, 'target_net_chunk': 8192, 'clip_upper': True, 'clip_lower': True}
epoch    0 | loss 2.2052 | lr 5.00e-04 | 8.1s
epoch    1 | loss 2.1099 | lr 5.00e-04 | 6.6s
epoch    2 | loss 2.1093 | lr 5.00e-04 | 6.4s
epoch    3 | loss 2.1235 | lr 5.00e-04 | 6.4s
epoch    4 | loss 2.0997 | lr 5.00e-04 | 6.4s
epoch    5 | loss 2.1285 | lr 5.00e-04 | 6.4s
epoch    6 | loss 2.1174 | lr 5.00e-04 | 6.7s
epoch    7 | loss 2.0899 | lr 5.00e-04 | 6.4s
epoch    8 | loss 2.1074 | lr 5.00e-04 | 6.5s
epoch    9 | loss 2.1227 | lr 5.00e-04 | 6.4s
epoch   10 | loss 1.0568 | lr 4.99e-04 | 6.4s
epoch   11 | loss 1.0065 | lr 4.99e-04 | 6.4s
epoch   12 | loss 0.9857 | lr 4.99e-04 | 6.3s
epoch   13 | loss 0.9861 | lr 4.99e-04 | 6.4s
epoch   14 | loss 0.9871 | lr 4.99e-04 | 6.3s
epoch   15 | loss 0.9893 | lr 4.99e-04 | 6.5s
epoch   16 | loss 0.9825 | lr 4.99e-04 | 6.4s
epoch   17 | loss 0.9894 | lr 4.98e-04 | 6.4s
epoch   18 | loss 0.9964 | lr 4.98e-04 | 6.5s
epoch   19 | loss 0.9867 | lr 4.98e-04 | 6.5s
epoch   20 | loss 0.6040 | lr 4.98e-04 | 6.4s
epoch   21 | loss 0.5630 | lr 4.98e-04 | 6.5s
epoch   22 | loss 0.5744 | lr 4.97e-04 | 7.6s
epoch   23 | loss 0.5633 | lr 4.97e-04 | 6.4s
epoch   24 | loss 0.5687 | lr 4.97e-04 | 6.4s
epoch   25 | loss 0.5741 | lr 4.97e-04 | 6.4s
epoch   26 | loss 0.5646 | lr 4.96e-04 | 6.6s
epoch   27 | loss 0.5608 | lr 4.96e-04 | 8.7s
epoch   28 | loss 0.5610 | lr 4.96e-04 | 9.0s
epoch   29 | loss 0.5630 | lr 4.96e-04 | 8.7s
epoch   30 | loss 0.3930 | lr 4.95e-04 | 8.8s
epoch   31 | loss 0.3778 | lr 4.95e-04 | 9.1s
epoch   32 | loss 0.3827 | lr 4.95e-04 | 8.9s
epoch   33 | loss 0.3794 | lr 4.94e-04 | 8.9s
epoch   34 | loss 0.3788 | lr 4.94e-04 | 8.6s
epoch   35 | loss 0.3789 | lr 4.94e-04 | 10.4s
epoch   36 | loss 0.3796 | lr 4.93e-04 | 8.6s
epoch   37 | loss 0.3796 | lr 4.93e-04 | 10.0s
epoch   38 | loss 0.3797 | lr 4.93e-04 | 7.2s
epoch   39 | loss 0.3816 | lr 4.92e-04 | 6.4s
epoch   40 | loss 0.2923 | lr 4.92e-04 | 6.4s
epoch   41 | loss 0.2837 | lr 4.91e-04 | 6.5s
epoch   42 | loss 0.2854 | lr 4.91e-04 | 6.3s
epoch   43 | loss 0.2845 | lr 4.91e-04 | 6.2s
epoch   44 | loss 0.2851 | lr 4.90e-04 | 6.4s
epoch   45 | loss 0.2811 | lr 4.90e-04 | 6.4s
epoch   46 | loss 0.2839 | lr 4.89e-04 | 6.7s
epoch   47 | loss 0.2818 | lr 4.89e-04 | 6.9s
epoch   48 | loss 0.2814 | lr 4.88e-04 | 6.5s
epoch   49 | loss 0.2830 | lr 4.88e-04 | 6.6s
epoch   50 | loss 0.2373 | lr 4.87e-04 | 6.6s
epoch   51 | loss 0.2337 | lr 4.87e-04 | 6.4s
epoch   52 | loss 0.2326 | lr 4.86e-04 | 6.4s
epoch   53 | loss 0.2341 | lr 4.86e-04 | 6.5s
epoch   54 | loss 0.2319 | lr 4.85e-04 | 6.6s
epoch   55 | loss 0.2318 | lr 4.85e-04 | 6.6s
epoch   56 | loss 0.2322 | lr 4.84e-04 | 6.7s
epoch   57 | loss 0.2315 | lr 4.84e-04 | 6.5s
epoch   58 | loss 0.2325 | lr 4.83e-04 | 6.5s
epoch   59 | loss 0.2309 | lr 4.82e-04 | 6.8s
epoch   60 | loss 0.2072 | lr 4.82e-04 | 6.4s
epoch   61 | loss 0.2049 | lr 4.81e-04 | 6.3s
epoch   62 | loss 0.2042 | lr 4.81e-04 | 6.3s
epoch   63 | loss 0.2053 | lr 4.80e-04 | 6.3s
epoch   64 | loss 0.2054 | lr 4.79e-04 | 6.3s
epoch   65 | loss 0.2057 | lr 4.79e-04 | 6.5s
epoch   66 | loss 0.2052 | lr 4.78e-04 | 6.5s
epoch   67 | loss 0.2042 | lr 4.78e-04 | 6.7s
epoch   68 | loss 0.2050 | lr 4.77e-04 | 7.3s
epoch   69 | loss 0.2049 | lr 4.76e-04 | 6.9s
epoch   70 | loss 0.1918 | lr 4.76e-04 | 6.5s
epoch   71 | loss 0.1913 | lr 4.75e-04 | 6.6s
epoch   72 | loss 0.1917 | lr 4.74e-04 | 6.5s
epoch   73 | loss 0.1904 | lr 4.73e-04 | 6.7s
epoch   74 | loss 0.1905 | lr 4.73e-04 | 6.7s
epoch   75 | loss 0.1904 | lr 4.72e-04 | 6.5s
epoch   76 | loss 0.1907 | lr 4.71e-04 | 6.6s
epoch   77 | loss 0.1912 | lr 4.71e-04 | 6.7s
epoch   78 | loss 0.1911 | lr 4.70e-04 | 6.4s
epoch   79 | loss 0.1903 | lr 4.69e-04 | 6.3s
epoch   80 | loss 0.1819 | lr 4.68e-04 | 6.3s
epoch   81 | loss 0.1816 | lr 4.68e-04 | 6.3s
epoch   82 | loss 0.1824 | lr 4.67e-04 | 6.2s
epoch   83 | loss 0.1818 | lr 4.66e-04 | 7.7s
epoch   84 | loss 0.1804 | lr 4.65e-04 | 6.6s
epoch   85 | loss 0.1815 | lr 4.64e-04 | 6.6s
epoch   86 | loss 0.1818 | lr 4.64e-04 | 6.8s
epoch   87 | loss 0.1817 | lr 4.63e-04 | 6.6s
epoch   88 | loss 0.1815 | lr 4.62e-04 | 6.5s
epoch   89 | loss 0.1815 | lr 4.61e-04 | 6.3s
epoch   90 | loss 0.1755 | lr 4.60e-04 | 6.3s
epoch   91 | loss 0.1766 | lr 4.59e-04 | 6.5s
epoch   92 | loss 0.1767 | lr 4.59e-04 | 6.6s
epoch   93 | loss 0.1772 | lr 4.58e-04 | 6.4s
epoch   94 | loss 0.1780 | lr 4.57e-04 | 6.4s
epoch   95 | loss 0.1767 | lr 4.56e-04 | 6.4s
epoch   96 | loss 0.1776 | lr 4.55e-04 | 6.4s
epoch   97 | loss 0.1773 | lr 4.54e-04 | 6.3s
epoch   98 | loss 0.1766 | lr 4.53e-04 | 6.3s
epoch   99 | loss 0.1764 | lr 4.52e-04 | 6.3s
epoch  100 | loss 0.1749 | lr 4.51e-04 | 6.3s
epoch  101 | loss 0.1743 | lr 4.50e-04 | 6.5s
epoch  102 | loss 0.1742 | lr 4.49e-04 | 6.5s
epoch  103 | loss 0.1722 | lr 4.48e-04 | 6.5s
epoch  104 | loss 0.1741 | lr 4.48e-04 | 6.5s
epoch  105 | loss 0.1739 | lr 4.47e-04 | 6.6s
epoch  106 | loss 0.1742 | lr 4.46e-04 | 6.6s
epoch  107 | loss 0.1737 | lr 4.45e-04 | 6.5s
epoch  108 | loss 0.1735 | lr 4.44e-04 | 6.4s
epoch  109 | loss 0.1745 | lr 4.43e-04 | 6.6s
epoch  110 | loss 0.1740 | lr 4.42e-04 | 6.8s
epoch  111 | loss 0.1742 | lr 4.41e-04 | 6.4s
epoch  112 | loss 0.1753 | lr 4.40e-04 | 6.4s
epoch  113 | loss 0.1733 | lr 4.39e-04 | 6.4s
epoch  114 | loss 0.1740 | lr 4.38e-04 | 6.3s
epoch  115 | loss 0.1752 | lr 4.36e-04 | 6.3s
epoch  116 | loss 0.1747 | lr 4.35e-04 | 6.2s
epoch  117 | loss 0.1739 | lr 4.34e-04 | 6.3s
epoch  118 | loss 0.1741 | lr 4.33e-04 | 6.2s
epoch  119 | loss 0.1736 | lr 4.32e-04 | 6.3s
epoch  120 | loss 0.1753 | lr 4.31e-04 | 6.6s
epoch  121 | loss 0.1738 | lr 4.30e-04 | 6.4s
epoch  122 | loss 0.1748 | lr 4.29e-04 | 6.4s
epoch  123 | loss 0.1737 | lr 4.28e-04 | 6.4s
epoch  124 | loss 0.1735 | lr 4.27e-04 | 6.4s
epoch  125 | loss 0.1740 | lr 4.26e-04 | 6.5s
epoch  126 | loss 0.1739 | lr 4.25e-04 | 6.4s
epoch  127 | loss 0.1752 | lr 4.23e-04 | 6.6s
epoch  128 | loss 0.1752 | lr 4.22e-04 | 6.4s
epoch  129 | loss 0.1750 | lr 4.21e-04 | 6.4s
epoch  130 | loss 0.1735 | lr 4.20e-04 | 6.3s
epoch  131 | loss 0.1738 | lr 4.19e-04 | 6.4s
epoch  132 | loss 0.1752 | lr 4.18e-04 | 6.3s
epoch  133 | loss 0.1736 | lr 4.17e-04 | 6.4s
epoch  134 | loss 0.1734 | lr 4.15e-04 | 6.4s
epoch  135 | loss 0.1742 | lr 4.14e-04 | 6.4s
epoch  136 | loss 0.1732 | lr 4.13e-04 | 6.3s
epoch  137 | loss 0.1738 | lr 4.12e-04 | 6.3s
epoch  138 | loss 0.1732 | lr 4.11e-04 | 6.4s
epoch  139 | loss 0.1740 | lr 4.09e-04 | 6.4s
epoch  140 | loss 0.1726 | lr 4.08e-04 | 6.3s
epoch  141 | loss 0.1734 | lr 4.07e-04 | 6.3s
epoch  142 | loss 0.1732 | lr 4.06e-04 | 6.4s
epoch  143 | loss 0.1743 | lr 4.04e-04 | 6.3s
epoch  144 | loss 0.1760 | lr 4.03e-04 | 6.4s
epoch  145 | loss 0.1729 | lr 4.02e-04 | 6.3s
epoch  146 | loss 0.1736 | lr 4.01e-04 | 6.4s
epoch  147 | loss 0.1734 | lr 3.99e-04 | 6.4s
epoch  148 | loss 0.1738 | lr 3.98e-04 | 6.9s
epoch  149 | loss 0.1742 | lr 3.97e-04 | 6.4s
epoch  150 | loss 0.1757 | lr 3.96e-04 | 6.4s
epoch  151 | loss 0.1742 | lr 3.94e-04 | 6.4s
epoch  152 | loss 0.1744 | lr 3.93e-04 | 6.3s
epoch  153 | loss 0.1746 | lr 3.92e-04 | 6.3s
epoch  154 | loss 0.1745 | lr 3.91e-04 | 6.3s
epoch  155 | loss 0.1752 | lr 3.89e-04 | 6.2s
epoch  156 | loss 0.1752 | lr 3.88e-04 | 6.2s
epoch  157 | loss 0.1752 | lr 3.87e-04 | 6.2s
epoch  158 | loss 0.1750 | lr 3.85e-04 | 6.5s
epoch  159 | loss 0.1749 | lr 3.84e-04 | 6.4s
epoch  160 | loss 0.1747 | lr 3.83e-04 | 6.6s
epoch  161 | loss 0.1761 | lr 3.81e-04 | 6.4s
epoch  162 | loss 0.1753 | lr 3.80e-04 | 6.6s
epoch  163 | loss 0.1764 | lr 3.79e-04 | 6.4s
epoch  164 | loss 0.1759 | lr 3.77e-04 | 6.4s
epoch  165 | loss 0.1764 | lr 3.76e-04 | 6.4s
epoch  166 | loss 0.1774 | lr 3.75e-04 | 6.3s
epoch  167 | loss 0.1755 | lr 3.73e-04 | 6.5s
epoch  168 | loss 0.1753 | lr 3.72e-04 | 6.4s
epoch  169 | loss 0.1765 | lr 3.70e-04 | 6.4s
epoch  170 | loss 0.1745 | lr 3.69e-04 | 6.3s
epoch  171 | loss 0.1748 | lr 3.68e-04 | 6.3s
epoch  172 | loss 0.1751 | lr 3.66e-04 | 6.4s
epoch  173 | loss 0.1749 | lr 3.65e-04 | 6.3s
epoch  174 | loss 0.1762 | lr 3.63e-04 | 6.3s
epoch  175 | loss 0.1748 | lr 3.62e-04 | 6.3s
epoch  176 | loss 0.1755 | lr 3.61e-04 | 6.5s
epoch  177 | loss 0.1745 | lr 3.59e-04 | 6.4s
epoch  178 | loss 0.1753 | lr 3.58e-04 | 6.5s
epoch  179 | loss 0.1751 | lr 3.56e-04 | 6.4s
epoch  180 | loss 0.1754 | lr 3.55e-04 | 6.4s
epoch  181 | loss 0.1752 | lr 3.54e-04 | 6.3s
epoch  182 | loss 0.1747 | lr 3.52e-04 | 6.3s
epoch  183 | loss 0.1754 | lr 3.51e-04 | 6.3s
epoch  184 | loss 0.1751 | lr 3.49e-04 | 6.4s
epoch  185 | loss 0.1758 | lr 3.48e-04 | 6.4s
epoch  186 | loss 0.1753 | lr 3.46e-04 | 6.6s
epoch  187 | loss 0.1749 | lr 3.45e-04 | 6.4s
epoch  188 | loss 0.1758 | lr 3.43e-04 | 6.4s
epoch  189 | loss 0.1756 | lr 3.42e-04 | 6.2s
epoch  190 | loss 0.1763 | lr 3.41e-04 | 6.4s
epoch  191 | loss 0.1766 | lr 3.39e-04 | 6.2s
epoch  192 | loss 0.1770 | lr 3.38e-04 | 6.3s
epoch  193 | loss 0.1760 | lr 3.36e-04 | 6.2s
epoch  194 | loss 0.1773 | lr 3.35e-04 | 6.3s
epoch  195 | loss 0.1781 | lr 3.33e-04 | 6.4s
epoch  196 | loss 0.1772 | lr 3.32e-04 | 6.4s
epoch  197 | loss 0.1760 | lr 3.30e-04 | 6.4s
epoch  198 | loss 0.1750 | lr 3.29e-04 | 6.3s
epoch  199 | loss 0.1769 | lr 3.27e-04 | 6.4s
epoch  200 | loss 0.1783 | lr 3.26e-04 | 6.4s
epoch  201 | loss 0.1791 | lr 3.24e-04 | 6.4s
epoch  202 | loss 0.1783 | lr 3.23e-04 | 6.4s
epoch  203 | loss 0.1774 | lr 3.21e-04 | 6.3s
epoch  204 | loss 0.1791 | lr 3.20e-04 | 6.5s
epoch  205 | loss 0.1795 | lr 3.18e-04 | 6.4s
epoch  206 | loss 0.1790 | lr 3.17e-04 | 6.3s
epoch  207 | loss 0.1790 | lr 3.15e-04 | 6.3s
epoch  208 | loss 0.1770 | lr 3.14e-04 | 6.4s
epoch  209 | loss 0.1785 | lr 3.12e-04 | 6.4s
epoch  210 | loss 0.1778 | lr 3.11e-04 | 6.4s
epoch  211 | loss 0.1782 | lr 3.09e-04 | 6.3s
epoch  212 | loss 0.1778 | lr 3.08e-04 | 6.3s
epoch  213 | loss 0.1774 | lr 3.06e-04 | 6.4s
epoch  214 | loss 0.1786 | lr 3.05e-04 | 6.3s
epoch  215 | loss 0.1768 | lr 3.03e-04 | 6.4s
epoch  216 | loss 0.1791 | lr 3.01e-04 | 6.3s
epoch  217 | loss 0.1784 | lr 3.00e-04 | 6.4s
epoch  218 | loss 0.1786 | lr 2.98e-04 | 6.3s
epoch  219 | loss 0.1796 | lr 2.97e-04 | 6.3s
epoch  220 | loss 0.1767 | lr 2.95e-04 | 6.3s
epoch  221 | loss 0.1769 | lr 2.94e-04 | 6.5s
epoch  222 | loss 0.1755 | lr 2.92e-04 | 6.4s
epoch  223 | loss 0.1756 | lr 2.91e-04 | 6.4s
epoch  224 | loss 0.1753 | lr 2.89e-04 | 6.5s
epoch  225 | loss 0.1751 | lr 2.88e-04 | 6.4s
epoch  226 | loss 0.1759 | lr 2.86e-04 | 6.4s
epoch  227 | loss 0.1756 | lr 2.84e-04 | 6.5s
epoch  228 | loss 0.1756 | lr 2.83e-04 | 6.3s
epoch  229 | loss 0.1760 | lr 2.81e-04 | 6.4s
epoch  230 | loss 0.1754 | lr 2.80e-04 | 6.3s
epoch  231 | loss 0.1753 | lr 2.78e-04 | 6.3s
epoch  232 | loss 0.1736 | lr 2.77e-04 | 6.2s
epoch  233 | loss 0.1759 | lr 2.75e-04 | 6.4s
epoch  234 | loss 0.1752 | lr 2.74e-04 | 6.6s
epoch  235 | loss 0.1749 | lr 2.72e-04 | 6.5s
epoch  236 | loss 0.1746 | lr 2.70e-04 | 6.4s
epoch  237 | loss 0.1761 | lr 2.69e-04 | 6.4s
epoch  238 | loss 0.1752 | lr 2.67e-04 | 6.4s
epoch  239 | loss 0.1743 | lr 2.66e-04 | 6.3s
epoch  240 | loss 0.1755 | lr 2.64e-04 | 6.3s
epoch  241 | loss 0.1754 | lr 2.63e-04 | 6.3s
epoch  242 | loss 0.1761 | lr 2.61e-04 | 6.4s
epoch  243 | loss 0.1769 | lr 2.59e-04 | 6.5s
epoch  244 | loss 0.1754 | lr 2.58e-04 | 6.4s
epoch  245 | loss 0.1761 | lr 2.56e-04 | 6.3s
epoch  246 | loss 0.1744 | lr 2.55e-04 | 6.4s
epoch  247 | loss 0.1769 | lr 2.53e-04 | 6.3s
epoch  248 | loss 0.1763 | lr 2.52e-04 | 6.3s
epoch  249 | loss 0.1769 | lr 2.50e-04 | 6.3s
epoch  250 | loss 0.1745 | lr 2.48e-04 | 6.3s
epoch  251 | loss 0.1742 | lr 2.47e-04 | 6.4s
epoch  252 | loss 0.1738 | lr 2.45e-04 | 6.4s
epoch  253 | loss 0.1748 | lr 2.44e-04 | 6.6s
epoch  254 | loss 0.1745 | lr 2.42e-04 | 6.4s
epoch  255 | loss 0.1755 | lr 2.41e-04 | 6.4s
epoch  256 | loss 0.1757 | lr 2.39e-04 | 6.4s
epoch  257 | loss 0.1748 | lr 2.37e-04 | 6.9s
epoch  258 | loss 0.1751 | lr 2.36e-04 | 6.4s
epoch  259 | loss 0.1760 | lr 2.34e-04 | 6.4s
epoch  260 | loss 0.1724 | lr 2.33e-04 | 6.5s
epoch  261 | loss 0.1731 | lr 2.31e-04 | 6.4s
epoch  262 | loss 0.1750 | lr 2.30e-04 | 6.5s
epoch  263 | loss 0.1727 | lr 2.28e-04 | 6.5s
epoch  264 | loss 0.1749 | lr 2.26e-04 | 6.2s
epoch  265 | loss 0.1746 | lr 2.25e-04 | 6.2s
epoch  266 | loss 0.1732 | lr 2.23e-04 | 6.1s
epoch  267 | loss 0.1734 | lr 2.22e-04 | 6.3s
epoch  268 | loss 0.1739 | lr 2.20e-04 | 6.2s
epoch  269 | loss 0.1733 | lr 2.19e-04 | 6.3s
epoch  270 | loss 0.1731 | lr 2.17e-04 | 6.5s
epoch  271 | loss 0.1713 | lr 2.16e-04 | 6.5s
epoch  272 | loss 0.1729 | lr 2.14e-04 | 6.4s
epoch  273 | loss 0.1723 | lr 2.12e-04 | 6.4s
epoch  274 | loss 0.1734 | lr 2.11e-04 | 6.5s
epoch  275 | loss 0.1720 | lr 2.09e-04 | 6.4s
epoch  276 | loss 0.1739 | lr 2.08e-04 | 6.5s
epoch  277 | loss 0.1720 | lr 2.06e-04 | 6.4s
epoch  278 | loss 0.1735 | lr 2.05e-04 | 6.3s
epoch  279 | loss 0.1740 | lr 2.03e-04 | 6.3s
epoch  280 | loss 0.1711 | lr 2.02e-04 | 6.3s
epoch  281 | loss 0.1715 | lr 2.00e-04 | 6.4s
epoch  282 | loss 0.1711 | lr 1.99e-04 | 6.3s
epoch  283 | loss 0.1722 | lr 1.97e-04 | 6.4s
epoch  284 | loss 0.1722 | lr 1.95e-04 | 6.3s
epoch  285 | loss 0.1725 | lr 1.94e-04 | 6.4s
epoch  286 | loss 0.1708 | lr 1.92e-04 | 6.3s
epoch  287 | loss 0.1712 | lr 1.91e-04 | 6.3s
epoch  288 | loss 0.1728 | lr 1.89e-04 | 6.3s
epoch  289 | loss 0.1717 | lr 1.88e-04 | 6.4s
epoch  290 | loss 0.1699 | lr 1.86e-04 | 6.3s
epoch  291 | loss 0.1714 | lr 1.85e-04 | 6.4s
epoch  292 | loss 0.1716 | lr 1.83e-04 | 6.4s
epoch  293 | loss 0.1718 | lr 1.82e-04 | 6.3s
epoch  294 | loss 0.1722 | lr 1.80e-04 | 6.3s
epoch  295 | loss 0.1708 | lr 1.79e-04 | 6.3s
epoch  296 | loss 0.1704 | lr 1.77e-04 | 6.4s
epoch  297 | loss 0.1712 | lr 1.76e-04 | 6.4s
epoch  298 | loss 0.1721 | lr 1.74e-04 | 6.4s
epoch  299 | loss 0.1705 | lr 1.73e-04 | 6.6s
epoch  300 | loss 0.1712 | lr 1.71e-04 | 6.4s
epoch  301 | loss 0.1729 | lr 1.70e-04 | 6.4s
epoch  302 | loss 0.1723 | lr 1.68e-04 | 6.3s
epoch  303 | loss 0.1717 | lr 1.67e-04 | 6.3s
epoch  304 | loss 0.1723 | lr 1.65e-04 | 6.3s
epoch  305 | loss 0.1725 | lr 1.64e-04 | 6.3s
epoch  306 | loss 0.1723 | lr 1.62e-04 | 6.3s
epoch  307 | loss 0.1719 | lr 1.61e-04 | 6.2s
epoch  308 | loss 0.1721 | lr 1.59e-04 | 6.4s
epoch  309 | loss 0.1714 | lr 1.58e-04 | 6.4s
epoch  310 | loss 0.1711 | lr 1.57e-04 | 6.5s
epoch  311 | loss 0.1719 | lr 1.55e-04 | 6.4s
epoch  312 | loss 0.1710 | lr 1.54e-04 | 6.4s
epoch  313 | loss 0.1715 | lr 1.52e-04 | 6.4s
epoch  314 | loss 0.1724 | lr 1.51e-04 | 6.2s
epoch  315 | loss 0.1718 | lr 1.49e-04 | 6.4s
epoch  316 | loss 0.1706 | lr 1.48e-04 | 6.3s
epoch  317 | loss 0.1707 | lr 1.46e-04 | 6.4s
epoch  318 | loss 0.1711 | lr 1.45e-04 | 6.5s
epoch  319 | loss 0.1711 | lr 1.44e-04 | 6.4s
epoch  320 | loss 0.1712 | lr 1.42e-04 | 6.3s
epoch  321 | loss 0.1717 | lr 1.41e-04 | 6.4s
epoch  322 | loss 0.1721 | lr 1.39e-04 | 6.4s
epoch  323 | loss 0.1719 | lr 1.38e-04 | 6.3s
epoch  324 | loss 0.1738 | lr 1.37e-04 | 6.4s
epoch  325 | loss 0.1721 | lr 1.35e-04 | 6.3s
epoch  326 | loss 0.1718 | lr 1.34e-04 | 6.3s
epoch  327 | loss 0.1719 | lr 1.32e-04 | 6.4s
epoch  328 | loss 0.1712 | lr 1.31e-04 | 6.4s
epoch  329 | loss 0.1696 | lr 1.30e-04 | 6.5s
epoch  330 | loss 0.1724 | lr 1.28e-04 | 6.4s
epoch  331 | loss 0.1736 | lr 1.27e-04 | 6.3s
epoch  332 | loss 0.1737 | lr 1.25e-04 | 6.2s
epoch  333 | loss 0.1727 | lr 1.24e-04 | 6.4s
epoch  334 | loss 0.1735 | lr 1.23e-04 | 6.5s
epoch  335 | loss 0.1731 | lr 1.21e-04 | 6.5s
epoch  336 | loss 0.1727 | lr 1.20e-04 | 6.4s
epoch  337 | loss 0.1722 | lr 1.19e-04 | 6.4s
epoch  338 | loss 0.1731 | lr 1.17e-04 | 6.5s
epoch  339 | loss 0.1728 | lr 1.16e-04 | 6.3s
epoch  340 | loss 0.1725 | lr 1.15e-04 | 6.3s
epoch  341 | loss 0.1719 | lr 1.13e-04 | 6.2s
epoch  342 | loss 0.1723 | lr 1.12e-04 | 6.3s
epoch  343 | loss 0.1720 | lr 1.11e-04 | 6.2s
epoch  344 | loss 0.1732 | lr 1.09e-04 | 6.3s
epoch  345 | loss 0.1727 | lr 1.08e-04 | 6.3s
epoch  346 | loss 0.1721 | lr 1.07e-04 | 6.6s
epoch  347 | loss 0.1727 | lr 1.06e-04 | 6.4s
epoch  348 | loss 0.1711 | lr 1.04e-04 | 6.5s
epoch  349 | loss 0.1729 | lr 1.03e-04 | 6.4s
epoch  350 | loss 0.1701 | lr 1.02e-04 | 6.3s
epoch  351 | loss 0.1719 | lr 1.01e-04 | 6.4s
epoch  352 | loss 0.1722 | lr 9.93e-05 | 6.3s
epoch  353 | loss 0.1725 | lr 9.80e-05 | 6.4s
epoch  354 | loss 0.1720 | lr 9.68e-05 | 6.4s
epoch  355 | loss 0.1709 | lr 9.55e-05 | 6.4s
epoch  356 | loss 0.1717 | lr 9.43e-05 | 6.4s
epoch  357 | loss 0.1715 | lr 9.31e-05 | 6.5s
epoch  358 | loss 0.1724 | lr 9.19e-05 | 6.5s
epoch  359 | loss 0.1711 | lr 9.06e-05 | 6.4s
epoch  360 | loss 0.1733 | lr 8.94e-05 | 6.4s
epoch  361 | loss 0.1712 | lr 8.82e-05 | 6.3s
epoch  362 | loss 0.1715 | lr 8.70e-05 | 6.3s
epoch  363 | loss 0.1720 | lr 8.59e-05 | 6.4s
epoch  364 | loss 0.1725 | lr 8.47e-05 | 6.2s
epoch  365 | loss 0.1713 | lr 8.35e-05 | 6.4s
epoch  366 | loss 0.1719 | lr 8.23e-05 | 6.3s
epoch  367 | loss 0.1728 | lr 8.12e-05 | 6.5s
epoch  368 | loss 0.1721 | lr 8.00e-05 | 6.4s
epoch  369 | loss 0.1724 | lr 7.89e-05 | 6.4s
epoch  370 | loss 0.1734 | lr 7.77e-05 | 6.3s
epoch  371 | loss 0.1730 | lr 7.66e-05 | 6.4s
epoch  372 | loss 0.1726 | lr 7.55e-05 | 6.5s
epoch  373 | loss 0.1710 | lr 7.43e-05 | 6.4s
epoch  374 | loss 0.1711 | lr 7.32e-05 | 6.4s
epoch  375 | loss 0.1723 | lr 7.21e-05 | 6.5s
epoch  376 | loss 0.1717 | lr 7.10e-05 | 6.5s
epoch  377 | loss 0.1715 | lr 6.99e-05 | 6.4s
epoch  378 | loss 0.1720 | lr 6.88e-05 | 6.3s
epoch  379 | loss 0.1713 | lr 6.78e-05 | 6.3s
epoch  380 | loss 0.1704 | lr 6.67e-05 | 6.3s
epoch  381 | loss 0.1692 | lr 6.56e-05 | 6.3s
epoch  382 | loss 0.1703 | lr 6.46e-05 | 6.2s
epoch  383 | loss 0.1712 | lr 6.35e-05 | 6.4s
epoch  384 | loss 0.1709 | lr 6.25e-05 | 6.4s
epoch  385 | loss 0.1719 | lr 6.14e-05 | 6.5s
epoch  386 | loss 0.1715 | lr 6.04e-05 | 6.5s
epoch  387 | loss 0.1719 | lr 5.94e-05 | 6.4s
epoch  388 | loss 0.1715 | lr 5.84e-05 | 6.5s
epoch  389 | loss 0.1720 | lr 5.74e-05 | 6.3s
epoch  390 | loss 0.1710 | lr 5.64e-05 | 6.4s
epoch  391 | loss 0.1704 | lr 5.54e-05 | 6.3s
epoch  392 | loss 0.1712 | lr 5.44e-05 | 6.4s
epoch  393 | loss 0.1704 | lr 5.34e-05 | 6.4s
epoch  394 | loss 0.1707 | lr 5.25e-05 | 6.4s
epoch  395 | loss 0.1698 | lr 5.15e-05 | 6.4s
epoch  396 | loss 0.1696 | lr 5.06e-05 | 6.4s
epoch  397 | loss 0.1707 | lr 4.96e-05 | 6.4s
epoch  398 | loss 0.1704 | lr 4.87e-05 | 6.3s
epoch  399 | loss 0.1709 | lr 4.77e-05 | 6.3s
epoch  400 | loss 0.1712 | lr 4.68e-05 | 6.4s
epoch  401 | loss 0.1715 | lr 4.59e-05 | 6.3s
epoch  402 | loss 0.1709 | lr 4.50e-05 | 6.4s
epoch  403 | loss 0.1709 | lr 4.41e-05 | 6.4s
epoch  404 | loss 0.1717 | lr 4.32e-05 | 6.4s
epoch  405 | loss 0.1722 | lr 4.24e-05 | 6.9s
epoch  406 | loss 0.1702 | lr 4.15e-05 | 6.4s
epoch  407 | loss 0.1718 | lr 4.06e-05 | 6.2s
epoch  408 | loss 0.1704 | lr 3.98e-05 | 6.3s
epoch  409 | loss 0.1706 | lr 3.89e-05 | 6.5s
epoch  410 | loss 0.1708 | lr 3.81e-05 | 6.7s
epoch  411 | loss 0.1702 | lr 3.73e-05 | 6.4s
epoch  412 | loss 0.1726 | lr 3.64e-05 | 6.5s
epoch  413 | loss 0.1718 | lr 3.56e-05 | 6.4s
epoch  414 | loss 0.1708 | lr 3.48e-05 | 6.4s
epoch  415 | loss 0.1715 | lr 3.40e-05 | 6.3s
epoch  416 | loss 0.1720 | lr 3.32e-05 | 6.2s
epoch  417 | loss 0.1713 | lr 3.25e-05 | 6.3s
epoch  418 | loss 0.1704 | lr 3.17e-05 | 6.2s
epoch  419 | loss 0.1710 | lr 3.09e-05 | 6.3s
epoch  420 | loss 0.1705 | lr 3.02e-05 | 6.2s
epoch  421 | loss 0.1709 | lr 2.94e-05 | 6.4s
epoch  422 | loss 0.1717 | lr 2.87e-05 | 8.5s
epoch  423 | loss 0.1704 | lr 2.80e-05 | 8.8s
epoch  424 | loss 0.1705 | lr 2.72e-05 | 8.5s
epoch  425 | loss 0.1700 | lr 2.65e-05 | 8.8s
epoch  426 | loss 0.1711 | lr 2.58e-05 | 8.6s
epoch  427 | loss 0.1707 | lr 2.51e-05 | 7.1s
epoch  428 | loss 0.1710 | lr 2.45e-05 | 6.4s
epoch  429 | loss 0.1708 | lr 2.38e-05 | 6.4s
epoch  430 | loss 0.1703 | lr 2.31e-05 | 6.4s
epoch  431 | loss 0.1697 | lr 2.25e-05 | 6.5s
epoch  432 | loss 0.1704 | lr 2.18e-05 | 6.4s
epoch  433 | loss 0.1696 | lr 2.12e-05 | 6.4s
epoch  434 | loss 0.1716 | lr 2.06e-05 | 6.3s
epoch  435 | loss 0.1705 | lr 1.99e-05 | 6.4s
epoch  436 | loss 0.1705 | lr 1.93e-05 | 6.3s
epoch  437 | loss 0.1703 | lr 1.87e-05 | 6.3s
epoch  438 | loss 0.1708 | lr 1.81e-05 | 6.4s
epoch  439 | loss 0.1713 | lr 1.76e-05 | 6.3s
epoch  440 | loss 0.1707 | lr 1.70e-05 | 6.3s
epoch  441 | loss 0.1703 | lr 1.64e-05 | 6.3s
epoch  442 | loss 0.1717 | lr 1.59e-05 | 6.4s
epoch  443 | loss 0.1707 | lr 1.53e-05 | 6.4s
epoch  444 | loss 0.1699 | lr 1.48e-05 | 6.4s
epoch  445 | loss 0.1712 | lr 1.43e-05 | 6.6s
epoch  446 | loss 0.1704 | lr 1.37e-05 | 6.4s
epoch  447 | loss 0.1709 | lr 1.32e-05 | 6.4s
epoch  448 | loss 0.1700 | lr 1.27e-05 | 6.4s
epoch  449 | loss 0.1701 | lr 1.22e-05 | 6.4s
epoch  450 | loss 0.1704 | lr 1.18e-05 | 6.4s
epoch  451 | loss 0.1716 | lr 1.13e-05 | 6.4s
epoch  452 | loss 0.1721 | lr 1.08e-05 | 6.3s
epoch  453 | loss 0.1716 | lr 1.04e-05 | 6.3s
epoch  454 | loss 0.1704 | lr 9.93e-06 | 6.3s
epoch  455 | loss 0.1703 | lr 9.49e-06 | 6.3s
epoch  456 | loss 0.1711 | lr 9.07e-06 | 6.3s
epoch  457 | loss 0.1712 | lr 8.65e-06 | 6.5s
epoch  458 | loss 0.1709 | lr 8.25e-06 | 6.5s
epoch  459 | loss 0.1702 | lr 7.85e-06 | 6.4s
epoch  460 | loss 0.1722 | lr 7.47e-06 | 6.6s
epoch  461 | loss 0.1726 | lr 7.09e-06 | 6.4s
epoch  462 | loss 0.1716 | lr 6.73e-06 | 6.4s
epoch  463 | loss 0.1720 | lr 6.37e-06 | 6.4s
epoch  464 | loss 0.1712 | lr 6.02e-06 | 6.4s
epoch  465 | loss 0.1707 | lr 5.68e-06 | 6.6s
epoch  466 | loss 0.1717 | lr 5.35e-06 | 6.3s
epoch  467 | loss 0.1714 | lr 5.04e-06 | 6.4s
epoch  468 | loss 0.1719 | lr 4.73e-06 | 6.4s
epoch  469 | loss 0.1720 | lr 4.43e-06 | 7.2s
epoch  470 | loss 0.1716 | lr 4.14e-06 | 6.4s
epoch  471 | loss 0.1725 | lr 3.86e-06 | 6.3s
epoch  472 | loss 0.1713 | lr 3.59e-06 | 6.3s
epoch  473 | loss 0.1719 | lr 3.33e-06 | 6.3s
epoch  474 | loss 0.1708 | lr 3.08e-06 | 6.4s
epoch  475 | loss 0.1727 | lr 2.84e-06 | 6.4s
epoch  476 | loss 0.1714 | lr 2.61e-06 | 6.6s
epoch  477 | loss 0.1719 | lr 2.38e-06 | 6.5s
epoch  478 | loss 0.1714 | lr 2.17e-06 | 6.4s
epoch  479 | loss 0.1702 | lr 1.97e-06 | 6.6s
epoch  480 | loss 0.1711 | lr 1.78e-06 | 6.4s
epoch  481 | loss 0.1714 | lr 1.60e-06 | 6.5s
epoch  482 | loss 0.1716 | lr 1.42e-06 | 6.6s
epoch  483 | loss 0.1705 | lr 1.26e-06 | 6.9s
epoch  484 | loss 0.1708 | lr 1.11e-06 | 7.0s
epoch  485 | loss 0.1708 | lr 9.67e-07 | 6.6s
epoch  486 | loss 0.1715 | lr 8.34e-07 | 6.5s
epoch  487 | loss 0.1723 | lr 7.10e-07 | 6.5s
epoch  488 | loss 0.1712 | lr 5.97e-07 | 6.7s
epoch  489 | loss 0.1709 | lr 4.93e-07 | 6.2s
epoch  490 | loss 0.1718 | lr 4.00e-07 | 6.2s
epoch  491 | loss 0.1708 | lr 3.16e-07 | 6.2s
epoch  492 | loss 0.1716 | lr 2.42e-07 | 6.3s
epoch  493 | loss 0.1724 | lr 1.78e-07 | 6.3s
epoch  494 | loss 0.1715 | lr 1.23e-07 | 6.5s
epoch  495 | loss 0.1710 | lr 7.90e-08 | 6.3s
epoch  496 | loss 0.1710 | lr 4.44e-08 | 6.4s
epoch  497 | loss 0.1713 | lr 1.97e-08 | 6.4s
epoch  498 | loss 0.1716 | lr 4.93e-09 | 6.4s
epoch  499 | loss 0.1693 | lr 0.00e+00 | 6.4s
final loss: 0.1693
