model params: 4,585,349
device: cuda
training: {'n_epochs': 200, 'samples_per_epoch': 1000000, 'batch_size': 4096, 'k_max': 30, 'lr': 0.001, 'weight_decay': 0.0, 'checkpoint_every_epochs': 20, 'device': 'cuda', 'seed': 0}
epoch    0 | loss 31.4856 | lr 1.00e-03 | 4.1s
epoch    1 | loss 18.5420 | lr 1.00e-03 | 3.4s
epoch    2 | loss 17.4400 | lr 9.99e-04 | 3.2s
epoch    3 | loss 17.1006 | lr 9.99e-04 | 3.1s
epoch    4 | loss 16.6967 | lr 9.98e-04 | 3.2s
epoch    5 | loss 16.4617 | lr 9.98e-04 | 3.3s
epoch    6 | loss 16.2906 | lr 9.97e-04 | 3.1s
epoch    7 | loss 16.1948 | lr 9.96e-04 | 3.0s
epoch    8 | loss 15.9987 | lr 9.95e-04 | 3.1s
epoch    9 | loss 15.9856 | lr 9.94e-04 | 3.3s
epoch   10 | loss 15.9392 | lr 9.93e-04 | 3.2s
epoch   11 | loss 15.8909 | lr 9.91e-04 | 3.1s
epoch   12 | loss 15.8112 | lr 9.90e-04 | 3.1s
epoch   13 | loss 15.7350 | lr 9.88e-04 | 3.1s
epoch   14 | loss 15.7525 | lr 9.86e-04 | 3.1s
epoch   15 | loss 15.7530 | lr 9.84e-04 | 3.1s
epoch   16 | loss 15.6551 | lr 9.82e-04 | 3.1s
epoch   17 | loss 15.5867 | lr 9.80e-04 | 3.1s
epoch   18 | loss 15.6007 | lr 9.78e-04 | 3.1s
epoch   19 | loss 15.6042 | lr 9.76e-04 | 3.2s
epoch   20 | loss 15.5631 | lr 9.73e-04 | 3.3s
epoch   21 | loss 15.4464 | lr 9.70e-04 | 3.2s
epoch   22 | loss 15.5195 | lr 9.68e-04 | 3.1s
epoch   23 | loss 15.4600 | lr 9.65e-04 | 3.3s
epoch   24 | loss 15.4877 | lr 9.62e-04 | 3.2s
epoch   25 | loss 15.4542 | lr 9.59e-04 | 3.1s
epoch   26 | loss 15.3218 | lr 9.56e-04 | 3.1s
epoch   27 | loss 15.3267 | lr 9.52e-04 | 3.0s
epoch   28 | loss 15.3642 | lr 9.49e-04 | 3.0s
epoch   29 | loss 15.4759 | lr 9.46e-04 | 3.1s
epoch   30 | loss 15.3564 | lr 9.42e-04 | 3.2s
epoch   31 | loss 15.3555 | lr 9.38e-04 | 3.1s
epoch   32 | loss 15.3383 | lr 9.34e-04 | 3.0s
epoch   33 | loss 15.2408 | lr 9.30e-04 | 3.1s
epoch   34 | loss 15.2793 | lr 9.26e-04 | 3.1s
epoch   35 | loss 15.2704 | lr 9.22e-04 | 3.1s
epoch   36 | loss 15.2434 | lr 9.18e-04 | 3.2s
epoch   37 | loss 15.2693 | lr 9.14e-04 | 3.1s
epoch   38 | loss 15.2253 | lr 9.09e-04 | 3.2s
epoch   39 | loss 15.1828 | lr 9.05e-04 | 3.8s
epoch   40 | loss 15.2134 | lr 9.00e-04 | 4.0s
epoch   41 | loss 15.2384 | lr 8.95e-04 | 4.1s
epoch   42 | loss 15.1577 | lr 8.90e-04 | 4.0s
epoch   43 | loss 15.2424 | lr 8.85e-04 | 4.3s
epoch   44 | loss 15.1034 | lr 8.80e-04 | 4.1s
epoch   45 | loss 15.1251 | lr 8.75e-04 | 4.4s
epoch   46 | loss 15.1027 | lr 8.70e-04 | 4.2s
epoch   47 | loss 15.2099 | lr 8.64e-04 | 4.1s
epoch   48 | loss 15.1364 | lr 8.59e-04 | 4.7s
epoch   49 | loss 15.0951 | lr 8.54e-04 | 4.6s
epoch   50 | loss 15.0483 | lr 8.48e-04 | 5.0s
epoch   51 | loss 15.1238 | lr 8.42e-04 | 4.1s
epoch   52 | loss 15.0710 | lr 8.37e-04 | 4.9s
epoch   53 | loss 15.0786 | lr 8.31e-04 | 4.8s
epoch   54 | loss 15.0510 | lr 8.25e-04 | 4.5s
epoch   55 | loss 15.0291 | lr 8.19e-04 | 4.4s
epoch   56 | loss 15.0118 | lr 8.13e-04 | 4.5s
epoch   57 | loss 14.8791 | lr 8.06e-04 | 4.0s
epoch   58 | loss 15.0281 | lr 8.00e-04 | 4.2s
epoch   59 | loss 14.9470 | lr 7.94e-04 | 4.2s
epoch   60 | loss 14.9385 | lr 7.88e-04 | 4.4s
epoch   61 | loss 14.9998 | lr 7.81e-04 | 4.3s
epoch   62 | loss 14.9579 | lr 7.75e-04 | 4.2s
epoch   63 | loss 14.9794 | lr 7.68e-04 | 4.0s
epoch   64 | loss 14.9832 | lr 7.61e-04 | 4.4s
epoch   65 | loss 14.8810 | lr 7.55e-04 | 4.0s
epoch   66 | loss 14.9400 | lr 7.48e-04 | 4.2s
epoch   67 | loss 14.9670 | lr 7.41e-04 | 4.6s
epoch   68 | loss 14.9641 | lr 7.34e-04 | 4.5s
epoch   69 | loss 15.0577 | lr 7.27e-04 | 4.3s
epoch   70 | loss 14.8936 | lr 7.20e-04 | 3.4s
epoch   71 | loss 14.8744 | lr 7.13e-04 | 3.6s
epoch   72 | loss 14.9320 | lr 7.06e-04 | 3.4s
epoch   73 | loss 14.9703 | lr 6.99e-04 | 3.5s
epoch   74 | loss 14.8729 | lr 6.91e-04 | 3.5s
epoch   75 | loss 14.8289 | lr 6.84e-04 | 3.3s
epoch   76 | loss 14.8833 | lr 6.77e-04 | 3.3s
epoch   77 | loss 14.7843 | lr 6.69e-04 | 3.3s
epoch   78 | loss 14.8459 | lr 6.62e-04 | 3.3s
epoch   79 | loss 14.8280 | lr 6.55e-04 | 3.5s
epoch   80 | loss 14.7970 | lr 6.47e-04 | 4.5s
epoch   81 | loss 14.8462 | lr 6.39e-04 | 5.0s
epoch   82 | loss 14.8587 | lr 6.32e-04 | 4.9s
epoch   83 | loss 14.8185 | lr 6.24e-04 | 4.6s
epoch   84 | loss 14.7155 | lr 6.17e-04 | 3.9s
epoch   85 | loss 14.7773 | lr 6.09e-04 | 3.7s
epoch   86 | loss 14.8174 | lr 6.01e-04 | 3.5s
epoch   87 | loss 14.8312 | lr 5.94e-04 | 3.6s
epoch   88 | loss 14.8013 | lr 5.86e-04 | 3.6s
epoch   89 | loss 14.7487 | lr 5.78e-04 | 4.7s
epoch   90 | loss 14.6819 | lr 5.70e-04 | 3.7s
epoch   91 | loss 14.7090 | lr 5.63e-04 | 3.3s
epoch   92 | loss 14.7213 | lr 5.55e-04 | 3.3s
epoch   93 | loss 14.8286 | lr 5.47e-04 | 3.3s
epoch   94 | loss 14.7590 | lr 5.39e-04 | 3.3s
epoch   95 | loss 14.7025 | lr 5.31e-04 | 3.6s
epoch   96 | loss 14.7580 | lr 5.24e-04 | 3.5s
epoch   97 | loss 14.7976 | lr 5.16e-04 | 3.8s
epoch   98 | loss 14.7204 | lr 5.08e-04 | 3.4s
epoch   99 | loss 14.7472 | lr 5.00e-04 | 3.3s
epoch  100 | loss 14.6998 | lr 4.92e-04 | 3.7s
epoch  101 | loss 14.7146 | lr 4.84e-04 | 3.5s
epoch  102 | loss 14.7095 | lr 4.76e-04 | 3.3s
epoch  103 | loss 14.6234 | lr 4.69e-04 | 3.3s
epoch  104 | loss 14.6482 | lr 4.61e-04 | 3.4s
epoch  105 | loss 14.6409 | lr 4.53e-04 | 3.3s
epoch  106 | loss 14.6827 | lr 4.45e-04 | 3.3s
epoch  107 | loss 14.5869 | lr 4.37e-04 | 3.3s
epoch  108 | loss 14.6877 | lr 4.30e-04 | 3.3s
epoch  109 | loss 14.6797 | lr 4.22e-04 | 3.3s
epoch  110 | loss 14.7256 | lr 4.14e-04 | 3.3s
epoch  111 | loss 14.6081 | lr 4.06e-04 | 3.3s
epoch  112 | loss 14.6232 | lr 3.99e-04 | 3.3s
epoch  113 | loss 14.6302 | lr 3.91e-04 | 3.4s
epoch  114 | loss 14.5806 | lr 3.83e-04 | 3.3s
epoch  115 | loss 14.6765 | lr 3.76e-04 | 3.3s
epoch  116 | loss 14.5919 | lr 3.68e-04 | 3.3s
epoch  117 | loss 14.5240 | lr 3.61e-04 | 3.3s
epoch  118 | loss 14.6775 | lr 3.53e-04 | 3.4s
epoch  119 | loss 14.5492 | lr 3.45e-04 | 3.5s
epoch  120 | loss 14.6498 | lr 3.38e-04 | 3.5s
epoch  121 | loss 14.6021 | lr 3.31e-04 | 3.3s
epoch  122 | loss 14.5963 | lr 3.23e-04 | 3.3s
epoch  123 | loss 14.5409 | lr 3.16e-04 | 3.5s
epoch  124 | loss 14.5392 | lr 3.09e-04 | 3.3s
epoch  125 | loss 14.5366 | lr 3.01e-04 | 3.3s
epoch  126 | loss 14.5502 | lr 2.94e-04 | 3.3s
epoch  127 | loss 14.5350 | lr 2.87e-04 | 3.3s
epoch  128 | loss 14.5478 | lr 2.80e-04 | 3.4s
epoch  129 | loss 14.5572 | lr 2.73e-04 | 3.3s
epoch  130 | loss 14.5620 | lr 2.66e-04 | 3.4s
epoch  131 | loss 14.6407 | lr 2.59e-04 | 3.3s
epoch  132 | loss 14.5367 | lr 2.52e-04 | 3.3s
epoch  133 | loss 14.5339 | lr 2.45e-04 | 4.2s
epoch  134 | loss 14.4939 | lr 2.39e-04 | 5.1s
epoch  135 | loss 14.5735 | lr 2.32e-04 | 4.5s
epoch  136 | loss 14.5092 | lr 2.25e-04 | 4.6s
epoch  137 | loss 14.5721 | lr 2.19e-04 | 4.2s
epoch  138 | loss 14.4500 | lr 2.12e-04 | 4.3s
epoch  139 | loss 14.5656 | lr 2.06e-04 | 4.3s
epoch  140 | loss 14.4435 | lr 2.00e-04 | 4.4s
epoch  141 | loss 14.5503 | lr 1.94e-04 | 3.9s
epoch  142 | loss 14.4987 | lr 1.87e-04 | 4.4s
epoch  143 | loss 14.4554 | lr 1.81e-04 | 4.7s
epoch  144 | loss 14.5220 | lr 1.75e-04 | 4.5s
epoch  145 | loss 14.5433 | lr 1.69e-04 | 4.9s
epoch  146 | loss 14.3975 | lr 1.63e-04 | 4.8s
epoch  147 | loss 14.4883 | lr 1.58e-04 | 4.9s
epoch  148 | loss 14.5371 | lr 1.52e-04 | 4.8s
epoch  149 | loss 14.4820 | lr 1.46e-04 | 5.0s
epoch  150 | loss 14.5482 | lr 1.41e-04 | 5.0s
epoch  151 | loss 14.4362 | lr 1.36e-04 | 4.9s
epoch  152 | loss 14.5065 | lr 1.30e-04 | 4.8s
epoch  153 | loss 14.5763 | lr 1.25e-04 | 4.8s
epoch  154 | loss 14.3993 | lr 1.20e-04 | 4.8s
epoch  155 | loss 14.4765 | lr 1.15e-04 | 4.9s
epoch  156 | loss 14.4099 | lr 1.10e-04 | 4.7s
epoch  157 | loss 14.3897 | lr 1.05e-04 | 4.8s
epoch  158 | loss 14.5153 | lr 1.00e-04 | 4.7s
epoch  159 | loss 14.3939 | lr 9.55e-05 | 4.8s
epoch  160 | loss 14.4475 | lr 9.09e-05 | 4.9s
epoch  161 | loss 14.4668 | lr 8.65e-05 | 5.1s
epoch  162 | loss 14.4702 | lr 8.21e-05 | 4.8s
epoch  163 | loss 14.4811 | lr 7.78e-05 | 4.7s
epoch  164 | loss 14.5472 | lr 7.37e-05 | 4.8s
epoch  165 | loss 14.5372 | lr 6.96e-05 | 4.9s
epoch  166 | loss 14.4559 | lr 6.57e-05 | 5.0s
epoch  167 | loss 14.4493 | lr 6.18e-05 | 5.1s
epoch  168 | loss 14.3694 | lr 5.81e-05 | 5.0s
epoch  169 | loss 14.4438 | lr 5.45e-05 | 5.0s
epoch  170 | loss 14.3946 | lr 5.10e-05 | 4.9s
epoch  171 | loss 14.3760 | lr 4.76e-05 | 4.8s
epoch  172 | loss 14.4326 | lr 4.43e-05 | 4.9s
epoch  173 | loss 14.4443 | lr 4.11e-05 | 5.0s
epoch  174 | loss 14.4570 | lr 3.81e-05 | 5.0s
epoch  175 | loss 14.4283 | lr 3.51e-05 | 5.0s
epoch  176 | loss 14.5004 | lr 3.23e-05 | 5.0s
epoch  177 | loss 14.4724 | lr 2.96e-05 | 5.0s
epoch  178 | loss 14.3727 | lr 2.70e-05 | 5.0s
epoch  179 | loss 14.3604 | lr 2.45e-05 | 5.0s
epoch  180 | loss 14.4941 | lr 2.21e-05 | 4.8s
epoch  181 | loss 14.4358 | lr 1.99e-05 | 4.8s
epoch  182 | loss 14.3346 | lr 1.77e-05 | 4.1s
epoch  183 | loss 14.4740 | lr 1.57e-05 | 3.8s
epoch  184 | loss 14.4054 | lr 1.38e-05 | 3.5s
epoch  185 | loss 14.4920 | lr 1.20e-05 | 3.3s
epoch  186 | loss 14.4405 | lr 1.04e-05 | 3.4s
epoch  187 | loss 14.4738 | lr 8.86e-06 | 3.3s
epoch  188 | loss 14.4017 | lr 7.45e-06 | 3.3s
epoch  189 | loss 14.4301 | lr 6.16e-06 | 3.8s
epoch  190 | loss 14.4866 | lr 4.99e-06 | 3.4s
epoch  191 | loss 14.4772 | lr 3.94e-06 | 3.3s
epoch  192 | loss 14.4646 | lr 3.02e-06 | 3.3s
epoch  193 | loss 14.5163 | lr 2.22e-06 | 3.3s
epoch  194 | loss 14.4414 | lr 1.54e-06 | 3.3s
epoch  195 | loss 14.4881 | lr 9.87e-07 | 3.3s
epoch  196 | loss 14.4108 | lr 5.55e-07 | 3.3s
epoch  197 | loss 14.4512 | lr 2.47e-07 | 3.3s
epoch  198 | loss 14.4581 | lr 6.17e-08 | 3.3s
epoch  199 | loss 14.3989 | lr 0.00e+00 | 3.3s
final loss: 14.3989
