model params: 4,585,349
device: cuda
training: {'n_epochs': 500, 'samples_per_epoch': 1000000, 'batch_size': 16384, 'k_max': 30, 'lr': 0.002, 'weight_decay': 0.0, 'checkpoint_every_epochs': 100, 'n_back': 1, 'loss': 'mse', 'amp': True, 'compile_model': True, 'fused_optimizer': True, 'device': 'cuda', 'seed': 1}
epoch    0 | loss 59.0303 | lr 2.00e-03 | 33.8s
epoch    1 | loss 33.8503 | lr 2.00e-03 | 1.6s
epoch    2 | loss 21.7335 | lr 2.00e-03 | 1.4s
epoch    3 | loss 19.4998 | lr 2.00e-03 | 1.4s
epoch    4 | loss 18.7474 | lr 2.00e-03 | 1.4s
epoch    5 | loss 18.0587 | lr 2.00e-03 | 1.4s
epoch    6 | loss 17.6403 | lr 2.00e-03 | 1.5s
epoch    7 | loss 17.3985 | lr 2.00e-03 | 1.5s
epoch    8 | loss 17.1212 | lr 2.00e-03 | 1.5s
epoch    9 | loss 16.9727 | lr 2.00e-03 | 1.4s
epoch   10 | loss 16.8361 | lr 2.00e-03 | 1.4s
epoch   11 | loss 16.7148 | lr 2.00e-03 | 1.3s
epoch   12 | loss 16.6955 | lr 2.00e-03 | 1.4s
epoch   13 | loss 16.6690 | lr 2.00e-03 | 1.5s
epoch   14 | loss 16.4976 | lr 2.00e-03 | 1.5s
epoch   15 | loss 16.4394 | lr 1.99e-03 | 1.5s
epoch   16 | loss 16.3705 | lr 1.99e-03 | 1.6s
epoch   17 | loss 16.2587 | lr 1.99e-03 | 1.6s
epoch   18 | loss 16.3325 | lr 1.99e-03 | 1.4s
epoch   19 | loss 16.3347 | lr 1.99e-03 | 1.4s
epoch   20 | loss 16.1373 | lr 1.99e-03 | 1.4s
epoch   21 | loss 16.1214 | lr 1.99e-03 | 1.4s
epoch   22 | loss 16.0104 | lr 1.99e-03 | 1.4s
epoch   23 | loss 15.9764 | lr 1.99e-03 | 1.4s
epoch   24 | loss 16.0592 | lr 1.99e-03 | 1.4s
epoch   25 | loss 15.9126 | lr 1.99e-03 | 1.4s
epoch   26 | loss 15.9997 | lr 1.99e-03 | 1.4s
epoch   27 | loss 15.9330 | lr 1.98e-03 | 1.4s
epoch   28 | loss 15.7598 | lr 1.98e-03 | 1.3s
epoch   29 | loss 15.7262 | lr 1.98e-03 | 1.3s
epoch   30 | loss 15.8600 | lr 1.98e-03 | 1.4s
epoch   31 | loss 15.8626 | lr 1.98e-03 | 1.4s
epoch   32 | loss 15.7128 | lr 1.98e-03 | 1.4s
epoch   33 | loss 15.7622 | lr 1.98e-03 | 1.4s
epoch   34 | loss 15.6986 | lr 1.98e-03 | 1.4s
epoch   35 | loss 15.7723 | lr 1.97e-03 | 1.4s
epoch   36 | loss 15.7409 | lr 1.97e-03 | 1.4s
epoch   37 | loss 15.6997 | lr 1.97e-03 | 1.4s
epoch   38 | loss 15.6690 | lr 1.97e-03 | 1.5s
epoch   39 | loss 15.7289 | lr 1.97e-03 | 1.4s
epoch   40 | loss 15.5602 | lr 1.97e-03 | 1.4s
epoch   41 | loss 15.5997 | lr 1.97e-03 | 1.4s
epoch   42 | loss 15.7188 | lr 1.96e-03 | 1.3s
epoch   43 | loss 15.5453 | lr 1.96e-03 | 1.4s
epoch   44 | loss 15.5624 | lr 1.96e-03 | 1.4s
epoch   45 | loss 15.5262 | lr 1.96e-03 | 1.4s
epoch   46 | loss 15.6433 | lr 1.96e-03 | 1.4s
epoch   47 | loss 15.5504 | lr 1.95e-03 | 1.4s
epoch   48 | loss 15.5569 | lr 1.95e-03 | 1.6s
epoch   49 | loss 15.5142 | lr 1.95e-03 | 1.4s
epoch   50 | loss 15.5361 | lr 1.95e-03 | 1.4s
epoch   51 | loss 15.5576 | lr 1.95e-03 | 1.4s
epoch   52 | loss 15.6071 | lr 1.95e-03 | 1.3s
epoch   53 | loss 15.4615 | lr 1.94e-03 | 1.3s
epoch   54 | loss 15.4588 | lr 1.94e-03 | 1.5s
epoch   55 | loss 15.4536 | lr 1.94e-03 | 1.4s
epoch   56 | loss 15.4283 | lr 1.94e-03 | 1.3s
epoch   57 | loss 15.4712 | lr 1.93e-03 | 1.3s
epoch   58 | loss 15.4878 | lr 1.93e-03 | 1.3s
epoch   59 | loss 15.4837 | lr 1.93e-03 | 1.3s
epoch   60 | loss 15.4989 | lr 1.93e-03 | 1.3s
epoch   61 | loss 15.3888 | lr 1.93e-03 | 1.3s
epoch   62 | loss 15.4407 | lr 1.92e-03 | 1.3s
epoch   63 | loss 15.4466 | lr 1.92e-03 | 1.3s
epoch   64 | loss 15.4859 | lr 1.92e-03 | 1.3s
epoch   65 | loss 15.3814 | lr 1.92e-03 | 1.3s
epoch   66 | loss 15.4260 | lr 1.91e-03 | 1.3s
epoch   67 | loss 15.2576 | lr 1.91e-03 | 1.3s
epoch   68 | loss 15.5032 | lr 1.91e-03 | 1.3s
epoch   69 | loss 15.3711 | lr 1.90e-03 | 1.3s
epoch   70 | loss 15.3407 | lr 1.90e-03 | 1.4s
epoch   71 | loss 15.4093 | lr 1.90e-03 | 1.5s
epoch   72 | loss 15.2671 | lr 1.90e-03 | 1.4s
epoch   73 | loss 15.2937 | lr 1.89e-03 | 1.3s
epoch   74 | loss 15.2425 | lr 1.89e-03 | 1.3s
epoch   75 | loss 15.3072 | lr 1.89e-03 | 1.3s
epoch   76 | loss 15.2573 | lr 1.89e-03 | 1.4s
epoch   77 | loss 15.3339 | lr 1.88e-03 | 1.4s
epoch   78 | loss 15.2720 | lr 1.88e-03 | 1.3s
epoch   79 | loss 15.2198 | lr 1.88e-03 | 1.3s
epoch   80 | loss 15.2777 | lr 1.87e-03 | 1.3s
epoch   81 | loss 15.2402 | lr 1.87e-03 | 1.5s
epoch   82 | loss 15.2694 | lr 1.87e-03 | 1.5s
epoch   83 | loss 15.1427 | lr 1.86e-03 | 1.4s
epoch   84 | loss 15.2758 | lr 1.86e-03 | 1.3s
epoch   85 | loss 15.2840 | lr 1.86e-03 | 1.4s
epoch   86 | loss 15.2457 | lr 1.85e-03 | 1.6s
epoch   87 | loss 15.2158 | lr 1.85e-03 | 1.4s
epoch   88 | loss 15.1360 | lr 1.85e-03 | 1.4s
epoch   89 | loss 15.0885 | lr 1.84e-03 | 1.4s
epoch   90 | loss 15.1764 | lr 1.84e-03 | 1.4s
epoch   91 | loss 15.1546 | lr 1.84e-03 | 1.4s
epoch   92 | loss 15.2785 | lr 1.83e-03 | 1.5s
epoch   93 | loss 15.2042 | lr 1.83e-03 | 1.5s
epoch   94 | loss 15.1516 | lr 1.83e-03 | 1.4s
epoch   95 | loss 15.1429 | lr 1.82e-03 | 1.3s
epoch   96 | loss 15.2294 | lr 1.82e-03 | 1.3s
epoch   97 | loss 15.0832 | lr 1.82e-03 | 1.5s
epoch   98 | loss 15.1731 | lr 1.81e-03 | 1.5s
epoch   99 | loss 15.1978 | lr 1.81e-03 | 1.4s
epoch  100 | loss 15.1799 | lr 1.81e-03 | 1.3s
epoch  101 | loss 15.1637 | lr 1.80e-03 | 1.5s
epoch  102 | loss 15.0308 | lr 1.80e-03 | 1.5s
epoch  103 | loss 15.1707 | lr 1.79e-03 | 1.4s
epoch  104 | loss 15.1079 | lr 1.79e-03 | 1.4s
epoch  105 | loss 15.1417 | lr 1.79e-03 | 1.4s
epoch  106 | loss 15.0824 | lr 1.78e-03 | 1.3s
epoch  107 | loss 15.1603 | lr 1.78e-03 | 1.3s
epoch  108 | loss 15.1220 | lr 1.77e-03 | 1.3s
epoch  109 | loss 15.1686 | lr 1.77e-03 | 1.3s
epoch  110 | loss 15.0562 | lr 1.77e-03 | 1.3s
epoch  111 | loss 15.0212 | lr 1.76e-03 | 1.3s
epoch  112 | loss 15.0826 | lr 1.76e-03 | 1.3s
epoch  113 | loss 15.0558 | lr 1.75e-03 | 1.3s
epoch  114 | loss 15.1426 | lr 1.75e-03 | 1.4s
epoch  115 | loss 15.0430 | lr 1.75e-03 | 1.4s
epoch  116 | loss 15.0298 | lr 1.74e-03 | 1.3s
epoch  117 | loss 15.1578 | lr 1.74e-03 | 1.4s
epoch  118 | loss 15.1188 | lr 1.73e-03 | 1.4s
epoch  119 | loss 15.1316 | lr 1.73e-03 | 1.3s
epoch  120 | loss 15.0090 | lr 1.72e-03 | 1.4s
epoch  121 | loss 15.0057 | lr 1.72e-03 | 1.4s
epoch  122 | loss 14.9654 | lr 1.72e-03 | 1.3s
epoch  123 | loss 15.0143 | lr 1.71e-03 | 1.3s
epoch  124 | loss 15.0289 | lr 1.71e-03 | 1.4s
epoch  125 | loss 15.0086 | lr 1.70e-03 | 1.5s
epoch  126 | loss 14.9631 | lr 1.70e-03 | 1.5s
epoch  127 | loss 14.9810 | lr 1.69e-03 | 1.4s
epoch  128 | loss 14.9993 | lr 1.69e-03 | 1.4s
epoch  129 | loss 14.9695 | lr 1.68e-03 | 1.5s
epoch  130 | loss 15.0725 | lr 1.68e-03 | 1.4s
epoch  131 | loss 14.9489 | lr 1.68e-03 | 1.5s
epoch  132 | loss 14.9651 | lr 1.67e-03 | 1.4s
epoch  133 | loss 14.9555 | lr 1.67e-03 | 1.4s
epoch  134 | loss 15.0169 | lr 1.66e-03 | 1.4s
epoch  135 | loss 14.9275 | lr 1.66e-03 | 1.4s
epoch  136 | loss 15.0044 | lr 1.65e-03 | 1.5s
epoch  137 | loss 14.8912 | lr 1.65e-03 | 1.4s
epoch  138 | loss 14.9902 | lr 1.64e-03 | 1.4s
epoch  139 | loss 14.8635 | lr 1.64e-03 | 1.4s
epoch  140 | loss 14.9737 | lr 1.63e-03 | 1.5s
epoch  141 | loss 15.0086 | lr 1.63e-03 | 1.4s
epoch  142 | loss 14.8507 | lr 1.62e-03 | 1.4s
epoch  143 | loss 14.9929 | lr 1.62e-03 | 1.3s
epoch  144 | loss 14.9915 | lr 1.61e-03 | 1.3s
epoch  145 | loss 14.8673 | lr 1.61e-03 | 1.3s
epoch  146 | loss 14.9419 | lr 1.60e-03 | 1.3s
epoch  147 | loss 14.9322 | lr 1.60e-03 | 1.3s
epoch  148 | loss 14.8527 | lr 1.59e-03 | 1.3s
epoch  149 | loss 15.0332 | lr 1.59e-03 | 1.3s
epoch  150 | loss 14.9112 | lr 1.58e-03 | 1.3s
epoch  151 | loss 14.9552 | lr 1.58e-03 | 1.3s
epoch  152 | loss 14.9818 | lr 1.57e-03 | 1.3s
epoch  153 | loss 14.7852 | lr 1.57e-03 | 1.3s
epoch  154 | loss 14.9185 | lr 1.56e-03 | 1.3s
epoch  155 | loss 14.7958 | lr 1.56e-03 | 1.3s
epoch  156 | loss 14.7769 | lr 1.55e-03 | 1.3s
epoch  157 | loss 14.9225 | lr 1.55e-03 | 1.3s
epoch  158 | loss 14.8205 | lr 1.54e-03 | 1.3s
epoch  159 | loss 14.8289 | lr 1.54e-03 | 1.3s
epoch  160 | loss 14.8896 | lr 1.53e-03 | 1.3s
epoch  161 | loss 14.8213 | lr 1.53e-03 | 1.3s
epoch  162 | loss 14.8515 | lr 1.52e-03 | 1.3s
epoch  163 | loss 14.9085 | lr 1.51e-03 | 1.3s
epoch  164 | loss 14.9530 | lr 1.51e-03 | 1.3s
epoch  165 | loss 14.8959 | lr 1.50e-03 | 1.3s
epoch  166 | loss 14.7893 | lr 1.50e-03 | 1.3s
epoch  167 | loss 14.7440 | lr 1.49e-03 | 1.3s
epoch  168 | loss 14.7876 | lr 1.49e-03 | 1.3s
epoch  169 | loss 14.7263 | lr 1.48e-03 | 1.3s
epoch  170 | loss 14.7205 | lr 1.48e-03 | 1.3s
epoch  171 | loss 14.8095 | lr 1.47e-03 | 1.3s
epoch  172 | loss 14.8050 | lr 1.47e-03 | 1.3s
epoch  173 | loss 14.8006 | lr 1.46e-03 | 1.3s
epoch  174 | loss 14.7508 | lr 1.45e-03 | 1.3s
epoch  175 | loss 14.8279 | lr 1.45e-03 | 1.3s
epoch  176 | loss 14.8046 | lr 1.44e-03 | 1.3s
epoch  177 | loss 14.7108 | lr 1.44e-03 | 1.3s
epoch  178 | loss 14.8269 | lr 1.43e-03 | 1.3s
epoch  179 | loss 14.7761 | lr 1.43e-03 | 1.3s
epoch  180 | loss 14.7464 | lr 1.42e-03 | 1.3s
epoch  181 | loss 14.7086 | lr 1.41e-03 | 1.3s
epoch  182 | loss 14.7336 | lr 1.41e-03 | 1.3s
epoch  183 | loss 14.7078 | lr 1.40e-03 | 1.3s
epoch  184 | loss 14.7843 | lr 1.40e-03 | 1.3s
epoch  185 | loss 14.7481 | lr 1.39e-03 | 1.3s
epoch  186 | loss 14.7359 | lr 1.39e-03 | 1.3s
epoch  187 | loss 14.6231 | lr 1.38e-03 | 1.3s
epoch  188 | loss 14.7008 | lr 1.37e-03 | 1.3s
epoch  189 | loss 14.7610 | lr 1.37e-03 | 1.3s
epoch  190 | loss 14.7687 | lr 1.36e-03 | 1.3s
epoch  191 | loss 14.8053 | lr 1.36e-03 | 1.3s
epoch  192 | loss 14.7781 | lr 1.35e-03 | 1.3s
epoch  193 | loss 14.7065 | lr 1.34e-03 | 1.3s
epoch  194 | loss 14.7572 | lr 1.34e-03 | 1.3s
epoch  195 | loss 14.7016 | lr 1.33e-03 | 1.3s
epoch  196 | loss 14.7518 | lr 1.33e-03 | 1.3s
epoch  197 | loss 14.6502 | lr 1.32e-03 | 1.3s
epoch  198 | loss 14.6772 | lr 1.31e-03 | 1.3s
epoch  199 | loss 14.6735 | lr 1.31e-03 | 1.3s
epoch  200 | loss 14.7174 | lr 1.30e-03 | 1.3s
epoch  201 | loss 14.6810 | lr 1.30e-03 | 1.3s
epoch  202 | loss 14.6873 | lr 1.29e-03 | 1.3s
epoch  203 | loss 14.7166 | lr 1.29e-03 | 1.3s
epoch  204 | loss 14.7736 | lr 1.28e-03 | 1.3s
epoch  205 | loss 14.7058 | lr 1.27e-03 | 1.3s
epoch  206 | loss 14.6463 | lr 1.27e-03 | 1.3s
epoch  207 | loss 14.6830 | lr 1.26e-03 | 1.3s
epoch  208 | loss 14.6832 | lr 1.25e-03 | 1.3s
epoch  209 | loss 14.6491 | lr 1.25e-03 | 1.3s
epoch  210 | loss 14.6537 | lr 1.24e-03 | 1.3s
epoch  211 | loss 14.7075 | lr 1.24e-03 | 1.3s
epoch  212 | loss 14.5966 | lr 1.23e-03 | 1.3s
epoch  213 | loss 14.6956 | lr 1.22e-03 | 1.3s
epoch  214 | loss 14.6017 | lr 1.22e-03 | 1.3s
epoch  215 | loss 14.5762 | lr 1.21e-03 | 1.3s
epoch  216 | loss 14.6845 | lr 1.21e-03 | 1.3s
epoch  217 | loss 14.7529 | lr 1.20e-03 | 1.3s
epoch  218 | loss 14.6641 | lr 1.19e-03 | 1.3s
epoch  219 | loss 14.6535 | lr 1.19e-03 | 1.3s
epoch  220 | loss 14.5488 | lr 1.18e-03 | 1.3s
epoch  221 | loss 14.6299 | lr 1.18e-03 | 1.3s
epoch  222 | loss 14.5942 | lr 1.17e-03 | 1.3s
epoch  223 | loss 14.6694 | lr 1.16e-03 | 1.3s
epoch  224 | loss 14.5866 | lr 1.16e-03 | 1.3s
epoch  225 | loss 14.6417 | lr 1.15e-03 | 1.3s
epoch  226 | loss 14.5810 | lr 1.14e-03 | 1.3s
epoch  227 | loss 14.5489 | lr 1.14e-03 | 1.3s
epoch  228 | loss 14.5683 | lr 1.13e-03 | 1.3s
epoch  229 | loss 14.5955 | lr 1.13e-03 | 1.3s
epoch  230 | loss 14.4973 | lr 1.12e-03 | 1.3s
epoch  231 | loss 14.5157 | lr 1.11e-03 | 1.3s
epoch  232 | loss 14.5760 | lr 1.11e-03 | 1.3s
epoch  233 | loss 14.6160 | lr 1.10e-03 | 1.3s
epoch  234 | loss 14.6170 | lr 1.09e-03 | 1.3s
epoch  235 | loss 14.5857 | lr 1.09e-03 | 1.3s
epoch  236 | loss 14.5933 | lr 1.08e-03 | 1.3s
epoch  237 | loss 14.6706 | lr 1.08e-03 | 1.3s
epoch  238 | loss 14.5244 | lr 1.07e-03 | 1.3s
epoch  239 | loss 14.5348 | lr 1.06e-03 | 1.3s
epoch  240 | loss 14.5769 | lr 1.06e-03 | 1.3s
epoch  241 | loss 14.6322 | lr 1.05e-03 | 1.3s
epoch  242 | loss 14.6096 | lr 1.04e-03 | 1.3s
epoch  243 | loss 14.5404 | lr 1.04e-03 | 1.3s
epoch  244 | loss 14.4627 | lr 1.03e-03 | 1.3s
epoch  245 | loss 14.4966 | lr 1.03e-03 | 1.3s
epoch  246 | loss 14.5676 | lr 1.02e-03 | 1.3s
epoch  247 | loss 14.5666 | lr 1.01e-03 | 1.3s
epoch  248 | loss 14.5895 | lr 1.01e-03 | 1.3s
epoch  249 | loss 14.4681 | lr 1.00e-03 | 1.3s
epoch  250 | loss 14.4261 | lr 9.94e-04 | 1.3s
epoch  251 | loss 14.4378 | lr 9.87e-04 | 1.3s
epoch  252 | loss 14.5620 | lr 9.81e-04 | 1.3s
epoch  253 | loss 14.5216 | lr 9.75e-04 | 1.3s
epoch  254 | loss 14.5282 | lr 9.69e-04 | 1.3s
epoch  255 | loss 14.4899 | lr 9.62e-04 | 1.3s
epoch  256 | loss 14.4527 | lr 9.56e-04 | 1.3s
epoch  257 | loss 14.4058 | lr 9.50e-04 | 1.3s
epoch  258 | loss 14.5695 | lr 9.43e-04 | 1.3s
epoch  259 | loss 14.4685 | lr 9.37e-04 | 1.3s
epoch  260 | loss 14.4820 | lr 9.31e-04 | 1.3s
epoch  261 | loss 14.4246 | lr 9.25e-04 | 1.3s
epoch  262 | loss 14.4929 | lr 9.18e-04 | 1.3s
epoch  263 | loss 14.5782 | lr 9.12e-04 | 1.3s
epoch  264 | loss 14.4448 | lr 9.06e-04 | 1.3s
epoch  265 | loss 14.5489 | lr 9.00e-04 | 1.3s
epoch  266 | loss 14.4030 | lr 8.93e-04 | 1.3s
epoch  267 | loss 14.4864 | lr 8.87e-04 | 1.3s
epoch  268 | loss 14.4764 | lr 8.81e-04 | 1.3s
epoch  269 | loss 14.4608 | lr 8.75e-04 | 1.3s
epoch  270 | loss 14.4689 | lr 8.68e-04 | 1.3s
epoch  271 | loss 14.4472 | lr 8.62e-04 | 1.3s
epoch  272 | loss 14.4142 | lr 8.56e-04 | 1.3s
epoch  273 | loss 14.4542 | lr 8.50e-04 | 1.3s
epoch  274 | loss 14.4266 | lr 8.44e-04 | 1.3s
epoch  275 | loss 14.4828 | lr 8.37e-04 | 1.3s
epoch  276 | loss 14.3731 | lr 8.31e-04 | 1.3s
epoch  277 | loss 14.4852 | lr 8.25e-04 | 1.3s
epoch  278 | loss 14.4714 | lr 8.19e-04 | 1.3s
epoch  279 | loss 14.4125 | lr 8.13e-04 | 1.3s
epoch  280 | loss 14.4413 | lr 8.06e-04 | 1.3s
epoch  281 | loss 14.4069 | lr 8.00e-04 | 1.3s
epoch  282 | loss 14.4394 | lr 7.94e-04 | 1.3s
epoch  283 | loss 14.4692 | lr 7.88e-04 | 1.3s
epoch  284 | loss 14.4103 | lr 7.82e-04 | 1.3s
epoch  285 | loss 14.3100 | lr 7.76e-04 | 1.3s
epoch  286 | loss 14.4308 | lr 7.70e-04 | 1.3s
epoch  287 | loss 14.3679 | lr 7.64e-04 | 1.3s
epoch  288 | loss 14.4174 | lr 7.57e-04 | 1.3s
epoch  289 | loss 14.3524 | lr 7.51e-04 | 1.3s
epoch  290 | loss 14.4022 | lr 7.45e-04 | 1.3s
epoch  291 | loss 14.4229 | lr 7.39e-04 | 1.3s
epoch  292 | loss 14.3561 | lr 7.33e-04 | 1.3s
epoch  293 | loss 14.4204 | lr 7.27e-04 | 1.3s
epoch  294 | loss 14.3835 | lr 7.21e-04 | 1.3s
epoch  295 | loss 14.4961 | lr 7.15e-04 | 1.3s
epoch  296 | loss 14.3291 | lr 7.09e-04 | 1.3s
epoch  297 | loss 14.5091 | lr 7.03e-04 | 1.3s
epoch  298 | loss 14.4228 | lr 6.97e-04 | 1.3s
epoch  299 | loss 14.4619 | lr 6.91e-04 | 1.3s
epoch  300 | loss 14.3843 | lr 6.85e-04 | 1.3s
epoch  301 | loss 14.3934 | lr 6.79e-04 | 1.3s
epoch  302 | loss 14.4401 | lr 6.73e-04 | 1.3s
epoch  303 | loss 14.4633 | lr 6.67e-04 | 1.3s
epoch  304 | loss 14.4427 | lr 6.61e-04 | 1.3s
epoch  305 | loss 14.5354 | lr 6.55e-04 | 1.3s
epoch  306 | loss 14.4007 | lr 6.49e-04 | 1.3s
epoch  307 | loss 14.2769 | lr 6.44e-04 | 1.3s
epoch  308 | loss 14.3647 | lr 6.38e-04 | 1.3s
epoch  309 | loss 14.3264 | lr 6.32e-04 | 1.3s
epoch  310 | loss 14.4082 | lr 6.26e-04 | 1.3s
epoch  311 | loss 14.3673 | lr 6.20e-04 | 1.3s
epoch  312 | loss 14.3955 | lr 6.14e-04 | 1.3s
epoch  313 | loss 14.3180 | lr 6.09e-04 | 1.3s
epoch  314 | loss 14.4541 | lr 6.03e-04 | 1.3s
epoch  315 | loss 14.3480 | lr 5.97e-04 | 1.3s
epoch  316 | loss 14.2897 | lr 5.91e-04 | 1.3s
epoch  317 | loss 14.3648 | lr 5.86e-04 | 1.3s
epoch  318 | loss 14.4291 | lr 5.80e-04 | 1.3s
epoch  319 | loss 14.4024 | lr 5.74e-04 | 1.3s
epoch  320 | loss 14.3053 | lr 5.69e-04 | 1.3s
epoch  321 | loss 14.3663 | lr 5.63e-04 | 1.3s
epoch  322 | loss 14.2610 | lr 5.57e-04 | 1.3s
epoch  323 | loss 14.3411 | lr 5.52e-04 | 1.3s
epoch  324 | loss 14.3495 | lr 5.46e-04 | 1.3s
epoch  325 | loss 14.3335 | lr 5.40e-04 | 1.3s
epoch  326 | loss 14.2427 | lr 5.35e-04 | 1.3s
epoch  327 | loss 14.2987 | lr 5.29e-04 | 1.3s
epoch  328 | loss 14.2560 | lr 5.24e-04 | 1.3s
epoch  329 | loss 14.3349 | lr 5.18e-04 | 1.3s
epoch  330 | loss 14.3779 | lr 5.13e-04 | 1.3s
epoch  331 | loss 14.4120 | lr 5.07e-04 | 1.3s
epoch  332 | loss 14.3306 | lr 5.02e-04 | 1.3s
epoch  333 | loss 14.3684 | lr 4.96e-04 | 1.3s
epoch  334 | loss 14.3507 | lr 4.91e-04 | 1.3s
epoch  335 | loss 14.3383 | lr 4.86e-04 | 1.3s
epoch  336 | loss 14.2956 | lr 4.80e-04 | 1.3s
epoch  337 | loss 14.3778 | lr 4.75e-04 | 1.3s
epoch  338 | loss 14.3475 | lr 4.69e-04 | 1.3s
epoch  339 | loss 14.3012 | lr 4.64e-04 | 1.3s
epoch  340 | loss 14.2903 | lr 4.59e-04 | 1.3s
epoch  341 | loss 14.3079 | lr 4.54e-04 | 1.3s
epoch  342 | loss 14.3146 | lr 4.48e-04 | 1.3s
epoch  343 | loss 14.2489 | lr 4.43e-04 | 1.3s
epoch  344 | loss 14.3003 | lr 4.38e-04 | 1.3s
epoch  345 | loss 14.3157 | lr 4.33e-04 | 1.3s
epoch  346 | loss 14.3539 | lr 4.28e-04 | 1.3s
epoch  347 | loss 14.2190 | lr 4.22e-04 | 1.3s
epoch  348 | loss 14.3156 | lr 4.17e-04 | 1.3s
epoch  349 | loss 14.2917 | lr 4.12e-04 | 1.3s
epoch  350 | loss 14.3848 | lr 4.07e-04 | 1.3s
epoch  351 | loss 14.2558 | lr 4.02e-04 | 1.3s
epoch  352 | loss 14.3674 | lr 3.97e-04 | 1.3s
epoch  353 | loss 14.3649 | lr 3.92e-04 | 1.3s
epoch  354 | loss 14.3241 | lr 3.87e-04 | 1.3s
epoch  355 | loss 14.2343 | lr 3.82e-04 | 1.3s
epoch  356 | loss 14.3407 | lr 3.77e-04 | 1.3s
epoch  357 | loss 14.2764 | lr 3.72e-04 | 1.3s
epoch  358 | loss 14.2957 | lr 3.67e-04 | 1.3s
epoch  359 | loss 14.3063 | lr 3.63e-04 | 1.3s
epoch  360 | loss 14.2989 | lr 3.58e-04 | 1.3s
epoch  361 | loss 14.3379 | lr 3.53e-04 | 1.3s
epoch  362 | loss 14.2353 | lr 3.48e-04 | 1.3s
epoch  363 | loss 14.3114 | lr 3.43e-04 | 1.3s
epoch  364 | loss 14.1492 | lr 3.39e-04 | 1.3s
epoch  365 | loss 14.3034 | lr 3.34e-04 | 1.3s
epoch  366 | loss 14.2544 | lr 3.29e-04 | 1.3s
epoch  367 | loss 14.2317 | lr 3.25e-04 | 1.3s
epoch  368 | loss 14.2791 | lr 3.20e-04 | 1.3s
epoch  369 | loss 14.3144 | lr 3.15e-04 | 1.3s
epoch  370 | loss 14.2707 | lr 3.11e-04 | 1.3s
epoch  371 | loss 14.2715 | lr 3.06e-04 | 1.3s
epoch  372 | loss 14.2480 | lr 3.02e-04 | 1.3s
epoch  373 | loss 14.2697 | lr 2.97e-04 | 1.3s
epoch  374 | loss 14.1955 | lr 2.93e-04 | 1.3s
epoch  375 | loss 14.2950 | lr 2.88e-04 | 1.3s
epoch  376 | loss 14.1946 | lr 2.84e-04 | 1.3s
epoch  377 | loss 14.2056 | lr 2.80e-04 | 1.3s
epoch  378 | loss 14.1667 | lr 2.75e-04 | 1.3s
epoch  379 | loss 14.1950 | lr 2.71e-04 | 1.3s
epoch  380 | loss 14.2142 | lr 2.67e-04 | 1.3s
epoch  381 | loss 14.1686 | lr 2.62e-04 | 1.3s
epoch  382 | loss 14.1530 | lr 2.58e-04 | 1.3s
epoch  383 | loss 14.1597 | lr 2.54e-04 | 1.3s
epoch  384 | loss 14.2125 | lr 2.50e-04 | 1.3s
epoch  385 | loss 14.2030 | lr 2.46e-04 | 1.3s
epoch  386 | loss 14.2479 | lr 2.42e-04 | 1.3s
epoch  387 | loss 14.3074 | lr 2.38e-04 | 1.3s
epoch  388 | loss 14.1829 | lr 2.34e-04 | 1.3s
epoch  389 | loss 14.2666 | lr 2.29e-04 | 1.3s
epoch  390 | loss 14.2580 | lr 2.25e-04 | 1.3s
epoch  391 | loss 14.2417 | lr 2.22e-04 | 1.3s
epoch  392 | loss 14.2556 | lr 2.18e-04 | 1.3s
epoch  393 | loss 14.1392 | lr 2.14e-04 | 1.3s
epoch  394 | loss 14.2742 | lr 2.10e-04 | 1.3s
epoch  395 | loss 14.1104 | lr 2.06e-04 | 1.3s
epoch  396 | loss 14.1869 | lr 2.02e-04 | 1.3s
epoch  397 | loss 14.1762 | lr 1.98e-04 | 1.3s
epoch  398 | loss 14.2253 | lr 1.95e-04 | 1.3s
epoch  399 | loss 14.2705 | lr 1.91e-04 | 1.3s
epoch  400 | loss 14.1856 | lr 1.87e-04 | 1.3s
epoch  401 | loss 14.2076 | lr 1.84e-04 | 1.3s
epoch  402 | loss 14.1917 | lr 1.80e-04 | 1.3s
epoch  403 | loss 14.2219 | lr 1.76e-04 | 1.3s
epoch  404 | loss 14.1884 | lr 1.73e-04 | 1.3s
epoch  405 | loss 14.2187 | lr 1.69e-04 | 1.3s
epoch  406 | loss 14.2357 | lr 1.66e-04 | 1.3s
epoch  407 | loss 14.1125 | lr 1.62e-04 | 1.3s
epoch  408 | loss 14.1898 | lr 1.59e-04 | 1.3s
epoch  409 | loss 14.1504 | lr 1.56e-04 | 1.3s
epoch  410 | loss 14.2114 | lr 1.52e-04 | 1.3s
epoch  411 | loss 14.2272 | lr 1.49e-04 | 1.3s
epoch  412 | loss 14.2925 | lr 1.46e-04 | 1.3s
epoch  413 | loss 14.1633 | lr 1.42e-04 | 1.3s
epoch  414 | loss 14.1954 | lr 1.39e-04 | 1.3s
epoch  415 | loss 14.2189 | lr 1.36e-04 | 1.3s
epoch  416 | loss 14.2398 | lr 1.33e-04 | 1.3s
epoch  417 | loss 14.1630 | lr 1.30e-04 | 1.3s
epoch  418 | loss 14.1561 | lr 1.27e-04 | 1.3s
epoch  419 | loss 14.1626 | lr 1.24e-04 | 1.3s
epoch  420 | loss 14.1406 | lr 1.21e-04 | 1.3s
epoch  421 | loss 14.2595 | lr 1.18e-04 | 1.3s
epoch  422 | loss 14.2945 | lr 1.15e-04 | 1.3s
epoch  423 | loss 14.1734 | lr 1.12e-04 | 1.3s
epoch  424 | loss 14.1905 | lr 1.09e-04 | 1.3s
epoch  425 | loss 14.1731 | lr 1.06e-04 | 1.3s
epoch  426 | loss 14.1959 | lr 1.03e-04 | 1.3s
epoch  427 | loss 14.2528 | lr 1.01e-04 | 1.3s
epoch  428 | loss 14.1983 | lr 9.79e-05 | 1.3s
epoch  429 | loss 14.2456 | lr 9.52e-05 | 1.3s
epoch  430 | loss 14.1442 | lr 9.25e-05 | 1.3s
epoch  431 | loss 14.2279 | lr 8.99e-05 | 1.3s
epoch  432 | loss 14.2345 | lr 8.73e-05 | 1.3s
epoch  433 | loss 14.1896 | lr 8.48e-05 | 1.3s
epoch  434 | loss 14.1616 | lr 8.22e-05 | 1.3s
epoch  435 | loss 14.1482 | lr 7.98e-05 | 1.3s
epoch  436 | loss 14.2052 | lr 7.73e-05 | 1.3s
epoch  437 | loss 14.2055 | lr 7.49e-05 | 1.3s
epoch  438 | loss 14.1477 | lr 7.26e-05 | 1.3s
epoch  439 | loss 14.1770 | lr 7.02e-05 | 1.3s
epoch  440 | loss 14.1033 | lr 6.79e-05 | 1.3s
epoch  441 | loss 14.1770 | lr 6.57e-05 | 1.3s
epoch  442 | loss 14.2407 | lr 6.35e-05 | 1.3s
epoch  443 | loss 14.1918 | lr 6.13e-05 | 1.3s
epoch  444 | loss 14.2098 | lr 5.91e-05 | 1.4s
epoch  445 | loss 14.2062 | lr 5.70e-05 | 1.3s
epoch  446 | loss 14.1629 | lr 5.49e-05 | 1.3s
epoch  447 | loss 14.1709 | lr 5.29e-05 | 1.3s
epoch  448 | loss 14.2062 | lr 5.09e-05 | 1.3s
epoch  449 | loss 14.1441 | lr 4.89e-05 | 1.3s
epoch  450 | loss 14.2185 | lr 4.70e-05 | 1.3s
epoch  451 | loss 14.2005 | lr 4.51e-05 | 1.3s
epoch  452 | loss 14.1824 | lr 4.33e-05 | 1.3s
epoch  453 | loss 14.1241 | lr 4.15e-05 | 1.3s
epoch  454 | loss 14.2002 | lr 3.97e-05 | 1.3s
epoch  455 | loss 14.1613 | lr 3.80e-05 | 1.3s
epoch  456 | loss 14.1461 | lr 3.63e-05 | 1.3s
epoch  457 | loss 14.0726 | lr 3.46e-05 | 1.3s
epoch  458 | loss 14.2021 | lr 3.30e-05 | 1.3s
epoch  459 | loss 14.1932 | lr 3.14e-05 | 1.3s
epoch  460 | loss 14.1918 | lr 2.99e-05 | 1.3s
epoch  461 | loss 14.1280 | lr 2.84e-05 | 1.3s
epoch  462 | loss 14.1980 | lr 2.69e-05 | 1.3s
epoch  463 | loss 14.1712 | lr 2.55e-05 | 1.3s
epoch  464 | loss 14.1736 | lr 2.41e-05 | 1.3s
epoch  465 | loss 14.2393 | lr 2.27e-05 | 1.3s
epoch  466 | loss 14.1772 | lr 2.14e-05 | 1.3s
epoch  467 | loss 14.1969 | lr 2.01e-05 | 1.3s
epoch  468 | loss 14.2448 | lr 1.89e-05 | 1.3s
epoch  469 | loss 14.1586 | lr 1.77e-05 | 1.3s
epoch  470 | loss 14.1736 | lr 1.66e-05 | 1.3s
epoch  471 | loss 14.1367 | lr 1.54e-05 | 1.3s
epoch  472 | loss 14.1762 | lr 1.44e-05 | 1.3s
epoch  473 | loss 14.2491 | lr 1.33e-05 | 1.3s
epoch  474 | loss 14.2473 | lr 1.23e-05 | 1.3s
epoch  475 | loss 14.0851 | lr 1.13e-05 | 1.3s
epoch  476 | loss 14.2007 | lr 1.04e-05 | 1.3s
epoch  477 | loss 14.2164 | lr 9.54e-06 | 1.3s
epoch  478 | loss 14.2203 | lr 8.69e-06 | 1.3s
epoch  479 | loss 14.1373 | lr 7.89e-06 | 1.3s
epoch  480 | loss 14.2711 | lr 7.12e-06 | 1.3s
epoch  481 | loss 14.1749 | lr 6.39e-06 | 1.3s
epoch  482 | loss 14.1260 | lr 5.70e-06 | 1.3s
epoch  483 | loss 14.2418 | lr 5.05e-06 | 1.3s
epoch  484 | loss 14.1593 | lr 4.44e-06 | 1.3s
epoch  485 | loss 14.1735 | lr 3.87e-06 | 1.3s
epoch  486 | loss 14.2542 | lr 3.33e-06 | 1.3s
epoch  487 | loss 14.1758 | lr 2.84e-06 | 1.3s
epoch  488 | loss 14.2016 | lr 2.39e-06 | 1.3s
epoch  489 | loss 14.0672 | lr 1.97e-06 | 1.3s
epoch  490 | loss 14.1663 | lr 1.60e-06 | 1.3s
epoch  491 | loss 14.1765 | lr 1.26e-06 | 1.3s
epoch  492 | loss 14.1923 | lr 9.67e-07 | 1.3s
epoch  493 | loss 14.1899 | lr 7.11e-07 | 1.3s
epoch  494 | loss 14.2275 | lr 4.93e-07 | 1.3s
epoch  495 | loss 14.1316 | lr 3.16e-07 | 1.3s
epoch  496 | loss 14.1513 | lr 1.78e-07 | 1.3s
epoch  497 | loss 14.2020 | lr 7.90e-08 | 1.3s
epoch  498 | loss 14.1713 | lr 1.97e-08 | 1.3s
epoch  499 | loss 14.2463 | lr 0.00e+00 | 1.3s
final loss: 14.2463
