model params: 4,585,349
device: cuda
training: {'n_epochs': 500, 'samples_per_epoch': 1000000, 'batch_size': 16384, 'k_max': 30, 'lr': 0.002, 'weight_decay': 0.0, 'checkpoint_every_epochs': 100, 'n_back': 1, 'loss': 'mse', 'amp': True, 'compile_model': True, 'fused_optimizer': True, 'device': 'cuda', 'seed': 3}
epoch    0 | loss 58.1969 | lr 2.00e-03 | 2.6s
epoch    1 | loss 32.3864 | lr 2.00e-03 | 1.4s
epoch    2 | loss 20.9249 | lr 2.00e-03 | 1.4s
epoch    3 | loss 18.8678 | lr 2.00e-03 | 1.5s
epoch    4 | loss 18.2448 | lr 2.00e-03 | 1.4s
epoch    5 | loss 17.9070 | lr 2.00e-03 | 1.5s
epoch    6 | loss 17.4013 | lr 2.00e-03 | 1.5s
epoch    7 | loss 17.1233 | lr 2.00e-03 | 1.4s
epoch    8 | loss 16.9927 | lr 2.00e-03 | 1.4s
epoch    9 | loss 16.8781 | lr 2.00e-03 | 1.3s
epoch   10 | loss 16.7565 | lr 2.00e-03 | 1.4s
epoch   11 | loss 16.7351 | lr 2.00e-03 | 1.4s
epoch   12 | loss 16.5960 | lr 2.00e-03 | 1.4s
epoch   13 | loss 16.5180 | lr 2.00e-03 | 1.3s
epoch   14 | loss 16.4821 | lr 2.00e-03 | 1.4s
epoch   15 | loss 16.3379 | lr 1.99e-03 | 1.4s
epoch   16 | loss 16.2894 | lr 1.99e-03 | 1.4s
epoch   17 | loss 16.4875 | lr 1.99e-03 | 1.3s
epoch   18 | loss 16.1978 | lr 1.99e-03 | 1.3s
epoch   19 | loss 16.1420 | lr 1.99e-03 | 1.3s
epoch   20 | loss 16.0632 | lr 1.99e-03 | 1.4s
epoch   21 | loss 16.1987 | lr 1.99e-03 | 1.4s
epoch   22 | loss 16.1227 | lr 1.99e-03 | 1.5s
epoch   23 | loss 15.8880 | lr 1.99e-03 | 1.4s
epoch   24 | loss 15.9444 | lr 1.99e-03 | 1.3s
epoch   25 | loss 16.0396 | lr 1.99e-03 | 1.4s
epoch   26 | loss 15.7589 | lr 1.99e-03 | 1.4s
epoch   27 | loss 15.8958 | lr 1.98e-03 | 1.4s
epoch   28 | loss 15.8054 | lr 1.98e-03 | 1.5s
epoch   29 | loss 15.8107 | lr 1.98e-03 | 1.4s
epoch   30 | loss 15.7059 | lr 1.98e-03 | 1.4s
epoch   31 | loss 15.7873 | lr 1.98e-03 | 1.4s
epoch   32 | loss 15.7439 | lr 1.98e-03 | 1.4s
epoch   33 | loss 15.8338 | lr 1.98e-03 | 1.4s
epoch   34 | loss 15.8783 | lr 1.98e-03 | 1.4s
epoch   35 | loss 15.7673 | lr 1.97e-03 | 1.4s
epoch   36 | loss 15.6341 | lr 1.97e-03 | 1.4s
epoch   37 | loss 15.6703 | lr 1.97e-03 | 1.3s
epoch   38 | loss 15.5751 | lr 1.97e-03 | 1.3s
epoch   39 | loss 15.6151 | lr 1.97e-03 | 1.3s
epoch   40 | loss 15.7036 | lr 1.97e-03 | 1.3s
epoch   41 | loss 15.5387 | lr 1.97e-03 | 1.3s
epoch   42 | loss 15.5813 | lr 1.96e-03 | 1.3s
epoch   43 | loss 15.5785 | lr 1.96e-03 | 1.3s
epoch   44 | loss 15.6562 | lr 1.96e-03 | 1.3s
epoch   45 | loss 15.5868 | lr 1.96e-03 | 1.3s
epoch   46 | loss 15.5895 | lr 1.96e-03 | 1.3s
epoch   47 | loss 15.5634 | lr 1.95e-03 | 1.3s
epoch   48 | loss 15.5707 | lr 1.95e-03 | 1.3s
epoch   49 | loss 15.5190 | lr 1.95e-03 | 1.3s
epoch   50 | loss 15.4707 | lr 1.95e-03 | 1.4s
epoch   51 | loss 15.4242 | lr 1.95e-03 | 1.4s
epoch   52 | loss 15.5008 | lr 1.95e-03 | 1.3s
epoch   53 | loss 15.6709 | lr 1.94e-03 | 1.3s
epoch   54 | loss 15.4410 | lr 1.94e-03 | 1.3s
epoch   55 | loss 15.5062 | lr 1.94e-03 | 1.3s
epoch   56 | loss 15.4698 | lr 1.94e-03 | 1.3s
epoch   57 | loss 15.4989 | lr 1.93e-03 | 1.3s
epoch   58 | loss 15.4341 | lr 1.93e-03 | 1.3s
epoch   59 | loss 15.3671 | lr 1.93e-03 | 1.3s
epoch   60 | loss 15.4300 | lr 1.93e-03 | 1.3s
epoch   61 | loss 15.4016 | lr 1.93e-03 | 1.3s
epoch   62 | loss 15.4463 | lr 1.92e-03 | 1.3s
epoch   63 | loss 15.3299 | lr 1.92e-03 | 1.3s
epoch   64 | loss 15.4107 | lr 1.92e-03 | 1.3s
epoch   65 | loss 15.2650 | lr 1.92e-03 | 1.3s
epoch   66 | loss 15.4662 | lr 1.91e-03 | 1.3s
epoch   67 | loss 15.2965 | lr 1.91e-03 | 1.3s
epoch   68 | loss 15.3299 | lr 1.91e-03 | 1.3s
epoch   69 | loss 15.3866 | lr 1.90e-03 | 1.3s
epoch   70 | loss 15.2979 | lr 1.90e-03 | 1.3s
epoch   71 | loss 15.3507 | lr 1.90e-03 | 1.3s
epoch   72 | loss 15.2876 | lr 1.90e-03 | 1.3s
epoch   73 | loss 15.3034 | lr 1.89e-03 | 1.3s
epoch   74 | loss 15.2357 | lr 1.89e-03 | 1.3s
epoch   75 | loss 15.3479 | lr 1.89e-03 | 1.3s
epoch   76 | loss 15.2807 | lr 1.89e-03 | 1.3s
epoch   77 | loss 15.2060 | lr 1.88e-03 | 1.3s
epoch   78 | loss 15.3567 | lr 1.88e-03 | 1.3s
epoch   79 | loss 15.3093 | lr 1.88e-03 | 1.3s
epoch   80 | loss 15.2795 | lr 1.87e-03 | 1.3s
epoch   81 | loss 15.1716 | lr 1.87e-03 | 1.3s
epoch   82 | loss 15.2724 | lr 1.87e-03 | 1.3s
epoch   83 | loss 15.3264 | lr 1.86e-03 | 1.3s
epoch   84 | loss 15.2285 | lr 1.86e-03 | 1.3s
epoch   85 | loss 15.2226 | lr 1.86e-03 | 1.3s
epoch   86 | loss 15.1357 | lr 1.85e-03 | 1.3s
epoch   87 | loss 15.1877 | lr 1.85e-03 | 1.3s
epoch   88 | loss 15.1453 | lr 1.85e-03 | 1.3s
epoch   89 | loss 15.2387 | lr 1.84e-03 | 1.3s
epoch   90 | loss 15.2601 | lr 1.84e-03 | 1.3s
epoch   91 | loss 15.2028 | lr 1.84e-03 | 1.3s
epoch   92 | loss 15.0338 | lr 1.83e-03 | 1.3s
epoch   93 | loss 15.2278 | lr 1.83e-03 | 1.3s
epoch   94 | loss 15.2757 | lr 1.83e-03 | 1.3s
epoch   95 | loss 15.1016 | lr 1.82e-03 | 1.3s
epoch   96 | loss 15.1392 | lr 1.82e-03 | 1.3s
epoch   97 | loss 15.1784 | lr 1.82e-03 | 1.3s
epoch   98 | loss 15.2459 | lr 1.81e-03 | 1.3s
epoch   99 | loss 15.1687 | lr 1.81e-03 | 1.3s
epoch  100 | loss 15.0765 | lr 1.81e-03 | 1.3s
epoch  101 | loss 15.0917 | lr 1.80e-03 | 1.3s
epoch  102 | loss 15.1261 | lr 1.80e-03 | 1.3s
epoch  103 | loss 15.1677 | lr 1.79e-03 | 1.3s
epoch  104 | loss 15.1094 | lr 1.79e-03 | 1.3s
epoch  105 | loss 15.1300 | lr 1.79e-03 | 1.3s
epoch  106 | loss 15.0798 | lr 1.78e-03 | 1.3s
epoch  107 | loss 15.1796 | lr 1.78e-03 | 1.3s
epoch  108 | loss 15.1164 | lr 1.77e-03 | 1.3s
epoch  109 | loss 15.0788 | lr 1.77e-03 | 1.3s
epoch  110 | loss 15.1313 | lr 1.77e-03 | 1.3s
epoch  111 | loss 15.0568 | lr 1.76e-03 | 1.3s
epoch  112 | loss 15.0968 | lr 1.76e-03 | 1.3s
epoch  113 | loss 15.0663 | lr 1.75e-03 | 1.3s
epoch  114 | loss 15.0604 | lr 1.75e-03 | 1.3s
epoch  115 | loss 15.1389 | lr 1.75e-03 | 1.3s
epoch  116 | loss 15.0813 | lr 1.74e-03 | 1.3s
epoch  117 | loss 15.0710 | lr 1.74e-03 | 1.3s
epoch  118 | loss 15.0254 | lr 1.73e-03 | 1.3s
epoch  119 | loss 15.0622 | lr 1.73e-03 | 1.3s
epoch  120 | loss 14.9928 | lr 1.72e-03 | 1.3s
epoch  121 | loss 14.9816 | lr 1.72e-03 | 1.3s
epoch  122 | loss 15.0047 | lr 1.72e-03 | 1.3s
epoch  123 | loss 15.0653 | lr 1.71e-03 | 1.3s
epoch  124 | loss 14.9608 | lr 1.71e-03 | 1.3s
epoch  125 | loss 14.9365 | lr 1.70e-03 | 1.3s
epoch  126 | loss 15.0593 | lr 1.70e-03 | 1.3s
epoch  127 | loss 14.9597 | lr 1.69e-03 | 1.3s
epoch  128 | loss 15.1159 | lr 1.69e-03 | 1.3s
epoch  129 | loss 14.9731 | lr 1.68e-03 | 1.3s
epoch  130 | loss 15.0163 | lr 1.68e-03 | 1.3s
epoch  131 | loss 14.9732 | lr 1.68e-03 | 1.3s
epoch  132 | loss 15.0523 | lr 1.67e-03 | 1.3s
epoch  133 | loss 14.9731 | lr 1.67e-03 | 1.3s
epoch  134 | loss 15.0347 | lr 1.66e-03 | 1.3s
epoch  135 | loss 14.8992 | lr 1.66e-03 | 1.3s
epoch  136 | loss 15.1492 | lr 1.65e-03 | 1.3s
epoch  137 | loss 14.8666 | lr 1.65e-03 | 1.3s
epoch  138 | loss 14.9596 | lr 1.64e-03 | 1.3s
epoch  139 | loss 14.9114 | lr 1.64e-03 | 1.3s
epoch  140 | loss 14.8947 | lr 1.63e-03 | 1.3s
epoch  141 | loss 14.9709 | lr 1.63e-03 | 1.3s
epoch  142 | loss 14.9924 | lr 1.62e-03 | 1.3s
epoch  143 | loss 14.8776 | lr 1.62e-03 | 1.3s
epoch  144 | loss 15.0232 | lr 1.61e-03 | 1.3s
epoch  145 | loss 14.9543 | lr 1.61e-03 | 1.3s
epoch  146 | loss 14.8867 | lr 1.60e-03 | 1.3s
epoch  147 | loss 15.0263 | lr 1.60e-03 | 1.3s
epoch  148 | loss 14.9517 | lr 1.59e-03 | 1.3s
epoch  149 | loss 14.9387 | lr 1.59e-03 | 1.3s
epoch  150 | loss 15.0912 | lr 1.58e-03 | 1.3s
epoch  151 | loss 14.8104 | lr 1.58e-03 | 1.3s
epoch  152 | loss 14.9114 | lr 1.57e-03 | 1.3s
epoch  153 | loss 14.8326 | lr 1.57e-03 | 1.3s
epoch  154 | loss 14.8212 | lr 1.56e-03 | 1.3s
epoch  155 | loss 14.9609 | lr 1.56e-03 | 1.3s
epoch  156 | loss 14.8701 | lr 1.55e-03 | 1.3s
epoch  157 | loss 14.8315 | lr 1.55e-03 | 1.3s
epoch  158 | loss 14.9005 | lr 1.54e-03 | 1.3s
epoch  159 | loss 14.8269 | lr 1.54e-03 | 1.3s
epoch  160 | loss 14.8711 | lr 1.53e-03 | 1.3s
epoch  161 | loss 14.9223 | lr 1.53e-03 | 1.3s
epoch  162 | loss 14.9262 | lr 1.52e-03 | 1.3s
epoch  163 | loss 14.8979 | lr 1.51e-03 | 1.3s
epoch  164 | loss 14.8853 | lr 1.51e-03 | 1.3s
epoch  165 | loss 14.8371 | lr 1.50e-03 | 1.3s
epoch  166 | loss 14.8565 | lr 1.50e-03 | 1.3s
epoch  167 | loss 14.7948 | lr 1.49e-03 | 1.3s
epoch  168 | loss 14.7612 | lr 1.49e-03 | 1.3s
epoch  169 | loss 14.7955 | lr 1.48e-03 | 1.3s
epoch  170 | loss 14.7794 | lr 1.48e-03 | 1.3s
epoch  171 | loss 14.8388 | lr 1.47e-03 | 1.3s
epoch  172 | loss 14.7497 | lr 1.47e-03 | 1.3s
epoch  173 | loss 14.8382 | lr 1.46e-03 | 1.3s
epoch  174 | loss 14.8475 | lr 1.45e-03 | 1.3s
epoch  175 | loss 14.6870 | lr 1.45e-03 | 1.3s
epoch  176 | loss 14.8376 | lr 1.44e-03 | 1.3s
epoch  177 | loss 14.8544 | lr 1.44e-03 | 1.3s
epoch  178 | loss 14.7853 | lr 1.43e-03 | 1.3s
epoch  179 | loss 14.7003 | lr 1.43e-03 | 1.3s
epoch  180 | loss 14.7791 | lr 1.42e-03 | 1.3s
epoch  181 | loss 14.7223 | lr 1.41e-03 | 1.3s
epoch  182 | loss 14.8545 | lr 1.41e-03 | 1.3s
epoch  183 | loss 14.7815 | lr 1.40e-03 | 1.3s
epoch  184 | loss 14.8216 | lr 1.40e-03 | 1.3s
epoch  185 | loss 14.6177 | lr 1.39e-03 | 1.3s
epoch  186 | loss 14.7488 | lr 1.39e-03 | 1.3s
epoch  187 | loss 14.8044 | lr 1.38e-03 | 1.3s
epoch  188 | loss 14.7658 | lr 1.37e-03 | 1.3s
epoch  189 | loss 14.8355 | lr 1.37e-03 | 1.3s
epoch  190 | loss 14.8269 | lr 1.36e-03 | 1.3s
epoch  191 | loss 14.7116 | lr 1.36e-03 | 1.3s
epoch  192 | loss 14.7514 | lr 1.35e-03 | 1.3s
epoch  193 | loss 14.6668 | lr 1.34e-03 | 1.3s
epoch  194 | loss 14.7637 | lr 1.34e-03 | 1.3s
epoch  195 | loss 14.7203 | lr 1.33e-03 | 1.3s
epoch  196 | loss 14.6594 | lr 1.33e-03 | 1.3s
epoch  197 | loss 14.7241 | lr 1.32e-03 | 1.3s
epoch  198 | loss 14.7075 | lr 1.31e-03 | 1.3s
epoch  199 | loss 14.7093 | lr 1.31e-03 | 1.3s
epoch  200 | loss 14.6818 | lr 1.30e-03 | 1.3s
epoch  201 | loss 14.7679 | lr 1.30e-03 | 1.3s
epoch  202 | loss 14.7879 | lr 1.29e-03 | 1.3s
epoch  203 | loss 14.6934 | lr 1.29e-03 | 1.3s
epoch  204 | loss 14.7147 | lr 1.28e-03 | 1.3s
epoch  205 | loss 14.7312 | lr 1.27e-03 | 1.3s
epoch  206 | loss 14.6761 | lr 1.27e-03 | 1.3s
epoch  207 | loss 14.6714 | lr 1.26e-03 | 1.3s
epoch  208 | loss 14.6622 | lr 1.25e-03 | 1.3s
epoch  209 | loss 14.7559 | lr 1.25e-03 | 1.3s
epoch  210 | loss 14.6472 | lr 1.24e-03 | 1.3s
epoch  211 | loss 14.6541 | lr 1.24e-03 | 1.3s
epoch  212 | loss 14.6288 | lr 1.23e-03 | 1.3s
epoch  213 | loss 14.6306 | lr 1.22e-03 | 1.3s
epoch  214 | loss 14.7215 | lr 1.22e-03 | 1.3s
epoch  215 | loss 14.7464 | lr 1.21e-03 | 1.3s
epoch  216 | loss 14.6559 | lr 1.21e-03 | 1.3s
epoch  217 | loss 14.6581 | lr 1.20e-03 | 1.3s
epoch  218 | loss 14.5750 | lr 1.19e-03 | 1.3s
epoch  219 | loss 14.5557 | lr 1.19e-03 | 1.3s
epoch  220 | loss 14.6232 | lr 1.18e-03 | 1.3s
epoch  221 | loss 14.6785 | lr 1.18e-03 | 1.3s
epoch  222 | loss 14.6482 | lr 1.17e-03 | 1.3s
epoch  223 | loss 14.5828 | lr 1.16e-03 | 1.3s
epoch  224 | loss 14.6121 | lr 1.16e-03 | 1.3s
epoch  225 | loss 14.5688 | lr 1.15e-03 | 1.3s
epoch  226 | loss 14.5690 | lr 1.14e-03 | 1.3s
epoch  227 | loss 14.5838 | lr 1.14e-03 | 1.3s
epoch  228 | loss 14.5684 | lr 1.13e-03 | 1.3s
epoch  229 | loss 14.4936 | lr 1.13e-03 | 1.3s
epoch  230 | loss 14.5869 | lr 1.12e-03 | 1.3s
epoch  231 | loss 14.6167 | lr 1.11e-03 | 1.3s
epoch  232 | loss 14.6644 | lr 1.11e-03 | 1.3s
epoch  233 | loss 14.6137 | lr 1.10e-03 | 1.3s
epoch  234 | loss 14.6457 | lr 1.09e-03 | 1.3s
epoch  235 | loss 14.6527 | lr 1.09e-03 | 1.3s
epoch  236 | loss 14.5316 | lr 1.08e-03 | 1.3s
epoch  237 | loss 14.5338 | lr 1.08e-03 | 1.3s
epoch  238 | loss 14.5907 | lr 1.07e-03 | 1.3s
epoch  239 | loss 14.6607 | lr 1.06e-03 | 1.3s
epoch  240 | loss 14.5973 | lr 1.06e-03 | 1.3s
epoch  241 | loss 14.5673 | lr 1.05e-03 | 1.3s
epoch  242 | loss 14.5106 | lr 1.04e-03 | 1.3s
epoch  243 | loss 14.5297 | lr 1.04e-03 | 1.3s
epoch  244 | loss 14.5319 | lr 1.03e-03 | 1.3s
epoch  245 | loss 14.5761 | lr 1.03e-03 | 1.3s
epoch  246 | loss 14.6416 | lr 1.02e-03 | 1.3s
epoch  247 | loss 14.5147 | lr 1.01e-03 | 1.3s
epoch  248 | loss 14.4329 | lr 1.01e-03 | 1.3s
epoch  249 | loss 14.4819 | lr 1.00e-03 | 1.3s
epoch  250 | loss 14.5677 | lr 9.94e-04 | 1.3s
epoch  251 | loss 14.5477 | lr 9.87e-04 | 1.3s
epoch  252 | loss 14.5595 | lr 9.81e-04 | 1.3s
epoch  253 | loss 14.5322 | lr 9.75e-04 | 1.3s
epoch  254 | loss 14.4990 | lr 9.69e-04 | 1.3s
epoch  255 | loss 14.4657 | lr 9.62e-04 | 1.3s
epoch  256 | loss 14.5332 | lr 9.56e-04 | 1.3s
epoch  257 | loss 14.4994 | lr 9.50e-04 | 1.3s
epoch  258 | loss 14.4668 | lr 9.43e-04 | 1.3s
epoch  259 | loss 14.4992 | lr 9.37e-04 | 1.3s
epoch  260 | loss 14.5802 | lr 9.31e-04 | 1.3s
epoch  261 | loss 14.6007 | lr 9.25e-04 | 1.3s
epoch  262 | loss 14.4789 | lr 9.18e-04 | 1.3s
epoch  263 | loss 14.5814 | lr 9.12e-04 | 1.3s
epoch  264 | loss 14.4276 | lr 9.06e-04 | 1.3s
epoch  265 | loss 14.4819 | lr 9.00e-04 | 1.3s
epoch  266 | loss 14.4673 | lr 8.93e-04 | 1.3s
epoch  267 | loss 14.4767 | lr 8.87e-04 | 1.3s
epoch  268 | loss 14.4770 | lr 8.81e-04 | 1.3s
epoch  269 | loss 14.4444 | lr 8.75e-04 | 1.3s
epoch  270 | loss 14.4587 | lr 8.68e-04 | 1.3s
epoch  271 | loss 14.4629 | lr 8.62e-04 | 1.3s
epoch  272 | loss 14.4129 | lr 8.56e-04 | 1.3s
epoch  273 | loss 14.4924 | lr 8.50e-04 | 1.3s
epoch  274 | loss 14.3686 | lr 8.44e-04 | 1.3s
epoch  275 | loss 14.4761 | lr 8.37e-04 | 1.3s
epoch  276 | loss 14.5242 | lr 8.31e-04 | 1.3s
epoch  277 | loss 14.4596 | lr 8.25e-04 | 1.3s
epoch  278 | loss 14.4422 | lr 8.19e-04 | 1.3s
epoch  279 | loss 14.4483 | lr 8.13e-04 | 1.3s
epoch  280 | loss 14.4998 | lr 8.06e-04 | 1.3s
epoch  281 | loss 14.5108 | lr 8.00e-04 | 1.3s
epoch  282 | loss 14.4736 | lr 7.94e-04 | 1.3s
epoch  283 | loss 14.3417 | lr 7.88e-04 | 1.3s
epoch  284 | loss 14.4342 | lr 7.82e-04 | 1.3s
epoch  285 | loss 14.4045 | lr 7.76e-04 | 1.3s
epoch  286 | loss 14.4220 | lr 7.70e-04 | 1.3s
epoch  287 | loss 14.4018 | lr 7.64e-04 | 1.3s
epoch  288 | loss 14.4354 | lr 7.57e-04 | 1.3s
epoch  289 | loss 14.3857 | lr 7.51e-04 | 1.3s
epoch  290 | loss 14.4056 | lr 7.45e-04 | 1.3s
epoch  291 | loss 14.4414 | lr 7.39e-04 | 1.3s
epoch  292 | loss 14.3991 | lr 7.33e-04 | 1.3s
epoch  293 | loss 14.4847 | lr 7.27e-04 | 1.3s
epoch  294 | loss 14.3163 | lr 7.21e-04 | 1.3s
epoch  295 | loss 14.4700 | lr 7.15e-04 | 1.3s
epoch  296 | loss 14.4454 | lr 7.09e-04 | 1.3s
epoch  297 | loss 14.4678 | lr 7.03e-04 | 1.3s
epoch  298 | loss 14.4145 | lr 6.97e-04 | 1.3s
epoch  299 | loss 14.4202 | lr 6.91e-04 | 1.3s
epoch  300 | loss 14.4196 | lr 6.85e-04 | 1.3s
epoch  301 | loss 14.4492 | lr 6.79e-04 | 1.3s
epoch  302 | loss 14.4181 | lr 6.73e-04 | 1.3s
epoch  303 | loss 14.5115 | lr 6.67e-04 | 1.3s
epoch  304 | loss 14.4181 | lr 6.61e-04 | 1.3s
epoch  305 | loss 14.3127 | lr 6.55e-04 | 1.3s
epoch  306 | loss 14.3678 | lr 6.49e-04 | 1.3s
epoch  307 | loss 14.3348 | lr 6.44e-04 | 1.3s
epoch  308 | loss 14.4403 | lr 6.38e-04 | 1.3s
epoch  309 | loss 14.3697 | lr 6.32e-04 | 1.3s
epoch  310 | loss 14.3980 | lr 6.26e-04 | 1.3s
epoch  311 | loss 14.3241 | lr 6.20e-04 | 1.3s
epoch  312 | loss 14.4423 | lr 6.14e-04 | 1.3s
epoch  313 | loss 14.3603 | lr 6.09e-04 | 1.3s
epoch  314 | loss 14.2831 | lr 6.03e-04 | 1.3s
epoch  315 | loss 14.3866 | lr 5.97e-04 | 1.3s
epoch  316 | loss 14.4200 | lr 5.91e-04 | 1.3s
epoch  317 | loss 14.3886 | lr 5.86e-04 | 1.3s
epoch  318 | loss 14.3212 | lr 5.80e-04 | 1.3s
epoch  319 | loss 14.3616 | lr 5.74e-04 | 1.3s
epoch  320 | loss 14.3587 | lr 5.69e-04 | 1.3s
epoch  321 | loss 14.3606 | lr 5.63e-04 | 1.3s
epoch  322 | loss 14.3872 | lr 5.57e-04 | 1.3s
epoch  323 | loss 14.3145 | lr 5.52e-04 | 1.3s
epoch  324 | loss 14.2613 | lr 5.46e-04 | 1.3s
epoch  325 | loss 14.2895 | lr 5.40e-04 | 1.3s
epoch  326 | loss 14.2876 | lr 5.35e-04 | 1.3s
epoch  327 | loss 14.3725 | lr 5.29e-04 | 1.3s
epoch  328 | loss 14.3715 | lr 5.24e-04 | 1.3s
epoch  329 | loss 14.4024 | lr 5.18e-04 | 1.3s
epoch  330 | loss 14.3287 | lr 5.13e-04 | 1.3s
epoch  331 | loss 14.4058 | lr 5.07e-04 | 1.3s
epoch  332 | loss 14.3490 | lr 5.02e-04 | 1.3s
epoch  333 | loss 14.3604 | lr 4.96e-04 | 1.3s
epoch  334 | loss 14.2901 | lr 4.91e-04 | 1.3s
epoch  335 | loss 14.3901 | lr 4.86e-04 | 1.3s
epoch  336 | loss 14.3738 | lr 4.80e-04 | 1.3s
epoch  337 | loss 14.3276 | lr 4.75e-04 | 1.3s
epoch  338 | loss 14.2962 | lr 4.69e-04 | 1.3s
epoch  339 | loss 14.2887 | lr 4.64e-04 | 1.3s
epoch  340 | loss 14.3826 | lr 4.59e-04 | 1.3s
epoch  341 | loss 14.2851 | lr 4.54e-04 | 1.3s
epoch  342 | loss 14.3463 | lr 4.48e-04 | 1.3s
epoch  343 | loss 14.3673 | lr 4.43e-04 | 1.3s
epoch  344 | loss 14.3860 | lr 4.38e-04 | 1.3s
epoch  345 | loss 14.2347 | lr 4.33e-04 | 1.3s
epoch  346 | loss 14.3457 | lr 4.28e-04 | 1.3s
epoch  347 | loss 14.2996 | lr 4.22e-04 | 1.3s
epoch  348 | loss 14.3632 | lr 4.17e-04 | 1.3s
epoch  349 | loss 14.2624 | lr 4.12e-04 | 1.3s
epoch  350 | loss 14.3826 | lr 4.07e-04 | 1.3s
epoch  351 | loss 14.3785 | lr 4.02e-04 | 1.3s
epoch  352 | loss 14.3523 | lr 3.97e-04 | 1.3s
epoch  353 | loss 14.2353 | lr 3.92e-04 | 1.3s
epoch  354 | loss 14.3508 | lr 3.87e-04 | 1.3s
epoch  355 | loss 14.2954 | lr 3.82e-04 | 1.3s
epoch  356 | loss 14.2925 | lr 3.77e-04 | 1.3s
epoch  357 | loss 14.3456 | lr 3.72e-04 | 1.3s
epoch  358 | loss 14.3205 | lr 3.67e-04 | 1.3s
epoch  359 | loss 14.3219 | lr 3.63e-04 | 1.3s
epoch  360 | loss 14.2418 | lr 3.58e-04 | 1.3s
epoch  361 | loss 14.3640 | lr 3.53e-04 | 1.3s
epoch  362 | loss 14.1827 | lr 3.48e-04 | 1.3s
epoch  363 | loss 14.3263 | lr 3.43e-04 | 1.3s
epoch  364 | loss 14.2883 | lr 3.39e-04 | 1.3s
epoch  365 | loss 14.2441 | lr 3.34e-04 | 1.3s
epoch  366 | loss 14.2723 | lr 3.29e-04 | 1.3s
epoch  367 | loss 14.2950 | lr 3.25e-04 | 1.3s
epoch  368 | loss 14.3192 | lr 3.20e-04 | 1.3s
epoch  369 | loss 14.2367 | lr 3.15e-04 | 1.3s
epoch  370 | loss 14.2690 | lr 3.11e-04 | 1.3s
epoch  371 | loss 14.2512 | lr 3.06e-04 | 1.3s
epoch  372 | loss 14.1839 | lr 3.02e-04 | 1.3s
epoch  373 | loss 14.3019 | lr 2.97e-04 | 1.3s
epoch  374 | loss 14.2500 | lr 2.93e-04 | 1.3s
epoch  375 | loss 14.2309 | lr 2.88e-04 | 1.3s
epoch  376 | loss 14.1789 | lr 2.84e-04 | 1.3s
epoch  377 | loss 14.2366 | lr 2.80e-04 | 1.3s
epoch  378 | loss 14.1911 | lr 2.75e-04 | 1.3s
epoch  379 | loss 14.2147 | lr 2.71e-04 | 1.3s
epoch  380 | loss 14.1750 | lr 2.67e-04 | 1.3s
epoch  381 | loss 14.2003 | lr 2.62e-04 | 1.3s
epoch  382 | loss 14.2080 | lr 2.58e-04 | 1.3s
epoch  383 | loss 14.2351 | lr 2.54e-04 | 1.3s
epoch  384 | loss 14.2898 | lr 2.50e-04 | 1.3s
epoch  385 | loss 14.3216 | lr 2.46e-04 | 1.3s
epoch  386 | loss 14.1770 | lr 2.42e-04 | 1.3s
epoch  387 | loss 14.2535 | lr 2.38e-04 | 1.3s
epoch  388 | loss 14.2441 | lr 2.34e-04 | 1.3s
epoch  389 | loss 14.2607 | lr 2.29e-04 | 1.3s
epoch  390 | loss 14.2409 | lr 2.25e-04 | 1.3s
epoch  391 | loss 14.1662 | lr 2.22e-04 | 1.3s
epoch  392 | loss 14.3213 | lr 2.18e-04 | 1.3s
epoch  393 | loss 14.1255 | lr 2.14e-04 | 1.3s
epoch  394 | loss 14.2217 | lr 2.10e-04 | 1.3s
epoch  395 | loss 14.1620 | lr 2.06e-04 | 1.3s
epoch  396 | loss 14.2744 | lr 2.02e-04 | 1.3s
epoch  397 | loss 14.2568 | lr 1.98e-04 | 1.3s
epoch  398 | loss 14.2379 | lr 1.95e-04 | 1.3s
epoch  399 | loss 14.2534 | lr 1.91e-04 | 1.3s
epoch  400 | loss 14.2269 | lr 1.87e-04 | 1.3s
epoch  401 | loss 14.2356 | lr 1.84e-04 | 1.3s
epoch  402 | loss 14.2144 | lr 1.80e-04 | 1.3s
epoch  403 | loss 14.2273 | lr 1.76e-04 | 1.3s
epoch  404 | loss 14.2569 | lr 1.73e-04 | 1.3s
epoch  405 | loss 14.1785 | lr 1.69e-04 | 1.3s
epoch  406 | loss 14.2347 | lr 1.66e-04 | 1.3s
epoch  407 | loss 14.1644 | lr 1.62e-04 | 1.3s
epoch  408 | loss 14.2035 | lr 1.59e-04 | 1.3s
epoch  409 | loss 14.2062 | lr 1.56e-04 | 1.3s
epoch  410 | loss 14.2503 | lr 1.52e-04 | 1.3s
epoch  411 | loss 14.2093 | lr 1.49e-04 | 1.3s
epoch  412 | loss 14.2011 | lr 1.46e-04 | 1.3s
epoch  413 | loss 14.2165 | lr 1.42e-04 | 1.3s
epoch  414 | loss 14.2765 | lr 1.39e-04 | 1.3s
epoch  415 | loss 14.1950 | lr 1.36e-04 | 1.3s
epoch  416 | loss 14.1434 | lr 1.33e-04 | 1.3s
epoch  417 | loss 14.1694 | lr 1.30e-04 | 1.3s
epoch  418 | loss 14.1443 | lr 1.27e-04 | 1.3s
epoch  419 | loss 14.2563 | lr 1.24e-04 | 1.3s
epoch  420 | loss 14.3125 | lr 1.21e-04 | 1.3s
epoch  421 | loss 14.1834 | lr 1.18e-04 | 1.3s
epoch  422 | loss 14.1960 | lr 1.15e-04 | 1.3s
epoch  423 | loss 14.2182 | lr 1.12e-04 | 1.3s
epoch  424 | loss 14.1927 | lr 1.09e-04 | 1.3s
epoch  425 | loss 14.2546 | lr 1.06e-04 | 1.3s
epoch  426 | loss 14.2213 | lr 1.03e-04 | 1.3s
epoch  427 | loss 14.2607 | lr 1.01e-04 | 1.3s
epoch  428 | loss 14.1223 | lr 9.79e-05 | 1.3s
epoch  429 | loss 14.2005 | lr 9.52e-05 | 1.3s
epoch  430 | loss 14.2324 | lr 9.25e-05 | 1.3s
epoch  431 | loss 14.1966 | lr 8.99e-05 | 1.3s
epoch  432 | loss 14.1920 | lr 8.73e-05 | 1.3s
epoch  433 | loss 14.1457 | lr 8.48e-05 | 1.3s
epoch  434 | loss 14.2126 | lr 8.22e-05 | 1.3s
epoch  435 | loss 14.2491 | lr 7.98e-05 | 1.3s
epoch  436 | loss 14.1578 | lr 7.73e-05 | 1.3s
epoch  437 | loss 14.2081 | lr 7.49e-05 | 1.3s
epoch  438 | loss 14.1067 | lr 7.26e-05 | 1.3s
epoch  439 | loss 14.1840 | lr 7.02e-05 | 1.3s
epoch  440 | loss 14.2266 | lr 6.79e-05 | 1.3s
epoch  441 | loss 14.1940 | lr 6.57e-05 | 1.3s
epoch  442 | loss 14.2216 | lr 6.35e-05 | 1.3s
epoch  443 | loss 14.1960 | lr 6.13e-05 | 1.3s
epoch  444 | loss 14.1472 | lr 5.91e-05 | 1.3s
epoch  445 | loss 14.1767 | lr 5.70e-05 | 1.3s
epoch  446 | loss 14.1809 | lr 5.49e-05 | 1.3s
epoch  447 | loss 14.1763 | lr 5.29e-05 | 1.3s
epoch  448 | loss 14.2570 | lr 5.09e-05 | 1.3s
epoch  449 | loss 14.2486 | lr 4.89e-05 | 1.3s
epoch  450 | loss 14.2214 | lr 4.70e-05 | 1.3s
epoch  451 | loss 14.1347 | lr 4.51e-05 | 1.3s
epoch  452 | loss 14.1983 | lr 4.33e-05 | 1.3s
epoch  453 | loss 14.1958 | lr 4.15e-05 | 1.3s
epoch  454 | loss 14.2103 | lr 3.97e-05 | 1.3s
epoch  455 | loss 14.0395 | lr 3.80e-05 | 1.3s
epoch  456 | loss 14.2171 | lr 3.63e-05 | 1.3s
epoch  457 | loss 14.1908 | lr 3.46e-05 | 1.3s
epoch  458 | loss 14.2015 | lr 3.30e-05 | 1.3s
epoch  459 | loss 14.1272 | lr 3.14e-05 | 1.3s
epoch  460 | loss 14.2037 | lr 2.99e-05 | 1.3s
epoch  461 | loss 14.1565 | lr 2.84e-05 | 1.3s
epoch  462 | loss 14.1926 | lr 2.69e-05 | 1.3s
epoch  463 | loss 14.2636 | lr 2.55e-05 | 1.3s
epoch  464 | loss 14.2108 | lr 2.41e-05 | 1.3s
epoch  465 | loss 14.2278 | lr 2.27e-05 | 1.3s
epoch  466 | loss 14.2532 | lr 2.14e-05 | 1.3s
epoch  467 | loss 14.1954 | lr 2.01e-05 | 1.3s
epoch  468 | loss 14.1822 | lr 1.89e-05 | 1.3s
epoch  469 | loss 14.1781 | lr 1.77e-05 | 1.3s
epoch  470 | loss 14.1746 | lr 1.66e-05 | 1.3s
epoch  471 | loss 14.2434 | lr 1.54e-05 | 1.3s
epoch  472 | loss 14.2897 | lr 1.44e-05 | 1.3s
epoch  473 | loss 14.0714 | lr 1.33e-05 | 1.3s
epoch  474 | loss 14.2264 | lr 1.23e-05 | 1.3s
epoch  475 | loss 14.2371 | lr 1.13e-05 | 1.3s
epoch  476 | loss 14.2383 | lr 1.04e-05 | 1.3s
epoch  477 | loss 14.1633 | lr 9.54e-06 | 1.3s
epoch  478 | loss 14.2163 | lr 8.69e-06 | 1.3s
epoch  479 | loss 14.1682 | lr 7.89e-06 | 1.3s
epoch  480 | loss 14.1415 | lr 7.12e-06 | 1.3s
epoch  481 | loss 14.2424 | lr 6.39e-06 | 1.3s
epoch  482 | loss 14.1641 | lr 5.70e-06 | 1.3s
epoch  483 | loss 14.1657 | lr 5.05e-06 | 1.3s
epoch  484 | loss 14.2541 | lr 4.44e-06 | 1.3s
epoch  485 | loss 14.1697 | lr 3.87e-06 | 1.3s
epoch  486 | loss 14.1931 | lr 3.33e-06 | 1.3s
epoch  487 | loss 14.0921 | lr 2.84e-06 | 1.3s
epoch  488 | loss 14.1732 | lr 2.39e-06 | 1.3s
epoch  489 | loss 14.1639 | lr 1.97e-06 | 1.3s
epoch  490 | loss 14.1963 | lr 1.60e-06 | 1.3s
epoch  491 | loss 14.1927 | lr 1.26e-06 | 1.3s
epoch  492 | loss 14.1916 | lr 9.67e-07 | 1.3s
epoch  493 | loss 14.1569 | lr 7.11e-07 | 1.3s
epoch  494 | loss 14.1617 | lr 4.93e-07 | 1.3s
epoch  495 | loss 14.1625 | lr 3.16e-07 | 1.3s
epoch  496 | loss 14.2062 | lr 1.78e-07 | 1.3s
epoch  497 | loss 14.2423 | lr 7.90e-08 | 1.3s
epoch  498 | loss 14.1658 | lr 1.97e-08 | 1.3s
epoch  499 | loss 14.1975 | lr 0.00e+00 | 1.3s
final loss: 14.1975
