model params: 4,585,349
device: cuda
training: {'n_epochs': 500, 'samples_per_epoch': 1000000, 'batch_size': 16384, 'k_max': 30, 'lr': 0.002, 'weight_decay': 0.0, 'checkpoint_every_epochs': 100, 'n_back': 1, 'loss': 'mse', 'amp': True, 'compile_model': True, 'fused_optimizer': True, 'device': 'cuda', 'seed': 2}
epoch    0 | loss 63.3973 | lr 2.00e-03 | 2.9s
epoch    1 | loss 37.7995 | lr 2.00e-03 | 1.5s
epoch    2 | loss 25.7558 | lr 2.00e-03 | 1.4s
epoch    3 | loss 20.4849 | lr 2.00e-03 | 1.4s
epoch    4 | loss 18.7899 | lr 2.00e-03 | 1.4s
epoch    5 | loss 18.1684 | lr 2.00e-03 | 1.4s
epoch    6 | loss 18.2493 | lr 2.00e-03 | 1.4s
epoch    7 | loss 17.4902 | lr 2.00e-03 | 1.4s
epoch    8 | loss 17.2788 | lr 2.00e-03 | 1.3s
epoch    9 | loss 17.1658 | lr 2.00e-03 | 1.3s
epoch   10 | loss 17.0695 | lr 2.00e-03 | 1.3s
epoch   11 | loss 16.8376 | lr 2.00e-03 | 1.3s
epoch   12 | loss 16.8667 | lr 2.00e-03 | 1.3s
epoch   13 | loss 16.7610 | lr 2.00e-03 | 1.3s
epoch   14 | loss 16.6388 | lr 2.00e-03 | 1.3s
epoch   15 | loss 16.4734 | lr 1.99e-03 | 1.3s
epoch   16 | loss 16.4188 | lr 1.99e-03 | 1.3s
epoch   17 | loss 16.4172 | lr 1.99e-03 | 1.4s
epoch   18 | loss 16.3221 | lr 1.99e-03 | 1.3s
epoch   19 | loss 16.2603 | lr 1.99e-03 | 1.3s
epoch   20 | loss 16.2433 | lr 1.99e-03 | 1.3s
epoch   21 | loss 16.1842 | lr 1.99e-03 | 1.4s
epoch   22 | loss 16.1823 | lr 1.99e-03 | 1.4s
epoch   23 | loss 16.2115 | lr 1.99e-03 | 1.3s
epoch   24 | loss 16.0602 | lr 1.99e-03 | 1.3s
epoch   25 | loss 16.0269 | lr 1.99e-03 | 1.3s
epoch   26 | loss 15.9740 | lr 1.99e-03 | 1.4s
epoch   27 | loss 15.8957 | lr 1.98e-03 | 1.3s
epoch   28 | loss 15.8436 | lr 1.98e-03 | 1.3s
epoch   29 | loss 15.8701 | lr 1.98e-03 | 1.3s
epoch   30 | loss 15.8809 | lr 1.98e-03 | 1.3s
epoch   31 | loss 15.7870 | lr 1.98e-03 | 1.3s
epoch   32 | loss 15.9945 | lr 1.98e-03 | 1.3s
epoch   33 | loss 15.8555 | lr 1.98e-03 | 1.3s
epoch   34 | loss 15.8290 | lr 1.98e-03 | 1.4s
epoch   35 | loss 15.8936 | lr 1.97e-03 | 1.4s
epoch   36 | loss 15.8156 | lr 1.97e-03 | 1.6s
epoch   37 | loss 15.7877 | lr 1.97e-03 | 1.4s
epoch   38 | loss 15.7249 | lr 1.97e-03 | 1.4s
epoch   39 | loss 15.6501 | lr 1.97e-03 | 1.4s
epoch   40 | loss 15.6585 | lr 1.97e-03 | 1.4s
epoch   41 | loss 15.8445 | lr 1.97e-03 | 1.4s
epoch   42 | loss 15.5783 | lr 1.96e-03 | 1.3s
epoch   43 | loss 15.7549 | lr 1.96e-03 | 1.3s
epoch   44 | loss 15.8068 | lr 1.96e-03 | 1.3s
epoch   45 | loss 15.6905 | lr 1.96e-03 | 1.4s
epoch   46 | loss 15.5796 | lr 1.96e-03 | 1.3s
epoch   47 | loss 15.5679 | lr 1.95e-03 | 1.3s
epoch   48 | loss 15.5533 | lr 1.95e-03 | 1.3s
epoch   49 | loss 15.5780 | lr 1.95e-03 | 1.3s
epoch   50 | loss 15.5383 | lr 1.95e-03 | 1.3s
epoch   51 | loss 15.5979 | lr 1.95e-03 | 1.3s
epoch   52 | loss 15.4450 | lr 1.95e-03 | 1.3s
epoch   53 | loss 15.5459 | lr 1.94e-03 | 1.3s
epoch   54 | loss 15.4153 | lr 1.94e-03 | 1.3s
epoch   55 | loss 15.4798 | lr 1.94e-03 | 1.3s
epoch   56 | loss 15.5338 | lr 1.94e-03 | 1.3s
epoch   57 | loss 15.4266 | lr 1.93e-03 | 1.3s
epoch   58 | loss 15.6726 | lr 1.93e-03 | 1.3s
epoch   59 | loss 15.4249 | lr 1.93e-03 | 1.3s
epoch   60 | loss 15.4625 | lr 1.93e-03 | 1.3s
epoch   61 | loss 15.5439 | lr 1.93e-03 | 1.3s
epoch   62 | loss 15.5064 | lr 1.92e-03 | 1.3s
epoch   63 | loss 15.4715 | lr 1.92e-03 | 1.3s
epoch   64 | loss 15.4284 | lr 1.92e-03 | 1.3s
epoch   65 | loss 15.4899 | lr 1.92e-03 | 1.3s
epoch   66 | loss 15.4035 | lr 1.91e-03 | 1.3s
epoch   67 | loss 15.5446 | lr 1.91e-03 | 1.3s
epoch   68 | loss 15.3214 | lr 1.91e-03 | 1.3s
epoch   69 | loss 15.3932 | lr 1.90e-03 | 1.3s
epoch   70 | loss 15.4731 | lr 1.90e-03 | 1.3s
epoch   71 | loss 15.3321 | lr 1.90e-03 | 1.3s
epoch   72 | loss 15.4115 | lr 1.90e-03 | 1.3s
epoch   73 | loss 15.2961 | lr 1.89e-03 | 1.3s
epoch   74 | loss 15.3513 | lr 1.89e-03 | 1.3s
epoch   75 | loss 15.2802 | lr 1.89e-03 | 1.3s
epoch   76 | loss 15.4179 | lr 1.89e-03 | 1.3s
epoch   77 | loss 15.2898 | lr 1.88e-03 | 1.3s
epoch   78 | loss 15.2931 | lr 1.88e-03 | 1.3s
epoch   79 | loss 15.3174 | lr 1.88e-03 | 1.3s
epoch   80 | loss 15.2903 | lr 1.87e-03 | 1.3s
epoch   81 | loss 15.2508 | lr 1.87e-03 | 1.3s
epoch   82 | loss 15.1728 | lr 1.87e-03 | 1.3s
epoch   83 | loss 15.2589 | lr 1.86e-03 | 1.3s
epoch   84 | loss 15.2983 | lr 1.86e-03 | 1.3s
epoch   85 | loss 15.2199 | lr 1.86e-03 | 1.3s
epoch   86 | loss 15.2278 | lr 1.85e-03 | 1.3s
epoch   87 | loss 15.2361 | lr 1.85e-03 | 1.3s
epoch   88 | loss 15.1470 | lr 1.85e-03 | 1.3s
epoch   89 | loss 15.2556 | lr 1.84e-03 | 1.3s
epoch   90 | loss 15.2394 | lr 1.84e-03 | 1.3s
epoch   91 | loss 15.2894 | lr 1.84e-03 | 1.3s
epoch   92 | loss 15.2218 | lr 1.83e-03 | 1.3s
epoch   93 | loss 15.1108 | lr 1.83e-03 | 1.3s
epoch   94 | loss 15.2987 | lr 1.83e-03 | 1.3s
epoch   95 | loss 15.2974 | lr 1.82e-03 | 1.3s
epoch   96 | loss 15.1307 | lr 1.82e-03 | 1.3s
epoch   97 | loss 15.2116 | lr 1.82e-03 | 1.3s
epoch   98 | loss 15.2025 | lr 1.81e-03 | 1.3s
epoch   99 | loss 15.2616 | lr 1.81e-03 | 1.3s
epoch  100 | loss 15.2530 | lr 1.81e-03 | 1.3s
epoch  101 | loss 15.1140 | lr 1.80e-03 | 1.3s
epoch  102 | loss 15.1450 | lr 1.80e-03 | 1.3s
epoch  103 | loss 15.0958 | lr 1.79e-03 | 1.3s
epoch  104 | loss 15.1443 | lr 1.79e-03 | 1.3s
epoch  105 | loss 15.0256 | lr 1.79e-03 | 1.3s
epoch  106 | loss 15.1336 | lr 1.78e-03 | 1.3s
epoch  107 | loss 15.1150 | lr 1.78e-03 | 1.3s
epoch  108 | loss 15.2485 | lr 1.77e-03 | 1.3s
epoch  109 | loss 15.2381 | lr 1.77e-03 | 1.3s
epoch  110 | loss 15.0641 | lr 1.77e-03 | 1.3s
epoch  111 | loss 15.1256 | lr 1.76e-03 | 1.3s
epoch  112 | loss 15.0996 | lr 1.76e-03 | 1.3s
epoch  113 | loss 15.1831 | lr 1.75e-03 | 1.3s
epoch  114 | loss 15.1144 | lr 1.75e-03 | 1.3s
epoch  115 | loss 15.0411 | lr 1.75e-03 | 1.3s
epoch  116 | loss 15.1265 | lr 1.74e-03 | 1.4s
epoch  117 | loss 15.0411 | lr 1.74e-03 | 1.3s
epoch  118 | loss 15.1547 | lr 1.73e-03 | 1.3s
epoch  119 | loss 15.0438 | lr 1.73e-03 | 1.3s
epoch  120 | loss 15.1208 | lr 1.72e-03 | 1.3s
epoch  121 | loss 15.0279 | lr 1.72e-03 | 1.3s
epoch  122 | loss 15.0138 | lr 1.72e-03 | 1.3s
epoch  123 | loss 15.0279 | lr 1.71e-03 | 1.3s
epoch  124 | loss 15.0303 | lr 1.71e-03 | 1.3s
epoch  125 | loss 15.0855 | lr 1.70e-03 | 1.3s
epoch  126 | loss 15.0299 | lr 1.70e-03 | 1.3s
epoch  127 | loss 15.0194 | lr 1.69e-03 | 1.3s
epoch  128 | loss 14.9989 | lr 1.69e-03 | 1.7s
epoch  129 | loss 15.1384 | lr 1.68e-03 | 1.8s
epoch  130 | loss 14.9794 | lr 1.68e-03 | 1.7s
epoch  131 | loss 15.0344 | lr 1.68e-03 | 1.7s
epoch  132 | loss 14.9632 | lr 1.67e-03 | 1.5s
epoch  133 | loss 15.0105 | lr 1.67e-03 | 1.6s
epoch  134 | loss 15.0035 | lr 1.66e-03 | 1.5s
epoch  135 | loss 15.0783 | lr 1.66e-03 | 1.4s
epoch  136 | loss 14.8941 | lr 1.65e-03 | 1.4s
epoch  137 | loss 15.0389 | lr 1.65e-03 | 1.4s
epoch  138 | loss 14.9643 | lr 1.64e-03 | 1.5s
epoch  139 | loss 15.0343 | lr 1.64e-03 | 1.5s
epoch  140 | loss 14.9736 | lr 1.63e-03 | 1.5s
epoch  141 | loss 14.9359 | lr 1.63e-03 | 1.4s
epoch  142 | loss 15.0241 | lr 1.62e-03 | 1.4s
epoch  143 | loss 15.0526 | lr 1.62e-03 | 1.4s
epoch  144 | loss 14.8628 | lr 1.61e-03 | 1.4s
epoch  145 | loss 14.9778 | lr 1.61e-03 | 1.4s
epoch  146 | loss 15.0082 | lr 1.60e-03 | 1.4s
epoch  147 | loss 14.9464 | lr 1.60e-03 | 1.4s
epoch  148 | loss 15.0114 | lr 1.59e-03 | 1.4s
epoch  149 | loss 14.9293 | lr 1.59e-03 | 1.4s
epoch  150 | loss 15.0130 | lr 1.58e-03 | 1.4s
epoch  151 | loss 15.0055 | lr 1.58e-03 | 1.4s
epoch  152 | loss 14.8353 | lr 1.57e-03 | 1.4s
epoch  153 | loss 14.8897 | lr 1.57e-03 | 1.4s
epoch  154 | loss 14.9191 | lr 1.56e-03 | 1.5s
epoch  155 | loss 14.8803 | lr 1.56e-03 | 1.5s
epoch  156 | loss 14.9333 | lr 1.55e-03 | 1.4s
epoch  157 | loss 14.8468 | lr 1.55e-03 | 1.4s
epoch  158 | loss 14.8752 | lr 1.54e-03 | 1.4s
epoch  159 | loss 14.9512 | lr 1.54e-03 | 1.5s
epoch  160 | loss 14.8413 | lr 1.53e-03 | 1.5s
epoch  161 | loss 14.9270 | lr 1.53e-03 | 1.4s
epoch  162 | loss 14.9529 | lr 1.52e-03 | 1.4s
epoch  163 | loss 14.9438 | lr 1.51e-03 | 1.3s
epoch  164 | loss 14.9022 | lr 1.51e-03 | 1.3s
epoch  165 | loss 14.8674 | lr 1.50e-03 | 1.4s
epoch  166 | loss 14.8574 | lr 1.50e-03 | 1.5s
epoch  167 | loss 14.8412 | lr 1.49e-03 | 1.6s
epoch  168 | loss 14.8689 | lr 1.49e-03 | 1.4s
epoch  169 | loss 14.7822 | lr 1.48e-03 | 1.4s
epoch  170 | loss 14.8157 | lr 1.48e-03 | 1.4s
epoch  171 | loss 14.8474 | lr 1.47e-03 | 1.4s
epoch  172 | loss 14.8687 | lr 1.47e-03 | 1.5s
epoch  173 | loss 14.7914 | lr 1.46e-03 | 1.5s
epoch  174 | loss 14.9221 | lr 1.45e-03 | 1.4s
epoch  175 | loss 14.8564 | lr 1.45e-03 | 1.4s
epoch  176 | loss 14.6886 | lr 1.44e-03 | 1.4s
epoch  177 | loss 14.8502 | lr 1.44e-03 | 1.4s
epoch  178 | loss 14.8651 | lr 1.43e-03 | 1.5s
epoch  179 | loss 14.8181 | lr 1.43e-03 | 1.5s
epoch  180 | loss 14.7240 | lr 1.42e-03 | 1.4s
epoch  181 | loss 14.8226 | lr 1.41e-03 | 1.5s
epoch  182 | loss 14.7768 | lr 1.41e-03 | 1.4s
epoch  183 | loss 14.8246 | lr 1.40e-03 | 1.4s
epoch  184 | loss 14.8181 | lr 1.40e-03 | 1.4s
epoch  185 | loss 14.8059 | lr 1.39e-03 | 1.4s
epoch  186 | loss 14.6964 | lr 1.39e-03 | 1.3s
epoch  187 | loss 14.7819 | lr 1.38e-03 | 1.3s
epoch  188 | loss 14.8097 | lr 1.37e-03 | 1.3s
epoch  189 | loss 14.7766 | lr 1.37e-03 | 1.4s
epoch  190 | loss 14.8888 | lr 1.36e-03 | 1.5s
epoch  191 | loss 14.8072 | lr 1.36e-03 | 1.4s
epoch  192 | loss 14.7412 | lr 1.35e-03 | 1.4s
epoch  193 | loss 14.8545 | lr 1.34e-03 | 1.4s
epoch  194 | loss 14.7427 | lr 1.34e-03 | 1.4s
epoch  195 | loss 14.8023 | lr 1.33e-03 | 1.4s
epoch  196 | loss 14.7150 | lr 1.33e-03 | 1.4s
epoch  197 | loss 14.7051 | lr 1.32e-03 | 1.4s
epoch  198 | loss 14.7972 | lr 1.31e-03 | 1.5s
epoch  199 | loss 14.7698 | lr 1.31e-03 | 1.4s
epoch  200 | loss 14.7653 | lr 1.30e-03 | 1.4s
epoch  201 | loss 14.7183 | lr 1.30e-03 | 1.4s
epoch  202 | loss 14.7883 | lr 1.29e-03 | 1.4s
epoch  203 | loss 14.8246 | lr 1.29e-03 | 1.6s
epoch  204 | loss 14.7621 | lr 1.28e-03 | 1.5s
epoch  205 | loss 14.7441 | lr 1.27e-03 | 1.4s
epoch  206 | loss 14.7336 | lr 1.27e-03 | 1.5s
epoch  207 | loss 14.6904 | lr 1.26e-03 | 1.5s
epoch  208 | loss 14.6980 | lr 1.25e-03 | 1.5s
epoch  209 | loss 14.7472 | lr 1.25e-03 | 1.4s
epoch  210 | loss 14.7689 | lr 1.24e-03 | 1.5s
epoch  211 | loss 14.6540 | lr 1.24e-03 | 1.5s
epoch  212 | loss 14.7051 | lr 1.23e-03 | 1.5s
epoch  213 | loss 14.6331 | lr 1.22e-03 | 1.4s
epoch  214 | loss 14.6040 | lr 1.22e-03 | 1.4s
epoch  215 | loss 14.7460 | lr 1.21e-03 | 1.4s
epoch  216 | loss 14.7580 | lr 1.21e-03 | 1.4s
epoch  217 | loss 14.6877 | lr 1.20e-03 | 1.4s
epoch  218 | loss 14.6906 | lr 1.19e-03 | 1.4s
epoch  219 | loss 14.6327 | lr 1.19e-03 | 1.4s
epoch  220 | loss 14.6407 | lr 1.18e-03 | 1.4s
epoch  221 | loss 14.6854 | lr 1.18e-03 | 1.4s
epoch  222 | loss 14.7286 | lr 1.17e-03 | 1.4s
epoch  223 | loss 14.6331 | lr 1.16e-03 | 1.4s
epoch  224 | loss 14.6032 | lr 1.16e-03 | 1.4s
epoch  225 | loss 14.6504 | lr 1.15e-03 | 1.4s
epoch  226 | loss 14.5796 | lr 1.14e-03 | 1.4s
epoch  227 | loss 14.6293 | lr 1.14e-03 | 1.4s
epoch  228 | loss 14.6711 | lr 1.13e-03 | 1.4s
epoch  229 | loss 14.5619 | lr 1.13e-03 | 1.4s
epoch  230 | loss 14.5619 | lr 1.12e-03 | 1.4s
epoch  231 | loss 14.6155 | lr 1.11e-03 | 1.3s
epoch  232 | loss 14.6245 | lr 1.11e-03 | 1.3s
epoch  233 | loss 14.6817 | lr 1.10e-03 | 1.4s
epoch  234 | loss 14.6356 | lr 1.09e-03 | 1.4s
epoch  235 | loss 14.6727 | lr 1.09e-03 | 1.4s
epoch  236 | loss 14.6794 | lr 1.08e-03 | 1.4s
epoch  237 | loss 14.5732 | lr 1.08e-03 | 1.4s
epoch  238 | loss 14.5802 | lr 1.07e-03 | 1.4s
epoch  239 | loss 14.6199 | lr 1.06e-03 | 1.4s
epoch  240 | loss 14.6848 | lr 1.06e-03 | 1.4s
epoch  241 | loss 14.6426 | lr 1.05e-03 | 1.3s
epoch  242 | loss 14.5662 | lr 1.04e-03 | 1.4s
epoch  243 | loss 14.5275 | lr 1.04e-03 | 1.4s
epoch  244 | loss 14.5905 | lr 1.03e-03 | 1.4s
epoch  245 | loss 14.5843 | lr 1.03e-03 | 1.3s
epoch  246 | loss 14.6343 | lr 1.02e-03 | 1.3s
epoch  247 | loss 14.6454 | lr 1.01e-03 | 1.3s
epoch  248 | loss 14.6014 | lr 1.01e-03 | 1.3s
epoch  249 | loss 14.4902 | lr 1.00e-03 | 1.3s
epoch  250 | loss 14.5225 | lr 9.94e-04 | 1.3s
epoch  251 | loss 14.5973 | lr 9.87e-04 | 1.3s
epoch  252 | loss 14.5612 | lr 9.81e-04 | 1.3s
epoch  253 | loss 14.6145 | lr 9.75e-04 | 1.3s
epoch  254 | loss 14.5634 | lr 9.69e-04 | 1.3s
epoch  255 | loss 14.5216 | lr 9.62e-04 | 1.3s
epoch  256 | loss 14.4704 | lr 9.56e-04 | 1.3s
epoch  257 | loss 14.5791 | lr 9.50e-04 | 1.3s
epoch  258 | loss 14.4974 | lr 9.43e-04 | 1.3s
epoch  259 | loss 14.5038 | lr 9.37e-04 | 1.3s
epoch  260 | loss 14.5321 | lr 9.31e-04 | 1.3s
epoch  261 | loss 14.6077 | lr 9.25e-04 | 1.3s
epoch  262 | loss 14.6707 | lr 9.18e-04 | 1.3s
epoch  263 | loss 14.5472 | lr 9.12e-04 | 1.3s
epoch  264 | loss 14.5894 | lr 9.06e-04 | 1.3s
epoch  265 | loss 14.4728 | lr 9.00e-04 | 1.3s
epoch  266 | loss 14.5138 | lr 8.93e-04 | 1.3s
epoch  267 | loss 14.5226 | lr 8.87e-04 | 1.3s
epoch  268 | loss 14.4948 | lr 8.81e-04 | 1.3s
epoch  269 | loss 14.4872 | lr 8.75e-04 | 1.3s
epoch  270 | loss 14.4859 | lr 8.68e-04 | 1.3s
epoch  271 | loss 14.4861 | lr 8.62e-04 | 1.3s
epoch  272 | loss 14.4952 | lr 8.56e-04 | 1.3s
epoch  273 | loss 14.4863 | lr 8.50e-04 | 1.3s
epoch  274 | loss 14.5642 | lr 8.44e-04 | 1.3s
epoch  275 | loss 14.4386 | lr 8.37e-04 | 1.3s
epoch  276 | loss 14.4668 | lr 8.31e-04 | 1.3s
epoch  277 | loss 14.5613 | lr 8.25e-04 | 1.3s
epoch  278 | loss 14.5038 | lr 8.19e-04 | 1.3s
epoch  279 | loss 14.4998 | lr 8.13e-04 | 1.3s
epoch  280 | loss 14.5164 | lr 8.06e-04 | 1.3s
epoch  281 | loss 14.5242 | lr 8.00e-04 | 1.3s
epoch  282 | loss 14.5081 | lr 7.94e-04 | 1.3s
epoch  283 | loss 14.5290 | lr 7.88e-04 | 1.3s
epoch  284 | loss 14.3960 | lr 7.82e-04 | 1.3s
epoch  285 | loss 14.4613 | lr 7.76e-04 | 1.3s
epoch  286 | loss 14.4085 | lr 7.70e-04 | 1.3s
epoch  287 | loss 14.4624 | lr 7.64e-04 | 1.3s
epoch  288 | loss 14.4374 | lr 7.57e-04 | 1.3s
epoch  289 | loss 14.4908 | lr 7.51e-04 | 1.3s
epoch  290 | loss 14.4909 | lr 7.45e-04 | 1.3s
epoch  291 | loss 14.4512 | lr 7.39e-04 | 1.3s
epoch  292 | loss 14.5297 | lr 7.33e-04 | 1.3s
epoch  293 | loss 14.4505 | lr 7.27e-04 | 1.3s
epoch  294 | loss 14.5374 | lr 7.21e-04 | 1.3s
epoch  295 | loss 14.3381 | lr 7.15e-04 | 1.3s
epoch  296 | loss 14.5091 | lr 7.09e-04 | 1.3s
epoch  297 | loss 14.4881 | lr 7.03e-04 | 1.3s
epoch  298 | loss 14.5103 | lr 6.97e-04 | 1.3s
epoch  299 | loss 14.4514 | lr 6.91e-04 | 1.3s
epoch  300 | loss 14.4545 | lr 6.85e-04 | 1.3s
epoch  301 | loss 14.4623 | lr 6.79e-04 | 1.3s
epoch  302 | loss 14.5256 | lr 6.73e-04 | 1.3s
epoch  303 | loss 14.4622 | lr 6.67e-04 | 1.5s
epoch  304 | loss 14.5754 | lr 6.61e-04 | 1.9s
epoch  305 | loss 14.4522 | lr 6.55e-04 | 2.3s
epoch  306 | loss 14.3130 | lr 6.49e-04 | 2.3s
epoch  307 | loss 14.3813 | lr 6.44e-04 | 1.6s
epoch  308 | loss 14.3750 | lr 6.38e-04 | 1.4s
epoch  309 | loss 14.4247 | lr 6.32e-04 | 1.6s
epoch  310 | loss 14.4091 | lr 6.26e-04 | 1.5s
epoch  311 | loss 14.4753 | lr 6.20e-04 | 1.5s
epoch  312 | loss 14.3462 | lr 6.14e-04 | 1.6s
epoch  313 | loss 14.5087 | lr 6.09e-04 | 1.5s
epoch  314 | loss 14.3726 | lr 6.03e-04 | 1.4s
epoch  315 | loss 14.3786 | lr 5.97e-04 | 1.4s
epoch  316 | loss 14.4231 | lr 5.91e-04 | 1.4s
epoch  317 | loss 14.4546 | lr 5.86e-04 | 1.4s
epoch  318 | loss 14.4275 | lr 5.80e-04 | 1.3s
epoch  319 | loss 14.3379 | lr 5.74e-04 | 1.3s
epoch  320 | loss 14.4176 | lr 5.69e-04 | 1.3s
epoch  321 | loss 14.3475 | lr 5.63e-04 | 1.3s
epoch  322 | loss 14.3863 | lr 5.57e-04 | 1.3s
epoch  323 | loss 14.4161 | lr 5.52e-04 | 1.4s
epoch  324 | loss 14.3335 | lr 5.46e-04 | 1.4s
epoch  325 | loss 14.3199 | lr 5.40e-04 | 1.3s
epoch  326 | loss 14.3182 | lr 5.35e-04 | 1.3s
epoch  327 | loss 14.3489 | lr 5.29e-04 | 1.4s
epoch  328 | loss 14.3959 | lr 5.24e-04 | 1.3s
epoch  329 | loss 14.4410 | lr 5.18e-04 | 1.3s
epoch  330 | loss 14.4256 | lr 5.13e-04 | 1.3s
epoch  331 | loss 14.3549 | lr 5.07e-04 | 1.3s
epoch  332 | loss 14.4267 | lr 5.02e-04 | 1.3s
epoch  333 | loss 14.3919 | lr 4.96e-04 | 1.3s
epoch  334 | loss 14.4290 | lr 4.91e-04 | 1.3s
epoch  335 | loss 14.3139 | lr 4.86e-04 | 1.3s
epoch  336 | loss 14.4552 | lr 4.80e-04 | 1.3s
epoch  337 | loss 14.4434 | lr 4.75e-04 | 1.3s
epoch  338 | loss 14.3473 | lr 4.69e-04 | 1.3s
epoch  339 | loss 14.3213 | lr 4.64e-04 | 1.3s
epoch  340 | loss 14.3300 | lr 4.59e-04 | 1.3s
epoch  341 | loss 14.3917 | lr 4.54e-04 | 1.3s
epoch  342 | loss 14.3028 | lr 4.48e-04 | 1.3s
epoch  343 | loss 14.3305 | lr 4.43e-04 | 1.3s
epoch  344 | loss 14.3564 | lr 4.38e-04 | 1.3s
epoch  345 | loss 14.3909 | lr 4.33e-04 | 1.3s
epoch  346 | loss 14.2479 | lr 4.28e-04 | 1.3s
epoch  347 | loss 14.3844 | lr 4.22e-04 | 1.3s
epoch  348 | loss 14.3130 | lr 4.17e-04 | 1.3s
epoch  349 | loss 14.4125 | lr 4.12e-04 | 1.3s
epoch  350 | loss 14.2982 | lr 4.07e-04 | 1.3s
epoch  351 | loss 14.3992 | lr 4.02e-04 | 1.3s
epoch  352 | loss 14.4153 | lr 3.97e-04 | 1.3s
epoch  353 | loss 14.3379 | lr 3.92e-04 | 1.3s
epoch  354 | loss 14.2343 | lr 3.87e-04 | 1.3s
epoch  355 | loss 14.3803 | lr 3.82e-04 | 1.3s
epoch  356 | loss 14.3243 | lr 3.77e-04 | 1.3s
epoch  357 | loss 14.3247 | lr 3.72e-04 | 1.3s
epoch  358 | loss 14.3504 | lr 3.67e-04 | 1.3s
epoch  359 | loss 14.3376 | lr 3.63e-04 | 1.3s
epoch  360 | loss 14.3603 | lr 3.58e-04 | 1.3s
epoch  361 | loss 14.2412 | lr 3.53e-04 | 1.3s
epoch  362 | loss 14.3385 | lr 3.48e-04 | 1.3s
epoch  363 | loss 14.2291 | lr 3.43e-04 | 1.3s
epoch  364 | loss 14.3585 | lr 3.39e-04 | 1.3s
epoch  365 | loss 14.3395 | lr 3.34e-04 | 1.3s
epoch  366 | loss 14.2630 | lr 3.29e-04 | 1.3s
epoch  367 | loss 14.3067 | lr 3.25e-04 | 1.3s
epoch  368 | loss 14.3556 | lr 3.20e-04 | 1.3s
epoch  369 | loss 14.3062 | lr 3.15e-04 | 1.3s
epoch  370 | loss 14.2759 | lr 3.11e-04 | 1.3s
epoch  371 | loss 14.3143 | lr 3.06e-04 | 1.3s
epoch  372 | loss 14.2883 | lr 3.02e-04 | 1.3s
epoch  373 | loss 14.1837 | lr 2.97e-04 | 1.3s
epoch  374 | loss 14.3665 | lr 2.93e-04 | 1.3s
epoch  375 | loss 14.2803 | lr 2.88e-04 | 1.3s
epoch  376 | loss 14.2850 | lr 2.84e-04 | 1.3s
epoch  377 | loss 14.2402 | lr 2.80e-04 | 1.3s
epoch  378 | loss 14.2589 | lr 2.75e-04 | 1.3s
epoch  379 | loss 14.2427 | lr 2.71e-04 | 1.3s
epoch  380 | loss 14.2462 | lr 2.67e-04 | 1.3s
epoch  381 | loss 14.2236 | lr 2.62e-04 | 1.3s
epoch  382 | loss 14.2169 | lr 2.58e-04 | 1.3s
epoch  383 | loss 14.2392 | lr 2.54e-04 | 1.3s
epoch  384 | loss 14.2749 | lr 2.50e-04 | 1.3s
epoch  385 | loss 14.2834 | lr 2.46e-04 | 1.3s
epoch  386 | loss 14.3672 | lr 2.42e-04 | 1.3s
epoch  387 | loss 14.1834 | lr 2.38e-04 | 1.3s
epoch  388 | loss 14.2893 | lr 2.34e-04 | 1.3s
epoch  389 | loss 14.2943 | lr 2.29e-04 | 1.3s
epoch  390 | loss 14.2563 | lr 2.25e-04 | 1.3s
epoch  391 | loss 14.3225 | lr 2.22e-04 | 1.3s
epoch  392 | loss 14.1767 | lr 2.18e-04 | 1.3s
epoch  393 | loss 14.3356 | lr 2.14e-04 | 1.3s
epoch  394 | loss 14.1421 | lr 2.10e-04 | 1.3s
epoch  395 | loss 14.2366 | lr 2.06e-04 | 1.3s
epoch  396 | loss 14.2145 | lr 2.02e-04 | 1.3s
epoch  397 | loss 14.2925 | lr 1.98e-04 | 1.3s
epoch  398 | loss 14.3035 | lr 1.95e-04 | 1.3s
epoch  399 | loss 14.2544 | lr 1.91e-04 | 1.3s
epoch  400 | loss 14.3086 | lr 1.87e-04 | 1.3s
epoch  401 | loss 14.2099 | lr 1.84e-04 | 1.3s
epoch  402 | loss 14.2955 | lr 1.80e-04 | 1.3s
epoch  403 | loss 14.2351 | lr 1.76e-04 | 1.3s
epoch  404 | loss 14.2601 | lr 1.73e-04 | 1.3s
epoch  405 | loss 14.2698 | lr 1.69e-04 | 1.3s
epoch  406 | loss 14.1878 | lr 1.66e-04 | 1.3s
epoch  407 | loss 14.2106 | lr 1.62e-04 | 1.3s
epoch  408 | loss 14.1930 | lr 1.59e-04 | 1.3s
epoch  409 | loss 14.2543 | lr 1.56e-04 | 1.3s
epoch  410 | loss 14.2663 | lr 1.52e-04 | 1.3s
epoch  411 | loss 14.3064 | lr 1.49e-04 | 1.3s
epoch  412 | loss 14.2461 | lr 1.46e-04 | 1.3s
epoch  413 | loss 14.2288 | lr 1.42e-04 | 1.3s
epoch  414 | loss 14.2373 | lr 1.39e-04 | 1.3s
epoch  415 | loss 14.3392 | lr 1.36e-04 | 1.3s
epoch  416 | loss 14.2587 | lr 1.33e-04 | 1.3s
epoch  417 | loss 14.2204 | lr 1.30e-04 | 1.3s
epoch  418 | loss 14.2151 | lr 1.27e-04 | 1.3s
epoch  419 | loss 14.1759 | lr 1.24e-04 | 1.3s
epoch  420 | loss 14.2920 | lr 1.21e-04 | 1.3s
epoch  421 | loss 14.3365 | lr 1.18e-04 | 1.3s
epoch  422 | loss 14.2138 | lr 1.15e-04 | 1.3s
epoch  423 | loss 14.2151 | lr 1.12e-04 | 1.3s
epoch  424 | loss 14.2332 | lr 1.09e-04 | 1.3s
epoch  425 | loss 14.2322 | lr 1.06e-04 | 1.3s
epoch  426 | loss 14.3335 | lr 1.03e-04 | 1.3s
epoch  427 | loss 14.2678 | lr 1.01e-04 | 1.3s
epoch  428 | loss 14.2592 | lr 9.79e-05 | 1.3s
epoch  429 | loss 14.1623 | lr 9.52e-05 | 1.3s
epoch  430 | loss 14.2512 | lr 9.25e-05 | 1.3s
epoch  431 | loss 14.2652 | lr 8.99e-05 | 1.3s
epoch  432 | loss 14.2234 | lr 8.73e-05 | 1.3s
epoch  433 | loss 14.1778 | lr 8.48e-05 | 1.3s
epoch  434 | loss 14.1636 | lr 8.22e-05 | 1.3s
epoch  435 | loss 14.2284 | lr 7.98e-05 | 1.3s
epoch  436 | loss 14.2720 | lr 7.73e-05 | 1.3s
epoch  437 | loss 14.1684 | lr 7.49e-05 | 1.3s
epoch  438 | loss 14.1926 | lr 7.26e-05 | 1.3s
epoch  439 | loss 14.1172 | lr 7.02e-05 | 1.3s
epoch  440 | loss 14.2174 | lr 6.79e-05 | 1.3s
epoch  441 | loss 14.2786 | lr 6.57e-05 | 1.3s
epoch  442 | loss 14.2402 | lr 6.35e-05 | 1.3s
epoch  443 | loss 14.2659 | lr 6.13e-05 | 1.3s
epoch  444 | loss 14.2036 | lr 5.91e-05 | 1.3s
epoch  445 | loss 14.2509 | lr 5.70e-05 | 1.3s
epoch  446 | loss 14.1954 | lr 5.49e-05 | 1.3s
epoch  447 | loss 14.2491 | lr 5.29e-05 | 1.3s
epoch  448 | loss 14.1811 | lr 5.09e-05 | 1.3s
epoch  449 | loss 14.2770 | lr 4.89e-05 | 1.3s
epoch  450 | loss 14.2469 | lr 4.70e-05 | 1.3s
epoch  451 | loss 14.2459 | lr 4.51e-05 | 1.3s
epoch  452 | loss 14.1498 | lr 4.33e-05 | 1.3s
epoch  453 | loss 14.2269 | lr 4.15e-05 | 1.3s
epoch  454 | loss 14.2051 | lr 3.97e-05 | 1.3s
epoch  455 | loss 14.1744 | lr 3.80e-05 | 1.3s
epoch  456 | loss 14.0873 | lr 3.63e-05 | 1.3s
epoch  457 | loss 14.2384 | lr 3.46e-05 | 1.3s
epoch  458 | loss 14.2154 | lr 3.30e-05 | 1.3s
epoch  459 | loss 14.2040 | lr 3.14e-05 | 1.3s
epoch  460 | loss 14.1425 | lr 2.99e-05 | 1.3s
epoch  461 | loss 14.2421 | lr 2.84e-05 | 1.3s
epoch  462 | loss 14.1803 | lr 2.69e-05 | 1.3s
epoch  463 | loss 14.2130 | lr 2.55e-05 | 1.3s
epoch  464 | loss 14.2766 | lr 2.41e-05 | 1.3s
epoch  465 | loss 14.2302 | lr 2.27e-05 | 1.3s
epoch  466 | loss 14.2237 | lr 2.14e-05 | 1.3s
epoch  467 | loss 14.2650 | lr 2.01e-05 | 1.3s
epoch  468 | loss 14.1795 | lr 1.89e-05 | 1.3s
epoch  469 | loss 14.2010 | lr 1.77e-05 | 1.3s
epoch  470 | loss 14.1565 | lr 1.66e-05 | 1.3s
epoch  471 | loss 14.1963 | lr 1.54e-05 | 1.3s
epoch  472 | loss 14.2579 | lr 1.44e-05 | 1.3s
epoch  473 | loss 14.2961 | lr 1.33e-05 | 1.3s
epoch  474 | loss 14.1385 | lr 1.23e-05 | 1.3s
epoch  475 | loss 14.2723 | lr 1.13e-05 | 1.3s
epoch  476 | loss 14.2553 | lr 1.04e-05 | 1.3s
epoch  477 | loss 14.2882 | lr 9.54e-06 | 1.3s
epoch  478 | loss 14.1918 | lr 8.69e-06 | 1.3s
epoch  479 | loss 14.2871 | lr 7.89e-06 | 1.3s
epoch  480 | loss 14.1875 | lr 7.12e-06 | 1.3s
epoch  481 | loss 14.1661 | lr 6.39e-06 | 1.3s
epoch  482 | loss 14.2388 | lr 5.70e-06 | 1.3s
epoch  483 | loss 14.2081 | lr 5.05e-06 | 1.3s
epoch  484 | loss 14.1921 | lr 4.44e-06 | 1.3s
epoch  485 | loss 14.2589 | lr 3.87e-06 | 1.3s
epoch  486 | loss 14.1907 | lr 3.33e-06 | 1.3s
epoch  487 | loss 14.1959 | lr 2.84e-06 | 1.3s
epoch  488 | loss 14.1604 | lr 2.39e-06 | 1.3s
epoch  489 | loss 14.1806 | lr 1.97e-06 | 1.3s
epoch  490 | loss 14.2105 | lr 1.60e-06 | 1.3s
epoch  491 | loss 14.2319 | lr 1.26e-06 | 1.3s
epoch  492 | loss 14.2327 | lr 9.67e-07 | 1.3s
epoch  493 | loss 14.2215 | lr 7.11e-07 | 1.3s
epoch  494 | loss 14.1955 | lr 4.93e-07 | 1.3s
epoch  495 | loss 14.1978 | lr 3.16e-07 | 1.3s
epoch  496 | loss 14.2450 | lr 1.78e-07 | 1.3s
epoch  497 | loss 14.2072 | lr 7.90e-08 | 1.3s
epoch  498 | loss 14.3008 | lr 1.97e-08 | 1.3s
epoch  499 | loss 14.2099 | lr 0.00e+00 | 1.3s
final loss: 14.2099
