model params: 4,585,349
device: cuda
training: {'n_epochs': 500, 'samples_per_epoch': 1000000, 'batch_size': 16384, 'k_max': 30, 'lr': 0.002, 'weight_decay': 0.0, 'checkpoint_every_epochs': 25, 'n_back': 1, 'loss': 'mse', 'amp': True, 'compile_model': True, 'fused_optimizer': True, 'device': 'cuda', 'seed': 0}
epoch    0 | loss 61.5899 | lr 2.00e-03 | 56.1s
epoch    1 | loss 34.9474 | lr 2.00e-03 | 1.3s
epoch    2 | loss 22.1531 | lr 2.00e-03 | 1.5s
epoch    3 | loss 19.4736 | lr 2.00e-03 | 1.5s
epoch    4 | loss 18.5750 | lr 2.00e-03 | 1.4s
epoch    5 | loss 18.0474 | lr 2.00e-03 | 1.4s
epoch    6 | loss 17.3986 | lr 2.00e-03 | 1.4s
epoch    7 | loss 17.3284 | lr 2.00e-03 | 1.5s
epoch    8 | loss 17.0060 | lr 2.00e-03 | 1.5s
epoch    9 | loss 17.1370 | lr 2.00e-03 | 1.4s
epoch   10 | loss 16.8480 | lr 2.00e-03 | 1.5s
epoch   11 | loss 16.6439 | lr 2.00e-03 | 1.5s
epoch   12 | loss 16.5236 | lr 2.00e-03 | 1.5s
epoch   13 | loss 16.4539 | lr 2.00e-03 | 1.5s
epoch   14 | loss 16.5525 | lr 2.00e-03 | 1.4s
epoch   15 | loss 16.4086 | lr 1.99e-03 | 1.5s
epoch   16 | loss 16.2987 | lr 1.99e-03 | 1.4s
epoch   17 | loss 16.1921 | lr 1.99e-03 | 1.3s
epoch   18 | loss 16.1631 | lr 1.99e-03 | 1.4s
epoch   19 | loss 16.1820 | lr 1.99e-03 | 1.5s
epoch   20 | loss 16.1299 | lr 1.99e-03 | 1.4s
epoch   21 | loss 16.0111 | lr 1.99e-03 | 1.4s
epoch   22 | loss 16.0152 | lr 1.99e-03 | 1.3s
epoch   23 | loss 15.9448 | lr 1.99e-03 | 1.4s
epoch   24 | loss 15.9490 | lr 1.99e-03 | 1.5s
epoch   25 | loss 15.9679 | lr 1.99e-03 | 1.5s
epoch   26 | loss 15.8300 | lr 1.99e-03 | 1.6s
epoch   27 | loss 15.7859 | lr 1.98e-03 | 1.5s
epoch   28 | loss 15.7946 | lr 1.98e-03 | 1.4s
epoch   29 | loss 15.8215 | lr 1.98e-03 | 1.4s
epoch   30 | loss 15.6737 | lr 1.98e-03 | 1.4s
epoch   31 | loss 15.6997 | lr 1.98e-03 | 1.3s
epoch   32 | loss 15.7765 | lr 1.98e-03 | 1.3s
epoch   33 | loss 15.6471 | lr 1.98e-03 | 1.3s
epoch   34 | loss 15.7624 | lr 1.98e-03 | 1.3s
epoch   35 | loss 15.7290 | lr 1.97e-03 | 1.5s
epoch   36 | loss 15.7187 | lr 1.97e-03 | 1.5s
epoch   37 | loss 15.7240 | lr 1.97e-03 | 1.3s
epoch   38 | loss 15.6134 | lr 1.97e-03 | 1.4s
epoch   39 | loss 15.6921 | lr 1.97e-03 | 1.4s
epoch   40 | loss 15.6075 | lr 1.97e-03 | 1.3s
epoch   41 | loss 15.4713 | lr 1.97e-03 | 1.3s
epoch   42 | loss 15.6258 | lr 1.96e-03 | 1.3s
epoch   43 | loss 15.6038 | lr 1.96e-03 | 1.4s
epoch   44 | loss 15.4590 | lr 1.96e-03 | 1.4s
epoch   45 | loss 15.5551 | lr 1.96e-03 | 1.5s
epoch   46 | loss 15.4478 | lr 1.96e-03 | 1.4s
epoch   47 | loss 15.5937 | lr 1.95e-03 | 1.3s
epoch   48 | loss 15.5110 | lr 1.95e-03 | 1.4s
epoch   49 | loss 15.4852 | lr 1.95e-03 | 1.5s
epoch   50 | loss 15.4465 | lr 1.95e-03 | 1.6s
epoch   51 | loss 15.5048 | lr 1.95e-03 | 1.4s
epoch   52 | loss 15.4480 | lr 1.95e-03 | 1.4s
epoch   53 | loss 15.4684 | lr 1.94e-03 | 1.4s
epoch   54 | loss 15.3852 | lr 1.94e-03 | 1.4s
epoch   55 | loss 15.4135 | lr 1.94e-03 | 1.4s
epoch   56 | loss 15.3903 | lr 1.94e-03 | 1.4s
epoch   57 | loss 15.3648 | lr 1.93e-03 | 1.4s
epoch   58 | loss 15.4144 | lr 1.93e-03 | 1.4s
epoch   59 | loss 15.3940 | lr 1.93e-03 | 1.4s
epoch   60 | loss 15.4145 | lr 1.93e-03 | 1.4s
epoch   61 | loss 15.3683 | lr 1.93e-03 | 1.3s
epoch   62 | loss 15.3248 | lr 1.92e-03 | 1.4s
epoch   63 | loss 15.3886 | lr 1.92e-03 | 1.4s
epoch   64 | loss 15.4356 | lr 1.92e-03 | 1.3s
epoch   65 | loss 15.4788 | lr 1.92e-03 | 1.4s
epoch   66 | loss 15.3015 | lr 1.91e-03 | 1.5s
epoch   67 | loss 15.5731 | lr 1.91e-03 | 1.4s
epoch   68 | loss 15.2101 | lr 1.91e-03 | 1.3s
epoch   69 | loss 15.4166 | lr 1.90e-03 | 1.3s
epoch   70 | loss 15.2884 | lr 1.90e-03 | 1.3s
epoch   71 | loss 15.2330 | lr 1.90e-03 | 1.4s
epoch   72 | loss 15.3183 | lr 1.90e-03 | 1.4s
epoch   73 | loss 15.2301 | lr 1.89e-03 | 1.3s
epoch   74 | loss 15.3808 | lr 1.89e-03 | 1.3s
epoch   75 | loss 15.2997 | lr 1.89e-03 | 1.3s
epoch   76 | loss 15.2962 | lr 1.89e-03 | 1.4s
epoch   77 | loss 15.1865 | lr 1.88e-03 | 1.4s
epoch   78 | loss 15.3903 | lr 1.88e-03 | 1.5s
epoch   79 | loss 15.1814 | lr 1.88e-03 | 1.4s
epoch   80 | loss 15.1811 | lr 1.87e-03 | 1.3s
epoch   81 | loss 15.2588 | lr 1.87e-03 | 1.4s
epoch   82 | loss 15.2746 | lr 1.87e-03 | 1.4s
epoch   83 | loss 15.2228 | lr 1.86e-03 | 1.4s
epoch   84 | loss 15.1096 | lr 1.86e-03 | 1.4s
epoch   85 | loss 15.2867 | lr 1.86e-03 | 1.4s
epoch   86 | loss 15.2336 | lr 1.85e-03 | 1.4s
epoch   87 | loss 15.2179 | lr 1.85e-03 | 1.4s
epoch   88 | loss 15.1550 | lr 1.85e-03 | 1.3s
epoch   89 | loss 15.1373 | lr 1.84e-03 | 1.4s
epoch   90 | loss 15.0961 | lr 1.84e-03 | 1.4s
epoch   91 | loss 15.1315 | lr 1.84e-03 | 1.4s
epoch   92 | loss 15.1350 | lr 1.83e-03 | 1.4s
epoch   93 | loss 15.2356 | lr 1.83e-03 | 1.4s
epoch   94 | loss 15.1566 | lr 1.83e-03 | 1.4s
epoch   95 | loss 15.0377 | lr 1.82e-03 | 1.4s
epoch   96 | loss 15.1231 | lr 1.82e-03 | 1.4s
epoch   97 | loss 15.1881 | lr 1.82e-03 | 1.4s
epoch   98 | loss 15.0813 | lr 1.81e-03 | 1.5s
epoch   99 | loss 15.1636 | lr 1.81e-03 | 1.4s
epoch  100 | loss 15.1121 | lr 1.81e-03 | 1.4s
epoch  101 | loss 15.2329 | lr 1.80e-03 | 1.6s
epoch  102 | loss 15.2107 | lr 1.80e-03 | 1.4s
epoch  103 | loss 14.9996 | lr 1.79e-03 | 1.4s
epoch  104 | loss 15.0366 | lr 1.79e-03 | 1.4s
epoch  105 | loss 15.0455 | lr 1.79e-03 | 1.4s
epoch  106 | loss 15.1454 | lr 1.78e-03 | 1.3s
epoch  107 | loss 14.9852 | lr 1.78e-03 | 1.4s
epoch  108 | loss 15.0718 | lr 1.77e-03 | 1.5s
epoch  109 | loss 15.0921 | lr 1.77e-03 | 1.5s
epoch  110 | loss 15.1903 | lr 1.77e-03 | 1.6s
epoch  111 | loss 15.0553 | lr 1.76e-03 | 1.4s
epoch  112 | loss 14.9913 | lr 1.76e-03 | 1.4s
epoch  113 | loss 15.0618 | lr 1.75e-03 | 1.4s
epoch  114 | loss 15.0079 | lr 1.75e-03 | 1.4s
epoch  115 | loss 15.0994 | lr 1.75e-03 | 1.4s
epoch  116 | loss 14.9927 | lr 1.74e-03 | 1.4s
epoch  117 | loss 14.9976 | lr 1.74e-03 | 1.4s
epoch  118 | loss 15.1105 | lr 1.73e-03 | 1.3s
epoch  119 | loss 14.9994 | lr 1.73e-03 | 1.3s
epoch  120 | loss 15.0687 | lr 1.72e-03 | 1.3s
epoch  121 | loss 14.9960 | lr 1.72e-03 | 1.3s
epoch  122 | loss 14.9761 | lr 1.72e-03 | 1.4s
epoch  123 | loss 14.9927 | lr 1.71e-03 | 1.4s
epoch  124 | loss 14.9770 | lr 1.71e-03 | 1.3s
epoch  125 | loss 14.9650 | lr 1.70e-03 | 1.3s
epoch  126 | loss 14.9772 | lr 1.70e-03 | 1.4s
epoch  127 | loss 14.9431 | lr 1.69e-03 | 1.3s
epoch  128 | loss 15.0245 | lr 1.69e-03 | 1.3s
epoch  129 | loss 15.0458 | lr 1.68e-03 | 1.3s
epoch  130 | loss 14.9437 | lr 1.68e-03 | 1.3s
epoch  131 | loss 15.0424 | lr 1.68e-03 | 1.3s
epoch  132 | loss 14.9359 | lr 1.67e-03 | 1.6s
epoch  133 | loss 14.9593 | lr 1.67e-03 | 1.5s
epoch  134 | loss 14.9167 | lr 1.66e-03 | 1.4s
epoch  135 | loss 14.9710 | lr 1.66e-03 | 1.4s
epoch  136 | loss 14.9566 | lr 1.65e-03 | 1.4s
epoch  137 | loss 15.0710 | lr 1.65e-03 | 1.4s
epoch  138 | loss 14.9051 | lr 1.64e-03 | 1.3s
epoch  139 | loss 14.9589 | lr 1.64e-03 | 1.3s
epoch  140 | loss 14.8999 | lr 1.63e-03 | 1.3s
epoch  141 | loss 14.9729 | lr 1.63e-03 | 1.3s
epoch  142 | loss 14.9429 | lr 1.62e-03 | 1.3s
epoch  143 | loss 14.8460 | lr 1.62e-03 | 1.3s
epoch  144 | loss 14.9218 | lr 1.61e-03 | 1.3s
epoch  145 | loss 14.9688 | lr 1.61e-03 | 1.3s
epoch  146 | loss 14.7711 | lr 1.60e-03 | 1.3s
epoch  147 | loss 14.9659 | lr 1.60e-03 | 1.3s
epoch  148 | loss 14.9702 | lr 1.59e-03 | 1.3s
epoch  149 | loss 14.8538 | lr 1.59e-03 | 1.3s
epoch  150 | loss 14.9196 | lr 1.58e-03 | 1.3s
epoch  151 | loss 14.8735 | lr 1.58e-03 | 1.3s
epoch  152 | loss 14.9374 | lr 1.57e-03 | 1.3s
epoch  153 | loss 14.9636 | lr 1.57e-03 | 1.3s
epoch  154 | loss 14.7385 | lr 1.56e-03 | 1.3s
epoch  155 | loss 14.8299 | lr 1.56e-03 | 1.5s
epoch  156 | loss 14.7923 | lr 1.55e-03 | 1.4s
epoch  157 | loss 14.7648 | lr 1.55e-03 | 1.3s
epoch  158 | loss 14.8418 | lr 1.54e-03 | 1.3s
epoch  159 | loss 14.7657 | lr 1.54e-03 | 1.3s
epoch  160 | loss 14.8602 | lr 1.53e-03 | 1.3s
epoch  161 | loss 14.8316 | lr 1.53e-03 | 1.3s
epoch  162 | loss 14.7818 | lr 1.52e-03 | 1.3s
epoch  163 | loss 14.8342 | lr 1.51e-03 | 1.3s
epoch  164 | loss 14.9407 | lr 1.51e-03 | 1.3s
epoch  165 | loss 14.9188 | lr 1.50e-03 | 1.3s
epoch  166 | loss 14.8382 | lr 1.50e-03 | 1.3s
epoch  167 | loss 14.8100 | lr 1.49e-03 | 1.3s
epoch  168 | loss 14.7231 | lr 1.49e-03 | 1.3s
epoch  169 | loss 14.7591 | lr 1.48e-03 | 1.3s
epoch  170 | loss 14.6996 | lr 1.48e-03 | 1.4s
epoch  171 | loss 14.7604 | lr 1.47e-03 | 1.3s
epoch  172 | loss 14.7699 | lr 1.47e-03 | 1.3s
epoch  173 | loss 14.8083 | lr 1.46e-03 | 1.3s
epoch  174 | loss 14.7939 | lr 1.45e-03 | 1.3s
epoch  175 | loss 14.7306 | lr 1.45e-03 | 1.3s
epoch  176 | loss 14.8024 | lr 1.44e-03 | 1.3s
epoch  177 | loss 14.7587 | lr 1.44e-03 | 1.3s
epoch  178 | loss 14.7136 | lr 1.43e-03 | 1.3s
epoch  179 | loss 14.7960 | lr 1.43e-03 | 1.4s
epoch  180 | loss 14.7870 | lr 1.42e-03 | 1.3s
epoch  181 | loss 14.7214 | lr 1.41e-03 | 1.3s
epoch  182 | loss 14.6275 | lr 1.41e-03 | 1.4s
epoch  183 | loss 14.7030 | lr 1.40e-03 | 1.3s
epoch  184 | loss 14.7107 | lr 1.40e-03 | 1.3s
epoch  185 | loss 14.7679 | lr 1.39e-03 | 1.3s
epoch  186 | loss 14.7509 | lr 1.39e-03 | 1.3s
epoch  187 | loss 14.7467 | lr 1.38e-03 | 1.3s
epoch  188 | loss 14.5955 | lr 1.37e-03 | 1.3s
epoch  189 | loss 14.7135 | lr 1.37e-03 | 1.3s
epoch  190 | loss 14.7367 | lr 1.36e-03 | 1.4s
epoch  191 | loss 14.7423 | lr 1.36e-03 | 1.3s
epoch  192 | loss 14.7786 | lr 1.35e-03 | 1.3s
epoch  193 | loss 14.7974 | lr 1.34e-03 | 1.3s
epoch  194 | loss 14.6965 | lr 1.34e-03 | 1.5s
epoch  195 | loss 14.7451 | lr 1.33e-03 | 1.4s
epoch  196 | loss 14.6264 | lr 1.33e-03 | 1.3s
epoch  197 | loss 14.7433 | lr 1.32e-03 | 1.4s
epoch  198 | loss 14.6368 | lr 1.31e-03 | 1.4s
epoch  199 | loss 14.6342 | lr 1.31e-03 | 1.3s
epoch  200 | loss 14.7470 | lr 1.30e-03 | 1.4s
epoch  201 | loss 14.6909 | lr 1.30e-03 | 1.4s
epoch  202 | loss 14.6666 | lr 1.29e-03 | 1.3s
epoch  203 | loss 14.6740 | lr 1.29e-03 | 1.3s
epoch  204 | loss 14.7301 | lr 1.28e-03 | 1.3s
epoch  205 | loss 14.7571 | lr 1.27e-03 | 1.3s
epoch  206 | loss 14.6648 | lr 1.27e-03 | 1.3s
epoch  207 | loss 14.6378 | lr 1.26e-03 | 1.3s
epoch  208 | loss 14.6661 | lr 1.25e-03 | 1.3s
epoch  209 | loss 14.5950 | lr 1.25e-03 | 1.3s
epoch  210 | loss 14.6413 | lr 1.24e-03 | 1.3s
epoch  211 | loss 14.5841 | lr 1.24e-03 | 1.3s
epoch  212 | loss 14.6902 | lr 1.23e-03 | 1.3s
epoch  213 | loss 14.5772 | lr 1.22e-03 | 1.3s
epoch  214 | loss 14.6013 | lr 1.22e-03 | 1.3s
epoch  215 | loss 14.5517 | lr 1.21e-03 | 1.3s
epoch  216 | loss 14.5597 | lr 1.21e-03 | 1.3s
epoch  217 | loss 14.6886 | lr 1.20e-03 | 1.3s
epoch  218 | loss 14.7022 | lr 1.19e-03 | 1.3s
epoch  219 | loss 14.5971 | lr 1.19e-03 | 1.3s
epoch  220 | loss 14.6600 | lr 1.18e-03 | 1.3s
epoch  221 | loss 14.5849 | lr 1.18e-03 | 1.3s
epoch  222 | loss 14.5395 | lr 1.17e-03 | 1.3s
epoch  223 | loss 14.6122 | lr 1.16e-03 | 1.3s
epoch  224 | loss 14.6402 | lr 1.16e-03 | 1.3s
epoch  225 | loss 14.6105 | lr 1.15e-03 | 1.3s
epoch  226 | loss 14.5595 | lr 1.14e-03 | 1.3s
epoch  227 | loss 14.5987 | lr 1.14e-03 | 1.3s
epoch  228 | loss 14.4621 | lr 1.13e-03 | 1.3s
epoch  229 | loss 14.5532 | lr 1.13e-03 | 1.3s
epoch  230 | loss 14.5791 | lr 1.12e-03 | 1.3s
epoch  231 | loss 14.5209 | lr 1.11e-03 | 1.3s
epoch  232 | loss 14.4426 | lr 1.11e-03 | 1.3s
epoch  233 | loss 14.5379 | lr 1.10e-03 | 1.3s
epoch  234 | loss 14.5065 | lr 1.09e-03 | 1.3s
epoch  235 | loss 14.6105 | lr 1.09e-03 | 1.4s
epoch  236 | loss 14.6047 | lr 1.08e-03 | 1.5s
epoch  237 | loss 14.6052 | lr 1.08e-03 | 1.4s
epoch  238 | loss 14.6643 | lr 1.07e-03 | 1.3s
epoch  239 | loss 14.4711 | lr 1.06e-03 | 1.3s
epoch  240 | loss 14.4901 | lr 1.06e-03 | 1.3s
epoch  241 | loss 14.4951 | lr 1.05e-03 | 1.3s
epoch  242 | loss 14.5805 | lr 1.04e-03 | 1.3s
epoch  243 | loss 14.5184 | lr 1.04e-03 | 1.3s
epoch  244 | loss 14.4840 | lr 1.03e-03 | 1.3s
epoch  245 | loss 14.4520 | lr 1.03e-03 | 1.3s
epoch  246 | loss 14.5092 | lr 1.02e-03 | 1.3s
epoch  247 | loss 14.5289 | lr 1.01e-03 | 1.3s
epoch  248 | loss 14.5201 | lr 1.01e-03 | 1.3s
epoch  249 | loss 14.5412 | lr 1.00e-03 | 1.3s
epoch  250 | loss 14.4570 | lr 9.94e-04 | 1.5s
epoch  251 | loss 14.3876 | lr 9.87e-04 | 1.5s
epoch  252 | loss 14.4342 | lr 9.81e-04 | 1.3s
epoch  253 | loss 14.4906 | lr 9.75e-04 | 1.3s
epoch  254 | loss 14.5015 | lr 9.69e-04 | 1.3s
epoch  255 | loss 14.5184 | lr 9.62e-04 | 1.3s
epoch  256 | loss 14.4861 | lr 9.56e-04 | 1.3s
epoch  257 | loss 14.4164 | lr 9.50e-04 | 1.3s
epoch  258 | loss 14.3850 | lr 9.43e-04 | 1.4s
epoch  259 | loss 14.5089 | lr 9.37e-04 | 1.3s
epoch  260 | loss 14.4247 | lr 9.31e-04 | 1.3s
epoch  261 | loss 14.4368 | lr 9.25e-04 | 1.3s
epoch  262 | loss 14.4407 | lr 9.18e-04 | 1.3s
epoch  263 | loss 14.4798 | lr 9.12e-04 | 1.3s
epoch  264 | loss 14.5512 | lr 9.06e-04 | 1.3s
epoch  265 | loss 14.4734 | lr 9.00e-04 | 1.3s
epoch  266 | loss 14.5362 | lr 8.93e-04 | 1.3s
epoch  267 | loss 14.3698 | lr 8.87e-04 | 1.3s
epoch  268 | loss 14.4466 | lr 8.81e-04 | 1.3s
epoch  269 | loss 14.4357 | lr 8.75e-04 | 1.3s
epoch  270 | loss 14.4278 | lr 8.68e-04 | 1.3s
epoch  271 | loss 14.3771 | lr 8.62e-04 | 1.3s
epoch  272 | loss 14.4175 | lr 8.56e-04 | 1.3s
epoch  273 | loss 14.3521 | lr 8.50e-04 | 1.3s
epoch  274 | loss 14.4299 | lr 8.44e-04 | 1.3s
epoch  275 | loss 14.3646 | lr 8.37e-04 | 1.3s
epoch  276 | loss 14.4222 | lr 8.31e-04 | 1.3s
epoch  277 | loss 14.3386 | lr 8.25e-04 | 1.3s
epoch  278 | loss 14.4398 | lr 8.19e-04 | 1.3s
epoch  279 | loss 14.4148 | lr 8.13e-04 | 1.3s
epoch  280 | loss 14.3874 | lr 8.06e-04 | 1.3s
epoch  281 | loss 14.3928 | lr 8.00e-04 | 1.3s
epoch  282 | loss 14.4158 | lr 7.94e-04 | 1.4s
epoch  283 | loss 14.4354 | lr 7.88e-04 | 1.3s
epoch  284 | loss 14.4209 | lr 7.82e-04 | 1.3s
epoch  285 | loss 14.3851 | lr 7.76e-04 | 1.3s
epoch  286 | loss 14.3075 | lr 7.70e-04 | 1.3s
epoch  287 | loss 14.4122 | lr 7.64e-04 | 1.3s
epoch  288 | loss 14.3691 | lr 7.57e-04 | 1.3s
epoch  289 | loss 14.3656 | lr 7.51e-04 | 1.3s
epoch  290 | loss 14.3709 | lr 7.45e-04 | 1.3s
epoch  291 | loss 14.3741 | lr 7.39e-04 | 1.3s
epoch  292 | loss 14.4002 | lr 7.33e-04 | 1.3s
epoch  293 | loss 14.3242 | lr 7.27e-04 | 1.4s
epoch  294 | loss 14.3986 | lr 7.21e-04 | 1.3s
epoch  295 | loss 14.3519 | lr 7.15e-04 | 1.3s
epoch  296 | loss 14.4323 | lr 7.09e-04 | 1.3s
epoch  297 | loss 14.2724 | lr 7.03e-04 | 1.3s
epoch  298 | loss 14.4242 | lr 6.97e-04 | 1.3s
epoch  299 | loss 14.4035 | lr 6.91e-04 | 1.3s
epoch  300 | loss 14.4260 | lr 6.85e-04 | 1.3s
epoch  301 | loss 14.3929 | lr 6.79e-04 | 1.3s
epoch  302 | loss 14.3383 | lr 6.73e-04 | 1.3s
epoch  303 | loss 14.4290 | lr 6.67e-04 | 1.3s
epoch  304 | loss 14.4541 | lr 6.61e-04 | 1.3s
epoch  305 | loss 14.4061 | lr 6.55e-04 | 1.3s
epoch  306 | loss 14.4268 | lr 6.49e-04 | 1.3s
epoch  307 | loss 14.3704 | lr 6.44e-04 | 1.3s
epoch  308 | loss 14.2349 | lr 6.38e-04 | 1.4s
epoch  309 | loss 14.3018 | lr 6.32e-04 | 1.4s
epoch  310 | loss 14.3031 | lr 6.26e-04 | 1.4s
epoch  311 | loss 14.3556 | lr 6.20e-04 | 1.3s
epoch  312 | loss 14.3056 | lr 6.14e-04 | 1.3s
epoch  313 | loss 14.3662 | lr 6.09e-04 | 1.3s
epoch  314 | loss 14.2628 | lr 6.03e-04 | 1.3s
epoch  315 | loss 14.3667 | lr 5.97e-04 | 1.3s
epoch  316 | loss 14.3196 | lr 5.91e-04 | 1.4s
epoch  317 | loss 14.1986 | lr 5.86e-04 | 1.3s
epoch  318 | loss 14.3238 | lr 5.80e-04 | 1.3s
epoch  319 | loss 14.3809 | lr 5.74e-04 | 1.3s
epoch  320 | loss 14.3368 | lr 5.69e-04 | 1.4s
epoch  321 | loss 14.2626 | lr 5.63e-04 | 1.3s
epoch  322 | loss 14.3210 | lr 5.57e-04 | 1.3s
epoch  323 | loss 14.2382 | lr 5.52e-04 | 1.3s
epoch  324 | loss 14.3130 | lr 5.46e-04 | 1.3s
epoch  325 | loss 14.3280 | lr 5.40e-04 | 1.3s
epoch  326 | loss 14.2568 | lr 5.35e-04 | 1.4s
epoch  327 | loss 14.2505 | lr 5.29e-04 | 1.3s
epoch  328 | loss 14.2534 | lr 5.24e-04 | 1.4s
epoch  329 | loss 14.2377 | lr 5.18e-04 | 1.3s
epoch  330 | loss 14.2670 | lr 5.13e-04 | 1.3s
epoch  331 | loss 14.3201 | lr 5.07e-04 | 1.3s
epoch  332 | loss 14.3434 | lr 5.02e-04 | 1.3s
epoch  333 | loss 14.2861 | lr 4.96e-04 | 1.3s
epoch  334 | loss 14.3555 | lr 4.91e-04 | 1.3s
epoch  335 | loss 14.3039 | lr 4.86e-04 | 1.3s
epoch  336 | loss 14.3253 | lr 4.80e-04 | 1.3s
epoch  337 | loss 14.2397 | lr 4.75e-04 | 1.3s
epoch  338 | loss 14.3441 | lr 4.69e-04 | 1.3s
epoch  339 | loss 14.3513 | lr 4.64e-04 | 1.3s
epoch  340 | loss 14.2793 | lr 4.59e-04 | 1.3s
epoch  341 | loss 14.2794 | lr 4.54e-04 | 1.3s
epoch  342 | loss 14.2095 | lr 4.48e-04 | 1.3s
epoch  343 | loss 14.3021 | lr 4.43e-04 | 1.3s
epoch  344 | loss 14.2092 | lr 4.38e-04 | 1.3s
epoch  345 | loss 14.3147 | lr 4.33e-04 | 1.3s
epoch  346 | loss 14.2926 | lr 4.28e-04 | 1.3s
epoch  347 | loss 14.3239 | lr 4.22e-04 | 1.3s
epoch  348 | loss 14.1625 | lr 4.17e-04 | 1.3s
epoch  349 | loss 14.3202 | lr 4.12e-04 | 1.3s
epoch  350 | loss 14.2516 | lr 4.07e-04 | 1.4s
epoch  351 | loss 14.3058 | lr 4.02e-04 | 1.4s
epoch  352 | loss 14.2487 | lr 3.97e-04 | 1.3s
epoch  353 | loss 14.3377 | lr 3.92e-04 | 1.3s
epoch  354 | loss 14.3033 | lr 3.87e-04 | 1.3s
epoch  355 | loss 14.2319 | lr 3.82e-04 | 1.3s
epoch  356 | loss 14.2023 | lr 3.77e-04 | 1.3s
epoch  357 | loss 14.2977 | lr 3.72e-04 | 1.3s
epoch  358 | loss 14.2516 | lr 3.67e-04 | 1.3s
epoch  359 | loss 14.2378 | lr 3.63e-04 | 1.3s
epoch  360 | loss 14.2846 | lr 3.58e-04 | 1.3s
epoch  361 | loss 14.2364 | lr 3.53e-04 | 1.3s
epoch  362 | loss 14.2539 | lr 3.48e-04 | 1.3s
epoch  363 | loss 14.1977 | lr 3.43e-04 | 1.3s
epoch  364 | loss 14.2568 | lr 3.39e-04 | 1.3s
epoch  365 | loss 14.1449 | lr 3.34e-04 | 1.3s
epoch  366 | loss 14.2837 | lr 3.29e-04 | 1.3s
epoch  367 | loss 14.2363 | lr 3.25e-04 | 1.4s
epoch  368 | loss 14.2101 | lr 3.20e-04 | 1.3s
epoch  369 | loss 14.2325 | lr 3.15e-04 | 1.3s
epoch  370 | loss 14.2740 | lr 3.11e-04 | 1.3s
epoch  371 | loss 14.1845 | lr 3.06e-04 | 1.3s
epoch  372 | loss 14.2333 | lr 3.02e-04 | 1.3s
epoch  373 | loss 14.2467 | lr 2.97e-04 | 1.3s
epoch  374 | loss 14.1984 | lr 2.93e-04 | 1.3s
epoch  375 | loss 14.1397 | lr 2.88e-04 | 1.3s
epoch  376 | loss 14.2467 | lr 2.84e-04 | 1.3s
epoch  377 | loss 14.1918 | lr 2.80e-04 | 1.3s
epoch  378 | loss 14.1968 | lr 2.75e-04 | 1.4s
epoch  379 | loss 14.1078 | lr 2.71e-04 | 1.4s
epoch  380 | loss 14.1866 | lr 2.67e-04 | 1.3s
epoch  381 | loss 14.1836 | lr 2.62e-04 | 1.3s
epoch  382 | loss 14.1776 | lr 2.58e-04 | 1.3s
epoch  383 | loss 14.1438 | lr 2.54e-04 | 1.3s
epoch  384 | loss 14.1624 | lr 2.50e-04 | 1.3s
epoch  385 | loss 14.1501 | lr 2.46e-04 | 1.5s
epoch  386 | loss 14.2051 | lr 2.42e-04 | 1.3s
epoch  387 | loss 14.1971 | lr 2.38e-04 | 1.3s
epoch  388 | loss 14.2756 | lr 2.34e-04 | 1.3s
epoch  389 | loss 14.1517 | lr 2.29e-04 | 1.3s
epoch  390 | loss 14.1858 | lr 2.25e-04 | 1.3s
epoch  391 | loss 14.1719 | lr 2.22e-04 | 1.3s
epoch  392 | loss 14.1865 | lr 2.18e-04 | 1.3s
epoch  393 | loss 14.2228 | lr 2.14e-04 | 1.3s
epoch  394 | loss 14.0778 | lr 2.10e-04 | 1.3s
epoch  395 | loss 14.2496 | lr 2.06e-04 | 1.3s
epoch  396 | loss 14.0885 | lr 2.02e-04 | 1.3s
epoch  397 | loss 14.2043 | lr 1.98e-04 | 1.3s
epoch  398 | loss 14.1197 | lr 1.95e-04 | 1.3s
epoch  399 | loss 14.1823 | lr 1.91e-04 | 1.3s
epoch  400 | loss 14.2334 | lr 1.87e-04 | 1.3s
epoch  401 | loss 14.1518 | lr 1.84e-04 | 1.4s
epoch  402 | loss 14.1623 | lr 1.80e-04 | 1.4s
epoch  403 | loss 14.1719 | lr 1.76e-04 | 1.3s
epoch  404 | loss 14.1838 | lr 1.73e-04 | 1.3s
epoch  405 | loss 14.1453 | lr 1.69e-04 | 1.3s
epoch  406 | loss 14.2289 | lr 1.66e-04 | 1.3s
epoch  407 | loss 14.2153 | lr 1.62e-04 | 1.3s
epoch  408 | loss 14.0786 | lr 1.59e-04 | 1.3s
epoch  409 | loss 14.1382 | lr 1.56e-04 | 1.4s
epoch  410 | loss 14.1235 | lr 1.52e-04 | 1.4s
epoch  411 | loss 14.1608 | lr 1.49e-04 | 1.5s
epoch  412 | loss 14.1588 | lr 1.46e-04 | 1.3s
epoch  413 | loss 14.1959 | lr 1.42e-04 | 1.3s
epoch  414 | loss 14.1241 | lr 1.39e-04 | 1.3s
epoch  415 | loss 14.1744 | lr 1.36e-04 | 1.3s
epoch  416 | loss 14.1637 | lr 1.33e-04 | 1.3s
epoch  417 | loss 14.1971 | lr 1.30e-04 | 1.3s
epoch  418 | loss 14.1125 | lr 1.27e-04 | 1.3s
epoch  419 | loss 14.1216 | lr 1.24e-04 | 1.4s
epoch  420 | loss 14.1034 | lr 1.21e-04 | 1.4s
epoch  421 | loss 14.0960 | lr 1.18e-04 | 1.5s
epoch  422 | loss 14.1966 | lr 1.15e-04 | 1.5s
epoch  423 | loss 14.2445 | lr 1.12e-04 | 1.6s
epoch  424 | loss 14.1459 | lr 1.09e-04 | 1.4s
epoch  425 | loss 14.1033 | lr 1.06e-04 | 1.4s
epoch  426 | loss 14.1767 | lr 1.03e-04 | 1.5s
epoch  427 | loss 14.1228 | lr 1.01e-04 | 1.4s
epoch  428 | loss 14.1970 | lr 9.79e-05 | 1.4s
epoch  429 | loss 14.1937 | lr 9.52e-05 | 1.5s
epoch  430 | loss 14.1998 | lr 9.25e-05 | 1.6s
epoch  431 | loss 14.0887 | lr 8.99e-05 | 1.4s
epoch  432 | loss 14.1728 | lr 8.73e-05 | 1.4s
epoch  433 | loss 14.1736 | lr 8.48e-05 | 1.4s
epoch  434 | loss 14.1464 | lr 8.22e-05 | 1.3s
epoch  435 | loss 14.1570 | lr 7.98e-05 | 1.3s
epoch  436 | loss 14.1427 | lr 7.73e-05 | 1.4s
epoch  437 | loss 14.1571 | lr 7.49e-05 | 1.4s
epoch  438 | loss 14.2059 | lr 7.26e-05 | 1.4s
epoch  439 | loss 14.1019 | lr 7.02e-05 | 1.3s
epoch  440 | loss 14.1129 | lr 6.79e-05 | 1.4s
epoch  441 | loss 14.0362 | lr 6.57e-05 | 1.6s
epoch  442 | loss 14.1251 | lr 6.35e-05 | 1.5s
epoch  443 | loss 14.1765 | lr 6.13e-05 | 1.4s
epoch  444 | loss 14.1472 | lr 5.91e-05 | 1.4s
epoch  445 | loss 14.1829 | lr 5.70e-05 | 1.4s
epoch  446 | loss 14.1562 | lr 5.49e-05 | 1.4s
epoch  447 | loss 14.1282 | lr 5.29e-05 | 1.3s
epoch  448 | loss 14.1380 | lr 5.09e-05 | 1.3s
epoch  449 | loss 14.1473 | lr 4.89e-05 | 1.4s
epoch  450 | loss 14.1118 | lr 4.70e-05 | 1.4s
epoch  451 | loss 14.1840 | lr 4.51e-05 | 1.6s
epoch  452 | loss 14.1746 | lr 4.33e-05 | 1.5s
epoch  453 | loss 14.0999 | lr 4.15e-05 | 1.5s
epoch  454 | loss 14.0844 | lr 3.97e-05 | 1.4s
epoch  455 | loss 14.1655 | lr 3.80e-05 | 1.4s
epoch  456 | loss 14.1130 | lr 3.63e-05 | 1.4s
epoch  457 | loss 14.1406 | lr 3.46e-05 | 1.4s
epoch  458 | loss 13.9834 | lr 3.30e-05 | 1.4s
epoch  459 | loss 14.1526 | lr 3.14e-05 | 1.4s
epoch  460 | loss 14.1447 | lr 2.99e-05 | 1.4s
epoch  461 | loss 14.1663 | lr 2.84e-05 | 1.3s
epoch  462 | loss 14.0745 | lr 2.69e-05 | 1.5s
epoch  463 | loss 14.1762 | lr 2.55e-05 | 1.3s
epoch  464 | loss 14.1231 | lr 2.41e-05 | 1.4s
epoch  465 | loss 14.1452 | lr 2.27e-05 | 1.4s
epoch  466 | loss 14.1802 | lr 2.14e-05 | 1.3s
epoch  467 | loss 14.1647 | lr 2.01e-05 | 1.3s
epoch  468 | loss 14.1631 | lr 1.89e-05 | 1.3s
epoch  469 | loss 14.2242 | lr 1.77e-05 | 1.3s
epoch  470 | loss 14.1155 | lr 1.66e-05 | 1.5s
epoch  471 | loss 14.1442 | lr 1.54e-05 | 1.3s
epoch  472 | loss 14.1000 | lr 1.44e-05 | 1.3s
epoch  473 | loss 14.1622 | lr 1.33e-05 | 1.3s
epoch  474 | loss 14.2143 | lr 1.23e-05 | 1.3s
epoch  475 | loss 14.2398 | lr 1.13e-05 | 1.3s
epoch  476 | loss 14.0268 | lr 1.04e-05 | 1.3s
epoch  477 | loss 14.1642 | lr 9.54e-06 | 1.3s
epoch  478 | loss 14.1796 | lr 8.69e-06 | 1.4s
epoch  479 | loss 14.1619 | lr 7.89e-06 | 1.4s
epoch  480 | loss 14.1272 | lr 7.12e-06 | 1.3s
epoch  481 | loss 14.2211 | lr 6.39e-06 | 1.3s
epoch  482 | loss 14.1410 | lr 5.70e-06 | 1.3s
epoch  483 | loss 14.0899 | lr 5.05e-06 | 1.3s
epoch  484 | loss 14.1837 | lr 4.44e-06 | 1.5s
epoch  485 | loss 14.1368 | lr 3.87e-06 | 1.5s
epoch  486 | loss 14.1337 | lr 3.33e-06 | 1.4s
epoch  487 | loss 14.2240 | lr 2.84e-06 | 1.5s
epoch  488 | loss 14.1189 | lr 2.39e-06 | 1.6s
epoch  489 | loss 14.1395 | lr 1.97e-06 | 1.5s
epoch  490 | loss 14.0774 | lr 1.60e-06 | 1.4s
epoch  491 | loss 14.1235 | lr 1.26e-06 | 1.4s
epoch  492 | loss 14.1379 | lr 9.67e-07 | 1.4s
epoch  493 | loss 14.1471 | lr 7.11e-07 | 1.4s
epoch  494 | loss 14.1559 | lr 4.93e-07 | 1.5s
epoch  495 | loss 14.1674 | lr 3.16e-07 | 1.5s
epoch  496 | loss 14.0753 | lr 1.78e-07 | 1.4s
epoch  497 | loss 14.1389 | lr 7.90e-08 | 1.4s
epoch  498 | loss 14.1598 | lr 1.97e-08 | 1.4s
epoch  499 | loss 14.1415 | lr 0.00e+00 | 1.4s
final loss: 14.1415
