model params: 1,579,649
device: cuda
training: {'n_epochs': 2000, 'samples_per_epoch': 1000000, 'batch_size': 16384, 'k_max': 45, 'lr': 0.002, 'weight_decay': 0.0, 'checkpoint_every_epochs': 100, 'n_back': 1, 'loss': 'mse', 'amp': True, 'compile_model': True, 'fused_optimizer': True, 'device': 'cuda', 'seed': 0}
epoch    0 | loss 201.7925 | lr 2.00e-03 | 1.4s
epoch    1 | loss 117.9553 | lr 2.00e-03 | 0.4s
epoch    2 | loss 91.6811 | lr 2.00e-03 | 0.4s
epoch    3 | loss 68.0002 | lr 2.00e-03 | 0.4s
epoch    4 | loss 62.0870 | lr 2.00e-03 | 0.4s
epoch    5 | loss 59.0686 | lr 2.00e-03 | 0.4s
epoch    6 | loss 57.9253 | lr 2.00e-03 | 0.4s
epoch    7 | loss 56.9008 | lr 2.00e-03 | 0.4s
epoch    8 | loss 56.4882 | lr 2.00e-03 | 0.4s
epoch    9 | loss 55.8465 | lr 2.00e-03 | 0.4s
epoch   10 | loss 55.9783 | lr 2.00e-03 | 0.4s
epoch   11 | loss 55.5141 | lr 2.00e-03 | 0.4s
epoch   12 | loss 55.7454 | lr 2.00e-03 | 0.4s
epoch   13 | loss 55.0036 | lr 2.00e-03 | 0.4s
epoch   14 | loss 54.9634 | lr 2.00e-03 | 0.4s
epoch   15 | loss 54.8017 | lr 2.00e-03 | 0.4s
epoch   16 | loss 54.4481 | lr 2.00e-03 | 0.4s
epoch   17 | loss 54.5936 | lr 2.00e-03 | 0.4s
epoch   18 | loss 54.5793 | lr 2.00e-03 | 0.4s
epoch   19 | loss 54.2994 | lr 2.00e-03 | 0.4s
epoch   20 | loss 54.3694 | lr 2.00e-03 | 0.4s
epoch   21 | loss 53.8616 | lr 2.00e-03 | 0.4s
epoch   22 | loss 54.4020 | lr 2.00e-03 | 0.4s
epoch   23 | loss 54.1480 | lr 2.00e-03 | 0.4s
epoch   24 | loss 54.2540 | lr 2.00e-03 | 0.4s
epoch   25 | loss 54.3860 | lr 2.00e-03 | 0.4s
epoch   26 | loss 53.7688 | lr 2.00e-03 | 0.4s
epoch   27 | loss 53.6596 | lr 2.00e-03 | 0.4s
epoch   28 | loss 53.8395 | lr 2.00e-03 | 0.4s
epoch   29 | loss 53.7131 | lr 2.00e-03 | 0.4s
epoch   30 | loss 53.6754 | lr 2.00e-03 | 0.4s
epoch   31 | loss 53.4111 | lr 2.00e-03 | 0.4s
epoch   32 | loss 53.4842 | lr 2.00e-03 | 0.4s
epoch   33 | loss 53.3316 | lr 2.00e-03 | 0.4s
epoch   34 | loss 53.5042 | lr 2.00e-03 | 0.4s
epoch   35 | loss 53.2397 | lr 2.00e-03 | 0.4s
epoch   36 | loss 53.0235 | lr 2.00e-03 | 0.4s
epoch   37 | loss 53.4828 | lr 2.00e-03 | 0.4s
epoch   38 | loss 53.2591 | lr 2.00e-03 | 0.4s
epoch   39 | loss 52.9609 | lr 2.00e-03 | 0.4s
epoch   40 | loss 52.9617 | lr 2.00e-03 | 0.4s
epoch   41 | loss 53.1466 | lr 2.00e-03 | 0.4s
epoch   42 | loss 53.4287 | lr 2.00e-03 | 0.4s
epoch   43 | loss 53.2875 | lr 2.00e-03 | 0.4s
epoch   44 | loss 53.1167 | lr 2.00e-03 | 0.4s
epoch   45 | loss 52.9451 | lr 2.00e-03 | 0.4s
epoch   46 | loss 53.0698 | lr 2.00e-03 | 0.4s
epoch   47 | loss 53.1163 | lr 2.00e-03 | 0.4s
epoch   48 | loss 53.2185 | lr 2.00e-03 | 0.4s
epoch   49 | loss 52.5799 | lr 2.00e-03 | 0.4s
epoch   50 | loss 52.9679 | lr 2.00e-03 | 0.4s
epoch   51 | loss 52.7059 | lr 2.00e-03 | 0.4s
epoch   52 | loss 53.1261 | lr 2.00e-03 | 0.4s
epoch   53 | loss 52.9120 | lr 2.00e-03 | 0.4s
epoch   54 | loss 53.0573 | lr 2.00e-03 | 0.4s
epoch   55 | loss 52.8957 | lr 2.00e-03 | 0.4s
epoch   56 | loss 52.7781 | lr 2.00e-03 | 0.4s
epoch   57 | loss 52.5309 | lr 2.00e-03 | 0.4s
epoch   58 | loss 52.8455 | lr 2.00e-03 | 0.4s
epoch   59 | loss 52.9755 | lr 2.00e-03 | 0.4s
epoch   60 | loss 52.6794 | lr 2.00e-03 | 0.4s
epoch   61 | loss 52.8834 | lr 2.00e-03 | 0.4s
epoch   62 | loss 52.4787 | lr 2.00e-03 | 0.4s
epoch   63 | loss 52.4643 | lr 1.99e-03 | 0.4s
epoch   64 | loss 52.4948 | lr 1.99e-03 | 0.4s
epoch   65 | loss 52.4596 | lr 1.99e-03 | 0.4s
epoch   66 | loss 52.6576 | lr 1.99e-03 | 0.4s
epoch   67 | loss 52.5688 | lr 1.99e-03 | 0.4s
epoch   68 | loss 52.6120 | lr 1.99e-03 | 0.4s
epoch   69 | loss 52.5690 | lr 1.99e-03 | 0.4s
epoch   70 | loss 52.8436 | lr 1.99e-03 | 0.4s
epoch   71 | loss 52.7516 | lr 1.99e-03 | 0.4s
epoch   72 | loss 52.5583 | lr 1.99e-03 | 0.4s
epoch   73 | loss 52.5253 | lr 1.99e-03 | 0.4s
epoch   74 | loss 52.7603 | lr 1.99e-03 | 0.4s
epoch   75 | loss 52.4803 | lr 1.99e-03 | 0.4s
epoch   76 | loss 52.6357 | lr 1.99e-03 | 0.4s
epoch   77 | loss 52.3610 | lr 1.99e-03 | 0.4s
epoch   78 | loss 52.7318 | lr 1.99e-03 | 0.4s
epoch   79 | loss 52.3122 | lr 1.99e-03 | 0.4s
epoch   80 | loss 52.5842 | lr 1.99e-03 | 0.4s
epoch   81 | loss 52.4583 | lr 1.99e-03 | 0.4s
epoch   82 | loss 52.5369 | lr 1.99e-03 | 0.4s
epoch   83 | loss 52.7249 | lr 1.99e-03 | 0.4s
epoch   84 | loss 52.2351 | lr 1.99e-03 | 0.4s
epoch   85 | loss 52.3499 | lr 1.99e-03 | 0.4s
epoch   86 | loss 52.3438 | lr 1.99e-03 | 0.4s
epoch   87 | loss 52.4255 | lr 1.99e-03 | 0.4s
epoch   88 | loss 52.4328 | lr 1.99e-03 | 0.4s
epoch   89 | loss 52.3692 | lr 1.99e-03 | 0.4s
epoch   90 | loss 52.3699 | lr 1.99e-03 | 0.4s
epoch   91 | loss 52.7601 | lr 1.99e-03 | 0.4s
epoch   92 | loss 52.7266 | lr 1.99e-03 | 0.4s
epoch   93 | loss 52.3909 | lr 1.99e-03 | 0.4s
epoch   94 | loss 52.2857 | lr 1.99e-03 | 0.4s
epoch   95 | loss 52.5201 | lr 1.99e-03 | 0.4s
epoch   96 | loss 52.3755 | lr 1.99e-03 | 0.4s
epoch   97 | loss 52.6230 | lr 1.99e-03 | 0.4s
epoch   98 | loss 52.2450 | lr 1.99e-03 | 0.4s
epoch   99 | loss 52.3362 | lr 1.99e-03 | 0.4s
epoch  100 | loss 51.9602 | lr 1.99e-03 | 0.4s
epoch  101 | loss 52.5806 | lr 1.99e-03 | 0.4s
epoch  102 | loss 52.1817 | lr 1.99e-03 | 0.4s
epoch  103 | loss 51.8115 | lr 1.99e-03 | 0.4s
epoch  104 | loss 52.0308 | lr 1.99e-03 | 0.4s
epoch  105 | loss 52.2941 | lr 1.99e-03 | 0.4s
epoch  106 | loss 52.1077 | lr 1.99e-03 | 0.4s
epoch  107 | loss 52.0009 | lr 1.99e-03 | 0.4s
epoch  108 | loss 52.3148 | lr 1.99e-03 | 0.4s
epoch  109 | loss 52.1187 | lr 1.99e-03 | 0.4s
epoch  110 | loss 52.2084 | lr 1.98e-03 | 0.4s
epoch  111 | loss 52.1425 | lr 1.98e-03 | 0.4s
epoch  112 | loss 52.1532 | lr 1.98e-03 | 0.4s
epoch  113 | loss 52.1731 | lr 1.98e-03 | 0.4s
epoch  114 | loss 52.1791 | lr 1.98e-03 | 0.4s
epoch  115 | loss 52.0975 | lr 1.98e-03 | 0.4s
epoch  116 | loss 52.1109 | lr 1.98e-03 | 0.4s
epoch  117 | loss 51.9414 | lr 1.98e-03 | 0.4s
epoch  118 | loss 51.9112 | lr 1.98e-03 | 0.4s
epoch  119 | loss 51.8441 | lr 1.98e-03 | 0.4s
epoch  120 | loss 51.9905 | lr 1.98e-03 | 0.4s
epoch  121 | loss 52.3291 | lr 1.98e-03 | 0.4s
epoch  122 | loss 51.9659 | lr 1.98e-03 | 0.4s
epoch  123 | loss 51.9770 | lr 1.98e-03 | 0.4s
epoch  124 | loss 51.8769 | lr 1.98e-03 | 0.4s
epoch  125 | loss 51.9971 | lr 1.98e-03 | 0.4s
epoch  126 | loss 52.0325 | lr 1.98e-03 | 0.4s
epoch  127 | loss 52.0116 | lr 1.98e-03 | 0.4s
epoch  128 | loss 52.0779 | lr 1.98e-03 | 0.4s
epoch  129 | loss 51.6841 | lr 1.98e-03 | 0.4s
epoch  130 | loss 51.5612 | lr 1.98e-03 | 0.4s
epoch  131 | loss 52.0285 | lr 1.98e-03 | 0.4s
epoch  132 | loss 51.8800 | lr 1.98e-03 | 0.4s
epoch  133 | loss 51.9894 | lr 1.98e-03 | 0.4s
epoch  134 | loss 51.7906 | lr 1.98e-03 | 0.4s
epoch  135 | loss 51.5548 | lr 1.98e-03 | 0.4s
epoch  136 | loss 51.7157 | lr 1.98e-03 | 0.4s
epoch  137 | loss 52.1156 | lr 1.98e-03 | 0.4s
epoch  138 | loss 51.6585 | lr 1.98e-03 | 0.4s
epoch  139 | loss 52.0015 | lr 1.98e-03 | 0.4s
epoch  140 | loss 51.9086 | lr 1.98e-03 | 0.4s
epoch  141 | loss 52.1069 | lr 1.98e-03 | 0.4s
epoch  142 | loss 51.7601 | lr 1.97e-03 | 0.4s
epoch  143 | loss 51.2837 | lr 1.97e-03 | 0.4s
epoch  144 | loss 51.8904 | lr 1.97e-03 | 0.4s
epoch  145 | loss 51.7251 | lr 1.97e-03 | 0.4s
epoch  146 | loss 51.5784 | lr 1.97e-03 | 0.4s
epoch  147 | loss 51.8199 | lr 1.97e-03 | 0.4s
epoch  148 | loss 52.0832 | lr 1.97e-03 | 0.4s
epoch  149 | loss 51.7896 | lr 1.97e-03 | 0.4s
epoch  150 | loss 51.5611 | lr 1.97e-03 | 0.4s
epoch  151 | loss 51.6714 | lr 1.97e-03 | 0.4s
epoch  152 | loss 52.1346 | lr 1.97e-03 | 0.4s
epoch  153 | loss 51.8756 | lr 1.97e-03 | 0.4s
epoch  154 | loss 51.6915 | lr 1.97e-03 | 0.4s
epoch  155 | loss 51.6966 | lr 1.97e-03 | 0.4s
epoch  156 | loss 51.6239 | lr 1.97e-03 | 0.4s
epoch  157 | loss 51.5799 | lr 1.97e-03 | 0.4s
epoch  158 | loss 51.8103 | lr 1.97e-03 | 0.4s
epoch  159 | loss 51.2849 | lr 1.97e-03 | 0.4s
epoch  160 | loss 51.8196 | lr 1.97e-03 | 0.4s
epoch  161 | loss 51.4305 | lr 1.97e-03 | 0.4s
epoch  162 | loss 51.6589 | lr 1.97e-03 | 0.4s
epoch  163 | loss 51.7588 | lr 1.97e-03 | 0.4s
epoch  164 | loss 52.0500 | lr 1.97e-03 | 0.4s
epoch  165 | loss 51.7631 | lr 1.97e-03 | 0.4s
epoch  166 | loss 52.0055 | lr 1.97e-03 | 0.4s
epoch  167 | loss 51.6251 | lr 1.97e-03 | 0.4s
epoch  168 | loss 51.6071 | lr 1.96e-03 | 0.4s
epoch  169 | loss 51.5424 | lr 1.96e-03 | 0.4s
epoch  170 | loss 51.3481 | lr 1.96e-03 | 0.4s
epoch  171 | loss 51.6575 | lr 1.96e-03 | 0.4s
epoch  172 | loss 51.6090 | lr 1.96e-03 | 0.4s
epoch  173 | loss 51.6129 | lr 1.96e-03 | 0.4s
epoch  174 | loss 51.5382 | lr 1.96e-03 | 0.4s
epoch  175 | loss 51.7434 | lr 1.96e-03 | 0.4s
epoch  176 | loss 51.7042 | lr 1.96e-03 | 0.4s
epoch  177 | loss 51.3421 | lr 1.96e-03 | 0.4s
epoch  178 | loss 51.6800 | lr 1.96e-03 | 0.4s
epoch  179 | loss 51.6853 | lr 1.96e-03 | 0.4s
epoch  180 | loss 51.5040 | lr 1.96e-03 | 0.4s
epoch  181 | loss 51.4680 | lr 1.96e-03 | 0.4s
epoch  182 | loss 51.2589 | lr 1.96e-03 | 0.4s
epoch  183 | loss 51.3614 | lr 1.96e-03 | 0.4s
epoch  184 | loss 51.3637 | lr 1.96e-03 | 0.4s
epoch  185 | loss 51.3741 | lr 1.96e-03 | 0.4s
epoch  186 | loss 51.5509 | lr 1.96e-03 | 0.4s
epoch  187 | loss 51.1080 | lr 1.96e-03 | 0.4s
epoch  188 | loss 50.9089 | lr 1.96e-03 | 0.4s
epoch  189 | loss 51.2517 | lr 1.96e-03 | 0.4s
epoch  190 | loss 51.3685 | lr 1.96e-03 | 0.4s
epoch  191 | loss 51.5080 | lr 1.95e-03 | 0.4s
epoch  192 | loss 51.1940 | lr 1.95e-03 | 0.4s
epoch  193 | loss 51.5047 | lr 1.95e-03 | 0.4s
epoch  194 | loss 51.2550 | lr 1.95e-03 | 0.4s
epoch  195 | loss 51.6096 | lr 1.95e-03 | 0.4s
epoch  196 | loss 51.3406 | lr 1.95e-03 | 0.4s
epoch  197 | loss 51.3097 | lr 1.95e-03 | 0.4s
epoch  198 | loss 51.3488 | lr 1.95e-03 | 0.4s
epoch  199 | loss 51.1667 | lr 1.95e-03 | 0.4s
epoch  200 | loss 51.1299 | lr 1.95e-03 | 0.4s
epoch  201 | loss 51.1154 | lr 1.95e-03 | 0.4s
epoch  202 | loss 51.2483 | lr 1.95e-03 | 0.4s
epoch  203 | loss 51.3117 | lr 1.95e-03 | 0.4s
epoch  204 | loss 51.3878 | lr 1.95e-03 | 0.4s
epoch  205 | loss 51.3024 | lr 1.95e-03 | 0.4s
epoch  206 | loss 51.2627 | lr 1.95e-03 | 0.4s
epoch  207 | loss 51.1425 | lr 1.95e-03 | 0.4s
epoch  208 | loss 51.1840 | lr 1.95e-03 | 0.4s
epoch  209 | loss 51.0281 | lr 1.95e-03 | 0.4s
epoch  210 | loss 51.3541 | lr 1.95e-03 | 0.4s
epoch  211 | loss 50.7730 | lr 1.95e-03 | 0.4s
epoch  212 | loss 51.4880 | lr 1.94e-03 | 0.4s
epoch  213 | loss 51.3440 | lr 1.94e-03 | 0.4s
epoch  214 | loss 51.1129 | lr 1.94e-03 | 0.4s
epoch  215 | loss 51.1436 | lr 1.94e-03 | 0.4s
epoch  216 | loss 51.3531 | lr 1.94e-03 | 0.4s
epoch  217 | loss 51.1053 | lr 1.94e-03 | 0.4s
epoch  218 | loss 51.2775 | lr 1.94e-03 | 0.4s
epoch  219 | loss 51.0578 | lr 1.94e-03 | 0.4s
epoch  220 | loss 51.4155 | lr 1.94e-03 | 0.4s
epoch  221 | loss 51.0267 | lr 1.94e-03 | 0.4s
epoch  222 | loss 51.2538 | lr 1.94e-03 | 0.4s
epoch  223 | loss 51.2404 | lr 1.94e-03 | 0.4s
epoch  224 | loss 51.3715 | lr 1.94e-03 | 0.4s
epoch  225 | loss 51.1622 | lr 1.94e-03 | 0.4s
epoch  226 | loss 51.0789 | lr 1.94e-03 | 0.4s
epoch  227 | loss 50.9364 | lr 1.94e-03 | 0.4s
epoch  228 | loss 50.7590 | lr 1.94e-03 | 0.4s
epoch  229 | loss 51.0969 | lr 1.94e-03 | 0.4s
epoch  230 | loss 50.9061 | lr 1.93e-03 | 0.4s
epoch  231 | loss 51.1717 | lr 1.93e-03 | 0.4s
epoch  232 | loss 50.8811 | lr 1.93e-03 | 0.4s
epoch  233 | loss 50.4323 | lr 1.93e-03 | 0.4s
epoch  234 | loss 50.9720 | lr 1.93e-03 | 0.4s
epoch  235 | loss 51.0129 | lr 1.93e-03 | 0.4s
epoch  236 | loss 50.8761 | lr 1.93e-03 | 0.4s
epoch  237 | loss 51.1480 | lr 1.93e-03 | 0.4s
epoch  238 | loss 50.8758 | lr 1.93e-03 | 0.4s
epoch  239 | loss 51.0060 | lr 1.93e-03 | 0.4s
epoch  240 | loss 50.7889 | lr 1.93e-03 | 0.4s
epoch  241 | loss 51.1452 | lr 1.93e-03 | 0.4s
epoch  242 | loss 50.7905 | lr 1.93e-03 | 0.4s
epoch  243 | loss 50.9724 | lr 1.93e-03 | 0.4s
epoch  244 | loss 50.9925 | lr 1.93e-03 | 0.4s
epoch  245 | loss 50.7673 | lr 1.93e-03 | 0.4s
epoch  246 | loss 51.0490 | lr 1.93e-03 | 0.4s
epoch  247 | loss 50.9547 | lr 1.93e-03 | 0.4s
epoch  248 | loss 50.9523 | lr 1.92e-03 | 0.4s
epoch  249 | loss 50.7396 | lr 1.92e-03 | 0.4s
epoch  250 | loss 51.1101 | lr 1.92e-03 | 0.4s
epoch  251 | loss 50.1328 | lr 1.92e-03 | 0.4s
epoch  252 | loss 50.6781 | lr 1.92e-03 | 0.4s
epoch  253 | loss 50.7123 | lr 1.92e-03 | 0.4s
epoch  254 | loss 50.9620 | lr 1.92e-03 | 0.4s
epoch  255 | loss 50.8886 | lr 1.92e-03 | 0.4s
epoch  256 | loss 50.7950 | lr 1.92e-03 | 0.4s
epoch  257 | loss 50.4515 | lr 1.92e-03 | 0.4s
epoch  258 | loss 50.6865 | lr 1.92e-03 | 0.4s
epoch  259 | loss 50.5267 | lr 1.92e-03 | 0.4s
epoch  260 | loss 50.6786 | lr 1.92e-03 | 0.4s
epoch  261 | loss 50.8347 | lr 1.92e-03 | 0.4s
epoch  262 | loss 50.4346 | lr 1.92e-03 | 0.4s
epoch  263 | loss 50.5296 | lr 1.92e-03 | 0.4s
epoch  264 | loss 50.7669 | lr 1.91e-03 | 0.4s
epoch  265 | loss 50.5179 | lr 1.91e-03 | 0.4s
epoch  266 | loss 50.7836 | lr 1.91e-03 | 0.4s
epoch  267 | loss 50.5241 | lr 1.91e-03 | 0.4s
epoch  268 | loss 50.3059 | lr 1.91e-03 | 0.4s
epoch  269 | loss 50.5710 | lr 1.91e-03 | 0.4s
epoch  270 | loss 50.7256 | lr 1.91e-03 | 0.4s
epoch  271 | loss 50.4644 | lr 1.91e-03 | 0.4s
epoch  272 | loss 50.4672 | lr 1.91e-03 | 0.4s
epoch  273 | loss 50.6773 | lr 1.91e-03 | 0.4s
epoch  274 | loss 50.5639 | lr 1.91e-03 | 0.4s
epoch  275 | loss 50.4287 | lr 1.91e-03 | 0.4s
epoch  276 | loss 50.7287 | lr 1.91e-03 | 0.4s
epoch  277 | loss 50.5239 | lr 1.91e-03 | 0.4s
epoch  278 | loss 50.5810 | lr 1.91e-03 | 0.4s
epoch  279 | loss 50.7908 | lr 1.90e-03 | 0.4s
epoch  280 | loss 50.4667 | lr 1.90e-03 | 0.4s
epoch  281 | loss 50.4926 | lr 1.90e-03 | 0.4s
epoch  282 | loss 50.4732 | lr 1.90e-03 | 0.4s
epoch  283 | loss 50.5995 | lr 1.90e-03 | 0.4s
epoch  284 | loss 50.6051 | lr 1.90e-03 | 0.4s
epoch  285 | loss 50.7027 | lr 1.90e-03 | 0.4s
epoch  286 | loss 50.5298 | lr 1.90e-03 | 0.4s
epoch  287 | loss 50.2871 | lr 1.90e-03 | 0.4s
epoch  288 | loss 50.6098 | lr 1.90e-03 | 0.4s
epoch  289 | loss 50.2340 | lr 1.90e-03 | 0.4s
epoch  290 | loss 50.4893 | lr 1.90e-03 | 0.4s
epoch  291 | loss 50.6566 | lr 1.90e-03 | 0.4s
epoch  292 | loss 50.4061 | lr 1.90e-03 | 0.4s
epoch  293 | loss 50.1611 | lr 1.90e-03 | 0.4s
epoch  294 | loss 50.1725 | lr 1.89e-03 | 0.4s
epoch  295 | loss 50.3680 | lr 1.89e-03 | 0.4s
epoch  296 | loss 50.3849 | lr 1.89e-03 | 0.4s
epoch  297 | loss 50.3065 | lr 1.89e-03 | 0.4s
epoch  298 | loss 50.3184 | lr 1.89e-03 | 0.4s
epoch  299 | loss 50.2432 | lr 1.89e-03 | 0.4s
epoch  300 | loss 50.3381 | lr 1.89e-03 | 0.4s
epoch  301 | loss 50.1704 | lr 1.89e-03 | 0.4s
epoch  302 | loss 50.3461 | lr 1.89e-03 | 0.4s
epoch  303 | loss 50.0662 | lr 1.89e-03 | 0.4s
epoch  304 | loss 50.2383 | lr 1.89e-03 | 0.4s
epoch  305 | loss 50.0909 | lr 1.89e-03 | 0.4s
epoch  306 | loss 50.1966 | lr 1.89e-03 | 0.4s
epoch  307 | loss 50.3451 | lr 1.89e-03 | 0.4s
epoch  308 | loss 50.0786 | lr 1.88e-03 | 0.4s
epoch  309 | loss 50.0322 | lr 1.88e-03 | 0.4s
epoch  310 | loss 50.2274 | lr 1.88e-03 | 0.4s
epoch  311 | loss 50.1730 | lr 1.88e-03 | 0.4s
epoch  312 | loss 50.1804 | lr 1.88e-03 | 0.4s
epoch  313 | loss 50.3266 | lr 1.88e-03 | 0.4s
epoch  314 | loss 50.4080 | lr 1.88e-03 | 0.4s
epoch  315 | loss 50.2351 | lr 1.88e-03 | 0.4s
epoch  316 | loss 50.0999 | lr 1.88e-03 | 0.4s
epoch  317 | loss 49.9995 | lr 1.88e-03 | 0.4s
epoch  318 | loss 50.5523 | lr 1.88e-03 | 0.4s
epoch  319 | loss 50.2686 | lr 1.88e-03 | 0.4s
epoch  320 | loss 50.0759 | lr 1.88e-03 | 0.4s
epoch  321 | loss 50.1458 | lr 1.87e-03 | 0.4s
epoch  322 | loss 49.8965 | lr 1.87e-03 | 0.4s
epoch  323 | loss 50.0988 | lr 1.87e-03 | 0.4s
epoch  324 | loss 49.9737 | lr 1.87e-03 | 0.4s
epoch  325 | loss 50.0832 | lr 1.87e-03 | 0.4s
epoch  326 | loss 50.3439 | lr 1.87e-03 | 0.4s
epoch  327 | loss 49.8398 | lr 1.87e-03 | 0.4s
epoch  328 | loss 50.1239 | lr 1.87e-03 | 0.4s
epoch  329 | loss 50.2054 | lr 1.87e-03 | 0.4s
epoch  330 | loss 49.9717 | lr 1.87e-03 | 0.4s
epoch  331 | loss 50.0682 | lr 1.87e-03 | 0.4s
epoch  332 | loss 50.1124 | lr 1.87e-03 | 0.4s
epoch  333 | loss 49.9418 | lr 1.87e-03 | 0.4s
epoch  334 | loss 49.9081 | lr 1.86e-03 | 0.4s
epoch  335 | loss 49.9563 | lr 1.86e-03 | 0.4s
epoch  336 | loss 50.0694 | lr 1.86e-03 | 0.4s
epoch  337 | loss 49.9120 | lr 1.86e-03 | 0.4s
epoch  338 | loss 50.0063 | lr 1.86e-03 | 0.4s
epoch  339 | loss 49.7134 | lr 1.86e-03 | 0.4s
epoch  340 | loss 49.6919 | lr 1.86e-03 | 0.4s
epoch  341 | loss 49.9787 | lr 1.86e-03 | 0.4s
epoch  342 | loss 49.9000 | lr 1.86e-03 | 0.4s
epoch  343 | loss 49.9343 | lr 1.86e-03 | 0.4s
epoch  344 | loss 49.3985 | lr 1.86e-03 | 0.4s
epoch  345 | loss 50.2931 | lr 1.86e-03 | 0.4s
epoch  346 | loss 50.0254 | lr 1.86e-03 | 0.4s
epoch  347 | loss 49.7550 | lr 1.85e-03 | 0.4s
epoch  348 | loss 49.4445 | lr 1.85e-03 | 0.4s
epoch  349 | loss 49.8066 | lr 1.85e-03 | 0.4s
epoch  350 | loss 49.5546 | lr 1.85e-03 | 0.4s
epoch  351 | loss 49.8694 | lr 1.85e-03 | 0.4s
epoch  352 | loss 49.8662 | lr 1.85e-03 | 0.4s
epoch  353 | loss 50.0141 | lr 1.85e-03 | 0.4s
epoch  354 | loss 49.7425 | lr 1.85e-03 | 0.4s
epoch  355 | loss 49.9126 | lr 1.85e-03 | 0.4s
epoch  356 | loss 49.7006 | lr 1.85e-03 | 0.4s
epoch  357 | loss 49.9557 | lr 1.85e-03 | 0.4s
epoch  358 | loss 49.6484 | lr 1.85e-03 | 0.4s
epoch  359 | loss 49.6895 | lr 1.84e-03 | 0.4s
epoch  360 | loss 49.9792 | lr 1.84e-03 | 0.4s
epoch  361 | loss 49.7438 | lr 1.84e-03 | 0.4s
epoch  362 | loss 49.9024 | lr 1.84e-03 | 0.4s
epoch  363 | loss 49.4898 | lr 1.84e-03 | 0.4s
epoch  364 | loss 49.7983 | lr 1.84e-03 | 0.4s
epoch  365 | loss 49.7072 | lr 1.84e-03 | 0.4s
epoch  366 | loss 49.5852 | lr 1.84e-03 | 0.4s
epoch  367 | loss 49.8838 | lr 1.84e-03 | 0.4s
epoch  368 | loss 49.7347 | lr 1.84e-03 | 0.4s
epoch  369 | loss 49.7506 | lr 1.84e-03 | 0.4s
epoch  370 | loss 49.7007 | lr 1.83e-03 | 0.4s
epoch  371 | loss 49.3783 | lr 1.83e-03 | 0.4s
epoch  372 | loss 49.6726 | lr 1.83e-03 | 0.4s
epoch  373 | loss 49.5622 | lr 1.83e-03 | 0.4s
epoch  374 | loss 49.5981 | lr 1.83e-03 | 0.4s
epoch  375 | loss 49.5527 | lr 1.83e-03 | 0.4s
epoch  376 | loss 49.3810 | lr 1.83e-03 | 0.4s
epoch  377 | loss 49.2986 | lr 1.83e-03 | 0.4s
epoch  378 | loss 49.2219 | lr 1.83e-03 | 0.4s
epoch  379 | loss 49.3321 | lr 1.83e-03 | 0.4s
epoch  380 | loss 49.5874 | lr 1.83e-03 | 0.4s
epoch  381 | loss 49.6835 | lr 1.83e-03 | 0.4s
epoch  382 | loss 49.4877 | lr 1.82e-03 | 0.4s
epoch  383 | loss 49.8040 | lr 1.82e-03 | 0.4s
epoch  384 | loss 49.4526 | lr 1.82e-03 | 0.4s
epoch  385 | loss 49.4183 | lr 1.82e-03 | 0.4s
epoch  386 | loss 49.5633 | lr 1.82e-03 | 0.4s
epoch  387 | loss 49.5811 | lr 1.82e-03 | 0.4s
epoch  388 | loss 49.4660 | lr 1.82e-03 | 0.4s
epoch  389 | loss 49.6239 | lr 1.82e-03 | 0.4s
epoch  390 | loss 49.4765 | lr 1.82e-03 | 0.4s
epoch  391 | loss 49.2019 | lr 1.82e-03 | 0.4s
epoch  392 | loss 49.4116 | lr 1.82e-03 | 0.4s
epoch  393 | loss 49.2237 | lr 1.81e-03 | 0.4s
epoch  394 | loss 49.1860 | lr 1.81e-03 | 0.4s
epoch  395 | loss 49.4144 | lr 1.81e-03 | 0.4s
epoch  396 | loss 49.0672 | lr 1.81e-03 | 0.4s
epoch  397 | loss 49.0866 | lr 1.81e-03 | 0.4s
epoch  398 | loss 49.2874 | lr 1.81e-03 | 0.4s
epoch  399 | loss 49.3430 | lr 1.81e-03 | 0.4s
epoch  400 | loss 49.4706 | lr 1.81e-03 | 0.4s
epoch  401 | loss 49.2665 | lr 1.81e-03 | 0.4s
epoch  402 | loss 49.4615 | lr 1.81e-03 | 0.4s
epoch  403 | loss 49.4876 | lr 1.81e-03 | 0.4s
epoch  404 | loss 49.2607 | lr 1.80e-03 | 0.4s
epoch  405 | loss 49.2879 | lr 1.80e-03 | 0.4s
epoch  406 | loss 49.2973 | lr 1.80e-03 | 0.4s
epoch  407 | loss 49.4779 | lr 1.80e-03 | 0.4s
epoch  408 | loss 49.2799 | lr 1.80e-03 | 0.4s
epoch  409 | loss 49.1686 | lr 1.80e-03 | 0.4s
epoch  410 | loss 49.2179 | lr 1.80e-03 | 0.4s
epoch  411 | loss 48.9969 | lr 1.80e-03 | 0.4s
epoch  412 | loss 49.2899 | lr 1.80e-03 | 0.4s
epoch  413 | loss 49.3849 | lr 1.80e-03 | 0.4s
epoch  414 | loss 49.1741 | lr 1.79e-03 | 0.4s
epoch  415 | loss 49.3159 | lr 1.79e-03 | 0.4s
epoch  416 | loss 49.1325 | lr 1.79e-03 | 0.4s
epoch  417 | loss 49.4356 | lr 1.79e-03 | 0.4s
epoch  418 | loss 49.2922 | lr 1.79e-03 | 0.4s
epoch  419 | loss 49.2634 | lr 1.79e-03 | 0.4s
epoch  420 | loss 49.0479 | lr 1.79e-03 | 0.4s
epoch  421 | loss 49.3507 | lr 1.79e-03 | 0.4s
epoch  422 | loss 49.3538 | lr 1.79e-03 | 0.4s
epoch  423 | loss 49.4278 | lr 1.79e-03 | 0.4s
epoch  424 | loss 49.4993 | lr 1.79e-03 | 0.4s
epoch  425 | loss 49.0969 | lr 1.78e-03 | 0.4s
epoch  426 | loss 48.9503 | lr 1.78e-03 | 0.4s
epoch  427 | loss 49.1952 | lr 1.78e-03 | 0.4s
epoch  428 | loss 48.8879 | lr 1.78e-03 | 0.4s
epoch  429 | loss 48.9704 | lr 1.78e-03 | 0.4s
epoch  430 | loss 48.9678 | lr 1.78e-03 | 0.4s
epoch  431 | loss 49.0533 | lr 1.78e-03 | 0.4s
epoch  432 | loss 49.2782 | lr 1.78e-03 | 0.4s
epoch  433 | loss 49.1550 | lr 1.78e-03 | 0.4s
epoch  434 | loss 48.8995 | lr 1.78e-03 | 0.4s
epoch  435 | loss 49.1499 | lr 1.77e-03 | 0.4s
epoch  436 | loss 49.1498 | lr 1.77e-03 | 0.4s
epoch  437 | loss 49.0371 | lr 1.77e-03 | 0.4s
epoch  438 | loss 49.0730 | lr 1.77e-03 | 0.4s
epoch  439 | loss 49.1182 | lr 1.77e-03 | 0.4s
epoch  440 | loss 48.7673 | lr 1.77e-03 | 0.4s
epoch  441 | loss 48.8321 | lr 1.77e-03 | 0.4s
epoch  442 | loss 49.2064 | lr 1.77e-03 | 0.4s
epoch  443 | loss 48.9896 | lr 1.77e-03 | 0.4s
epoch  444 | loss 48.8088 | lr 1.77e-03 | 0.4s
epoch  445 | loss 48.9465 | lr 1.76e-03 | 0.4s
epoch  446 | loss 48.9849 | lr 1.76e-03 | 0.4s
epoch  447 | loss 49.0479 | lr 1.76e-03 | 0.4s
epoch  448 | loss 48.9389 | lr 1.76e-03 | 0.4s
epoch  449 | loss 49.0690 | lr 1.76e-03 | 0.4s
epoch  450 | loss 49.2099 | lr 1.76e-03 | 0.4s
epoch  451 | loss 49.1695 | lr 1.76e-03 | 0.4s
epoch  452 | loss 48.8959 | lr 1.76e-03 | 0.4s
epoch  453 | loss 48.9370 | lr 1.76e-03 | 0.4s
epoch  454 | loss 48.9524 | lr 1.76e-03 | 0.4s
epoch  455 | loss 49.0436 | lr 1.75e-03 | 0.4s
epoch  456 | loss 48.8025 | lr 1.75e-03 | 0.4s
epoch  457 | loss 48.6767 | lr 1.75e-03 | 0.4s
epoch  458 | loss 48.8665 | lr 1.75e-03 | 0.4s
epoch  459 | loss 49.0316 | lr 1.75e-03 | 0.4s
epoch  460 | loss 48.9852 | lr 1.75e-03 | 0.4s
epoch  461 | loss 49.0871 | lr 1.75e-03 | 0.4s
epoch  462 | loss 48.8984 | lr 1.75e-03 | 0.4s
epoch  463 | loss 48.8792 | lr 1.75e-03 | 0.4s
epoch  464 | loss 48.5056 | lr 1.74e-03 | 0.4s
epoch  465 | loss 49.1085 | lr 1.74e-03 | 0.4s
epoch  466 | loss 48.8374 | lr 1.74e-03 | 0.4s
epoch  467 | loss 49.0584 | lr 1.74e-03 | 0.4s
epoch  468 | loss 48.9504 | lr 1.74e-03 | 0.4s
epoch  469 | loss 48.8116 | lr 1.74e-03 | 0.4s
epoch  470 | loss 49.0168 | lr 1.74e-03 | 0.4s
epoch  471 | loss 48.7971 | lr 1.74e-03 | 0.4s
epoch  472 | loss 48.9382 | lr 1.74e-03 | 0.4s
epoch  473 | loss 48.8376 | lr 1.74e-03 | 0.4s
epoch  474 | loss 48.7353 | lr 1.73e-03 | 0.4s
epoch  475 | loss 48.9990 | lr 1.73e-03 | 0.4s
epoch  476 | loss 48.4664 | lr 1.73e-03 | 0.4s
epoch  477 | loss 48.8009 | lr 1.73e-03 | 0.4s
epoch  478 | loss 48.5516 | lr 1.73e-03 | 0.4s
epoch  479 | loss 48.6823 | lr 1.73e-03 | 0.4s
epoch  480 | loss 48.6651 | lr 1.73e-03 | 0.4s
epoch  481 | loss 48.9886 | lr 1.73e-03 | 0.4s
epoch  482 | loss 48.7774 | lr 1.73e-03 | 0.4s
epoch  483 | loss 48.7362 | lr 1.72e-03 | 0.4s
epoch  484 | loss 48.7415 | lr 1.72e-03 | 0.4s
epoch  485 | loss 48.6323 | lr 1.72e-03 | 0.4s
epoch  486 | loss 48.6518 | lr 1.72e-03 | 0.4s
epoch  487 | loss 49.1074 | lr 1.72e-03 | 0.4s
epoch  488 | loss 48.7466 | lr 1.72e-03 | 0.4s
epoch  489 | loss 48.8650 | lr 1.72e-03 | 0.4s
epoch  490 | loss 48.7886 | lr 1.72e-03 | 0.4s
epoch  491 | loss 48.9499 | lr 1.72e-03 | 0.4s
epoch  492 | loss 48.7940 | lr 1.71e-03 | 0.4s
epoch  493 | loss 48.6845 | lr 1.71e-03 | 0.4s
epoch  494 | loss 48.4936 | lr 1.71e-03 | 0.4s
epoch  495 | loss 48.5760 | lr 1.71e-03 | 0.4s
epoch  496 | loss 48.3808 | lr 1.71e-03 | 0.4s
epoch  497 | loss 49.0426 | lr 1.71e-03 | 0.4s
epoch  498 | loss 48.7857 | lr 1.71e-03 | 0.4s
epoch  499 | loss 48.7274 | lr 1.71e-03 | 0.4s
epoch  500 | loss 48.8051 | lr 1.71e-03 | 0.4s
epoch  501 | loss 48.5742 | lr 1.70e-03 | 0.4s
epoch  502 | loss 48.6969 | lr 1.70e-03 | 0.4s
epoch  503 | loss 48.2912 | lr 1.70e-03 | 0.4s
epoch  504 | loss 48.4125 | lr 1.70e-03 | 0.4s
epoch  505 | loss 48.5087 | lr 1.70e-03 | 0.4s
epoch  506 | loss 48.6834 | lr 1.70e-03 | 0.4s
epoch  507 | loss 48.6673 | lr 1.70e-03 | 0.4s
epoch  508 | loss 48.4617 | lr 1.70e-03 | 0.4s
epoch  509 | loss 48.4576 | lr 1.70e-03 | 0.4s
epoch  510 | loss 48.5444 | lr 1.69e-03 | 0.4s
epoch  511 | loss 48.4753 | lr 1.69e-03 | 0.4s
epoch  512 | loss 48.6166 | lr 1.69e-03 | 0.4s
epoch  513 | loss 48.6166 | lr 1.69e-03 | 0.4s
epoch  514 | loss 48.6947 | lr 1.69e-03 | 0.4s
epoch  515 | loss 48.7974 | lr 1.69e-03 | 0.4s
epoch  516 | loss 48.3630 | lr 1.69e-03 | 0.4s
epoch  517 | loss 48.5930 | lr 1.69e-03 | 0.4s
epoch  518 | loss 48.4258 | lr 1.69e-03 | 0.4s
epoch  519 | loss 48.4560 | lr 1.68e-03 | 0.4s
epoch  520 | loss 48.6520 | lr 1.68e-03 | 0.4s
epoch  521 | loss 48.2516 | lr 1.68e-03 | 0.4s
epoch  522 | loss 48.3290 | lr 1.68e-03 | 0.4s
epoch  523 | loss 48.4959 | lr 1.68e-03 | 0.4s
epoch  524 | loss 48.6058 | lr 1.68e-03 | 0.4s
epoch  525 | loss 48.5762 | lr 1.68e-03 | 0.4s
epoch  526 | loss 48.3595 | lr 1.68e-03 | 0.4s
epoch  527 | loss 48.3916 | lr 1.68e-03 | 0.4s
epoch  528 | loss 48.4924 | lr 1.67e-03 | 0.4s
epoch  529 | loss 48.4292 | lr 1.67e-03 | 0.4s
epoch  530 | loss 48.3351 | lr 1.67e-03 | 0.4s
epoch  531 | loss 48.2784 | lr 1.67e-03 | 0.4s
epoch  532 | loss 48.6977 | lr 1.67e-03 | 0.4s
epoch  533 | loss 48.5269 | lr 1.67e-03 | 0.4s
epoch  534 | loss 48.5360 | lr 1.67e-03 | 0.4s
epoch  535 | loss 48.5521 | lr 1.67e-03 | 0.4s
epoch  536 | loss 48.4242 | lr 1.66e-03 | 0.4s
epoch  537 | loss 48.5937 | lr 1.66e-03 | 0.4s
epoch  538 | loss 48.7029 | lr 1.66e-03 | 0.4s
epoch  539 | loss 48.4742 | lr 1.66e-03 | 0.4s
epoch  540 | loss 48.8665 | lr 1.66e-03 | 0.4s
epoch  541 | loss 48.1631 | lr 1.66e-03 | 0.4s
epoch  542 | loss 48.4810 | lr 1.66e-03 | 0.4s
epoch  543 | loss 48.3633 | lr 1.66e-03 | 0.4s
epoch  544 | loss 48.4060 | lr 1.66e-03 | 0.4s
epoch  545 | loss 48.4010 | lr 1.65e-03 | 0.4s
epoch  546 | loss 48.3440 | lr 1.65e-03 | 0.4s
epoch  547 | loss 48.1432 | lr 1.65e-03 | 0.4s
epoch  548 | loss 48.4737 | lr 1.65e-03 | 0.4s
epoch  549 | loss 48.3026 | lr 1.65e-03 | 0.4s
epoch  550 | loss 48.3477 | lr 1.65e-03 | 0.4s
epoch  551 | loss 48.4612 | lr 1.65e-03 | 0.4s
epoch  552 | loss 48.3373 | lr 1.65e-03 | 0.4s
epoch  553 | loss 48.6669 | lr 1.64e-03 | 0.4s
epoch  554 | loss 48.6130 | lr 1.64e-03 | 0.4s
epoch  555 | loss 48.5174 | lr 1.64e-03 | 0.4s
epoch  556 | loss 48.6309 | lr 1.64e-03 | 0.4s
epoch  557 | loss 48.0742 | lr 1.64e-03 | 0.4s
epoch  558 | loss 48.2548 | lr 1.64e-03 | 0.4s
epoch  559 | loss 48.2074 | lr 1.64e-03 | 0.4s
epoch  560 | loss 47.9768 | lr 1.64e-03 | 0.4s
epoch  561 | loss 48.2541 | lr 1.64e-03 | 0.4s
epoch  562 | loss 48.3496 | lr 1.63e-03 | 0.4s
epoch  563 | loss 48.3526 | lr 1.63e-03 | 0.4s
epoch  564 | loss 48.2729 | lr 1.63e-03 | 0.4s
epoch  565 | loss 48.6821 | lr 1.63e-03 | 0.4s
epoch  566 | loss 48.2359 | lr 1.63e-03 | 0.4s
epoch  567 | loss 48.5597 | lr 1.63e-03 | 0.4s
epoch  568 | loss 48.2812 | lr 1.63e-03 | 0.4s
epoch  569 | loss 48.0743 | lr 1.63e-03 | 0.4s
epoch  570 | loss 48.2071 | lr 1.62e-03 | 0.4s
epoch  571 | loss 48.1216 | lr 1.62e-03 | 0.4s
epoch  572 | loss 48.4146 | lr 1.62e-03 | 0.4s
epoch  573 | loss 48.4290 | lr 1.62e-03 | 0.4s
epoch  574 | loss 48.3457 | lr 1.62e-03 | 0.4s
epoch  575 | loss 47.8183 | lr 1.62e-03 | 0.4s
epoch  576 | loss 48.1438 | lr 1.62e-03 | 0.4s
epoch  577 | loss 48.1548 | lr 1.62e-03 | 0.4s
epoch  578 | loss 48.1982 | lr 1.61e-03 | 0.4s
epoch  579 | loss 48.0473 | lr 1.61e-03 | 0.4s
epoch  580 | loss 48.0439 | lr 1.61e-03 | 0.4s
epoch  581 | loss 48.1338 | lr 1.61e-03 | 0.4s
epoch  582 | loss 48.3635 | lr 1.61e-03 | 0.4s
epoch  583 | loss 48.2355 | lr 1.61e-03 | 0.4s
epoch  584 | loss 48.1924 | lr 1.61e-03 | 0.4s
epoch  585 | loss 48.2420 | lr 1.61e-03 | 0.4s
epoch  586 | loss 48.2405 | lr 1.60e-03 | 0.4s
epoch  587 | loss 48.4027 | lr 1.60e-03 | 0.4s
epoch  588 | loss 47.8869 | lr 1.60e-03 | 0.4s
epoch  589 | loss 47.8268 | lr 1.60e-03 | 0.4s
epoch  590 | loss 48.2468 | lr 1.60e-03 | 0.4s
epoch  591 | loss 48.4042 | lr 1.60e-03 | 0.4s
epoch  592 | loss 48.3233 | lr 1.60e-03 | 0.4s
epoch  593 | loss 47.9892 | lr 1.60e-03 | 0.4s
epoch  594 | loss 48.1793 | lr 1.59e-03 | 0.4s
epoch  595 | loss 48.2328 | lr 1.59e-03 | 0.4s
epoch  596 | loss 48.1631 | lr 1.59e-03 | 0.4s
epoch  597 | loss 48.4355 | lr 1.59e-03 | 0.4s
epoch  598 | loss 48.0572 | lr 1.59e-03 | 0.4s
epoch  599 | loss 48.3146 | lr 1.59e-03 | 0.4s
epoch  600 | loss 48.0699 | lr 1.59e-03 | 0.4s
epoch  601 | loss 47.9855 | lr 1.59e-03 | 0.4s
epoch  602 | loss 47.9458 | lr 1.58e-03 | 0.4s
epoch  603 | loss 48.0541 | lr 1.58e-03 | 0.4s
epoch  604 | loss 47.8660 | lr 1.58e-03 | 0.4s
epoch  605 | loss 48.0365 | lr 1.58e-03 | 0.4s
epoch  606 | loss 48.2159 | lr 1.58e-03 | 0.4s
epoch  607 | loss 47.9149 | lr 1.58e-03 | 0.4s
epoch  608 | loss 47.6208 | lr 1.58e-03 | 0.4s
epoch  609 | loss 47.7744 | lr 1.58e-03 | 0.4s
epoch  610 | loss 48.1572 | lr 1.57e-03 | 0.4s
epoch  611 | loss 47.9488 | lr 1.57e-03 | 0.4s
epoch  612 | loss 47.9419 | lr 1.57e-03 | 0.4s
epoch  613 | loss 47.9872 | lr 1.57e-03 | 0.4s
epoch  614 | loss 48.2203 | lr 1.57e-03 | 0.4s
epoch  615 | loss 47.6627 | lr 1.57e-03 | 0.4s
epoch  616 | loss 47.9648 | lr 1.57e-03 | 0.4s
epoch  617 | loss 48.0306 | lr 1.56e-03 | 0.4s
epoch  618 | loss 47.9680 | lr 1.56e-03 | 0.4s
epoch  619 | loss 48.2001 | lr 1.56e-03 | 0.4s
epoch  620 | loss 47.7957 | lr 1.56e-03 | 0.4s
epoch  621 | loss 48.0648 | lr 1.56e-03 | 0.4s
epoch  622 | loss 48.0013 | lr 1.56e-03 | 0.4s
epoch  623 | loss 47.8714 | lr 1.56e-03 | 0.4s
epoch  624 | loss 48.0329 | lr 1.56e-03 | 0.4s
epoch  625 | loss 47.8460 | lr 1.55e-03 | 0.4s
epoch  626 | loss 48.0323 | lr 1.55e-03 | 0.4s
epoch  627 | loss 47.7604 | lr 1.55e-03 | 0.4s
epoch  628 | loss 48.0408 | lr 1.55e-03 | 0.4s
epoch  629 | loss 47.9292 | lr 1.55e-03 | 0.4s
epoch  630 | loss 47.8439 | lr 1.55e-03 | 0.4s
epoch  631 | loss 47.9802 | lr 1.55e-03 | 0.4s
epoch  632 | loss 47.9604 | lr 1.55e-03 | 0.4s
epoch  633 | loss 47.7400 | lr 1.54e-03 | 0.4s
epoch  634 | loss 47.9023 | lr 1.54e-03 | 0.4s
epoch  635 | loss 48.0789 | lr 1.54e-03 | 0.4s
epoch  636 | loss 47.7456 | lr 1.54e-03 | 0.4s
epoch  637 | loss 47.9054 | lr 1.54e-03 | 0.4s
epoch  638 | loss 47.8663 | lr 1.54e-03 | 0.4s
epoch  639 | loss 47.6107 | lr 1.54e-03 | 0.4s
epoch  640 | loss 47.7053 | lr 1.53e-03 | 0.4s
epoch  641 | loss 48.0048 | lr 1.53e-03 | 0.4s
epoch  642 | loss 47.9447 | lr 1.53e-03 | 0.4s
epoch  643 | loss 47.8309 | lr 1.53e-03 | 0.4s
epoch  644 | loss 47.8274 | lr 1.53e-03 | 0.4s
epoch  645 | loss 47.7372 | lr 1.53e-03 | 0.4s
epoch  646 | loss 48.0214 | lr 1.53e-03 | 0.4s
epoch  647 | loss 47.8189 | lr 1.53e-03 | 0.4s
epoch  648 | loss 47.7655 | lr 1.52e-03 | 0.4s
epoch  649 | loss 47.9864 | lr 1.52e-03 | 0.4s
epoch  650 | loss 47.8730 | lr 1.52e-03 | 0.4s
epoch  651 | loss 47.9731 | lr 1.52e-03 | 0.4s
epoch  652 | loss 48.1386 | lr 1.52e-03 | 0.4s
epoch  653 | loss 48.1465 | lr 1.52e-03 | 0.4s
epoch  654 | loss 47.9872 | lr 1.52e-03 | 0.4s
epoch  655 | loss 47.8039 | lr 1.51e-03 | 0.4s
epoch  656 | loss 47.4899 | lr 1.51e-03 | 0.4s
epoch  657 | loss 47.6772 | lr 1.51e-03 | 0.4s
epoch  658 | loss 48.0379 | lr 1.51e-03 | 0.4s
epoch  659 | loss 47.8272 | lr 1.51e-03 | 0.4s
epoch  660 | loss 47.8765 | lr 1.51e-03 | 0.4s
epoch  661 | loss 47.9294 | lr 1.51e-03 | 0.4s
epoch  662 | loss 48.1324 | lr 1.50e-03 | 0.4s
epoch  663 | loss 47.8878 | lr 1.50e-03 | 0.4s
epoch  664 | loss 47.8202 | lr 1.50e-03 | 0.4s
epoch  665 | loss 48.0483 | lr 1.50e-03 | 0.4s
epoch  666 | loss 47.9949 | lr 1.50e-03 | 0.4s
epoch  667 | loss 48.1161 | lr 1.50e-03 | 0.4s
epoch  668 | loss 47.7671 | lr 1.50e-03 | 0.4s
epoch  669 | loss 47.6931 | lr 1.50e-03 | 0.4s
epoch  670 | loss 47.7282 | lr 1.49e-03 | 0.4s
epoch  671 | loss 47.3978 | lr 1.49e-03 | 0.4s
epoch  672 | loss 47.6604 | lr 1.49e-03 | 0.4s
epoch  673 | loss 47.7421 | lr 1.49e-03 | 0.4s
epoch  674 | loss 48.0823 | lr 1.49e-03 | 0.4s
epoch  675 | loss 47.9332 | lr 1.49e-03 | 0.4s
epoch  676 | loss 47.8122 | lr 1.49e-03 | 0.4s
epoch  677 | loss 47.6348 | lr 1.48e-03 | 0.4s
epoch  678 | loss 47.8372 | lr 1.48e-03 | 0.4s
epoch  679 | loss 47.7459 | lr 1.48e-03 | 0.4s
epoch  680 | loss 47.7427 | lr 1.48e-03 | 0.4s
epoch  681 | loss 47.8485 | lr 1.48e-03 | 0.4s
epoch  682 | loss 47.7938 | lr 1.48e-03 | 0.4s
epoch  683 | loss 47.8787 | lr 1.48e-03 | 0.4s
epoch  684 | loss 47.6847 | lr 1.47e-03 | 0.4s
epoch  685 | loss 47.7884 | lr 1.47e-03 | 0.4s
epoch  686 | loss 47.7617 | lr 1.47e-03 | 0.4s
epoch  687 | loss 47.9527 | lr 1.47e-03 | 0.4s
epoch  688 | loss 47.5071 | lr 1.47e-03 | 0.4s
epoch  689 | loss 47.6430 | lr 1.47e-03 | 0.4s
epoch  690 | loss 47.5934 | lr 1.47e-03 | 0.4s
epoch  691 | loss 47.7826 | lr 1.47e-03 | 0.4s
epoch  692 | loss 47.6355 | lr 1.46e-03 | 0.4s
epoch  693 | loss 47.6929 | lr 1.46e-03 | 0.4s
epoch  694 | loss 48.0031 | lr 1.46e-03 | 0.4s
epoch  695 | loss 47.8227 | lr 1.46e-03 | 0.4s
epoch  696 | loss 47.9571 | lr 1.46e-03 | 0.4s
epoch  697 | loss 47.7863 | lr 1.46e-03 | 0.4s
epoch  698 | loss 47.5418 | lr 1.46e-03 | 0.4s
epoch  699 | loss 47.8328 | lr 1.45e-03 | 0.4s
epoch  700 | loss 47.8862 | lr 1.45e-03 | 0.4s
epoch  701 | loss 47.7237 | lr 1.45e-03 | 0.4s
epoch  702 | loss 47.5800 | lr 1.45e-03 | 0.4s
epoch  703 | loss 47.7895 | lr 1.45e-03 | 0.4s
epoch  704 | loss 47.8071 | lr 1.45e-03 | 0.4s
epoch  705 | loss 47.5436 | lr 1.45e-03 | 0.4s
epoch  706 | loss 47.6905 | lr 1.44e-03 | 0.4s
epoch  707 | loss 48.0398 | lr 1.44e-03 | 0.4s
epoch  708 | loss 47.6754 | lr 1.44e-03 | 0.4s
epoch  709 | loss 47.7039 | lr 1.44e-03 | 0.4s
epoch  710 | loss 47.7339 | lr 1.44e-03 | 0.4s
epoch  711 | loss 47.7034 | lr 1.44e-03 | 0.4s
epoch  712 | loss 47.4127 | lr 1.44e-03 | 0.4s
epoch  713 | loss 47.8703 | lr 1.43e-03 | 0.4s
epoch  714 | loss 47.9413 | lr 1.43e-03 | 0.4s
epoch  715 | loss 47.4179 | lr 1.43e-03 | 0.4s
epoch  716 | loss 47.8746 | lr 1.43e-03 | 0.4s
epoch  717 | loss 47.6830 | lr 1.43e-03 | 0.4s
epoch  718 | loss 47.6670 | lr 1.43e-03 | 0.4s
epoch  719 | loss 47.9196 | lr 1.43e-03 | 0.4s
epoch  720 | loss 47.5508 | lr 1.42e-03 | 0.4s
epoch  721 | loss 47.5291 | lr 1.42e-03 | 0.4s
epoch  722 | loss 47.7496 | lr 1.42e-03 | 0.4s
epoch  723 | loss 47.6699 | lr 1.42e-03 | 0.4s
epoch  724 | loss 47.6571 | lr 1.42e-03 | 0.4s
epoch  725 | loss 47.7321 | lr 1.42e-03 | 0.4s
epoch  726 | loss 47.5870 | lr 1.42e-03 | 0.4s
epoch  727 | loss 47.7208 | lr 1.41e-03 | 0.4s
epoch  728 | loss 47.6598 | lr 1.41e-03 | 0.4s
epoch  729 | loss 47.6136 | lr 1.41e-03 | 0.4s
epoch  730 | loss 47.6866 | lr 1.41e-03 | 0.4s
epoch  731 | loss 47.6420 | lr 1.41e-03 | 0.4s
epoch  732 | loss 47.5518 | lr 1.41e-03 | 0.4s
epoch  733 | loss 47.8271 | lr 1.41e-03 | 0.4s
epoch  734 | loss 47.8766 | lr 1.40e-03 | 0.4s
epoch  735 | loss 47.4771 | lr 1.40e-03 | 0.4s
epoch  736 | loss 47.7111 | lr 1.40e-03 | 0.4s
epoch  737 | loss 47.6326 | lr 1.40e-03 | 0.4s
epoch  738 | loss 47.4108 | lr 1.40e-03 | 0.4s
epoch  739 | loss 47.5595 | lr 1.40e-03 | 0.4s
epoch  740 | loss 47.3816 | lr 1.40e-03 | 0.4s
epoch  741 | loss 47.7344 | lr 1.39e-03 | 0.4s
epoch  742 | loss 47.4298 | lr 1.39e-03 | 0.4s
epoch  743 | loss 47.5916 | lr 1.39e-03 | 0.4s
epoch  744 | loss 47.3970 | lr 1.39e-03 | 0.4s
epoch  745 | loss 47.7996 | lr 1.39e-03 | 0.4s
epoch  746 | loss 47.5269 | lr 1.39e-03 | 0.4s
epoch  747 | loss 47.4899 | lr 1.39e-03 | 0.4s
epoch  748 | loss 47.4840 | lr 1.38e-03 | 0.4s
epoch  749 | loss 47.4291 | lr 1.38e-03 | 0.4s
epoch  750 | loss 47.5691 | lr 1.38e-03 | 0.4s
epoch  751 | loss 47.6924 | lr 1.38e-03 | 0.4s
epoch  752 | loss 47.7722 | lr 1.38e-03 | 0.4s
epoch  753 | loss 47.5215 | lr 1.38e-03 | 0.4s
epoch  754 | loss 47.4524 | lr 1.38e-03 | 0.4s
epoch  755 | loss 47.5501 | lr 1.37e-03 | 0.4s
epoch  756 | loss 47.5389 | lr 1.37e-03 | 0.4s
epoch  757 | loss 47.6114 | lr 1.37e-03 | 0.4s
epoch  758 | loss 47.6982 | lr 1.37e-03 | 0.4s
epoch  759 | loss 47.5702 | lr 1.37e-03 | 0.4s
epoch  760 | loss 47.5752 | lr 1.37e-03 | 0.4s
epoch  761 | loss 47.3971 | lr 1.37e-03 | 0.4s
epoch  762 | loss 47.4483 | lr 1.36e-03 | 0.4s
epoch  763 | loss 47.5184 | lr 1.36e-03 | 0.4s
epoch  764 | loss 47.6938 | lr 1.36e-03 | 0.4s
epoch  765 | loss 47.8107 | lr 1.36e-03 | 0.4s
epoch  766 | loss 47.7872 | lr 1.36e-03 | 0.4s
epoch  767 | loss 47.4980 | lr 1.36e-03 | 0.4s
epoch  768 | loss 47.3242 | lr 1.35e-03 | 0.4s
epoch  769 | loss 47.6573 | lr 1.35e-03 | 0.4s
epoch  770 | loss 47.3142 | lr 1.35e-03 | 0.4s
epoch  771 | loss 47.6669 | lr 1.35e-03 | 0.4s
epoch  772 | loss 47.4036 | lr 1.35e-03 | 0.4s
epoch  773 | loss 47.4886 | lr 1.35e-03 | 0.4s
epoch  774 | loss 47.4476 | lr 1.35e-03 | 0.4s
epoch  775 | loss 47.4103 | lr 1.34e-03 | 0.4s
epoch  776 | loss 47.5937 | lr 1.34e-03 | 0.4s
epoch  777 | loss 47.4337 | lr 1.34e-03 | 0.4s
epoch  778 | loss 47.5012 | lr 1.34e-03 | 0.4s
epoch  779 | loss 47.7126 | lr 1.34e-03 | 0.4s
epoch  780 | loss 47.1651 | lr 1.34e-03 | 0.4s
epoch  781 | loss 47.3449 | lr 1.34e-03 | 0.4s
epoch  782 | loss 47.5054 | lr 1.33e-03 | 0.4s
epoch  783 | loss 47.2423 | lr 1.33e-03 | 0.4s
epoch  784 | loss 47.1342 | lr 1.33e-03 | 0.4s
epoch  785 | loss 47.4131 | lr 1.33e-03 | 0.4s
epoch  786 | loss 47.6079 | lr 1.33e-03 | 0.4s
epoch  787 | loss 47.4522 | lr 1.33e-03 | 0.4s
epoch  788 | loss 47.3412 | lr 1.33e-03 | 0.4s
epoch  789 | loss 47.3908 | lr 1.32e-03 | 0.4s
epoch  790 | loss 47.6578 | lr 1.32e-03 | 0.4s
epoch  791 | loss 47.3564 | lr 1.32e-03 | 0.4s
epoch  792 | loss 47.3241 | lr 1.32e-03 | 0.4s
epoch  793 | loss 47.5251 | lr 1.32e-03 | 0.4s
epoch  794 | loss 47.3500 | lr 1.32e-03 | 0.4s
epoch  795 | loss 47.4566 | lr 1.31e-03 | 0.4s
epoch  796 | loss 47.7525 | lr 1.31e-03 | 0.4s
epoch  797 | loss 47.2003 | lr 1.31e-03 | 0.4s
epoch  798 | loss 47.5042 | lr 1.31e-03 | 0.4s
epoch  799 | loss 47.2406 | lr 1.31e-03 | 0.4s
epoch  800 | loss 47.6406 | lr 1.31e-03 | 0.4s
epoch  801 | loss 47.4278 | lr 1.31e-03 | 0.4s
epoch  802 | loss 47.3879 | lr 1.30e-03 | 0.4s
epoch  803 | loss 47.4688 | lr 1.30e-03 | 0.4s
epoch  804 | loss 47.4410 | lr 1.30e-03 | 0.4s
epoch  805 | loss 47.3172 | lr 1.30e-03 | 0.4s
epoch  806 | loss 47.3100 | lr 1.30e-03 | 0.4s
epoch  807 | loss 47.4924 | lr 1.30e-03 | 0.4s
epoch  808 | loss 47.3841 | lr 1.30e-03 | 0.4s
epoch  809 | loss 47.1302 | lr 1.29e-03 | 0.4s
epoch  810 | loss 47.3410 | lr 1.29e-03 | 0.4s
epoch  811 | loss 47.3228 | lr 1.29e-03 | 0.4s
epoch  812 | loss 47.5143 | lr 1.29e-03 | 0.4s
epoch  813 | loss 47.4975 | lr 1.29e-03 | 0.4s
epoch  814 | loss 47.4123 | lr 1.29e-03 | 0.4s
epoch  815 | loss 47.4061 | lr 1.29e-03 | 0.4s
epoch  816 | loss 47.2146 | lr 1.28e-03 | 0.4s
epoch  817 | loss 47.7790 | lr 1.28e-03 | 0.4s
epoch  818 | loss 47.4032 | lr 1.28e-03 | 0.4s
epoch  819 | loss 47.3538 | lr 1.28e-03 | 0.4s
epoch  820 | loss 47.1982 | lr 1.28e-03 | 0.4s
epoch  821 | loss 47.3427 | lr 1.28e-03 | 0.4s
epoch  822 | loss 47.4567 | lr 1.27e-03 | 0.4s
epoch  823 | loss 47.3297 | lr 1.27e-03 | 0.4s
epoch  824 | loss 47.5321 | lr 1.27e-03 | 0.4s
epoch  825 | loss 47.5745 | lr 1.27e-03 | 0.4s
epoch  826 | loss 47.0877 | lr 1.27e-03 | 0.4s
epoch  827 | loss 47.4098 | lr 1.27e-03 | 0.4s
epoch  828 | loss 47.3075 | lr 1.27e-03 | 0.4s
epoch  829 | loss 47.4408 | lr 1.26e-03 | 0.4s
epoch  830 | loss 47.2130 | lr 1.26e-03 | 0.4s
epoch  831 | loss 47.2466 | lr 1.26e-03 | 0.4s
epoch  832 | loss 47.1091 | lr 1.26e-03 | 0.4s
epoch  833 | loss 47.5070 | lr 1.26e-03 | 0.4s
epoch  834 | loss 47.3241 | lr 1.26e-03 | 0.4s
epoch  835 | loss 47.1051 | lr 1.25e-03 | 0.4s
epoch  836 | loss 47.3005 | lr 1.25e-03 | 0.4s
epoch  837 | loss 47.1968 | lr 1.25e-03 | 0.4s
epoch  838 | loss 47.0910 | lr 1.25e-03 | 0.4s
epoch  839 | loss 47.4402 | lr 1.25e-03 | 0.4s
epoch  840 | loss 47.4340 | lr 1.25e-03 | 0.4s
epoch  841 | loss 47.2772 | lr 1.25e-03 | 0.4s
epoch  842 | loss 47.5050 | lr 1.24e-03 | 0.4s
epoch  843 | loss 47.3718 | lr 1.24e-03 | 0.4s
epoch  844 | loss 47.4997 | lr 1.24e-03 | 0.4s
epoch  845 | loss 47.3715 | lr 1.24e-03 | 0.4s
epoch  846 | loss 47.2105 | lr 1.24e-03 | 0.4s
epoch  847 | loss 47.1438 | lr 1.24e-03 | 0.4s
epoch  848 | loss 47.2906 | lr 1.23e-03 | 0.4s
epoch  849 | loss 47.4429 | lr 1.23e-03 | 0.4s
epoch  850 | loss 47.1154 | lr 1.23e-03 | 0.4s
epoch  851 | loss 47.4273 | lr 1.23e-03 | 0.4s
epoch  852 | loss 47.3328 | lr 1.23e-03 | 0.4s
epoch  853 | loss 46.9429 | lr 1.23e-03 | 0.4s
epoch  854 | loss 47.5072 | lr 1.23e-03 | 0.4s
epoch  855 | loss 47.1862 | lr 1.22e-03 | 0.4s
epoch  856 | loss 47.2917 | lr 1.22e-03 | 0.4s
epoch  857 | loss 47.3611 | lr 1.22e-03 | 0.4s
epoch  858 | loss 47.3132 | lr 1.22e-03 | 0.4s
epoch  859 | loss 46.8195 | lr 1.22e-03 | 0.4s
epoch  860 | loss 47.2987 | lr 1.22e-03 | 0.4s
epoch  861 | loss 47.2011 | lr 1.22e-03 | 0.4s
epoch  862 | loss 47.5863 | lr 1.21e-03 | 0.4s
epoch  863 | loss 47.3125 | lr 1.21e-03 | 0.4s
epoch  864 | loss 47.1793 | lr 1.21e-03 | 0.4s
epoch  865 | loss 47.3065 | lr 1.21e-03 | 0.4s
epoch  866 | loss 47.1236 | lr 1.21e-03 | 0.4s
epoch  867 | loss 47.1745 | lr 1.21e-03 | 0.4s
epoch  868 | loss 47.3966 | lr 1.20e-03 | 0.4s
epoch  869 | loss 47.1740 | lr 1.20e-03 | 0.4s
epoch  870 | loss 47.3828 | lr 1.20e-03 | 0.4s
epoch  871 | loss 47.2076 | lr 1.20e-03 | 0.4s
epoch  872 | loss 47.3974 | lr 1.20e-03 | 0.4s
epoch  873 | loss 47.1098 | lr 1.20e-03 | 0.4s
epoch  874 | loss 47.0027 | lr 1.20e-03 | 0.4s
epoch  875 | loss 47.5480 | lr 1.19e-03 | 0.4s
epoch  876 | loss 47.2095 | lr 1.19e-03 | 0.4s
epoch  877 | loss 47.1945 | lr 1.19e-03 | 0.4s
epoch  878 | loss 47.3164 | lr 1.19e-03 | 0.4s
epoch  879 | loss 47.1418 | lr 1.19e-03 | 0.4s
epoch  880 | loss 47.0340 | lr 1.19e-03 | 0.4s
epoch  881 | loss 47.2889 | lr 1.18e-03 | 0.4s
epoch  882 | loss 47.1322 | lr 1.18e-03 | 0.4s
epoch  883 | loss 47.0718 | lr 1.18e-03 | 0.4s
epoch  884 | loss 46.8674 | lr 1.18e-03 | 0.4s
epoch  885 | loss 47.0795 | lr 1.18e-03 | 0.4s
epoch  886 | loss 47.1391 | lr 1.18e-03 | 0.4s
epoch  887 | loss 47.0074 | lr 1.18e-03 | 0.4s
epoch  888 | loss 47.3118 | lr 1.17e-03 | 0.4s
epoch  889 | loss 47.3158 | lr 1.17e-03 | 0.4s
epoch  890 | loss 47.2588 | lr 1.17e-03 | 0.4s
epoch  891 | loss 46.9766 | lr 1.17e-03 | 0.5s
epoch  892 | loss 47.2680 | lr 1.17e-03 | 0.4s
epoch  893 | loss 47.3641 | lr 1.17e-03 | 0.4s
epoch  894 | loss 46.8128 | lr 1.16e-03 | 0.4s
epoch  895 | loss 46.9059 | lr 1.16e-03 | 0.4s
epoch  896 | loss 47.1249 | lr 1.16e-03 | 0.4s
epoch  897 | loss 47.0458 | lr 1.16e-03 | 0.4s
epoch  898 | loss 47.2822 | lr 1.16e-03 | 0.4s
epoch  899 | loss 47.0470 | lr 1.16e-03 | 0.4s
epoch  900 | loss 47.3416 | lr 1.15e-03 | 0.4s
epoch  901 | loss 47.2798 | lr 1.15e-03 | 0.4s
epoch  902 | loss 47.3336 | lr 1.15e-03 | 0.4s
epoch  903 | loss 47.1670 | lr 1.15e-03 | 0.4s
epoch  904 | loss 47.2847 | lr 1.15e-03 | 0.4s
epoch  905 | loss 47.0272 | lr 1.15e-03 | 0.4s
epoch  906 | loss 47.0146 | lr 1.15e-03 | 0.4s
epoch  907 | loss 47.0313 | lr 1.14e-03 | 0.4s
epoch  908 | loss 46.9416 | lr 1.14e-03 | 0.4s
epoch  909 | loss 47.1688 | lr 1.14e-03 | 0.4s
epoch  910 | loss 47.2220 | lr 1.14e-03 | 0.4s
epoch  911 | loss 46.9335 | lr 1.14e-03 | 0.5s
epoch  912 | loss 47.1431 | lr 1.14e-03 | 0.4s
epoch  913 | loss 46.9120 | lr 1.13e-03 | 0.4s
epoch  914 | loss 47.1629 | lr 1.13e-03 | 0.4s
epoch  915 | loss 47.2616 | lr 1.13e-03 | 0.4s
epoch  916 | loss 47.4307 | lr 1.13e-03 | 0.5s
epoch  917 | loss 47.0666 | lr 1.13e-03 | 0.4s
epoch  918 | loss 47.3730 | lr 1.13e-03 | 0.4s
epoch  919 | loss 46.9117 | lr 1.13e-03 | 0.4s
epoch  920 | loss 46.7560 | lr 1.12e-03 | 0.4s
epoch  921 | loss 46.9539 | lr 1.12e-03 | 0.4s
epoch  922 | loss 46.9865 | lr 1.12e-03 | 0.4s
epoch  923 | loss 47.3026 | lr 1.12e-03 | 0.4s
epoch  924 | loss 47.0186 | lr 1.12e-03 | 0.4s
epoch  925 | loss 47.1403 | lr 1.12e-03 | 0.4s
epoch  926 | loss 47.1355 | lr 1.11e-03 | 0.4s
epoch  927 | loss 47.3343 | lr 1.11e-03 | 0.4s
epoch  928 | loss 47.2390 | lr 1.11e-03 | 0.4s
epoch  929 | loss 47.0811 | lr 1.11e-03 | 0.4s
epoch  930 | loss 47.2832 | lr 1.11e-03 | 0.4s
epoch  931 | loss 46.9335 | lr 1.11e-03 | 0.4s
epoch  932 | loss 47.2227 | lr 1.11e-03 | 0.4s
epoch  933 | loss 46.8036 | lr 1.10e-03 | 0.4s
epoch  934 | loss 47.3679 | lr 1.10e-03 | 0.4s
epoch  935 | loss 46.8147 | lr 1.10e-03 | 0.4s
epoch  936 | loss 46.9425 | lr 1.10e-03 | 0.4s
epoch  937 | loss 46.9930 | lr 1.10e-03 | 0.4s
epoch  938 | loss 47.0297 | lr 1.10e-03 | 0.4s
epoch  939 | loss 47.2162 | lr 1.09e-03 | 0.4s
epoch  940 | loss 47.1261 | lr 1.09e-03 | 0.4s
epoch  941 | loss 46.7864 | lr 1.09e-03 | 0.4s
epoch  942 | loss 47.1741 | lr 1.09e-03 | 0.4s
epoch  943 | loss 47.1367 | lr 1.09e-03 | 0.4s
epoch  944 | loss 46.9191 | lr 1.09e-03 | 0.4s
epoch  945 | loss 47.2932 | lr 1.08e-03 | 0.4s
epoch  946 | loss 46.9037 | lr 1.08e-03 | 0.4s
epoch  947 | loss 47.0350 | lr 1.08e-03 | 0.4s
epoch  948 | loss 46.8978 | lr 1.08e-03 | 0.4s
epoch  949 | loss 46.8070 | lr 1.08e-03 | 0.4s
epoch  950 | loss 46.9511 | lr 1.08e-03 | 0.5s
epoch  951 | loss 47.0328 | lr 1.08e-03 | 0.4s
epoch  952 | loss 46.7253 | lr 1.07e-03 | 0.4s
epoch  953 | loss 46.9504 | lr 1.07e-03 | 0.4s
epoch  954 | loss 47.0184 | lr 1.07e-03 | 0.4s
epoch  955 | loss 46.8254 | lr 1.07e-03 | 0.4s
epoch  956 | loss 46.8003 | lr 1.07e-03 | 0.4s
epoch  957 | loss 46.9063 | lr 1.07e-03 | 0.4s
epoch  958 | loss 46.9010 | lr 1.06e-03 | 0.4s
epoch  959 | loss 47.0954 | lr 1.06e-03 | 0.4s
epoch  960 | loss 47.2071 | lr 1.06e-03 | 0.4s
epoch  961 | loss 47.3090 | lr 1.06e-03 | 0.4s
epoch  962 | loss 46.9777 | lr 1.06e-03 | 0.4s
epoch  963 | loss 47.1566 | lr 1.06e-03 | 0.4s
epoch  964 | loss 47.0495 | lr 1.05e-03 | 0.4s
epoch  965 | loss 46.9236 | lr 1.05e-03 | 0.4s
epoch  966 | loss 46.8880 | lr 1.05e-03 | 0.4s
epoch  967 | loss 47.0031 | lr 1.05e-03 | 0.4s
epoch  968 | loss 47.0498 | lr 1.05e-03 | 0.4s
epoch  969 | loss 47.0186 | lr 1.05e-03 | 0.4s
epoch  970 | loss 46.7643 | lr 1.05e-03 | 0.4s
epoch  971 | loss 46.9932 | lr 1.04e-03 | 0.4s
epoch  972 | loss 46.8898 | lr 1.04e-03 | 0.4s
epoch  973 | loss 47.0361 | lr 1.04e-03 | 0.4s
epoch  974 | loss 46.7984 | lr 1.04e-03 | 0.4s
epoch  975 | loss 47.1256 | lr 1.04e-03 | 0.4s
epoch  976 | loss 46.8011 | lr 1.04e-03 | 0.4s
epoch  977 | loss 46.8452 | lr 1.03e-03 | 0.4s
epoch  978 | loss 47.0238 | lr 1.03e-03 | 0.4s
epoch  979 | loss 47.1220 | lr 1.03e-03 | 0.4s
epoch  980 | loss 46.9676 | lr 1.03e-03 | 0.4s
epoch  981 | loss 47.0123 | lr 1.03e-03 | 0.4s
epoch  982 | loss 46.8881 | lr 1.03e-03 | 0.4s
epoch  983 | loss 47.0766 | lr 1.03e-03 | 0.4s
epoch  984 | loss 47.1827 | lr 1.02e-03 | 0.4s
epoch  985 | loss 46.8779 | lr 1.02e-03 | 0.4s
epoch  986 | loss 47.1780 | lr 1.02e-03 | 0.4s
epoch  987 | loss 47.2227 | lr 1.02e-03 | 0.4s
epoch  988 | loss 46.8971 | lr 1.02e-03 | 0.4s
epoch  989 | loss 47.1633 | lr 1.02e-03 | 0.4s
epoch  990 | loss 46.8442 | lr 1.01e-03 | 0.4s
epoch  991 | loss 47.0301 | lr 1.01e-03 | 0.4s
epoch  992 | loss 46.6796 | lr 1.01e-03 | 0.4s
epoch  993 | loss 46.9266 | lr 1.01e-03 | 0.4s
epoch  994 | loss 46.8097 | lr 1.01e-03 | 0.4s
epoch  995 | loss 46.9108 | lr 1.01e-03 | 0.4s
epoch  996 | loss 46.8138 | lr 1.00e-03 | 0.4s
epoch  997 | loss 46.7488 | lr 1.00e-03 | 0.5s
epoch  998 | loss 46.7753 | lr 1.00e-03 | 0.4s
epoch  999 | loss 47.0025 | lr 1.00e-03 | 0.4s
epoch 1000 | loss 46.7732 | lr 9.98e-04 | 0.4s
epoch 1001 | loss 47.0093 | lr 9.97e-04 | 0.4s
epoch 1002 | loss 46.6539 | lr 9.95e-04 | 0.4s
epoch 1003 | loss 46.7848 | lr 9.94e-04 | 0.4s
epoch 1004 | loss 46.8939 | lr 9.92e-04 | 0.4s
epoch 1005 | loss 47.0485 | lr 9.91e-04 | 0.4s
epoch 1006 | loss 46.9434 | lr 9.89e-04 | 0.4s
epoch 1007 | loss 46.9748 | lr 9.87e-04 | 0.4s
epoch 1008 | loss 46.8010 | lr 9.86e-04 | 0.4s
epoch 1009 | loss 46.7146 | lr 9.84e-04 | 0.4s
epoch 1010 | loss 46.9196 | lr 9.83e-04 | 0.4s
epoch 1011 | loss 47.1311 | lr 9.81e-04 | 0.4s
epoch 1012 | loss 46.9124 | lr 9.80e-04 | 0.4s
epoch 1013 | loss 47.0976 | lr 9.78e-04 | 0.4s
epoch 1014 | loss 46.6863 | lr 9.76e-04 | 0.4s
epoch 1015 | loss 46.8824 | lr 9.75e-04 | 0.4s
epoch 1016 | loss 46.7032 | lr 9.73e-04 | 0.4s
epoch 1017 | loss 46.7554 | lr 9.72e-04 | 0.4s
epoch 1018 | loss 46.8674 | lr 9.70e-04 | 0.4s
epoch 1019 | loss 46.8193 | lr 9.69e-04 | 0.4s
epoch 1020 | loss 46.7849 | lr 9.67e-04 | 0.4s
epoch 1021 | loss 46.9904 | lr 9.65e-04 | 0.4s
epoch 1022 | loss 46.7092 | lr 9.64e-04 | 0.4s
epoch 1023 | loss 46.7878 | lr 9.62e-04 | 0.4s
epoch 1024 | loss 46.7636 | lr 9.61e-04 | 0.4s
epoch 1025 | loss 46.8851 | lr 9.59e-04 | 0.4s
epoch 1026 | loss 47.0685 | lr 9.58e-04 | 0.4s
epoch 1027 | loss 47.0884 | lr 9.56e-04 | 0.4s
epoch 1028 | loss 46.9359 | lr 9.54e-04 | 0.4s
epoch 1029 | loss 46.7573 | lr 9.53e-04 | 0.4s
epoch 1030 | loss 46.8650 | lr 9.51e-04 | 0.4s
epoch 1031 | loss 46.7783 | lr 9.50e-04 | 0.4s
epoch 1032 | loss 46.7338 | lr 9.48e-04 | 0.4s
epoch 1033 | loss 46.8719 | lr 9.47e-04 | 0.4s
epoch 1034 | loss 47.0960 | lr 9.45e-04 | 0.4s
epoch 1035 | loss 46.7467 | lr 9.43e-04 | 0.4s
epoch 1036 | loss 46.5790 | lr 9.42e-04 | 0.4s
epoch 1037 | loss 46.9046 | lr 9.40e-04 | 0.4s
epoch 1038 | loss 46.7834 | lr 9.39e-04 | 0.4s
epoch 1039 | loss 47.0023 | lr 9.37e-04 | 0.4s
epoch 1040 | loss 46.5145 | lr 9.36e-04 | 0.4s
epoch 1041 | loss 46.9483 | lr 9.34e-04 | 0.4s
epoch 1042 | loss 46.8658 | lr 9.33e-04 | 0.4s
epoch 1043 | loss 46.5837 | lr 9.31e-04 | 0.4s
epoch 1044 | loss 47.1174 | lr 9.29e-04 | 0.4s
epoch 1045 | loss 47.0642 | lr 9.28e-04 | 0.4s
epoch 1046 | loss 46.9134 | lr 9.26e-04 | 0.4s
epoch 1047 | loss 46.9508 | lr 9.25e-04 | 0.4s
epoch 1048 | loss 46.7729 | lr 9.23e-04 | 0.4s
epoch 1049 | loss 46.9815 | lr 9.22e-04 | 0.4s
epoch 1050 | loss 46.6926 | lr 9.20e-04 | 0.4s
epoch 1051 | loss 46.7378 | lr 9.18e-04 | 0.4s
epoch 1052 | loss 46.7944 | lr 9.17e-04 | 0.4s
epoch 1053 | loss 46.7533 | lr 9.15e-04 | 0.4s
epoch 1054 | loss 46.9919 | lr 9.14e-04 | 0.4s
epoch 1055 | loss 46.9973 | lr 9.12e-04 | 0.4s
epoch 1056 | loss 46.8712 | lr 9.11e-04 | 0.4s
epoch 1057 | loss 46.9197 | lr 9.09e-04 | 0.4s
epoch 1058 | loss 46.8769 | lr 9.07e-04 | 0.4s
epoch 1059 | loss 46.9840 | lr 9.06e-04 | 0.4s
epoch 1060 | loss 46.7414 | lr 9.04e-04 | 0.4s
epoch 1061 | loss 46.8437 | lr 9.03e-04 | 0.4s
epoch 1062 | loss 46.7246 | lr 9.01e-04 | 0.4s
epoch 1063 | loss 46.7918 | lr 9.00e-04 | 0.4s
epoch 1064 | loss 46.8735 | lr 8.98e-04 | 0.4s
epoch 1065 | loss 46.7242 | lr 8.97e-04 | 0.4s
epoch 1066 | loss 47.0898 | lr 8.95e-04 | 0.4s
epoch 1067 | loss 46.7159 | lr 8.93e-04 | 0.4s
epoch 1068 | loss 46.7023 | lr 8.92e-04 | 0.4s
epoch 1069 | loss 46.5445 | lr 8.90e-04 | 0.4s
epoch 1070 | loss 46.7758 | lr 8.89e-04 | 0.4s
epoch 1071 | loss 46.7326 | lr 8.87e-04 | 0.4s
epoch 1072 | loss 46.8246 | lr 8.86e-04 | 0.4s
epoch 1073 | loss 46.7712 | lr 8.84e-04 | 0.4s
epoch 1074 | loss 46.7225 | lr 8.82e-04 | 0.4s
epoch 1075 | loss 46.9980 | lr 8.81e-04 | 0.4s
epoch 1076 | loss 47.0761 | lr 8.79e-04 | 0.4s
epoch 1077 | loss 46.7993 | lr 8.78e-04 | 0.4s
epoch 1078 | loss 46.7921 | lr 8.76e-04 | 0.4s
epoch 1079 | loss 46.8615 | lr 8.75e-04 | 0.4s
epoch 1080 | loss 46.6599 | lr 8.73e-04 | 0.4s
epoch 1081 | loss 46.9283 | lr 8.72e-04 | 0.4s
epoch 1082 | loss 47.0222 | lr 8.70e-04 | 0.4s
epoch 1083 | loss 46.6846 | lr 8.68e-04 | 0.4s
epoch 1084 | loss 46.6420 | lr 8.67e-04 | 0.4s
epoch 1085 | loss 46.9106 | lr 8.65e-04 | 0.4s
epoch 1086 | loss 46.7597 | lr 8.64e-04 | 0.4s
epoch 1087 | loss 46.6706 | lr 8.62e-04 | 0.4s
epoch 1088 | loss 46.7325 | lr 8.61e-04 | 0.4s
epoch 1089 | loss 46.3939 | lr 8.59e-04 | 0.4s
epoch 1090 | loss 47.1738 | lr 8.58e-04 | 0.4s
epoch 1091 | loss 46.8381 | lr 8.56e-04 | 0.4s
epoch 1092 | loss 46.6119 | lr 8.54e-04 | 0.4s
epoch 1093 | loss 46.7924 | lr 8.53e-04 | 0.4s
epoch 1094 | loss 46.8155 | lr 8.51e-04 | 0.4s
epoch 1095 | loss 46.5994 | lr 8.50e-04 | 0.4s
epoch 1096 | loss 46.4930 | lr 8.48e-04 | 0.4s
epoch 1097 | loss 46.5856 | lr 8.47e-04 | 0.4s
epoch 1098 | loss 46.6751 | lr 8.45e-04 | 0.4s
epoch 1099 | loss 47.0501 | lr 8.44e-04 | 0.4s
epoch 1100 | loss 46.9023 | lr 8.42e-04 | 0.4s
epoch 1101 | loss 46.8876 | lr 8.40e-04 | 0.4s
epoch 1102 | loss 46.9166 | lr 8.39e-04 | 0.4s
epoch 1103 | loss 47.1463 | lr 8.37e-04 | 0.4s
epoch 1104 | loss 46.7320 | lr 8.36e-04 | 0.4s
epoch 1105 | loss 46.7193 | lr 8.34e-04 | 0.4s
epoch 1106 | loss 46.3887 | lr 8.33e-04 | 0.4s
epoch 1107 | loss 46.9065 | lr 8.31e-04 | 0.4s
epoch 1108 | loss 46.6135 | lr 8.30e-04 | 0.4s
epoch 1109 | loss 46.6926 | lr 8.28e-04 | 0.4s
epoch 1110 | loss 46.5335 | lr 8.27e-04 | 0.4s
epoch 1111 | loss 46.8610 | lr 8.25e-04 | 0.4s
epoch 1112 | loss 46.3308 | lr 8.23e-04 | 0.4s
epoch 1113 | loss 46.9727 | lr 8.22e-04 | 0.4s
epoch 1114 | loss 46.7492 | lr 8.20e-04 | 0.4s
epoch 1115 | loss 46.6233 | lr 8.19e-04 | 0.5s
epoch 1116 | loss 46.5279 | lr 8.17e-04 | 0.4s
epoch 1117 | loss 46.6047 | lr 8.16e-04 | 0.4s
epoch 1118 | loss 46.7283 | lr 8.14e-04 | 0.4s
epoch 1119 | loss 46.5117 | lr 8.13e-04 | 0.4s
epoch 1120 | loss 46.9634 | lr 8.11e-04 | 0.4s
epoch 1121 | loss 46.7735 | lr 8.10e-04 | 0.4s
epoch 1122 | loss 46.6555 | lr 8.08e-04 | 0.4s
epoch 1123 | loss 46.5743 | lr 8.06e-04 | 0.4s
epoch 1124 | loss 46.6176 | lr 8.05e-04 | 0.4s
epoch 1125 | loss 46.8746 | lr 8.03e-04 | 0.4s
epoch 1126 | loss 46.7064 | lr 8.02e-04 | 0.4s
epoch 1127 | loss 46.5737 | lr 8.00e-04 | 0.4s
epoch 1128 | loss 46.8353 | lr 7.99e-04 | 0.4s
epoch 1129 | loss 46.6916 | lr 7.97e-04 | 0.4s
epoch 1130 | loss 46.5665 | lr 7.96e-04 | 0.4s
epoch 1131 | loss 46.7658 | lr 7.94e-04 | 0.4s
epoch 1132 | loss 46.7188 | lr 7.93e-04 | 0.4s
epoch 1133 | loss 46.5210 | lr 7.91e-04 | 0.4s
epoch 1134 | loss 46.6793 | lr 7.90e-04 | 0.4s
epoch 1135 | loss 46.8195 | lr 7.88e-04 | 0.4s
epoch 1136 | loss 46.4860 | lr 7.86e-04 | 0.4s
epoch 1137 | loss 46.8612 | lr 7.85e-04 | 0.4s
epoch 1138 | loss 46.8381 | lr 7.83e-04 | 0.4s
epoch 1139 | loss 46.4158 | lr 7.82e-04 | 0.4s
epoch 1140 | loss 46.7376 | lr 7.80e-04 | 0.4s
epoch 1141 | loss 46.6831 | lr 7.79e-04 | 0.4s
epoch 1142 | loss 46.7470 | lr 7.77e-04 | 0.4s
epoch 1143 | loss 46.7477 | lr 7.76e-04 | 0.4s
epoch 1144 | loss 46.7992 | lr 7.74e-04 | 0.4s
epoch 1145 | loss 46.6613 | lr 7.73e-04 | 0.4s
epoch 1146 | loss 46.7337 | lr 7.71e-04 | 0.4s
epoch 1147 | loss 46.8776 | lr 7.70e-04 | 0.4s
epoch 1148 | loss 46.8626 | lr 7.68e-04 | 0.4s
epoch 1149 | loss 46.7367 | lr 7.67e-04 | 0.4s
epoch 1150 | loss 46.8357 | lr 7.65e-04 | 0.4s
epoch 1151 | loss 46.7581 | lr 7.64e-04 | 0.4s
epoch 1152 | loss 46.7107 | lr 7.62e-04 | 0.4s
epoch 1153 | loss 46.6915 | lr 7.60e-04 | 0.4s
epoch 1154 | loss 46.6231 | lr 7.59e-04 | 0.5s
epoch 1155 | loss 46.4574 | lr 7.57e-04 | 0.4s
epoch 1156 | loss 46.8681 | lr 7.56e-04 | 0.4s
epoch 1157 | loss 46.6994 | lr 7.54e-04 | 0.4s
epoch 1158 | loss 46.7485 | lr 7.53e-04 | 0.4s
epoch 1159 | loss 46.7333 | lr 7.51e-04 | 0.4s
epoch 1160 | loss 46.9689 | lr 7.50e-04 | 0.4s
epoch 1161 | loss 46.6973 | lr 7.48e-04 | 0.4s
epoch 1162 | loss 46.6221 | lr 7.47e-04 | 0.4s
epoch 1163 | loss 46.6600 | lr 7.45e-04 | 0.5s
epoch 1164 | loss 46.5023 | lr 7.44e-04 | 0.4s
epoch 1165 | loss 46.7503 | lr 7.42e-04 | 0.4s
epoch 1166 | loss 46.6816 | lr 7.41e-04 | 0.4s
epoch 1167 | loss 46.7266 | lr 7.39e-04 | 0.4s
epoch 1168 | loss 47.0278 | lr 7.38e-04 | 0.4s
epoch 1169 | loss 46.5673 | lr 7.36e-04 | 0.4s
epoch 1170 | loss 46.8206 | lr 7.35e-04 | 0.4s
epoch 1171 | loss 46.5084 | lr 7.33e-04 | 0.4s
epoch 1172 | loss 46.7488 | lr 7.32e-04 | 0.4s
epoch 1173 | loss 46.8792 | lr 7.30e-04 | 0.4s
epoch 1174 | loss 46.6030 | lr 7.29e-04 | 0.4s
epoch 1175 | loss 46.5925 | lr 7.27e-04 | 0.4s
epoch 1176 | loss 46.3488 | lr 7.26e-04 | 0.4s
epoch 1177 | loss 46.5614 | lr 7.24e-04 | 0.4s
epoch 1178 | loss 46.7363 | lr 7.23e-04 | 0.4s
epoch 1179 | loss 46.5385 | lr 7.21e-04 | 0.4s
epoch 1180 | loss 46.2202 | lr 7.20e-04 | 0.4s
epoch 1181 | loss 46.5874 | lr 7.18e-04 | 0.4s
epoch 1182 | loss 46.5890 | lr 7.16e-04 | 0.4s
epoch 1183 | loss 46.6884 | lr 7.15e-04 | 0.4s
epoch 1184 | loss 46.4264 | lr 7.13e-04 | 0.4s
epoch 1185 | loss 46.6470 | lr 7.12e-04 | 0.4s
epoch 1186 | loss 46.5962 | lr 7.10e-04 | 0.4s
epoch 1187 | loss 46.5901 | lr 7.09e-04 | 0.4s
epoch 1188 | loss 46.7505 | lr 7.07e-04 | 0.4s
epoch 1189 | loss 46.7137 | lr 7.06e-04 | 0.4s
epoch 1190 | loss 46.5595 | lr 7.04e-04 | 0.4s
epoch 1191 | loss 46.6439 | lr 7.03e-04 | 0.4s
epoch 1192 | loss 46.7142 | lr 7.01e-04 | 0.4s
epoch 1193 | loss 46.5773 | lr 7.00e-04 | 0.4s
epoch 1194 | loss 46.5973 | lr 6.98e-04 | 0.4s
epoch 1195 | loss 46.6941 | lr 6.97e-04 | 0.4s
epoch 1196 | loss 46.6775 | lr 6.95e-04 | 0.4s
epoch 1197 | loss 46.5470 | lr 6.94e-04 | 0.4s
epoch 1198 | loss 46.8480 | lr 6.92e-04 | 0.4s
epoch 1199 | loss 46.6474 | lr 6.91e-04 | 0.4s
epoch 1200 | loss 46.8595 | lr 6.89e-04 | 0.4s
epoch 1201 | loss 46.7860 | lr 6.88e-04 | 0.4s
epoch 1202 | loss 46.7026 | lr 6.87e-04 | 0.4s
epoch 1203 | loss 46.9155 | lr 6.85e-04 | 0.4s
epoch 1204 | loss 46.5948 | lr 6.84e-04 | 0.4s
epoch 1205 | loss 46.6836 | lr 6.82e-04 | 0.4s
epoch 1206 | loss 46.8158 | lr 6.81e-04 | 0.4s
epoch 1207 | loss 46.6273 | lr 6.79e-04 | 0.4s
epoch 1208 | loss 46.5818 | lr 6.78e-04 | 0.4s
epoch 1209 | loss 46.1901 | lr 6.76e-04 | 0.4s
epoch 1210 | loss 46.4012 | lr 6.75e-04 | 0.4s
epoch 1211 | loss 46.5470 | lr 6.73e-04 | 0.4s
epoch 1212 | loss 46.4418 | lr 6.72e-04 | 0.4s
epoch 1213 | loss 46.4087 | lr 6.70e-04 | 0.4s
epoch 1214 | loss 46.4574 | lr 6.69e-04 | 0.4s
epoch 1215 | loss 46.4242 | lr 6.67e-04 | 0.4s
epoch 1216 | loss 46.7919 | lr 6.66e-04 | 0.4s
epoch 1217 | loss 46.7741 | lr 6.64e-04 | 0.4s
epoch 1218 | loss 46.4902 | lr 6.63e-04 | 0.4s
epoch 1219 | loss 46.6709 | lr 6.61e-04 | 0.5s
epoch 1220 | loss 46.8388 | lr 6.60e-04 | 0.4s
epoch 1221 | loss 46.5608 | lr 6.58e-04 | 0.4s
epoch 1222 | loss 46.8089 | lr 6.57e-04 | 0.5s
epoch 1223 | loss 46.4107 | lr 6.55e-04 | 0.4s
epoch 1224 | loss 46.5664 | lr 6.54e-04 | 0.4s
epoch 1225 | loss 46.5660 | lr 6.52e-04 | 0.4s
epoch 1226 | loss 46.6519 | lr 6.51e-04 | 0.4s
epoch 1227 | loss 46.4557 | lr 6.49e-04 | 0.4s
epoch 1228 | loss 46.3637 | lr 6.48e-04 | 0.4s
epoch 1229 | loss 46.6452 | lr 6.47e-04 | 0.4s
epoch 1230 | loss 46.5367 | lr 6.45e-04 | 0.4s
epoch 1231 | loss 46.6253 | lr 6.44e-04 | 0.4s
epoch 1232 | loss 46.3661 | lr 6.42e-04 | 0.4s
epoch 1233 | loss 46.6762 | lr 6.41e-04 | 0.4s
epoch 1234 | loss 46.6483 | lr 6.39e-04 | 0.4s
epoch 1235 | loss 46.6173 | lr 6.38e-04 | 0.4s
epoch 1236 | loss 46.5401 | lr 6.36e-04 | 0.4s
epoch 1237 | loss 46.6001 | lr 6.35e-04 | 0.4s
epoch 1238 | loss 46.4648 | lr 6.33e-04 | 0.4s
epoch 1239 | loss 46.6344 | lr 6.32e-04 | 0.5s
epoch 1240 | loss 46.6377 | lr 6.30e-04 | 0.5s
epoch 1241 | loss 46.6333 | lr 6.29e-04 | 0.4s
epoch 1242 | loss 46.4589 | lr 6.27e-04 | 0.4s
epoch 1243 | loss 46.7632 | lr 6.26e-04 | 0.4s
epoch 1244 | loss 46.5173 | lr 6.25e-04 | 0.4s
epoch 1245 | loss 46.5770 | lr 6.23e-04 | 0.4s
epoch 1246 | loss 46.8506 | lr 6.22e-04 | 0.4s
epoch 1247 | loss 46.4338 | lr 6.20e-04 | 0.4s
epoch 1248 | loss 46.2607 | lr 6.19e-04 | 0.4s
epoch 1249 | loss 46.3967 | lr 6.17e-04 | 0.4s
epoch 1250 | loss 46.3184 | lr 6.16e-04 | 0.4s
epoch 1251 | loss 46.4023 | lr 6.14e-04 | 0.4s
epoch 1252 | loss 46.8057 | lr 6.13e-04 | 0.4s
epoch 1253 | loss 46.4489 | lr 6.12e-04 | 0.4s
epoch 1254 | loss 46.3434 | lr 6.10e-04 | 0.4s
epoch 1255 | loss 46.7079 | lr 6.09e-04 | 0.4s
epoch 1256 | loss 46.5024 | lr 6.07e-04 | 0.4s
epoch 1257 | loss 46.4778 | lr 6.06e-04 | 0.4s
epoch 1258 | loss 46.4930 | lr 6.04e-04 | 0.4s
epoch 1259 | loss 46.6084 | lr 6.03e-04 | 0.5s
epoch 1260 | loss 46.6517 | lr 6.01e-04 | 0.4s
epoch 1261 | loss 46.4601 | lr 6.00e-04 | 0.4s
epoch 1262 | loss 46.6385 | lr 5.99e-04 | 0.4s
epoch 1263 | loss 46.4479 | lr 5.97e-04 | 0.4s
epoch 1264 | loss 46.8671 | lr 5.96e-04 | 0.4s
epoch 1265 | loss 46.5907 | lr 5.94e-04 | 0.4s
epoch 1266 | loss 46.3851 | lr 5.93e-04 | 0.4s
epoch 1267 | loss 46.7495 | lr 5.91e-04 | 0.5s
epoch 1268 | loss 46.5598 | lr 5.90e-04 | 0.4s
epoch 1269 | loss 46.6933 | lr 5.88e-04 | 0.4s
epoch 1270 | loss 46.5586 | lr 5.87e-04 | 0.4s
epoch 1271 | loss 46.7597 | lr 5.86e-04 | 0.4s
epoch 1272 | loss 46.3769 | lr 5.84e-04 | 0.4s
epoch 1273 | loss 46.5504 | lr 5.83e-04 | 0.4s
epoch 1274 | loss 46.5992 | lr 5.81e-04 | 0.4s
epoch 1275 | loss 46.2490 | lr 5.80e-04 | 0.4s
epoch 1276 | loss 46.5862 | lr 5.78e-04 | 0.4s
epoch 1277 | loss 46.3029 | lr 5.77e-04 | 0.4s
epoch 1278 | loss 46.6433 | lr 5.76e-04 | 0.4s
epoch 1279 | loss 46.4655 | lr 5.74e-04 | 0.4s
epoch 1280 | loss 46.1747 | lr 5.73e-04 | 0.4s
epoch 1281 | loss 46.4690 | lr 5.71e-04 | 0.4s
epoch 1282 | loss 46.4693 | lr 5.70e-04 | 0.4s
epoch 1283 | loss 46.5146 | lr 5.69e-04 | 0.4s
epoch 1284 | loss 46.6332 | lr 5.67e-04 | 0.4s
epoch 1285 | loss 46.2876 | lr 5.66e-04 | 0.4s
epoch 1286 | loss 46.6404 | lr 5.64e-04 | 0.4s
epoch 1287 | loss 46.5065 | lr 5.63e-04 | 0.4s
epoch 1288 | loss 46.6804 | lr 5.61e-04 | 0.4s
epoch 1289 | loss 46.8491 | lr 5.60e-04 | 0.4s
epoch 1290 | loss 46.6111 | lr 5.59e-04 | 0.4s
epoch 1291 | loss 46.6022 | lr 5.57e-04 | 0.4s
epoch 1292 | loss 46.5444 | lr 5.56e-04 | 0.4s
epoch 1293 | loss 46.5026 | lr 5.54e-04 | 0.4s
epoch 1294 | loss 46.4386 | lr 5.53e-04 | 0.4s
epoch 1295 | loss 46.4726 | lr 5.52e-04 | 0.4s
epoch 1296 | loss 46.5393 | lr 5.50e-04 | 0.4s
epoch 1297 | loss 46.7930 | lr 5.49e-04 | 0.4s
epoch 1298 | loss 46.5690 | lr 5.47e-04 | 0.4s
epoch 1299 | loss 46.7830 | lr 5.46e-04 | 0.4s
epoch 1300 | loss 46.6894 | lr 5.45e-04 | 0.4s
epoch 1301 | loss 46.7601 | lr 5.43e-04 | 0.4s
epoch 1302 | loss 46.7022 | lr 5.42e-04 | 0.4s
epoch 1303 | loss 46.4994 | lr 5.40e-04 | 0.4s
epoch 1304 | loss 46.4943 | lr 5.39e-04 | 0.4s
epoch 1305 | loss 46.4790 | lr 5.38e-04 | 0.4s
epoch 1306 | loss 46.4578 | lr 5.36e-04 | 0.4s
epoch 1307 | loss 46.3789 | lr 5.35e-04 | 0.4s
epoch 1308 | loss 46.3429 | lr 5.33e-04 | 0.4s
epoch 1309 | loss 46.1968 | lr 5.32e-04 | 0.4s
epoch 1310 | loss 46.3930 | lr 5.31e-04 | 0.4s
epoch 1311 | loss 46.5645 | lr 5.29e-04 | 0.4s
epoch 1312 | loss 46.5329 | lr 5.28e-04 | 0.4s
epoch 1313 | loss 46.7679 | lr 5.27e-04 | 0.4s
epoch 1314 | loss 46.2037 | lr 5.25e-04 | 0.4s
epoch 1315 | loss 46.4259 | lr 5.24e-04 | 0.4s
epoch 1316 | loss 46.8330 | lr 5.22e-04 | 0.4s
epoch 1317 | loss 46.9547 | lr 5.21e-04 | 0.4s
epoch 1318 | loss 46.6666 | lr 5.20e-04 | 0.4s
epoch 1319 | loss 46.7304 | lr 5.18e-04 | 0.4s
epoch 1320 | loss 46.8159 | lr 5.17e-04 | 0.4s
epoch 1321 | loss 46.7518 | lr 5.15e-04 | 0.4s
epoch 1322 | loss 46.6281 | lr 5.14e-04 | 0.4s
epoch 1323 | loss 46.5251 | lr 5.13e-04 | 0.4s
epoch 1324 | loss 46.5626 | lr 5.11e-04 | 0.4s
epoch 1325 | loss 46.6171 | lr 5.10e-04 | 0.4s
epoch 1326 | loss 46.2885 | lr 5.09e-04 | 0.4s
epoch 1327 | loss 46.4684 | lr 5.07e-04 | 0.4s
epoch 1328 | loss 46.6086 | lr 5.06e-04 | 0.4s
epoch 1329 | loss 46.6057 | lr 5.05e-04 | 0.4s
epoch 1330 | loss 46.2878 | lr 5.03e-04 | 0.4s
epoch 1331 | loss 46.5518 | lr 5.02e-04 | 0.4s
epoch 1332 | loss 46.3797 | lr 5.00e-04 | 0.4s
epoch 1333 | loss 46.4889 | lr 4.99e-04 | 0.4s
epoch 1334 | loss 46.4315 | lr 4.98e-04 | 0.4s
epoch 1335 | loss 46.6714 | lr 4.96e-04 | 0.4s
epoch 1336 | loss 46.5964 | lr 4.95e-04 | 0.4s
epoch 1337 | loss 46.4847 | lr 4.94e-04 | 0.4s
epoch 1338 | loss 46.6697 | lr 4.92e-04 | 0.4s
epoch 1339 | loss 46.2683 | lr 4.91e-04 | 0.4s
epoch 1340 | loss 46.8105 | lr 4.90e-04 | 0.4s
epoch 1341 | loss 46.5360 | lr 4.88e-04 | 0.4s
epoch 1342 | loss 46.4892 | lr 4.87e-04 | 0.4s
epoch 1343 | loss 46.2799 | lr 4.86e-04 | 0.4s
epoch 1344 | loss 46.5095 | lr 4.84e-04 | 0.4s
epoch 1345 | loss 46.4441 | lr 4.83e-04 | 0.4s
epoch 1346 | loss 46.7910 | lr 4.82e-04 | 0.4s
epoch 1347 | loss 46.4180 | lr 4.80e-04 | 0.4s
epoch 1348 | loss 46.5015 | lr 4.79e-04 | 0.4s
epoch 1349 | loss 46.5968 | lr 4.78e-04 | 0.4s
epoch 1350 | loss 46.4882 | lr 4.76e-04 | 0.4s
epoch 1351 | loss 46.3905 | lr 4.75e-04 | 0.4s
epoch 1352 | loss 46.4404 | lr 4.73e-04 | 0.4s
epoch 1353 | loss 46.5085 | lr 4.72e-04 | 0.4s
epoch 1354 | loss 46.6775 | lr 4.71e-04 | 0.4s
epoch 1355 | loss 46.7230 | lr 4.69e-04 | 0.4s
epoch 1356 | loss 46.4854 | lr 4.68e-04 | 0.4s
epoch 1357 | loss 46.4895 | lr 4.67e-04 | 0.4s
epoch 1358 | loss 46.5794 | lr 4.66e-04 | 0.4s
epoch 1359 | loss 46.6380 | lr 4.64e-04 | 0.4s
epoch 1360 | loss 46.5808 | lr 4.63e-04 | 0.4s
epoch 1361 | loss 46.6387 | lr 4.62e-04 | 0.4s
epoch 1362 | loss 46.5655 | lr 4.60e-04 | 0.5s
epoch 1363 | loss 46.2367 | lr 4.59e-04 | 0.4s
epoch 1364 | loss 46.1135 | lr 4.58e-04 | 0.4s
epoch 1365 | loss 46.4918 | lr 4.56e-04 | 0.4s
epoch 1366 | loss 46.6042 | lr 4.55e-04 | 0.4s
epoch 1367 | loss 46.6190 | lr 4.54e-04 | 0.4s
epoch 1368 | loss 46.3704 | lr 4.52e-04 | 0.4s
epoch 1369 | loss 46.6211 | lr 4.51e-04 | 0.4s
epoch 1370 | loss 46.6040 | lr 4.50e-04 | 0.4s
epoch 1371 | loss 46.4144 | lr 4.48e-04 | 0.4s
epoch 1372 | loss 46.6061 | lr 4.47e-04 | 0.4s
epoch 1373 | loss 46.3748 | lr 4.46e-04 | 0.4s
epoch 1374 | loss 46.6635 | lr 4.44e-04 | 0.4s
epoch 1375 | loss 46.5893 | lr 4.43e-04 | 0.4s
epoch 1376 | loss 46.6387 | lr 4.42e-04 | 0.4s
epoch 1377 | loss 46.5682 | lr 4.41e-04 | 0.4s
epoch 1378 | loss 46.2307 | lr 4.39e-04 | 0.4s
epoch 1379 | loss 46.5906 | lr 4.38e-04 | 0.4s
epoch 1380 | loss 46.3395 | lr 4.37e-04 | 0.4s
epoch 1381 | loss 46.6888 | lr 4.35e-04 | 0.4s
epoch 1382 | loss 46.3669 | lr 4.34e-04 | 0.4s
epoch 1383 | loss 46.3193 | lr 4.33e-04 | 0.4s
epoch 1384 | loss 46.1631 | lr 4.31e-04 | 0.4s
epoch 1385 | loss 46.5685 | lr 4.30e-04 | 0.4s
epoch 1386 | loss 46.3169 | lr 4.29e-04 | 0.4s
epoch 1387 | loss 46.6408 | lr 4.28e-04 | 0.4s
epoch 1388 | loss 46.8074 | lr 4.26e-04 | 0.4s
epoch 1389 | loss 46.4565 | lr 4.25e-04 | 0.4s
epoch 1390 | loss 46.3124 | lr 4.24e-04 | 0.4s
epoch 1391 | loss 46.4152 | lr 4.22e-04 | 0.4s
epoch 1392 | loss 46.3268 | lr 4.21e-04 | 0.4s
epoch 1393 | loss 46.7696 | lr 4.20e-04 | 0.4s
epoch 1394 | loss 46.6053 | lr 4.19e-04 | 0.4s
epoch 1395 | loss 46.5067 | lr 4.17e-04 | 0.4s
epoch 1396 | loss 46.4223 | lr 4.16e-04 | 0.4s
epoch 1397 | loss 46.5932 | lr 4.15e-04 | 0.4s
epoch 1398 | loss 46.4655 | lr 4.13e-04 | 0.4s
epoch 1399 | loss 46.6029 | lr 4.12e-04 | 0.4s
epoch 1400 | loss 46.4720 | lr 4.11e-04 | 0.4s
epoch 1401 | loss 46.4852 | lr 4.10e-04 | 0.4s
epoch 1402 | loss 46.4840 | lr 4.08e-04 | 0.4s
epoch 1403 | loss 46.4877 | lr 4.07e-04 | 0.4s
epoch 1404 | loss 46.2988 | lr 4.06e-04 | 0.4s
epoch 1405 | loss 46.2167 | lr 4.05e-04 | 0.4s
epoch 1406 | loss 46.4616 | lr 4.03e-04 | 0.5s
epoch 1407 | loss 46.4026 | lr 4.02e-04 | 0.5s
epoch 1408 | loss 46.6529 | lr 4.01e-04 | 0.4s
epoch 1409 | loss 46.3060 | lr 4.00e-04 | 0.5s
epoch 1410 | loss 46.4736 | lr 3.98e-04 | 0.4s
epoch 1411 | loss 46.2827 | lr 3.97e-04 | 0.4s
epoch 1412 | loss 46.5853 | lr 3.96e-04 | 0.4s
epoch 1413 | loss 46.4285 | lr 3.95e-04 | 0.4s
epoch 1414 | loss 46.3415 | lr 3.93e-04 | 0.4s
epoch 1415 | loss 46.5432 | lr 3.92e-04 | 0.4s
epoch 1416 | loss 46.2648 | lr 3.91e-04 | 0.4s
epoch 1417 | loss 46.3129 | lr 3.90e-04 | 0.4s
epoch 1418 | loss 46.4244 | lr 3.88e-04 | 0.4s
epoch 1419 | loss 46.3900 | lr 3.87e-04 | 0.4s
epoch 1420 | loss 46.3804 | lr 3.86e-04 | 0.4s
epoch 1421 | loss 46.1906 | lr 3.85e-04 | 0.4s
epoch 1422 | loss 46.3140 | lr 3.83e-04 | 0.4s
epoch 1423 | loss 46.6250 | lr 3.82e-04 | 0.4s
epoch 1424 | loss 46.3884 | lr 3.81e-04 | 0.4s
epoch 1425 | loss 46.5894 | lr 3.80e-04 | 0.4s
epoch 1426 | loss 46.4408 | lr 3.78e-04 | 0.4s
epoch 1427 | loss 46.3244 | lr 3.77e-04 | 0.4s
epoch 1428 | loss 46.4752 | lr 3.76e-04 | 0.4s
epoch 1429 | loss 46.4748 | lr 3.75e-04 | 0.4s
epoch 1430 | loss 46.2960 | lr 3.74e-04 | 0.4s
epoch 1431 | loss 46.2117 | lr 3.72e-04 | 0.4s
epoch 1432 | loss 46.4439 | lr 3.71e-04 | 0.4s
epoch 1433 | loss 46.6056 | lr 3.70e-04 | 0.4s
epoch 1434 | loss 46.5342 | lr 3.69e-04 | 0.4s
epoch 1435 | loss 46.2302 | lr 3.67e-04 | 0.4s
epoch 1436 | loss 46.4300 | lr 3.66e-04 | 0.4s
epoch 1437 | loss 46.6577 | lr 3.65e-04 | 0.4s
epoch 1438 | loss 46.3705 | lr 3.64e-04 | 0.4s
epoch 1439 | loss 46.3614 | lr 3.63e-04 | 0.4s
epoch 1440 | loss 46.7056 | lr 3.61e-04 | 0.4s
epoch 1441 | loss 46.3187 | lr 3.60e-04 | 0.4s
epoch 1442 | loss 46.3977 | lr 3.59e-04 | 0.4s
epoch 1443 | loss 46.6573 | lr 3.58e-04 | 0.4s
epoch 1444 | loss 46.1767 | lr 3.57e-04 | 0.4s
epoch 1445 | loss 46.4045 | lr 3.55e-04 | 0.4s
epoch 1446 | loss 46.2491 | lr 3.54e-04 | 0.4s
epoch 1447 | loss 46.6792 | lr 3.53e-04 | 0.4s
epoch 1448 | loss 46.6266 | lr 3.52e-04 | 0.4s
epoch 1449 | loss 46.3962 | lr 3.51e-04 | 0.4s
epoch 1450 | loss 46.2822 | lr 3.49e-04 | 0.4s
epoch 1451 | loss 46.4257 | lr 3.48e-04 | 0.4s
epoch 1452 | loss 46.2975 | lr 3.47e-04 | 0.4s
epoch 1453 | loss 46.6070 | lr 3.46e-04 | 0.5s
epoch 1454 | loss 46.3933 | lr 3.45e-04 | 0.4s
epoch 1455 | loss 46.4631 | lr 3.43e-04 | 0.4s
epoch 1456 | loss 46.4227 | lr 3.42e-04 | 0.4s
epoch 1457 | loss 46.4303 | lr 3.41e-04 | 0.4s
epoch 1458 | loss 46.3639 | lr 3.40e-04 | 0.4s
epoch 1459 | loss 46.2552 | lr 3.39e-04 | 0.4s
epoch 1460 | loss 46.5102 | lr 3.38e-04 | 0.4s
epoch 1461 | loss 46.2416 | lr 3.36e-04 | 0.4s
epoch 1462 | loss 46.6251 | lr 3.35e-04 | 0.4s
epoch 1463 | loss 46.4228 | lr 3.34e-04 | 0.4s
epoch 1464 | loss 46.3678 | lr 3.33e-04 | 0.4s
epoch 1465 | loss 46.4136 | lr 3.32e-04 | 0.4s
epoch 1466 | loss 46.5248 | lr 3.30e-04 | 0.4s
epoch 1467 | loss 46.4687 | lr 3.29e-04 | 0.4s
epoch 1468 | loss 46.2559 | lr 3.28e-04 | 0.4s
epoch 1469 | loss 46.2211 | lr 3.27e-04 | 0.4s
epoch 1470 | loss 46.5877 | lr 3.26e-04 | 0.4s
epoch 1471 | loss 46.2968 | lr 3.25e-04 | 0.4s
epoch 1472 | loss 46.6125 | lr 3.24e-04 | 0.4s
epoch 1473 | loss 46.5562 | lr 3.22e-04 | 0.4s
epoch 1474 | loss 46.5565 | lr 3.21e-04 | 0.4s
epoch 1475 | loss 46.3012 | lr 3.20e-04 | 0.4s
epoch 1476 | loss 46.2729 | lr 3.19e-04 | 0.4s
epoch 1477 | loss 46.4967 | lr 3.18e-04 | 0.4s
epoch 1478 | loss 46.5387 | lr 3.17e-04 | 0.4s
epoch 1479 | loss 46.1433 | lr 3.15e-04 | 0.4s
epoch 1480 | loss 46.2986 | lr 3.14e-04 | 0.4s
epoch 1481 | loss 46.4544 | lr 3.13e-04 | 0.4s
epoch 1482 | loss 46.4221 | lr 3.12e-04 | 0.4s
epoch 1483 | loss 46.2772 | lr 3.11e-04 | 0.4s
epoch 1484 | loss 46.4591 | lr 3.10e-04 | 0.4s
epoch 1485 | loss 46.3452 | lr 3.09e-04 | 0.4s
epoch 1486 | loss 46.6169 | lr 3.07e-04 | 0.4s
epoch 1487 | loss 46.1833 | lr 3.06e-04 | 0.4s
epoch 1488 | loss 46.2508 | lr 3.05e-04 | 0.4s
epoch 1489 | loss 46.5611 | lr 3.04e-04 | 0.4s
epoch 1490 | loss 46.4910 | lr 3.03e-04 | 0.4s
epoch 1491 | loss 46.2778 | lr 3.02e-04 | 0.4s
epoch 1492 | loss 46.2574 | lr 3.01e-04 | 0.5s
epoch 1493 | loss 46.1978 | lr 3.00e-04 | 0.4s
epoch 1494 | loss 46.5062 | lr 2.98e-04 | 0.4s
epoch 1495 | loss 46.5145 | lr 2.97e-04 | 0.4s
epoch 1496 | loss 46.5179 | lr 2.96e-04 | 0.4s
epoch 1497 | loss 46.4060 | lr 2.95e-04 | 0.4s
epoch 1498 | loss 46.2745 | lr 2.94e-04 | 0.4s
epoch 1499 | loss 46.4440 | lr 2.93e-04 | 0.4s
epoch 1500 | loss 46.4006 | lr 2.92e-04 | 0.4s
epoch 1501 | loss 46.4750 | lr 2.91e-04 | 0.4s
epoch 1502 | loss 46.3451 | lr 2.90e-04 | 0.4s
epoch 1503 | loss 46.2900 | lr 2.88e-04 | 0.4s
epoch 1504 | loss 46.3351 | lr 2.87e-04 | 0.4s
epoch 1505 | loss 46.4054 | lr 2.86e-04 | 0.4s
epoch 1506 | loss 46.3645 | lr 2.85e-04 | 0.4s
epoch 1507 | loss 46.3240 | lr 2.84e-04 | 0.4s
epoch 1508 | loss 46.5430 | lr 2.83e-04 | 0.4s
epoch 1509 | loss 46.3870 | lr 2.82e-04 | 0.4s
epoch 1510 | loss 46.2728 | lr 2.81e-04 | 0.4s
epoch 1511 | loss 46.3688 | lr 2.80e-04 | 0.4s
epoch 1512 | loss 46.5474 | lr 2.79e-04 | 0.4s
epoch 1513 | loss 46.2434 | lr 2.78e-04 | 0.4s
epoch 1514 | loss 46.2307 | lr 2.76e-04 | 0.4s
epoch 1515 | loss 46.2478 | lr 2.75e-04 | 0.4s
epoch 1516 | loss 46.4692 | lr 2.74e-04 | 0.4s
epoch 1517 | loss 46.4713 | lr 2.73e-04 | 0.4s
epoch 1518 | loss 46.4824 | lr 2.72e-04 | 0.4s
epoch 1519 | loss 46.1108 | lr 2.71e-04 | 0.4s
epoch 1520 | loss 46.6004 | lr 2.70e-04 | 0.4s
epoch 1521 | loss 46.2551 | lr 2.69e-04 | 0.4s
epoch 1522 | loss 46.2475 | lr 2.68e-04 | 0.4s
epoch 1523 | loss 46.2887 | lr 2.67e-04 | 0.4s
epoch 1524 | loss 45.9918 | lr 2.66e-04 | 0.4s
epoch 1525 | loss 46.6278 | lr 2.65e-04 | 0.4s
epoch 1526 | loss 46.3046 | lr 2.64e-04 | 0.5s
epoch 1527 | loss 46.4616 | lr 2.62e-04 | 0.4s
epoch 1528 | loss 46.5790 | lr 2.61e-04 | 0.4s
epoch 1529 | loss 46.2604 | lr 2.60e-04 | 0.4s
epoch 1530 | loss 46.2502 | lr 2.59e-04 | 0.4s
epoch 1531 | loss 46.5113 | lr 2.58e-04 | 0.4s
epoch 1532 | loss 46.2597 | lr 2.57e-04 | 0.4s
epoch 1533 | loss 46.5280 | lr 2.56e-04 | 0.4s
epoch 1534 | loss 46.1340 | lr 2.55e-04 | 0.4s
epoch 1535 | loss 46.1431 | lr 2.54e-04 | 0.4s
epoch 1536 | loss 46.3957 | lr 2.53e-04 | 0.4s
epoch 1537 | loss 46.4319 | lr 2.52e-04 | 0.4s
epoch 1538 | loss 46.3763 | lr 2.51e-04 | 0.4s
epoch 1539 | loss 46.4477 | lr 2.50e-04 | 0.4s
epoch 1540 | loss 46.4428 | lr 2.49e-04 | 0.4s
epoch 1541 | loss 46.3598 | lr 2.48e-04 | 0.4s
epoch 1542 | loss 46.3351 | lr 2.47e-04 | 0.4s
epoch 1543 | loss 46.1511 | lr 2.46e-04 | 0.4s
epoch 1544 | loss 46.4659 | lr 2.45e-04 | 0.4s
epoch 1545 | loss 46.2640 | lr 2.44e-04 | 0.4s
epoch 1546 | loss 46.4517 | lr 2.43e-04 | 0.4s
epoch 1547 | loss 46.3609 | lr 2.42e-04 | 0.4s
epoch 1548 | loss 46.5798 | lr 2.41e-04 | 0.4s
epoch 1549 | loss 46.4232 | lr 2.40e-04 | 0.4s
epoch 1550 | loss 46.1927 | lr 2.39e-04 | 0.4s
epoch 1551 | loss 46.1264 | lr 2.38e-04 | 0.4s
epoch 1552 | loss 46.3683 | lr 2.37e-04 | 0.4s
epoch 1553 | loss 46.3459 | lr 2.36e-04 | 0.4s
epoch 1554 | loss 46.3969 | lr 2.35e-04 | 0.4s
epoch 1555 | loss 46.0047 | lr 2.34e-04 | 0.4s
epoch 1556 | loss 46.3132 | lr 2.32e-04 | 0.4s
epoch 1557 | loss 46.2211 | lr 2.31e-04 | 0.4s
epoch 1558 | loss 46.4288 | lr 2.30e-04 | 0.4s
epoch 1559 | loss 46.1555 | lr 2.29e-04 | 0.4s
epoch 1560 | loss 46.2861 | lr 2.28e-04 | 0.4s
epoch 1561 | loss 46.2778 | lr 2.27e-04 | 0.4s
epoch 1562 | loss 46.2751 | lr 2.26e-04 | 0.4s
epoch 1563 | loss 46.1544 | lr 2.25e-04 | 0.4s
epoch 1564 | loss 46.4438 | lr 2.25e-04 | 0.4s
epoch 1565 | loss 46.4090 | lr 2.24e-04 | 0.4s
epoch 1566 | loss 46.6206 | lr 2.23e-04 | 0.4s
epoch 1567 | loss 46.2390 | lr 2.22e-04 | 0.4s
epoch 1568 | loss 46.3720 | lr 2.21e-04 | 0.4s
epoch 1569 | loss 46.4732 | lr 2.20e-04 | 0.4s
epoch 1570 | loss 46.3224 | lr 2.19e-04 | 0.4s
epoch 1571 | loss 46.5478 | lr 2.18e-04 | 0.4s
epoch 1572 | loss 46.3918 | lr 2.17e-04 | 0.4s
epoch 1573 | loss 46.3804 | lr 2.16e-04 | 0.4s
epoch 1574 | loss 46.2496 | lr 2.15e-04 | 0.4s
epoch 1575 | loss 46.1181 | lr 2.14e-04 | 0.4s
epoch 1576 | loss 46.4313 | lr 2.13e-04 | 0.4s
epoch 1577 | loss 46.7295 | lr 2.12e-04 | 0.4s
epoch 1578 | loss 46.3995 | lr 2.11e-04 | 0.4s
epoch 1579 | loss 46.2438 | lr 2.10e-04 | 0.4s
epoch 1580 | loss 46.2846 | lr 2.09e-04 | 0.4s
epoch 1581 | loss 46.4370 | lr 2.08e-04 | 0.4s
epoch 1582 | loss 46.2774 | lr 2.07e-04 | 0.4s
epoch 1583 | loss 46.4652 | lr 2.06e-04 | 0.4s
epoch 1584 | loss 46.5844 | lr 2.05e-04 | 0.4s
epoch 1585 | loss 46.5663 | lr 2.04e-04 | 0.4s
epoch 1586 | loss 46.4640 | lr 2.03e-04 | 0.4s
epoch 1587 | loss 46.2534 | lr 2.02e-04 | 0.4s
epoch 1588 | loss 46.3391 | lr 2.01e-04 | 0.4s
epoch 1589 | loss 46.0049 | lr 2.00e-04 | 0.4s
epoch 1590 | loss 46.4764 | lr 1.99e-04 | 0.4s
epoch 1591 | loss 46.2525 | lr 1.98e-04 | 0.4s
epoch 1592 | loss 46.1823 | lr 1.97e-04 | 0.4s
epoch 1593 | loss 46.6272 | lr 1.97e-04 | 0.4s
epoch 1594 | loss 46.4054 | lr 1.96e-04 | 0.4s
epoch 1595 | loss 46.1964 | lr 1.95e-04 | 0.4s
epoch 1596 | loss 46.5061 | lr 1.94e-04 | 0.4s
epoch 1597 | loss 46.5218 | lr 1.93e-04 | 0.4s
epoch 1598 | loss 46.4095 | lr 1.92e-04 | 0.4s
epoch 1599 | loss 46.1736 | lr 1.91e-04 | 0.4s
epoch 1600 | loss 46.4768 | lr 1.90e-04 | 0.4s
epoch 1601 | loss 46.3773 | lr 1.89e-04 | 0.4s
epoch 1602 | loss 46.2672 | lr 1.88e-04 | 0.4s
epoch 1603 | loss 46.3879 | lr 1.87e-04 | 0.4s
epoch 1604 | loss 46.5157 | lr 1.86e-04 | 0.4s
epoch 1605 | loss 46.2984 | lr 1.85e-04 | 0.4s
epoch 1606 | loss 46.4795 | lr 1.85e-04 | 0.4s
epoch 1607 | loss 46.5381 | lr 1.84e-04 | 0.4s
epoch 1608 | loss 46.2270 | lr 1.83e-04 | 0.4s
epoch 1609 | loss 46.3092 | lr 1.82e-04 | 0.4s
epoch 1610 | loss 46.3057 | lr 1.81e-04 | 0.4s
epoch 1611 | loss 46.2176 | lr 1.80e-04 | 0.4s
epoch 1612 | loss 46.1972 | lr 1.79e-04 | 0.4s
epoch 1613 | loss 46.4890 | lr 1.78e-04 | 0.4s
epoch 1614 | loss 46.2733 | lr 1.77e-04 | 0.4s
epoch 1615 | loss 46.3727 | lr 1.76e-04 | 0.4s
epoch 1616 | loss 46.4294 | lr 1.76e-04 | 0.4s
epoch 1617 | loss 46.1828 | lr 1.75e-04 | 0.4s
epoch 1618 | loss 46.5972 | lr 1.74e-04 | 0.4s
epoch 1619 | loss 46.1668 | lr 1.73e-04 | 0.4s
epoch 1620 | loss 46.6948 | lr 1.72e-04 | 0.4s
epoch 1621 | loss 46.3258 | lr 1.71e-04 | 0.4s
epoch 1622 | loss 46.3158 | lr 1.70e-04 | 0.4s
epoch 1623 | loss 46.2962 | lr 1.69e-04 | 0.4s
epoch 1624 | loss 46.4756 | lr 1.69e-04 | 0.4s
epoch 1625 | loss 46.3148 | lr 1.68e-04 | 0.4s
epoch 1626 | loss 46.5215 | lr 1.67e-04 | 0.4s
epoch 1627 | loss 46.5132 | lr 1.66e-04 | 0.4s
epoch 1628 | loss 46.2064 | lr 1.65e-04 | 0.4s
epoch 1629 | loss 46.5728 | lr 1.64e-04 | 0.4s
epoch 1630 | loss 46.2874 | lr 1.63e-04 | 0.4s
epoch 1631 | loss 46.3025 | lr 1.62e-04 | 0.4s
epoch 1632 | loss 46.0051 | lr 1.62e-04 | 0.4s
epoch 1633 | loss 46.3085 | lr 1.61e-04 | 0.4s
epoch 1634 | loss 46.1585 | lr 1.60e-04 | 0.4s
epoch 1635 | loss 46.0763 | lr 1.59e-04 | 0.4s
epoch 1636 | loss 46.1612 | lr 1.58e-04 | 0.4s
epoch 1637 | loss 46.2659 | lr 1.57e-04 | 0.4s
epoch 1638 | loss 46.1705 | lr 1.57e-04 | 0.4s
epoch 1639 | loss 46.2678 | lr 1.56e-04 | 0.4s
epoch 1640 | loss 46.5305 | lr 1.55e-04 | 0.4s
epoch 1641 | loss 46.2540 | lr 1.54e-04 | 0.4s
epoch 1642 | loss 46.3134 | lr 1.53e-04 | 0.4s
epoch 1643 | loss 46.3606 | lr 1.52e-04 | 0.4s
epoch 1644 | loss 46.2482 | lr 1.51e-04 | 0.4s
epoch 1645 | loss 46.2011 | lr 1.51e-04 | 0.4s
epoch 1646 | loss 46.0084 | lr 1.50e-04 | 0.4s
epoch 1647 | loss 46.3213 | lr 1.49e-04 | 0.4s
epoch 1648 | loss 46.2589 | lr 1.48e-04 | 0.4s
epoch 1649 | loss 46.1991 | lr 1.47e-04 | 0.4s
epoch 1650 | loss 46.3130 | lr 1.47e-04 | 0.4s
epoch 1651 | loss 46.3263 | lr 1.46e-04 | 0.4s
epoch 1652 | loss 46.4892 | lr 1.45e-04 | 0.4s
epoch 1653 | loss 46.4693 | lr 1.44e-04 | 0.4s
epoch 1654 | loss 46.3931 | lr 1.43e-04 | 0.4s
epoch 1655 | loss 46.1850 | lr 1.42e-04 | 0.4s
epoch 1656 | loss 46.3908 | lr 1.42e-04 | 0.4s
epoch 1657 | loss 46.4071 | lr 1.41e-04 | 0.4s
epoch 1658 | loss 46.2205 | lr 1.40e-04 | 0.4s
epoch 1659 | loss 46.1014 | lr 1.39e-04 | 0.4s
epoch 1660 | loss 46.2330 | lr 1.38e-04 | 0.4s
epoch 1661 | loss 46.3833 | lr 1.38e-04 | 0.4s
epoch 1662 | loss 46.1683 | lr 1.37e-04 | 0.4s
epoch 1663 | loss 46.5006 | lr 1.36e-04 | 0.4s
epoch 1664 | loss 46.1935 | lr 1.35e-04 | 0.4s
epoch 1665 | loss 46.2781 | lr 1.34e-04 | 0.4s
epoch 1666 | loss 46.3137 | lr 1.34e-04 | 0.4s
epoch 1667 | loss 46.2827 | lr 1.33e-04 | 0.4s
epoch 1668 | loss 46.1472 | lr 1.32e-04 | 0.4s
epoch 1669 | loss 46.3442 | lr 1.31e-04 | 0.4s
epoch 1670 | loss 46.0152 | lr 1.31e-04 | 0.4s
epoch 1671 | loss 46.3338 | lr 1.30e-04 | 0.4s
epoch 1672 | loss 46.2963 | lr 1.29e-04 | 0.4s
epoch 1673 | loss 46.5280 | lr 1.28e-04 | 0.4s
epoch 1674 | loss 46.3925 | lr 1.28e-04 | 0.4s
epoch 1675 | loss 46.2235 | lr 1.27e-04 | 0.4s
epoch 1676 | loss 46.1138 | lr 1.26e-04 | 0.4s
epoch 1677 | loss 46.3018 | lr 1.25e-04 | 0.4s
epoch 1678 | loss 46.2479 | lr 1.24e-04 | 0.4s
epoch 1679 | loss 46.3279 | lr 1.24e-04 | 0.4s
epoch 1680 | loss 46.4660 | lr 1.23e-04 | 0.4s
epoch 1681 | loss 46.2360 | lr 1.22e-04 | 0.4s
epoch 1682 | loss 46.4437 | lr 1.21e-04 | 0.4s
epoch 1683 | loss 46.1752 | lr 1.21e-04 | 0.4s
epoch 1684 | loss 46.5352 | lr 1.20e-04 | 0.4s
epoch 1685 | loss 46.5158 | lr 1.19e-04 | 0.4s
epoch 1686 | loss 46.3970 | lr 1.18e-04 | 0.4s
epoch 1687 | loss 46.4577 | lr 1.18e-04 | 0.4s
epoch 1688 | loss 45.9480 | lr 1.17e-04 | 0.4s
epoch 1689 | loss 46.3224 | lr 1.16e-04 | 0.4s
epoch 1690 | loss 46.6075 | lr 1.16e-04 | 0.4s
epoch 1691 | loss 46.2573 | lr 1.15e-04 | 0.4s
epoch 1692 | loss 46.4079 | lr 1.14e-04 | 0.4s
epoch 1693 | loss 46.1889 | lr 1.13e-04 | 0.4s
epoch 1694 | loss 46.3105 | lr 1.13e-04 | 0.4s
epoch 1695 | loss 46.1630 | lr 1.12e-04 | 0.4s
epoch 1696 | loss 46.3673 | lr 1.11e-04 | 0.4s
epoch 1697 | loss 46.4103 | lr 1.10e-04 | 0.4s
epoch 1698 | loss 46.8249 | lr 1.10e-04 | 0.4s
epoch 1699 | loss 46.2369 | lr 1.09e-04 | 0.4s
epoch 1700 | loss 46.5559 | lr 1.08e-04 | 0.4s
epoch 1701 | loss 46.3196 | lr 1.08e-04 | 0.4s
epoch 1702 | loss 46.4698 | lr 1.07e-04 | 0.4s
epoch 1703 | loss 46.3431 | lr 1.06e-04 | 0.4s
epoch 1704 | loss 46.3996 | lr 1.05e-04 | 0.4s
epoch 1705 | loss 46.1576 | lr 1.05e-04 | 0.4s
epoch 1706 | loss 46.1947 | lr 1.04e-04 | 0.4s
epoch 1707 | loss 46.0230 | lr 1.03e-04 | 0.5s
epoch 1708 | loss 46.4251 | lr 1.03e-04 | 0.4s
epoch 1709 | loss 46.4280 | lr 1.02e-04 | 0.4s
epoch 1710 | loss 46.1599 | lr 1.01e-04 | 0.4s
epoch 1711 | loss 46.0457 | lr 1.01e-04 | 0.4s
epoch 1712 | loss 46.3233 | lr 9.99e-05 | 0.4s
epoch 1713 | loss 46.2912 | lr 9.92e-05 | 0.4s
epoch 1714 | loss 46.2005 | lr 9.85e-05 | 0.4s
epoch 1715 | loss 46.2001 | lr 9.79e-05 | 0.4s
epoch 1716 | loss 46.1310 | lr 9.72e-05 | 0.4s
epoch 1717 | loss 46.3635 | lr 9.65e-05 | 0.4s
epoch 1718 | loss 46.3279 | lr 9.58e-05 | 0.4s
epoch 1719 | loss 46.0012 | lr 9.52e-05 | 0.4s
epoch 1720 | loss 46.3011 | lr 9.45e-05 | 0.4s
epoch 1721 | loss 46.1694 | lr 9.38e-05 | 0.4s
epoch 1722 | loss 46.1979 | lr 9.32e-05 | 0.4s
epoch 1723 | loss 46.3293 | lr 9.25e-05 | 0.4s
epoch 1724 | loss 46.6102 | lr 9.19e-05 | 0.4s
epoch 1725 | loss 46.1371 | lr 9.12e-05 | 0.4s
epoch 1726 | loss 46.2089 | lr 9.05e-05 | 0.4s
epoch 1727 | loss 46.2050 | lr 8.99e-05 | 0.4s
epoch 1728 | loss 46.4676 | lr 8.92e-05 | 0.4s
epoch 1729 | loss 46.2161 | lr 8.86e-05 | 0.4s
epoch 1730 | loss 46.0973 | lr 8.80e-05 | 0.4s
epoch 1731 | loss 46.4198 | lr 8.73e-05 | 0.4s
epoch 1732 | loss 46.3281 | lr 8.67e-05 | 0.4s
epoch 1733 | loss 46.2522 | lr 8.60e-05 | 0.4s
epoch 1734 | loss 46.1997 | lr 8.54e-05 | 0.4s
epoch 1735 | loss 46.5703 | lr 8.48e-05 | 0.4s
epoch 1736 | loss 46.0650 | lr 8.41e-05 | 0.4s
epoch 1737 | loss 46.0254 | lr 8.35e-05 | 0.4s
epoch 1738 | loss 46.2434 | lr 8.29e-05 | 0.4s
epoch 1739 | loss 46.2628 | lr 8.22e-05 | 0.4s
epoch 1740 | loss 46.3376 | lr 8.16e-05 | 0.4s
epoch 1741 | loss 46.1594 | lr 8.10e-05 | 0.4s
epoch 1742 | loss 46.1943 | lr 8.04e-05 | 0.4s
epoch 1743 | loss 46.4368 | lr 7.98e-05 | 0.4s
epoch 1744 | loss 46.2726 | lr 7.92e-05 | 0.4s
epoch 1745 | loss 46.1311 | lr 7.85e-05 | 0.4s
epoch 1746 | loss 46.2094 | lr 7.79e-05 | 0.4s
epoch 1747 | loss 46.3738 | lr 7.73e-05 | 0.4s
epoch 1748 | loss 46.6096 | lr 7.67e-05 | 0.4s
epoch 1749 | loss 46.1945 | lr 7.61e-05 | 0.4s
epoch 1750 | loss 46.5955 | lr 7.55e-05 | 0.4s
epoch 1751 | loss 46.0036 | lr 7.49e-05 | 0.4s
epoch 1752 | loss 46.3843 | lr 7.43e-05 | 0.4s
epoch 1753 | loss 46.2954 | lr 7.37e-05 | 0.4s
epoch 1754 | loss 46.0254 | lr 7.31e-05 | 0.4s
epoch 1755 | loss 46.4121 | lr 7.26e-05 | 0.4s
epoch 1756 | loss 46.4654 | lr 7.20e-05 | 0.4s
epoch 1757 | loss 46.5829 | lr 7.14e-05 | 0.4s
epoch 1758 | loss 46.0915 | lr 7.08e-05 | 0.4s
epoch 1759 | loss 46.2959 | lr 7.02e-05 | 0.4s
epoch 1760 | loss 46.3661 | lr 6.96e-05 | 0.4s
epoch 1761 | loss 46.3001 | lr 6.91e-05 | 0.4s
epoch 1762 | loss 46.1803 | lr 6.85e-05 | 0.4s
epoch 1763 | loss 46.3594 | lr 6.79e-05 | 0.4s
epoch 1764 | loss 46.3927 | lr 6.74e-05 | 0.4s
epoch 1765 | loss 46.4633 | lr 6.68e-05 | 0.4s
epoch 1766 | loss 46.4275 | lr 6.62e-05 | 0.4s
epoch 1767 | loss 46.3910 | lr 6.57e-05 | 0.4s
epoch 1768 | loss 46.2170 | lr 6.51e-05 | 0.4s
epoch 1769 | loss 46.3134 | lr 6.46e-05 | 0.4s
epoch 1770 | loss 46.3166 | lr 6.40e-05 | 0.4s
epoch 1771 | loss 46.4582 | lr 6.35e-05 | 0.4s
epoch 1772 | loss 46.5450 | lr 6.29e-05 | 0.4s
epoch 1773 | loss 46.1742 | lr 6.24e-05 | 0.4s
epoch 1774 | loss 46.2173 | lr 6.18e-05 | 0.4s
epoch 1775 | loss 46.2020 | lr 6.13e-05 | 0.4s
epoch 1776 | loss 46.3439 | lr 6.07e-05 | 0.4s
epoch 1777 | loss 46.3272 | lr 6.02e-05 | 0.4s
epoch 1778 | loss 46.2321 | lr 5.97e-05 | 0.4s
epoch 1779 | loss 46.4832 | lr 5.91e-05 | 0.4s
epoch 1780 | loss 46.2808 | lr 5.86e-05 | 0.4s
epoch 1781 | loss 46.2451 | lr 5.81e-05 | 0.4s
epoch 1782 | loss 46.1380 | lr 5.75e-05 | 0.4s
epoch 1783 | loss 46.2755 | lr 5.70e-05 | 0.4s
epoch 1784 | loss 46.1163 | lr 5.65e-05 | 0.4s
epoch 1785 | loss 46.4208 | lr 5.60e-05 | 0.4s
epoch 1786 | loss 46.4597 | lr 5.55e-05 | 0.4s
epoch 1787 | loss 46.6808 | lr 5.49e-05 | 0.4s
epoch 1788 | loss 46.1398 | lr 5.44e-05 | 0.4s
epoch 1789 | loss 46.1956 | lr 5.39e-05 | 0.4s
epoch 1790 | loss 46.0423 | lr 5.34e-05 | 0.4s
epoch 1791 | loss 46.2994 | lr 5.29e-05 | 0.4s
epoch 1792 | loss 46.2602 | lr 5.24e-05 | 0.4s
epoch 1793 | loss 46.2899 | lr 5.19e-05 | 0.4s
epoch 1794 | loss 46.2388 | lr 5.14e-05 | 0.4s
epoch 1795 | loss 46.4153 | lr 5.09e-05 | 0.4s
epoch 1796 | loss 46.3040 | lr 5.04e-05 | 0.4s
epoch 1797 | loss 46.2984 | lr 4.99e-05 | 0.4s
epoch 1798 | loss 46.3920 | lr 4.94e-05 | 0.4s
epoch 1799 | loss 46.3350 | lr 4.89e-05 | 0.4s
epoch 1800 | loss 46.4664 | lr 4.85e-05 | 0.4s
epoch 1801 | loss 46.1423 | lr 4.80e-05 | 0.4s
epoch 1802 | loss 46.2236 | lr 4.75e-05 | 0.4s
epoch 1803 | loss 46.3858 | lr 4.70e-05 | 0.4s
epoch 1804 | loss 46.4025 | lr 4.65e-05 | 0.4s
epoch 1805 | loss 46.0790 | lr 4.61e-05 | 0.4s
epoch 1806 | loss 46.4111 | lr 4.56e-05 | 0.4s
epoch 1807 | loss 46.4463 | lr 4.51e-05 | 0.4s
epoch 1808 | loss 46.3372 | lr 4.47e-05 | 0.4s
epoch 1809 | loss 46.4636 | lr 4.42e-05 | 0.4s
epoch 1810 | loss 46.1920 | lr 4.37e-05 | 0.4s
epoch 1811 | loss 46.2290 | lr 4.33e-05 | 0.4s
epoch 1812 | loss 46.3196 | lr 4.28e-05 | 0.4s
epoch 1813 | loss 46.2630 | lr 4.24e-05 | 0.4s
epoch 1814 | loss 46.4644 | lr 4.19e-05 | 0.4s
epoch 1815 | loss 46.2443 | lr 4.15e-05 | 0.4s
epoch 1816 | loss 46.4187 | lr 4.10e-05 | 0.4s
epoch 1817 | loss 46.2049 | lr 4.06e-05 | 0.4s
epoch 1818 | loss 46.2575 | lr 4.01e-05 | 0.4s
epoch 1819 | loss 46.4612 | lr 3.97e-05 | 0.4s
epoch 1820 | loss 46.2952 | lr 3.93e-05 | 0.4s
epoch 1821 | loss 46.5164 | lr 3.88e-05 | 0.4s
epoch 1822 | loss 46.4774 | lr 3.84e-05 | 0.4s
epoch 1823 | loss 46.3340 | lr 3.80e-05 | 0.4s
epoch 1824 | loss 46.5946 | lr 3.75e-05 | 0.4s
epoch 1825 | loss 46.4277 | lr 3.71e-05 | 0.4s
epoch 1826 | loss 46.4299 | lr 3.67e-05 | 0.4s
epoch 1827 | loss 46.6649 | lr 3.63e-05 | 0.4s
epoch 1828 | loss 46.1958 | lr 3.59e-05 | 0.4s
epoch 1829 | loss 46.3105 | lr 3.54e-05 | 0.4s
epoch 1830 | loss 46.3776 | lr 3.50e-05 | 0.4s
epoch 1831 | loss 46.3211 | lr 3.46e-05 | 0.4s
epoch 1832 | loss 46.4443 | lr 3.42e-05 | 0.4s
epoch 1833 | loss 46.2544 | lr 3.38e-05 | 0.4s
epoch 1834 | loss 46.2424 | lr 3.34e-05 | 0.4s
epoch 1835 | loss 46.1527 | lr 3.30e-05 | 0.4s
epoch 1836 | loss 46.3536 | lr 3.26e-05 | 0.4s
epoch 1837 | loss 46.3005 | lr 3.22e-05 | 0.4s
epoch 1838 | loss 46.2021 | lr 3.18e-05 | 0.4s
epoch 1839 | loss 46.4062 | lr 3.14e-05 | 0.4s
epoch 1840 | loss 46.3684 | lr 3.10e-05 | 0.4s
epoch 1841 | loss 46.2909 | lr 3.06e-05 | 0.4s
epoch 1842 | loss 46.6167 | lr 3.03e-05 | 0.4s
epoch 1843 | loss 46.2273 | lr 2.99e-05 | 0.4s
epoch 1844 | loss 45.9328 | lr 2.95e-05 | 0.4s
epoch 1845 | loss 46.2032 | lr 2.91e-05 | 0.4s
epoch 1846 | loss 46.6443 | lr 2.87e-05 | 0.4s
epoch 1847 | loss 46.0657 | lr 2.84e-05 | 0.4s
epoch 1848 | loss 46.2646 | lr 2.80e-05 | 0.4s
epoch 1849 | loss 46.2831 | lr 2.76e-05 | 0.4s
epoch 1850 | loss 46.2209 | lr 2.73e-05 | 0.4s
epoch 1851 | loss 46.2603 | lr 2.69e-05 | 0.4s
epoch 1852 | loss 46.0602 | lr 2.65e-05 | 0.4s
epoch 1853 | loss 46.2727 | lr 2.62e-05 | 0.4s
epoch 1854 | loss 46.5646 | lr 2.58e-05 | 0.4s
epoch 1855 | loss 46.1634 | lr 2.55e-05 | 0.4s
epoch 1856 | loss 46.2448 | lr 2.51e-05 | 0.4s
epoch 1857 | loss 46.4331 | lr 2.48e-05 | 0.4s
epoch 1858 | loss 46.2643 | lr 2.44e-05 | 0.4s
epoch 1859 | loss 46.2008 | lr 2.41e-05 | 0.4s
epoch 1860 | loss 46.2330 | lr 2.37e-05 | 0.4s
epoch 1861 | loss 45.9722 | lr 2.34e-05 | 0.4s
epoch 1862 | loss 45.9825 | lr 2.31e-05 | 0.4s
epoch 1863 | loss 46.3997 | lr 2.27e-05 | 0.4s
epoch 1864 | loss 46.3823 | lr 2.24e-05 | 0.4s
epoch 1865 | loss 46.3124 | lr 2.21e-05 | 0.4s
epoch 1866 | loss 46.1655 | lr 2.17e-05 | 0.4s
epoch 1867 | loss 46.4090 | lr 2.14e-05 | 0.4s
epoch 1868 | loss 46.1669 | lr 2.11e-05 | 0.4s
epoch 1869 | loss 45.9106 | lr 2.08e-05 | 0.4s
epoch 1870 | loss 46.3644 | lr 2.05e-05 | 0.4s
epoch 1871 | loss 46.1326 | lr 2.01e-05 | 0.4s
epoch 1872 | loss 46.3167 | lr 1.98e-05 | 0.4s
epoch 1873 | loss 46.4106 | lr 1.95e-05 | 0.4s
epoch 1874 | loss 46.3340 | lr 1.92e-05 | 0.4s
epoch 1875 | loss 46.2125 | lr 1.89e-05 | 0.4s
epoch 1876 | loss 46.3027 | lr 1.86e-05 | 0.4s
epoch 1877 | loss 46.3053 | lr 1.83e-05 | 0.4s
epoch 1878 | loss 46.1296 | lr 1.80e-05 | 0.4s
epoch 1879 | loss 46.3422 | lr 1.77e-05 | 0.4s
epoch 1880 | loss 46.3768 | lr 1.74e-05 | 0.4s
epoch 1881 | loss 46.3645 | lr 1.71e-05 | 0.4s
epoch 1882 | loss 46.1798 | lr 1.68e-05 | 0.4s
epoch 1883 | loss 46.5017 | lr 1.66e-05 | 0.4s
epoch 1884 | loss 46.2367 | lr 1.63e-05 | 0.4s
epoch 1885 | loss 46.2301 | lr 1.60e-05 | 0.4s
epoch 1886 | loss 46.2789 | lr 1.57e-05 | 0.4s
epoch 1887 | loss 46.4522 | lr 1.54e-05 | 0.4s
epoch 1888 | loss 46.1723 | lr 1.52e-05 | 0.4s
epoch 1889 | loss 46.3952 | lr 1.49e-05 | 0.4s
epoch 1890 | loss 46.3422 | lr 1.46e-05 | 0.4s
epoch 1891 | loss 46.4856 | lr 1.44e-05 | 0.4s
epoch 1892 | loss 46.4036 | lr 1.41e-05 | 0.4s
epoch 1893 | loss 46.3017 | lr 1.38e-05 | 0.4s
epoch 1894 | loss 46.4682 | lr 1.36e-05 | 0.4s
epoch 1895 | loss 46.2169 | lr 1.33e-05 | 0.4s
epoch 1896 | loss 46.2090 | lr 1.31e-05 | 0.4s
epoch 1897 | loss 46.2906 | lr 1.28e-05 | 0.4s
epoch 1898 | loss 46.1671 | lr 1.26e-05 | 0.4s
epoch 1899 | loss 46.4800 | lr 1.23e-05 | 0.4s
epoch 1900 | loss 46.2681 | lr 1.21e-05 | 0.4s
epoch 1901 | loss 46.3652 | lr 1.18e-05 | 0.4s
epoch 1902 | loss 46.1779 | lr 1.16e-05 | 0.4s
epoch 1903 | loss 46.5178 | lr 1.13e-05 | 0.4s
epoch 1904 | loss 45.9736 | lr 1.11e-05 | 0.4s
epoch 1905 | loss 46.1261 | lr 1.09e-05 | 0.4s
epoch 1906 | loss 46.1466 | lr 1.07e-05 | 0.4s
epoch 1907 | loss 46.1706 | lr 1.04e-05 | 0.4s
epoch 1908 | loss 46.2439 | lr 1.02e-05 | 0.4s
epoch 1909 | loss 46.4106 | lr 9.98e-06 | 0.4s
epoch 1910 | loss 46.3428 | lr 9.76e-06 | 0.4s
epoch 1911 | loss 46.4089 | lr 9.54e-06 | 0.4s
epoch 1912 | loss 46.3839 | lr 9.32e-06 | 0.4s
epoch 1913 | loss 46.4521 | lr 9.11e-06 | 0.4s
epoch 1914 | loss 46.3656 | lr 8.90e-06 | 0.4s
epoch 1915 | loss 46.5318 | lr 8.69e-06 | 0.4s
epoch 1916 | loss 46.0772 | lr 8.49e-06 | 0.4s
epoch 1917 | loss 46.3435 | lr 8.28e-06 | 0.4s
epoch 1918 | loss 46.2892 | lr 8.08e-06 | 0.4s
epoch 1919 | loss 46.3994 | lr 7.89e-06 | 0.4s
epoch 1920 | loss 46.3547 | lr 7.69e-06 | 0.4s
epoch 1921 | loss 46.2582 | lr 7.50e-06 | 0.4s
epoch 1922 | loss 46.3317 | lr 7.31e-06 | 0.4s
epoch 1923 | loss 46.3557 | lr 7.12e-06 | 0.5s
epoch 1924 | loss 46.4634 | lr 6.93e-06 | 0.4s
epoch 1925 | loss 46.1958 | lr 6.75e-06 | 0.4s
epoch 1926 | loss 46.4755 | lr 6.57e-06 | 0.4s
epoch 1927 | loss 46.3685 | lr 6.39e-06 | 0.4s
epoch 1928 | loss 46.4733 | lr 6.21e-06 | 0.4s
epoch 1929 | loss 46.5466 | lr 6.04e-06 | 0.4s
epoch 1930 | loss 46.4161 | lr 5.87e-06 | 0.4s
epoch 1931 | loss 46.6153 | lr 5.70e-06 | 0.4s
epoch 1932 | loss 46.2525 | lr 5.53e-06 | 0.4s
epoch 1933 | loss 46.6570 | lr 5.37e-06 | 0.4s
epoch 1934 | loss 46.1337 | lr 5.21e-06 | 0.4s
epoch 1935 | loss 46.5006 | lr 5.05e-06 | 0.4s
epoch 1936 | loss 46.1478 | lr 4.89e-06 | 0.4s
epoch 1937 | loss 46.3392 | lr 4.74e-06 | 0.4s
epoch 1938 | loss 46.3122 | lr 4.59e-06 | 0.4s
epoch 1939 | loss 46.1869 | lr 4.44e-06 | 0.4s
epoch 1940 | loss 46.3681 | lr 4.29e-06 | 0.4s
epoch 1941 | loss 46.5803 | lr 4.15e-06 | 0.4s
epoch 1942 | loss 46.1105 | lr 4.01e-06 | 0.4s
epoch 1943 | loss 46.3360 | lr 3.87e-06 | 0.4s
epoch 1944 | loss 46.2721 | lr 3.73e-06 | 0.4s
epoch 1945 | loss 46.3358 | lr 3.60e-06 | 0.4s
epoch 1946 | loss 46.3382 | lr 3.46e-06 | 0.4s
epoch 1947 | loss 46.4963 | lr 3.33e-06 | 0.4s
epoch 1948 | loss 46.0547 | lr 3.21e-06 | 0.4s
epoch 1949 | loss 46.3819 | lr 3.08e-06 | 0.4s
epoch 1950 | loss 46.3095 | lr 2.96e-06 | 0.4s
epoch 1951 | loss 46.3129 | lr 2.84e-06 | 0.4s
epoch 1952 | loss 46.3685 | lr 2.72e-06 | 0.4s
epoch 1953 | loss 46.3762 | lr 2.61e-06 | 0.4s
epoch 1954 | loss 46.5306 | lr 2.50e-06 | 0.4s
epoch 1955 | loss 46.4701 | lr 2.39e-06 | 0.4s
epoch 1956 | loss 46.5423 | lr 2.28e-06 | 0.4s
epoch 1957 | loss 46.1191 | lr 2.18e-06 | 0.4s
epoch 1958 | loss 46.2373 | lr 2.07e-06 | 0.4s
epoch 1959 | loss 46.4998 | lr 1.97e-06 | 0.4s
epoch 1960 | loss 46.4229 | lr 1.88e-06 | 0.4s
epoch 1961 | loss 46.6947 | lr 1.78e-06 | 0.4s
epoch 1962 | loss 46.2155 | lr 1.69e-06 | 0.4s
epoch 1963 | loss 46.0726 | lr 1.60e-06 | 0.4s
epoch 1964 | loss 46.7209 | lr 1.51e-06 | 0.4s
epoch 1965 | loss 46.3310 | lr 1.43e-06 | 0.4s
epoch 1966 | loss 46.4981 | lr 1.34e-06 | 0.4s
epoch 1967 | loss 46.1776 | lr 1.26e-06 | 0.4s
epoch 1968 | loss 46.5406 | lr 1.19e-06 | 0.4s
epoch 1969 | loss 46.3030 | lr 1.11e-06 | 0.4s
epoch 1970 | loss 46.4984 | lr 1.04e-06 | 0.4s
epoch 1971 | loss 46.5231 | lr 9.67e-07 | 0.4s
epoch 1972 | loss 46.1565 | lr 8.99e-07 | 0.4s
epoch 1973 | loss 46.3706 | lr 8.34e-07 | 0.4s
epoch 1974 | loss 46.4013 | lr 7.71e-07 | 0.4s
epoch 1975 | loss 46.2489 | lr 7.11e-07 | 0.4s
epoch 1976 | loss 46.3352 | lr 6.53e-07 | 0.4s
epoch 1977 | loss 46.2376 | lr 5.97e-07 | 0.4s
epoch 1978 | loss 46.4070 | lr 5.44e-07 | 0.4s
epoch 1979 | loss 46.2145 | lr 4.93e-07 | 0.4s
epoch 1980 | loss 46.6385 | lr 4.45e-07 | 0.4s
epoch 1981 | loss 46.1992 | lr 4.00e-07 | 0.4s
epoch 1982 | loss 46.2384 | lr 3.57e-07 | 0.4s
epoch 1983 | loss 46.4742 | lr 3.16e-07 | 0.4s
epoch 1984 | loss 46.3265 | lr 2.78e-07 | 0.4s
epoch 1985 | loss 46.4693 | lr 2.42e-07 | 0.4s
epoch 1986 | loss 46.4247 | lr 2.08e-07 | 0.4s
epoch 1987 | loss 46.4902 | lr 1.78e-07 | 0.4s
epoch 1988 | loss 46.2691 | lr 1.49e-07 | 0.4s
epoch 1989 | loss 46.4623 | lr 1.23e-07 | 0.4s
epoch 1990 | loss 46.3089 | lr 9.99e-08 | 0.4s
epoch 1991 | loss 46.1980 | lr 7.90e-08 | 0.4s
epoch 1992 | loss 46.0697 | lr 6.05e-08 | 0.4s
epoch 1993 | loss 46.3856 | lr 4.44e-08 | 0.4s
epoch 1994 | loss 46.0116 | lr 3.08e-08 | 0.4s
epoch 1995 | loss 46.0348 | lr 1.97e-08 | 0.4s
epoch 1996 | loss 46.2273 | lr 1.11e-08 | 0.4s
epoch 1997 | loss 46.3268 | lr 4.93e-09 | 0.4s
epoch 1998 | loss 46.4895 | lr 1.23e-09 | 0.4s
epoch 1999 | loss 46.1356 | lr 0.00e+00 | 0.4s
final loss: 46.1356
