model params: 1,579,649
device: cuda
training: {'n_epochs': 2000, 'samples_per_epoch': 1000000, 'batch_size': 16384, 'k_max': 30, 'lr': 0.002, 'weight_decay': 0.0, 'checkpoint_every_epochs': 100, 'n_back': 1, 'loss': 'mse', 'amp': True, 'compile_model': True, 'fused_optimizer': True, 'device': 'cuda', 'seed': 0}
epoch    0 | loss 67.9687 | lr 2.00e-03 | 1.8s
epoch    1 | loss 38.1984 | lr 2.00e-03 | 0.4s
epoch    2 | loss 26.2020 | lr 2.00e-03 | 0.4s
epoch    3 | loss 20.1926 | lr 2.00e-03 | 0.4s
epoch    4 | loss 18.6897 | lr 2.00e-03 | 0.4s
epoch    5 | loss 17.8774 | lr 2.00e-03 | 0.4s
epoch    6 | loss 17.3210 | lr 2.00e-03 | 0.4s
epoch    7 | loss 17.1995 | lr 2.00e-03 | 0.4s
epoch    8 | loss 16.8098 | lr 2.00e-03 | 0.4s
epoch    9 | loss 16.6982 | lr 2.00e-03 | 0.4s
epoch   10 | loss 16.6289 | lr 2.00e-03 | 0.4s
epoch   11 | loss 16.4373 | lr 2.00e-03 | 0.4s
epoch   12 | loss 16.3478 | lr 2.00e-03 | 0.4s
epoch   13 | loss 16.3801 | lr 2.00e-03 | 0.4s
epoch   14 | loss 16.2746 | lr 2.00e-03 | 0.4s
epoch   15 | loss 16.1846 | lr 2.00e-03 | 0.4s
epoch   16 | loss 16.0938 | lr 2.00e-03 | 0.4s
epoch   17 | loss 16.0347 | lr 2.00e-03 | 0.4s
epoch   18 | loss 16.0101 | lr 2.00e-03 | 0.4s
epoch   19 | loss 15.9789 | lr 2.00e-03 | 0.4s
epoch   20 | loss 15.9303 | lr 2.00e-03 | 0.4s
epoch   21 | loss 15.8672 | lr 2.00e-03 | 0.4s
epoch   22 | loss 15.8903 | lr 2.00e-03 | 0.4s
epoch   23 | loss 15.8056 | lr 2.00e-03 | 0.4s
epoch   24 | loss 15.8136 | lr 2.00e-03 | 0.4s
epoch   25 | loss 15.7952 | lr 2.00e-03 | 0.4s
epoch   26 | loss 15.6338 | lr 2.00e-03 | 0.4s
epoch   27 | loss 15.6639 | lr 2.00e-03 | 0.4s
epoch   28 | loss 15.7109 | lr 2.00e-03 | 0.4s
epoch   29 | loss 15.6513 | lr 2.00e-03 | 0.4s
epoch   30 | loss 15.5517 | lr 2.00e-03 | 0.4s
epoch   31 | loss 15.6705 | lr 2.00e-03 | 0.4s
epoch   32 | loss 15.6257 | lr 2.00e-03 | 0.4s
epoch   33 | loss 15.5487 | lr 2.00e-03 | 0.4s
epoch   34 | loss 15.6506 | lr 2.00e-03 | 0.4s
epoch   35 | loss 15.6111 | lr 2.00e-03 | 0.4s
epoch   36 | loss 15.6627 | lr 2.00e-03 | 0.4s
epoch   37 | loss 15.6097 | lr 2.00e-03 | 0.4s
epoch   38 | loss 15.5346 | lr 2.00e-03 | 0.4s
epoch   39 | loss 15.5400 | lr 2.00e-03 | 0.4s
epoch   40 | loss 15.5222 | lr 2.00e-03 | 0.4s
epoch   41 | loss 15.3849 | lr 2.00e-03 | 0.4s
epoch   42 | loss 15.4983 | lr 2.00e-03 | 0.4s
epoch   43 | loss 15.5640 | lr 2.00e-03 | 0.4s
epoch   44 | loss 15.3935 | lr 2.00e-03 | 0.4s
epoch   45 | loss 15.4289 | lr 2.00e-03 | 0.4s
epoch   46 | loss 15.3796 | lr 2.00e-03 | 0.4s
epoch   47 | loss 15.4910 | lr 2.00e-03 | 0.4s
epoch   48 | loss 15.4774 | lr 2.00e-03 | 0.4s
epoch   49 | loss 15.3722 | lr 2.00e-03 | 0.4s
epoch   50 | loss 15.3768 | lr 2.00e-03 | 0.4s
epoch   51 | loss 15.4048 | lr 2.00e-03 | 0.4s
epoch   52 | loss 15.4022 | lr 2.00e-03 | 0.4s
epoch   53 | loss 15.4032 | lr 2.00e-03 | 0.4s
epoch   54 | loss 15.3222 | lr 2.00e-03 | 0.4s
epoch   55 | loss 15.3450 | lr 2.00e-03 | 0.4s
epoch   56 | loss 15.3373 | lr 2.00e-03 | 0.4s
epoch   57 | loss 15.2714 | lr 2.00e-03 | 0.4s
epoch   58 | loss 15.3141 | lr 2.00e-03 | 0.4s
epoch   59 | loss 15.3249 | lr 2.00e-03 | 0.4s
epoch   60 | loss 15.3709 | lr 2.00e-03 | 0.4s
epoch   61 | loss 15.3206 | lr 2.00e-03 | 0.4s
epoch   62 | loss 15.2577 | lr 2.00e-03 | 0.4s
epoch   63 | loss 15.3254 | lr 1.99e-03 | 0.4s
epoch   64 | loss 15.3315 | lr 1.99e-03 | 0.4s
epoch   65 | loss 15.3088 | lr 1.99e-03 | 0.4s
epoch   66 | loss 15.2844 | lr 1.99e-03 | 0.4s
epoch   67 | loss 15.3672 | lr 1.99e-03 | 0.4s
epoch   68 | loss 15.1468 | lr 1.99e-03 | 0.4s
epoch   69 | loss 15.3860 | lr 1.99e-03 | 0.4s
epoch   70 | loss 15.2291 | lr 1.99e-03 | 0.4s
epoch   71 | loss 15.2017 | lr 1.99e-03 | 0.4s
epoch   72 | loss 15.2694 | lr 1.99e-03 | 0.4s
epoch   73 | loss 15.1864 | lr 1.99e-03 | 0.4s
epoch   74 | loss 15.2759 | lr 1.99e-03 | 0.4s
epoch   75 | loss 15.2041 | lr 1.99e-03 | 0.4s
epoch   76 | loss 15.2425 | lr 1.99e-03 | 0.4s
epoch   77 | loss 15.1794 | lr 1.99e-03 | 0.4s
epoch   78 | loss 15.2993 | lr 1.99e-03 | 0.4s
epoch   79 | loss 15.1742 | lr 1.99e-03 | 0.4s
epoch   80 | loss 15.1437 | lr 1.99e-03 | 0.4s
epoch   81 | loss 15.2401 | lr 1.99e-03 | 0.4s
epoch   82 | loss 15.2490 | lr 1.99e-03 | 0.4s
epoch   83 | loss 15.1644 | lr 1.99e-03 | 0.4s
epoch   84 | loss 15.1154 | lr 1.99e-03 | 0.4s
epoch   85 | loss 15.1845 | lr 1.99e-03 | 0.4s
epoch   86 | loss 15.2297 | lr 1.99e-03 | 0.4s
epoch   87 | loss 15.1487 | lr 1.99e-03 | 0.4s
epoch   88 | loss 15.1163 | lr 1.99e-03 | 0.4s
epoch   89 | loss 15.1047 | lr 1.99e-03 | 0.4s
epoch   90 | loss 15.0692 | lr 1.99e-03 | 0.4s
epoch   91 | loss 15.0680 | lr 1.99e-03 | 0.4s
epoch   92 | loss 15.1005 | lr 1.99e-03 | 0.4s
epoch   93 | loss 15.2074 | lr 1.99e-03 | 0.4s
epoch   94 | loss 15.1672 | lr 1.99e-03 | 0.4s
epoch   95 | loss 15.0297 | lr 1.99e-03 | 0.4s
epoch   96 | loss 15.1245 | lr 1.99e-03 | 0.4s
epoch   97 | loss 15.1580 | lr 1.99e-03 | 0.4s
epoch   98 | loss 15.0123 | lr 1.99e-03 | 0.4s
epoch   99 | loss 15.1370 | lr 1.99e-03 | 0.4s
epoch  100 | loss 15.0835 | lr 1.99e-03 | 0.4s
epoch  101 | loss 15.1661 | lr 1.99e-03 | 0.4s
epoch  102 | loss 15.1135 | lr 1.99e-03 | 0.4s
epoch  103 | loss 14.9812 | lr 1.99e-03 | 0.4s
epoch  104 | loss 15.0358 | lr 1.99e-03 | 0.4s
epoch  105 | loss 15.0253 | lr 1.99e-03 | 0.4s
epoch  106 | loss 15.1061 | lr 1.99e-03 | 0.4s
epoch  107 | loss 15.0042 | lr 1.99e-03 | 0.4s
epoch  108 | loss 15.0684 | lr 1.99e-03 | 0.4s
epoch  109 | loss 15.0816 | lr 1.99e-03 | 0.4s
epoch  110 | loss 15.1096 | lr 1.98e-03 | 0.4s
epoch  111 | loss 15.0447 | lr 1.98e-03 | 0.4s
epoch  112 | loss 14.9837 | lr 1.98e-03 | 0.4s
epoch  113 | loss 15.0379 | lr 1.98e-03 | 0.4s
epoch  114 | loss 14.9834 | lr 1.98e-03 | 0.4s
epoch  115 | loss 15.0943 | lr 1.98e-03 | 0.4s
epoch  116 | loss 14.9876 | lr 1.98e-03 | 0.4s
epoch  117 | loss 15.0038 | lr 1.98e-03 | 0.4s
epoch  118 | loss 15.0575 | lr 1.98e-03 | 0.4s
epoch  119 | loss 15.0033 | lr 1.98e-03 | 0.4s
epoch  120 | loss 15.0473 | lr 1.98e-03 | 0.4s
epoch  121 | loss 14.9986 | lr 1.98e-03 | 0.4s
epoch  122 | loss 14.9953 | lr 1.98e-03 | 0.4s
epoch  123 | loss 14.9861 | lr 1.98e-03 | 0.4s
epoch  124 | loss 14.9274 | lr 1.98e-03 | 0.4s
epoch  125 | loss 14.9380 | lr 1.98e-03 | 0.4s
epoch  126 | loss 14.9784 | lr 1.98e-03 | 0.4s
epoch  127 | loss 14.9466 | lr 1.98e-03 | 0.4s
epoch  128 | loss 15.0215 | lr 1.98e-03 | 0.4s
epoch  129 | loss 15.0244 | lr 1.98e-03 | 0.4s
epoch  130 | loss 14.9558 | lr 1.98e-03 | 0.4s
epoch  131 | loss 15.0563 | lr 1.98e-03 | 0.4s
epoch  132 | loss 14.9547 | lr 1.98e-03 | 0.4s
epoch  133 | loss 14.9446 | lr 1.98e-03 | 0.4s
epoch  134 | loss 14.9241 | lr 1.98e-03 | 0.4s
epoch  135 | loss 15.0106 | lr 1.98e-03 | 0.4s
epoch  136 | loss 14.9754 | lr 1.98e-03 | 0.4s
epoch  137 | loss 15.0242 | lr 1.98e-03 | 0.4s
epoch  138 | loss 14.9409 | lr 1.98e-03 | 0.4s
epoch  139 | loss 14.9959 | lr 1.98e-03 | 0.4s
epoch  140 | loss 14.9030 | lr 1.98e-03 | 0.4s
epoch  141 | loss 15.0479 | lr 1.98e-03 | 0.4s
epoch  142 | loss 14.9651 | lr 1.97e-03 | 0.4s
epoch  143 | loss 14.8719 | lr 1.97e-03 | 0.4s
epoch  144 | loss 14.9413 | lr 1.97e-03 | 0.4s
epoch  145 | loss 14.9764 | lr 1.97e-03 | 0.4s
epoch  146 | loss 14.8032 | lr 1.97e-03 | 0.4s
epoch  147 | loss 14.9429 | lr 1.97e-03 | 0.4s
epoch  148 | loss 14.9624 | lr 1.97e-03 | 0.4s
epoch  149 | loss 14.8906 | lr 1.97e-03 | 0.4s
epoch  150 | loss 14.9722 | lr 1.97e-03 | 0.4s
epoch  151 | loss 14.9401 | lr 1.97e-03 | 0.4s
epoch  152 | loss 14.9665 | lr 1.97e-03 | 0.4s
epoch  153 | loss 14.9932 | lr 1.97e-03 | 0.4s
epoch  154 | loss 14.8132 | lr 1.97e-03 | 0.4s
epoch  155 | loss 14.8463 | lr 1.97e-03 | 0.4s
epoch  156 | loss 14.8599 | lr 1.97e-03 | 0.4s
epoch  157 | loss 14.7918 | lr 1.97e-03 | 0.4s
epoch  158 | loss 14.8964 | lr 1.97e-03 | 0.4s
epoch  159 | loss 14.8189 | lr 1.97e-03 | 0.4s
epoch  160 | loss 14.8418 | lr 1.97e-03 | 0.4s
epoch  161 | loss 14.8841 | lr 1.97e-03 | 0.4s
epoch  162 | loss 14.8420 | lr 1.97e-03 | 0.4s
epoch  163 | loss 14.8988 | lr 1.97e-03 | 0.4s
epoch  164 | loss 14.9861 | lr 1.97e-03 | 0.4s
epoch  165 | loss 14.9477 | lr 1.97e-03 | 0.4s
epoch  166 | loss 14.8991 | lr 1.97e-03 | 0.4s
epoch  167 | loss 14.8859 | lr 1.97e-03 | 0.4s
epoch  168 | loss 14.7817 | lr 1.96e-03 | 0.4s
epoch  169 | loss 14.8390 | lr 1.96e-03 | 0.4s
epoch  170 | loss 14.7915 | lr 1.96e-03 | 0.4s
epoch  171 | loss 14.7841 | lr 1.96e-03 | 0.4s
epoch  172 | loss 14.8349 | lr 1.96e-03 | 0.4s
epoch  173 | loss 14.8534 | lr 1.96e-03 | 0.4s
epoch  174 | loss 14.8536 | lr 1.96e-03 | 0.4s
epoch  175 | loss 14.8107 | lr 1.96e-03 | 0.4s
epoch  176 | loss 14.8879 | lr 1.96e-03 | 0.4s
epoch  177 | loss 14.8166 | lr 1.96e-03 | 0.4s
epoch  178 | loss 14.7350 | lr 1.96e-03 | 0.4s
epoch  179 | loss 14.8704 | lr 1.96e-03 | 0.4s
epoch  180 | loss 14.8841 | lr 1.96e-03 | 0.4s
epoch  181 | loss 14.8135 | lr 1.96e-03 | 0.4s
epoch  182 | loss 14.7339 | lr 1.96e-03 | 0.4s
epoch  183 | loss 14.7863 | lr 1.96e-03 | 0.4s
epoch  184 | loss 14.8124 | lr 1.96e-03 | 0.4s
epoch  185 | loss 14.8602 | lr 1.96e-03 | 0.4s
epoch  186 | loss 14.8309 | lr 1.96e-03 | 0.4s
epoch  187 | loss 14.7915 | lr 1.96e-03 | 0.4s
epoch  188 | loss 14.6852 | lr 1.96e-03 | 0.4s
epoch  189 | loss 14.7851 | lr 1.96e-03 | 0.4s
epoch  190 | loss 14.8469 | lr 1.96e-03 | 0.4s
epoch  191 | loss 14.7811 | lr 1.95e-03 | 0.4s
epoch  192 | loss 14.8650 | lr 1.95e-03 | 0.4s
epoch  193 | loss 14.8530 | lr 1.95e-03 | 0.4s
epoch  194 | loss 14.7833 | lr 1.95e-03 | 0.4s
epoch  195 | loss 14.8325 | lr 1.95e-03 | 0.4s
epoch  196 | loss 14.7309 | lr 1.95e-03 | 0.4s
epoch  197 | loss 14.8250 | lr 1.95e-03 | 0.4s
epoch  198 | loss 14.7062 | lr 1.95e-03 | 0.4s
epoch  199 | loss 14.7205 | lr 1.95e-03 | 0.4s
epoch  200 | loss 14.8411 | lr 1.95e-03 | 0.4s
epoch  201 | loss 14.7566 | lr 1.95e-03 | 0.4s
epoch  202 | loss 14.7965 | lr 1.95e-03 | 0.4s
epoch  203 | loss 14.7537 | lr 1.95e-03 | 0.4s
epoch  204 | loss 14.8517 | lr 1.95e-03 | 0.4s
epoch  205 | loss 14.8169 | lr 1.95e-03 | 0.4s
epoch  206 | loss 14.7611 | lr 1.95e-03 | 0.4s
epoch  207 | loss 14.7468 | lr 1.95e-03 | 0.4s
epoch  208 | loss 14.7735 | lr 1.95e-03 | 0.4s
epoch  209 | loss 14.7083 | lr 1.95e-03 | 0.4s
epoch  210 | loss 14.7171 | lr 1.95e-03 | 0.4s
epoch  211 | loss 14.7155 | lr 1.95e-03 | 0.4s
epoch  212 | loss 14.7879 | lr 1.94e-03 | 0.4s
epoch  213 | loss 14.7137 | lr 1.94e-03 | 0.4s
epoch  214 | loss 14.7325 | lr 1.94e-03 | 0.4s
epoch  215 | loss 14.6699 | lr 1.94e-03 | 0.4s
epoch  216 | loss 14.6428 | lr 1.94e-03 | 0.4s
epoch  217 | loss 14.8027 | lr 1.94e-03 | 0.4s
epoch  218 | loss 14.8245 | lr 1.94e-03 | 0.4s
epoch  219 | loss 14.7043 | lr 1.94e-03 | 0.4s
epoch  220 | loss 14.7926 | lr 1.94e-03 | 0.4s
epoch  221 | loss 14.7090 | lr 1.94e-03 | 0.4s
epoch  222 | loss 14.6758 | lr 1.94e-03 | 0.4s
epoch  223 | loss 14.7332 | lr 1.94e-03 | 0.4s
epoch  224 | loss 14.7620 | lr 1.94e-03 | 0.4s
epoch  225 | loss 14.7220 | lr 1.94e-03 | 0.4s
epoch  226 | loss 14.6630 | lr 1.94e-03 | 0.4s
epoch  227 | loss 14.7071 | lr 1.94e-03 | 0.4s
epoch  228 | loss 14.5864 | lr 1.94e-03 | 0.4s
epoch  229 | loss 14.6754 | lr 1.94e-03 | 0.4s
epoch  230 | loss 14.7100 | lr 1.93e-03 | 0.4s
epoch  231 | loss 14.6321 | lr 1.93e-03 | 0.4s
epoch  232 | loss 14.5851 | lr 1.93e-03 | 0.4s
epoch  233 | loss 14.6672 | lr 1.93e-03 | 0.4s
epoch  234 | loss 14.6731 | lr 1.93e-03 | 0.4s
epoch  235 | loss 14.7199 | lr 1.93e-03 | 0.4s
epoch  236 | loss 14.7127 | lr 1.93e-03 | 0.4s
epoch  237 | loss 14.7287 | lr 1.93e-03 | 0.4s
epoch  238 | loss 14.7657 | lr 1.93e-03 | 0.4s
epoch  239 | loss 14.6124 | lr 1.93e-03 | 0.4s
epoch  240 | loss 14.6353 | lr 1.93e-03 | 0.4s
epoch  241 | loss 14.6180 | lr 1.93e-03 | 0.4s
epoch  242 | loss 14.7117 | lr 1.93e-03 | 0.4s
epoch  243 | loss 14.6530 | lr 1.93e-03 | 0.4s
epoch  244 | loss 14.6444 | lr 1.93e-03 | 0.4s
epoch  245 | loss 14.6140 | lr 1.93e-03 | 0.4s
epoch  246 | loss 14.6480 | lr 1.93e-03 | 0.4s
epoch  247 | loss 14.6858 | lr 1.93e-03 | 0.4s
epoch  248 | loss 14.6975 | lr 1.92e-03 | 0.4s
epoch  249 | loss 14.7021 | lr 1.92e-03 | 0.4s
epoch  250 | loss 14.6017 | lr 1.92e-03 | 0.4s
epoch  251 | loss 14.5462 | lr 1.92e-03 | 0.4s
epoch  252 | loss 14.6104 | lr 1.92e-03 | 0.4s
epoch  253 | loss 14.6316 | lr 1.92e-03 | 0.4s
epoch  254 | loss 14.6607 | lr 1.92e-03 | 0.4s
epoch  255 | loss 14.6772 | lr 1.92e-03 | 0.4s
epoch  256 | loss 14.6631 | lr 1.92e-03 | 0.4s
epoch  257 | loss 14.5990 | lr 1.92e-03 | 0.4s
epoch  258 | loss 14.5375 | lr 1.92e-03 | 0.4s
epoch  259 | loss 14.6862 | lr 1.92e-03 | 0.4s
epoch  260 | loss 14.5975 | lr 1.92e-03 | 0.4s
epoch  261 | loss 14.5842 | lr 1.92e-03 | 0.4s
epoch  262 | loss 14.6095 | lr 1.92e-03 | 0.4s
epoch  263 | loss 14.6614 | lr 1.92e-03 | 0.4s
epoch  264 | loss 14.7243 | lr 1.91e-03 | 0.4s
epoch  265 | loss 14.6205 | lr 1.91e-03 | 0.4s
epoch  266 | loss 14.6846 | lr 1.91e-03 | 0.4s
epoch  267 | loss 14.5340 | lr 1.91e-03 | 0.4s
epoch  268 | loss 14.6009 | lr 1.91e-03 | 0.4s
epoch  269 | loss 14.5969 | lr 1.91e-03 | 0.4s
epoch  270 | loss 14.6035 | lr 1.91e-03 | 0.4s
epoch  271 | loss 14.5418 | lr 1.91e-03 | 0.4s
epoch  272 | loss 14.5637 | lr 1.91e-03 | 0.4s
epoch  273 | loss 14.5048 | lr 1.91e-03 | 0.4s
epoch  274 | loss 14.5927 | lr 1.91e-03 | 0.4s
epoch  275 | loss 14.5518 | lr 1.91e-03 | 0.4s
epoch  276 | loss 14.6126 | lr 1.91e-03 | 0.4s
epoch  277 | loss 14.5284 | lr 1.91e-03 | 0.4s
epoch  278 | loss 14.5854 | lr 1.91e-03 | 0.4s
epoch  279 | loss 14.5831 | lr 1.90e-03 | 0.4s
epoch  280 | loss 14.5658 | lr 1.90e-03 | 0.4s
epoch  281 | loss 14.5578 | lr 1.90e-03 | 0.4s
epoch  282 | loss 14.5973 | lr 1.90e-03 | 0.4s
epoch  283 | loss 14.6000 | lr 1.90e-03 | 0.4s
epoch  284 | loss 14.6111 | lr 1.90e-03 | 0.4s
epoch  285 | loss 14.5669 | lr 1.90e-03 | 0.4s
epoch  286 | loss 14.4847 | lr 1.90e-03 | 0.4s
epoch  287 | loss 14.5712 | lr 1.90e-03 | 0.4s
epoch  288 | loss 14.5465 | lr 1.90e-03 | 0.4s
epoch  289 | loss 14.5647 | lr 1.90e-03 | 0.4s
epoch  290 | loss 14.5336 | lr 1.90e-03 | 0.4s
epoch  291 | loss 14.5673 | lr 1.90e-03 | 0.4s
epoch  292 | loss 14.5827 | lr 1.90e-03 | 0.4s
epoch  293 | loss 14.5067 | lr 1.90e-03 | 0.4s
epoch  294 | loss 14.5943 | lr 1.89e-03 | 0.4s
epoch  295 | loss 14.5291 | lr 1.89e-03 | 0.4s
epoch  296 | loss 14.6282 | lr 1.89e-03 | 0.4s
epoch  297 | loss 14.4641 | lr 1.89e-03 | 0.4s
epoch  298 | loss 14.6233 | lr 1.89e-03 | 0.4s
epoch  299 | loss 14.5804 | lr 1.89e-03 | 0.4s
epoch  300 | loss 14.6333 | lr 1.89e-03 | 0.4s
epoch  301 | loss 14.5829 | lr 1.89e-03 | 0.4s
epoch  302 | loss 14.5241 | lr 1.89e-03 | 0.4s
epoch  303 | loss 14.6052 | lr 1.89e-03 | 0.4s
epoch  304 | loss 14.6249 | lr 1.89e-03 | 0.4s
epoch  305 | loss 14.5864 | lr 1.89e-03 | 0.4s
epoch  306 | loss 14.6451 | lr 1.89e-03 | 0.4s
epoch  307 | loss 14.5646 | lr 1.89e-03 | 0.4s
epoch  308 | loss 14.4363 | lr 1.88e-03 | 0.4s
epoch  309 | loss 14.4905 | lr 1.88e-03 | 0.4s
epoch  310 | loss 14.4919 | lr 1.88e-03 | 0.4s
epoch  311 | loss 14.5453 | lr 1.88e-03 | 0.4s
epoch  312 | loss 14.5011 | lr 1.88e-03 | 0.4s
epoch  313 | loss 14.5840 | lr 1.88e-03 | 0.4s
epoch  314 | loss 14.4587 | lr 1.88e-03 | 0.4s
epoch  315 | loss 14.5540 | lr 1.88e-03 | 0.4s
epoch  316 | loss 14.4971 | lr 1.88e-03 | 0.4s
epoch  317 | loss 14.4137 | lr 1.88e-03 | 0.4s
epoch  318 | loss 14.5286 | lr 1.88e-03 | 0.4s
epoch  319 | loss 14.5637 | lr 1.88e-03 | 0.4s
epoch  320 | loss 14.5283 | lr 1.88e-03 | 0.4s
epoch  321 | loss 14.4355 | lr 1.87e-03 | 0.4s
epoch  322 | loss 14.5305 | lr 1.87e-03 | 0.4s
epoch  323 | loss 14.4180 | lr 1.87e-03 | 0.4s
epoch  324 | loss 14.5038 | lr 1.87e-03 | 0.4s
epoch  325 | loss 14.5417 | lr 1.87e-03 | 0.4s
epoch  326 | loss 14.4402 | lr 1.87e-03 | 0.4s
epoch  327 | loss 14.4306 | lr 1.87e-03 | 0.4s
epoch  328 | loss 14.4794 | lr 1.87e-03 | 0.4s
epoch  329 | loss 14.4797 | lr 1.87e-03 | 0.4s
epoch  330 | loss 14.4902 | lr 1.87e-03 | 0.4s
epoch  331 | loss 14.5095 | lr 1.87e-03 | 0.4s
epoch  332 | loss 14.5352 | lr 1.87e-03 | 0.4s
epoch  333 | loss 14.4795 | lr 1.87e-03 | 0.4s
epoch  334 | loss 14.5453 | lr 1.86e-03 | 0.4s
epoch  335 | loss 14.4921 | lr 1.86e-03 | 0.4s
epoch  336 | loss 14.5092 | lr 1.86e-03 | 0.4s
epoch  337 | loss 14.4254 | lr 1.86e-03 | 0.4s
epoch  338 | loss 14.5402 | lr 1.86e-03 | 0.4s
epoch  339 | loss 14.5402 | lr 1.86e-03 | 0.4s
epoch  340 | loss 14.4717 | lr 1.86e-03 | 0.4s
epoch  341 | loss 14.4790 | lr 1.86e-03 | 0.4s
epoch  342 | loss 14.4260 | lr 1.86e-03 | 0.4s
epoch  343 | loss 14.4650 | lr 1.86e-03 | 0.4s
epoch  344 | loss 14.4039 | lr 1.86e-03 | 0.4s
epoch  345 | loss 14.5085 | lr 1.86e-03 | 0.4s
epoch  346 | loss 14.5268 | lr 1.86e-03 | 0.4s
epoch  347 | loss 14.5221 | lr 1.85e-03 | 0.4s
epoch  348 | loss 14.3618 | lr 1.85e-03 | 0.4s
epoch  349 | loss 14.5052 | lr 1.85e-03 | 0.4s
epoch  350 | loss 14.4613 | lr 1.85e-03 | 0.4s
epoch  351 | loss 14.4809 | lr 1.85e-03 | 0.4s
epoch  352 | loss 14.4430 | lr 1.85e-03 | 0.4s
epoch  353 | loss 14.5741 | lr 1.85e-03 | 0.4s
epoch  354 | loss 14.5198 | lr 1.85e-03 | 0.4s
epoch  355 | loss 14.4426 | lr 1.85e-03 | 0.4s
epoch  356 | loss 14.4039 | lr 1.85e-03 | 0.4s
epoch  357 | loss 14.5248 | lr 1.85e-03 | 0.4s
epoch  358 | loss 14.4254 | lr 1.85e-03 | 0.4s
epoch  359 | loss 14.4447 | lr 1.84e-03 | 0.4s
epoch  360 | loss 14.4913 | lr 1.84e-03 | 0.4s
epoch  361 | loss 14.4467 | lr 1.84e-03 | 0.4s
epoch  362 | loss 14.4558 | lr 1.84e-03 | 0.4s
epoch  363 | loss 14.4037 | lr 1.84e-03 | 0.4s
epoch  364 | loss 14.4257 | lr 1.84e-03 | 0.4s
epoch  365 | loss 14.3586 | lr 1.84e-03 | 0.4s
epoch  366 | loss 14.4710 | lr 1.84e-03 | 0.4s
epoch  367 | loss 14.4383 | lr 1.84e-03 | 0.4s
epoch  368 | loss 14.4132 | lr 1.84e-03 | 0.4s
epoch  369 | loss 14.4507 | lr 1.84e-03 | 0.4s
epoch  370 | loss 14.4881 | lr 1.83e-03 | 0.4s
epoch  371 | loss 14.3797 | lr 1.83e-03 | 0.4s
epoch  372 | loss 14.4161 | lr 1.83e-03 | 0.4s
epoch  373 | loss 14.5010 | lr 1.83e-03 | 0.4s
epoch  374 | loss 14.3682 | lr 1.83e-03 | 0.4s
epoch  375 | loss 14.3642 | lr 1.83e-03 | 0.4s
epoch  376 | loss 14.4394 | lr 1.83e-03 | 0.4s
epoch  377 | loss 14.3881 | lr 1.83e-03 | 0.4s
epoch  378 | loss 14.3800 | lr 1.83e-03 | 0.4s
epoch  379 | loss 14.2813 | lr 1.83e-03 | 0.4s
epoch  380 | loss 14.3723 | lr 1.83e-03 | 0.4s
epoch  381 | loss 14.3569 | lr 1.83e-03 | 0.4s
epoch  382 | loss 14.3404 | lr 1.82e-03 | 0.4s
epoch  383 | loss 14.3354 | lr 1.82e-03 | 0.4s
epoch  384 | loss 14.3423 | lr 1.82e-03 | 0.4s
epoch  385 | loss 14.3471 | lr 1.82e-03 | 0.4s
epoch  386 | loss 14.4065 | lr 1.82e-03 | 0.4s
epoch  387 | loss 14.3757 | lr 1.82e-03 | 0.4s
epoch  388 | loss 14.4356 | lr 1.82e-03 | 0.4s
epoch  389 | loss 14.3481 | lr 1.82e-03 | 0.4s
epoch  390 | loss 14.3615 | lr 1.82e-03 | 0.4s
epoch  391 | loss 14.3685 | lr 1.82e-03 | 0.4s
epoch  392 | loss 14.3768 | lr 1.82e-03 | 0.4s
epoch  393 | loss 14.4045 | lr 1.81e-03 | 0.4s
epoch  394 | loss 14.2789 | lr 1.81e-03 | 0.4s
epoch  395 | loss 14.4189 | lr 1.81e-03 | 0.4s
epoch  396 | loss 14.2658 | lr 1.81e-03 | 0.4s
epoch  397 | loss 14.3811 | lr 1.81e-03 | 0.4s
epoch  398 | loss 14.2835 | lr 1.81e-03 | 0.4s
epoch  399 | loss 14.3649 | lr 1.81e-03 | 0.4s
epoch  400 | loss 14.3963 | lr 1.81e-03 | 0.4s
epoch  401 | loss 14.3291 | lr 1.81e-03 | 0.4s
epoch  402 | loss 14.3280 | lr 1.81e-03 | 0.4s
epoch  403 | loss 14.3230 | lr 1.81e-03 | 0.4s
epoch  404 | loss 14.3583 | lr 1.80e-03 | 0.4s
epoch  405 | loss 14.3061 | lr 1.80e-03 | 0.4s
epoch  406 | loss 14.3807 | lr 1.80e-03 | 0.4s
epoch  407 | loss 14.3932 | lr 1.80e-03 | 0.4s
epoch  408 | loss 14.2499 | lr 1.80e-03 | 0.4s
epoch  409 | loss 14.2995 | lr 1.80e-03 | 0.4s
epoch  410 | loss 14.2938 | lr 1.80e-03 | 0.4s
epoch  411 | loss 14.3219 | lr 1.80e-03 | 0.4s
epoch  412 | loss 14.3233 | lr 1.80e-03 | 0.4s
epoch  413 | loss 14.3979 | lr 1.80e-03 | 0.4s
epoch  414 | loss 14.2927 | lr 1.79e-03 | 0.4s
epoch  415 | loss 14.3488 | lr 1.79e-03 | 0.4s
epoch  416 | loss 14.3195 | lr 1.79e-03 | 0.4s
epoch  417 | loss 14.3591 | lr 1.79e-03 | 0.4s
epoch  418 | loss 14.2615 | lr 1.79e-03 | 0.4s
epoch  419 | loss 14.2839 | lr 1.79e-03 | 0.4s
epoch  420 | loss 14.2808 | lr 1.79e-03 | 0.4s
epoch  421 | loss 14.2482 | lr 1.79e-03 | 0.4s
epoch  422 | loss 14.3338 | lr 1.79e-03 | 0.4s
epoch  423 | loss 14.3838 | lr 1.79e-03 | 0.4s
epoch  424 | loss 14.3029 | lr 1.79e-03 | 0.4s
epoch  425 | loss 14.2598 | lr 1.78e-03 | 0.4s
epoch  426 | loss 14.2988 | lr 1.78e-03 | 0.4s
epoch  427 | loss 14.2807 | lr 1.78e-03 | 0.4s
epoch  428 | loss 14.3379 | lr 1.78e-03 | 0.4s
epoch  429 | loss 14.3706 | lr 1.78e-03 | 0.4s
epoch  430 | loss 14.3725 | lr 1.78e-03 | 0.4s
epoch  431 | loss 14.2587 | lr 1.78e-03 | 0.4s
epoch  432 | loss 14.3173 | lr 1.78e-03 | 0.4s
epoch  433 | loss 14.3077 | lr 1.78e-03 | 0.4s
epoch  434 | loss 14.2868 | lr 1.78e-03 | 0.4s
epoch  435 | loss 14.2966 | lr 1.77e-03 | 0.4s
epoch  436 | loss 14.2902 | lr 1.77e-03 | 0.4s
epoch  437 | loss 14.3060 | lr 1.77e-03 | 0.4s
epoch  438 | loss 14.3498 | lr 1.77e-03 | 0.4s
epoch  439 | loss 14.2540 | lr 1.77e-03 | 0.4s
epoch  440 | loss 14.2586 | lr 1.77e-03 | 0.4s
epoch  441 | loss 14.1927 | lr 1.77e-03 | 0.4s
epoch  442 | loss 14.2644 | lr 1.77e-03 | 0.4s
epoch  443 | loss 14.3023 | lr 1.77e-03 | 0.4s
epoch  444 | loss 14.2589 | lr 1.77e-03 | 0.4s
epoch  445 | loss 14.3280 | lr 1.76e-03 | 0.4s
epoch  446 | loss 14.3019 | lr 1.76e-03 | 0.4s
epoch  447 | loss 14.2315 | lr 1.76e-03 | 0.4s
epoch  448 | loss 14.2684 | lr 1.76e-03 | 0.4s
epoch  449 | loss 14.2714 | lr 1.76e-03 | 0.4s
epoch  450 | loss 14.2362 | lr 1.76e-03 | 0.4s
epoch  451 | loss 14.2847 | lr 1.76e-03 | 0.4s
epoch  452 | loss 14.2940 | lr 1.76e-03 | 0.4s
epoch  453 | loss 14.2379 | lr 1.76e-03 | 0.4s
epoch  454 | loss 14.1857 | lr 1.76e-03 | 0.4s
epoch  455 | loss 14.2920 | lr 1.75e-03 | 0.4s
epoch  456 | loss 14.2220 | lr 1.75e-03 | 0.4s
epoch  457 | loss 14.2219 | lr 1.75e-03 | 0.4s
epoch  458 | loss 14.1203 | lr 1.75e-03 | 0.4s
epoch  459 | loss 14.2677 | lr 1.75e-03 | 0.4s
epoch  460 | loss 14.2878 | lr 1.75e-03 | 0.4s
epoch  461 | loss 14.2630 | lr 1.75e-03 | 0.4s
epoch  462 | loss 14.1874 | lr 1.75e-03 | 0.4s
epoch  463 | loss 14.2702 | lr 1.75e-03 | 0.4s
epoch  464 | loss 14.2236 | lr 1.74e-03 | 0.4s
epoch  465 | loss 14.2353 | lr 1.74e-03 | 0.4s
epoch  466 | loss 14.2749 | lr 1.74e-03 | 0.4s
epoch  467 | loss 14.2335 | lr 1.74e-03 | 0.4s
epoch  468 | loss 14.2503 | lr 1.74e-03 | 0.4s
epoch  469 | loss 14.3287 | lr 1.74e-03 | 0.4s
epoch  470 | loss 14.2415 | lr 1.74e-03 | 0.4s
epoch  471 | loss 14.2544 | lr 1.74e-03 | 0.4s
epoch  472 | loss 14.1655 | lr 1.74e-03 | 0.4s
epoch  473 | loss 14.2357 | lr 1.74e-03 | 0.4s
epoch  474 | loss 14.3313 | lr 1.73e-03 | 0.4s
epoch  475 | loss 14.3461 | lr 1.73e-03 | 0.4s
epoch  476 | loss 14.1284 | lr 1.73e-03 | 0.4s
epoch  477 | loss 14.2298 | lr 1.73e-03 | 0.4s
epoch  478 | loss 14.2603 | lr 1.73e-03 | 0.4s
epoch  479 | loss 14.2128 | lr 1.73e-03 | 0.4s
epoch  480 | loss 14.1780 | lr 1.73e-03 | 0.4s
epoch  481 | loss 14.2777 | lr 1.73e-03 | 0.4s
epoch  482 | loss 14.2105 | lr 1.73e-03 | 0.4s
epoch  483 | loss 14.2056 | lr 1.72e-03 | 0.4s
epoch  484 | loss 14.2546 | lr 1.72e-03 | 0.4s
epoch  485 | loss 14.2335 | lr 1.72e-03 | 0.4s
epoch  486 | loss 14.2142 | lr 1.72e-03 | 0.4s
epoch  487 | loss 14.2891 | lr 1.72e-03 | 0.4s
epoch  488 | loss 14.2072 | lr 1.72e-03 | 0.4s
epoch  489 | loss 14.2191 | lr 1.72e-03 | 0.4s
epoch  490 | loss 14.1418 | lr 1.72e-03 | 0.4s
epoch  491 | loss 14.2210 | lr 1.72e-03 | 0.4s
epoch  492 | loss 14.1624 | lr 1.71e-03 | 0.4s
epoch  493 | loss 14.1665 | lr 1.71e-03 | 0.4s
epoch  494 | loss 14.2097 | lr 1.71e-03 | 0.4s
epoch  495 | loss 14.2000 | lr 1.71e-03 | 0.4s
epoch  496 | loss 14.1737 | lr 1.71e-03 | 0.4s
epoch  497 | loss 14.1616 | lr 1.71e-03 | 0.4s
epoch  498 | loss 14.2080 | lr 1.71e-03 | 0.4s
epoch  499 | loss 14.1665 | lr 1.71e-03 | 0.4s
epoch  500 | loss 14.2712 | lr 1.71e-03 | 0.4s
epoch  501 | loss 14.1932 | lr 1.70e-03 | 0.4s
epoch  502 | loss 14.1884 | lr 1.70e-03 | 0.4s
epoch  503 | loss 14.1199 | lr 1.70e-03 | 0.4s
epoch  504 | loss 14.1362 | lr 1.70e-03 | 0.4s
epoch  505 | loss 14.1685 | lr 1.70e-03 | 0.4s
epoch  506 | loss 14.2612 | lr 1.70e-03 | 0.4s
epoch  507 | loss 14.1616 | lr 1.70e-03 | 0.4s
epoch  508 | loss 14.1100 | lr 1.70e-03 | 0.4s
epoch  509 | loss 14.0844 | lr 1.70e-03 | 0.4s
epoch  510 | loss 14.0997 | lr 1.69e-03 | 0.4s
epoch  511 | loss 14.1435 | lr 1.69e-03 | 0.4s
epoch  512 | loss 14.1746 | lr 1.69e-03 | 0.4s
epoch  513 | loss 14.1980 | lr 1.69e-03 | 0.4s
epoch  514 | loss 14.1465 | lr 1.69e-03 | 0.4s
epoch  515 | loss 14.1941 | lr 1.69e-03 | 0.4s
epoch  516 | loss 14.1311 | lr 1.69e-03 | 0.4s
epoch  517 | loss 14.1492 | lr 1.69e-03 | 0.4s
epoch  518 | loss 14.1058 | lr 1.69e-03 | 0.4s
epoch  519 | loss 14.2029 | lr 1.68e-03 | 0.4s
epoch  520 | loss 14.1758 | lr 1.68e-03 | 0.4s
epoch  521 | loss 14.0638 | lr 1.68e-03 | 0.4s
epoch  522 | loss 14.1926 | lr 1.68e-03 | 0.4s
epoch  523 | loss 14.1972 | lr 1.68e-03 | 0.4s
epoch  524 | loss 14.1894 | lr 1.68e-03 | 0.4s
epoch  525 | loss 14.1774 | lr 1.68e-03 | 0.4s
epoch  526 | loss 14.1443 | lr 1.68e-03 | 0.4s
epoch  527 | loss 14.1875 | lr 1.68e-03 | 0.4s
epoch  528 | loss 14.1446 | lr 1.67e-03 | 0.4s
epoch  529 | loss 14.1383 | lr 1.67e-03 | 0.4s
epoch  530 | loss 14.0921 | lr 1.67e-03 | 0.4s
epoch  531 | loss 14.1488 | lr 1.67e-03 | 0.4s
epoch  532 | loss 14.1288 | lr 1.67e-03 | 0.4s
epoch  533 | loss 14.2358 | lr 1.67e-03 | 0.4s
epoch  534 | loss 14.1803 | lr 1.67e-03 | 0.4s
epoch  535 | loss 14.0709 | lr 1.67e-03 | 0.4s
epoch  536 | loss 14.2182 | lr 1.66e-03 | 0.4s
epoch  537 | loss 14.1164 | lr 1.66e-03 | 0.4s
epoch  538 | loss 14.2615 | lr 1.66e-03 | 0.4s
epoch  539 | loss 14.1141 | lr 1.66e-03 | 0.4s
epoch  540 | loss 14.1549 | lr 1.66e-03 | 0.4s
epoch  541 | loss 14.1237 | lr 1.66e-03 | 0.4s
epoch  542 | loss 14.0992 | lr 1.66e-03 | 0.4s
epoch  543 | loss 14.0951 | lr 1.66e-03 | 0.4s
epoch  544 | loss 14.2113 | lr 1.66e-03 | 0.4s
epoch  545 | loss 14.0977 | lr 1.65e-03 | 0.4s
epoch  546 | loss 14.1549 | lr 1.65e-03 | 0.4s
epoch  547 | loss 14.0167 | lr 1.65e-03 | 0.4s
epoch  548 | loss 14.1702 | lr 1.65e-03 | 0.4s
epoch  549 | loss 14.1127 | lr 1.65e-03 | 0.4s
epoch  550 | loss 14.1087 | lr 1.65e-03 | 0.4s
epoch  551 | loss 14.1523 | lr 1.65e-03 | 0.4s
epoch  552 | loss 14.1103 | lr 1.65e-03 | 0.4s
epoch  553 | loss 14.1253 | lr 1.64e-03 | 0.4s
epoch  554 | loss 14.0690 | lr 1.64e-03 | 0.4s
epoch  555 | loss 14.0715 | lr 1.64e-03 | 0.4s
epoch  556 | loss 14.0584 | lr 1.64e-03 | 0.4s
epoch  557 | loss 14.0806 | lr 1.64e-03 | 0.4s
epoch  558 | loss 14.2040 | lr 1.64e-03 | 0.4s
epoch  559 | loss 14.0746 | lr 1.64e-03 | 0.4s
epoch  560 | loss 14.1092 | lr 1.64e-03 | 0.4s
epoch  561 | loss 14.1193 | lr 1.64e-03 | 0.4s
epoch  562 | loss 14.1571 | lr 1.63e-03 | 0.4s
epoch  563 | loss 14.1374 | lr 1.63e-03 | 0.4s
epoch  564 | loss 14.0800 | lr 1.63e-03 | 0.4s
epoch  565 | loss 14.0795 | lr 1.63e-03 | 0.4s
epoch  566 | loss 14.0451 | lr 1.63e-03 | 0.4s
epoch  567 | loss 14.2186 | lr 1.63e-03 | 0.4s
epoch  568 | loss 14.1205 | lr 1.63e-03 | 0.4s
epoch  569 | loss 14.0344 | lr 1.63e-03 | 0.4s
epoch  570 | loss 14.0290 | lr 1.62e-03 | 0.4s
epoch  571 | loss 14.0450 | lr 1.62e-03 | 0.4s
epoch  572 | loss 14.0763 | lr 1.62e-03 | 0.4s
epoch  573 | loss 14.0920 | lr 1.62e-03 | 0.4s
epoch  574 | loss 14.0892 | lr 1.62e-03 | 0.4s
epoch  575 | loss 13.9479 | lr 1.62e-03 | 0.4s
epoch  576 | loss 14.1065 | lr 1.62e-03 | 0.4s
epoch  577 | loss 14.1175 | lr 1.62e-03 | 0.4s
epoch  578 | loss 14.1091 | lr 1.61e-03 | 0.4s
epoch  579 | loss 14.0421 | lr 1.61e-03 | 0.4s
epoch  580 | loss 14.1332 | lr 1.61e-03 | 0.4s
epoch  581 | loss 14.0927 | lr 1.61e-03 | 0.4s
epoch  582 | loss 14.1025 | lr 1.61e-03 | 0.4s
epoch  583 | loss 14.1665 | lr 1.61e-03 | 0.4s
epoch  584 | loss 14.1012 | lr 1.61e-03 | 0.4s
epoch  585 | loss 14.0531 | lr 1.61e-03 | 0.4s
epoch  586 | loss 14.1600 | lr 1.60e-03 | 0.4s
epoch  587 | loss 14.0339 | lr 1.60e-03 | 0.4s
epoch  588 | loss 13.9859 | lr 1.60e-03 | 0.4s
epoch  589 | loss 14.0138 | lr 1.60e-03 | 0.4s
epoch  590 | loss 14.1250 | lr 1.60e-03 | 0.4s
epoch  591 | loss 14.1515 | lr 1.60e-03 | 0.4s
epoch  592 | loss 14.0808 | lr 1.60e-03 | 0.4s
epoch  593 | loss 14.0791 | lr 1.60e-03 | 0.4s
epoch  594 | loss 14.0903 | lr 1.59e-03 | 0.4s
epoch  595 | loss 14.0744 | lr 1.59e-03 | 0.4s
epoch  596 | loss 14.0255 | lr 1.59e-03 | 0.4s
epoch  597 | loss 14.0505 | lr 1.59e-03 | 0.4s
epoch  598 | loss 14.0092 | lr 1.59e-03 | 0.4s
epoch  599 | loss 14.1324 | lr 1.59e-03 | 0.4s
epoch  600 | loss 13.9918 | lr 1.59e-03 | 0.4s
epoch  601 | loss 14.0449 | lr 1.59e-03 | 0.4s
epoch  602 | loss 13.9914 | lr 1.58e-03 | 0.4s
epoch  603 | loss 14.0933 | lr 1.58e-03 | 0.4s
epoch  604 | loss 13.9642 | lr 1.58e-03 | 0.4s
epoch  605 | loss 13.9605 | lr 1.58e-03 | 0.4s
epoch  606 | loss 14.0254 | lr 1.58e-03 | 0.4s
epoch  607 | loss 13.9744 | lr 1.58e-03 | 0.4s
epoch  608 | loss 14.0157 | lr 1.58e-03 | 0.4s
epoch  609 | loss 14.0336 | lr 1.58e-03 | 0.4s
epoch  610 | loss 14.0517 | lr 1.57e-03 | 0.4s
epoch  611 | loss 14.0217 | lr 1.57e-03 | 0.4s
epoch  612 | loss 14.0959 | lr 1.57e-03 | 0.4s
epoch  613 | loss 14.0511 | lr 1.57e-03 | 0.4s
epoch  614 | loss 13.9974 | lr 1.57e-03 | 0.4s
epoch  615 | loss 14.0363 | lr 1.57e-03 | 0.4s
epoch  616 | loss 14.0156 | lr 1.57e-03 | 0.4s
epoch  617 | loss 14.0371 | lr 1.56e-03 | 0.4s
epoch  618 | loss 13.9910 | lr 1.56e-03 | 0.4s
epoch  619 | loss 14.0714 | lr 1.56e-03 | 0.4s
epoch  620 | loss 14.0169 | lr 1.56e-03 | 0.4s
epoch  621 | loss 14.0460 | lr 1.56e-03 | 0.4s
epoch  622 | loss 14.0217 | lr 1.56e-03 | 0.4s
epoch  623 | loss 14.0346 | lr 1.56e-03 | 0.4s
epoch  624 | loss 13.9952 | lr 1.56e-03 | 0.4s
epoch  625 | loss 13.9858 | lr 1.55e-03 | 0.4s
epoch  626 | loss 13.9817 | lr 1.55e-03 | 0.4s
epoch  627 | loss 13.9291 | lr 1.55e-03 | 0.4s
epoch  628 | loss 13.9919 | lr 1.55e-03 | 0.4s
epoch  629 | loss 14.0129 | lr 1.55e-03 | 0.4s
epoch  630 | loss 13.9722 | lr 1.55e-03 | 0.4s
epoch  631 | loss 13.9479 | lr 1.55e-03 | 0.4s
epoch  632 | loss 14.0212 | lr 1.55e-03 | 0.4s
epoch  633 | loss 13.9339 | lr 1.54e-03 | 0.4s
epoch  634 | loss 14.0079 | lr 1.54e-03 | 0.4s
epoch  635 | loss 14.0149 | lr 1.54e-03 | 0.4s
epoch  636 | loss 13.9170 | lr 1.54e-03 | 0.4s
epoch  637 | loss 13.9784 | lr 1.54e-03 | 0.4s
epoch  638 | loss 13.9498 | lr 1.54e-03 | 0.4s
epoch  639 | loss 14.0065 | lr 1.54e-03 | 0.4s
epoch  640 | loss 13.9391 | lr 1.53e-03 | 0.4s
epoch  641 | loss 14.0195 | lr 1.53e-03 | 0.4s
epoch  642 | loss 14.0145 | lr 1.53e-03 | 0.4s
epoch  643 | loss 13.9829 | lr 1.53e-03 | 0.4s
epoch  644 | loss 14.0151 | lr 1.53e-03 | 0.4s
epoch  645 | loss 14.0874 | lr 1.53e-03 | 0.4s
epoch  646 | loss 13.9112 | lr 1.53e-03 | 0.4s
epoch  647 | loss 14.0252 | lr 1.53e-03 | 0.4s
epoch  648 | loss 14.0330 | lr 1.52e-03 | 0.4s
epoch  649 | loss 14.0148 | lr 1.52e-03 | 0.4s
epoch  650 | loss 14.1014 | lr 1.52e-03 | 0.4s
epoch  651 | loss 14.0388 | lr 1.52e-03 | 0.4s
epoch  652 | loss 14.0023 | lr 1.52e-03 | 0.4s
epoch  653 | loss 13.9730 | lr 1.52e-03 | 0.4s
epoch  654 | loss 13.9900 | lr 1.52e-03 | 0.4s
epoch  655 | loss 13.9772 | lr 1.51e-03 | 0.4s
epoch  656 | loss 14.0736 | lr 1.51e-03 | 0.4s
epoch  657 | loss 13.9535 | lr 1.51e-03 | 0.4s
epoch  658 | loss 13.9667 | lr 1.51e-03 | 0.4s
epoch  659 | loss 13.8931 | lr 1.51e-03 | 0.4s
epoch  660 | loss 13.9039 | lr 1.51e-03 | 0.4s
epoch  661 | loss 14.0110 | lr 1.51e-03 | 0.4s
epoch  662 | loss 13.9466 | lr 1.50e-03 | 0.4s
epoch  663 | loss 13.9219 | lr 1.50e-03 | 0.4s
epoch  664 | loss 13.9254 | lr 1.50e-03 | 0.4s
epoch  665 | loss 13.8939 | lr 1.50e-03 | 0.4s
epoch  666 | loss 13.9772 | lr 1.50e-03 | 0.4s
epoch  667 | loss 13.9801 | lr 1.50e-03 | 0.4s
epoch  668 | loss 14.0336 | lr 1.50e-03 | 0.4s
epoch  669 | loss 13.9577 | lr 1.50e-03 | 0.4s
epoch  670 | loss 13.9297 | lr 1.49e-03 | 0.4s
epoch  671 | loss 13.8699 | lr 1.49e-03 | 0.4s
epoch  672 | loss 13.8815 | lr 1.49e-03 | 0.4s
epoch  673 | loss 13.9541 | lr 1.49e-03 | 0.4s
epoch  674 | loss 13.9961 | lr 1.49e-03 | 0.4s
epoch  675 | loss 14.0341 | lr 1.49e-03 | 0.4s
epoch  676 | loss 14.0407 | lr 1.49e-03 | 0.4s
epoch  677 | loss 13.9379 | lr 1.48e-03 | 0.4s
epoch  678 | loss 13.8897 | lr 1.48e-03 | 0.4s
epoch  679 | loss 14.0345 | lr 1.48e-03 | 0.4s
epoch  680 | loss 13.8814 | lr 1.48e-03 | 0.4s
epoch  681 | loss 13.9724 | lr 1.48e-03 | 0.4s
epoch  682 | loss 13.9670 | lr 1.48e-03 | 0.4s
epoch  683 | loss 14.0462 | lr 1.48e-03 | 0.4s
epoch  684 | loss 13.9588 | lr 1.47e-03 | 0.4s
epoch  685 | loss 13.8972 | lr 1.47e-03 | 0.4s
epoch  686 | loss 14.0207 | lr 1.47e-03 | 0.4s
epoch  687 | loss 13.9521 | lr 1.47e-03 | 0.4s
epoch  688 | loss 13.8692 | lr 1.47e-03 | 0.4s
epoch  689 | loss 13.9678 | lr 1.47e-03 | 0.4s
epoch  690 | loss 13.9289 | lr 1.47e-03 | 0.4s
epoch  691 | loss 13.9756 | lr 1.47e-03 | 0.4s
epoch  692 | loss 13.9025 | lr 1.46e-03 | 0.4s
epoch  693 | loss 13.9764 | lr 1.46e-03 | 0.4s
epoch  694 | loss 13.9555 | lr 1.46e-03 | 0.4s
epoch  695 | loss 13.9852 | lr 1.46e-03 | 0.4s
epoch  696 | loss 13.9449 | lr 1.46e-03 | 0.4s
epoch  697 | loss 13.9648 | lr 1.46e-03 | 0.4s
epoch  698 | loss 13.9772 | lr 1.46e-03 | 0.4s
epoch  699 | loss 13.8874 | lr 1.45e-03 | 0.4s
epoch  700 | loss 13.9032 | lr 1.45e-03 | 0.4s
epoch  701 | loss 13.8498 | lr 1.45e-03 | 0.4s
epoch  702 | loss 13.8718 | lr 1.45e-03 | 0.4s
epoch  703 | loss 13.9018 | lr 1.45e-03 | 0.4s
epoch  704 | loss 13.9549 | lr 1.45e-03 | 0.4s
epoch  705 | loss 13.8933 | lr 1.45e-03 | 0.4s
epoch  706 | loss 13.9984 | lr 1.44e-03 | 0.4s
epoch  707 | loss 13.9026 | lr 1.44e-03 | 0.4s
epoch  708 | loss 13.9230 | lr 1.44e-03 | 0.4s
epoch  709 | loss 13.9042 | lr 1.44e-03 | 0.4s
epoch  710 | loss 13.9475 | lr 1.44e-03 | 0.4s
epoch  711 | loss 13.9550 | lr 1.44e-03 | 0.4s
epoch  712 | loss 13.8710 | lr 1.44e-03 | 0.4s
epoch  713 | loss 13.9973 | lr 1.43e-03 | 0.4s
epoch  714 | loss 13.9258 | lr 1.43e-03 | 0.4s
epoch  715 | loss 13.9354 | lr 1.43e-03 | 0.4s
epoch  716 | loss 13.8950 | lr 1.43e-03 | 0.4s
epoch  717 | loss 13.8720 | lr 1.43e-03 | 0.4s
epoch  718 | loss 13.8814 | lr 1.43e-03 | 0.4s
epoch  719 | loss 13.9513 | lr 1.43e-03 | 0.4s
epoch  720 | loss 13.8672 | lr 1.42e-03 | 0.4s
epoch  721 | loss 13.9536 | lr 1.42e-03 | 0.4s
epoch  722 | loss 13.8842 | lr 1.42e-03 | 0.4s
epoch  723 | loss 13.8943 | lr 1.42e-03 | 0.4s
epoch  724 | loss 13.9349 | lr 1.42e-03 | 0.4s
epoch  725 | loss 13.8436 | lr 1.42e-03 | 0.4s
epoch  726 | loss 13.9252 | lr 1.42e-03 | 0.4s
epoch  727 | loss 13.8393 | lr 1.41e-03 | 0.4s
epoch  728 | loss 13.9501 | lr 1.41e-03 | 0.4s
epoch  729 | loss 13.9479 | lr 1.41e-03 | 0.4s
epoch  730 | loss 13.8718 | lr 1.41e-03 | 0.4s
epoch  731 | loss 13.8281 | lr 1.41e-03 | 0.4s
epoch  732 | loss 13.8889 | lr 1.41e-03 | 0.4s
epoch  733 | loss 13.9404 | lr 1.41e-03 | 0.4s
epoch  734 | loss 13.9394 | lr 1.40e-03 | 0.4s
epoch  735 | loss 13.8823 | lr 1.40e-03 | 0.4s
epoch  736 | loss 13.9141 | lr 1.40e-03 | 0.4s
epoch  737 | loss 14.0337 | lr 1.40e-03 | 0.4s
epoch  738 | loss 13.8582 | lr 1.40e-03 | 0.4s
epoch  739 | loss 13.8979 | lr 1.40e-03 | 0.4s
epoch  740 | loss 13.9136 | lr 1.40e-03 | 0.4s
epoch  741 | loss 13.8591 | lr 1.39e-03 | 0.4s
epoch  742 | loss 13.8653 | lr 1.39e-03 | 0.4s
epoch  743 | loss 13.8628 | lr 1.39e-03 | 0.4s
epoch  744 | loss 13.8175 | lr 1.39e-03 | 0.4s
epoch  745 | loss 13.8984 | lr 1.39e-03 | 0.4s
epoch  746 | loss 13.8175 | lr 1.39e-03 | 0.4s
epoch  747 | loss 13.9047 | lr 1.39e-03 | 0.4s
epoch  748 | loss 13.8553 | lr 1.38e-03 | 0.4s
epoch  749 | loss 13.8521 | lr 1.38e-03 | 0.4s
epoch  750 | loss 13.9370 | lr 1.38e-03 | 0.4s
epoch  751 | loss 13.9066 | lr 1.38e-03 | 0.4s
epoch  752 | loss 13.8716 | lr 1.38e-03 | 0.4s
epoch  753 | loss 13.9408 | lr 1.38e-03 | 0.4s
epoch  754 | loss 14.0026 | lr 1.38e-03 | 0.4s
epoch  755 | loss 13.9046 | lr 1.37e-03 | 0.4s
epoch  756 | loss 13.8743 | lr 1.37e-03 | 0.4s
epoch  757 | loss 13.8370 | lr 1.37e-03 | 0.4s
epoch  758 | loss 13.9149 | lr 1.37e-03 | 0.4s
epoch  759 | loss 13.8494 | lr 1.37e-03 | 0.4s
epoch  760 | loss 13.9556 | lr 1.37e-03 | 0.4s
epoch  761 | loss 13.8945 | lr 1.37e-03 | 0.4s
epoch  762 | loss 13.8135 | lr 1.36e-03 | 0.4s
epoch  763 | loss 13.8882 | lr 1.36e-03 | 0.4s
epoch  764 | loss 13.8887 | lr 1.36e-03 | 0.4s
epoch  765 | loss 13.9200 | lr 1.36e-03 | 0.4s
epoch  766 | loss 13.8628 | lr 1.36e-03 | 0.4s
epoch  767 | loss 13.8426 | lr 1.36e-03 | 0.4s
epoch  768 | loss 13.9278 | lr 1.35e-03 | 0.4s
epoch  769 | loss 13.8563 | lr 1.35e-03 | 0.4s
epoch  770 | loss 13.8226 | lr 1.35e-03 | 0.4s
epoch  771 | loss 13.9198 | lr 1.35e-03 | 0.4s
epoch  772 | loss 13.8770 | lr 1.35e-03 | 0.4s
epoch  773 | loss 13.9066 | lr 1.35e-03 | 0.4s
epoch  774 | loss 13.9155 | lr 1.35e-03 | 0.4s
epoch  775 | loss 13.8959 | lr 1.34e-03 | 0.4s
epoch  776 | loss 13.8064 | lr 1.34e-03 | 0.4s
epoch  777 | loss 13.8218 | lr 1.34e-03 | 0.4s
epoch  778 | loss 13.9201 | lr 1.34e-03 | 0.4s
epoch  779 | loss 13.9528 | lr 1.34e-03 | 0.4s
epoch  780 | loss 13.8627 | lr 1.34e-03 | 0.4s
epoch  781 | loss 13.9226 | lr 1.34e-03 | 0.4s
epoch  782 | loss 13.9286 | lr 1.33e-03 | 0.4s
epoch  783 | loss 13.7877 | lr 1.33e-03 | 0.4s
epoch  784 | loss 13.8551 | lr 1.33e-03 | 0.4s
epoch  785 | loss 13.8972 | lr 1.33e-03 | 0.4s
epoch  786 | loss 13.9241 | lr 1.33e-03 | 0.4s
epoch  787 | loss 13.8516 | lr 1.33e-03 | 0.4s
epoch  788 | loss 13.7830 | lr 1.33e-03 | 0.4s
epoch  789 | loss 13.8788 | lr 1.32e-03 | 0.4s
epoch  790 | loss 13.8432 | lr 1.32e-03 | 0.4s
epoch  791 | loss 13.8293 | lr 1.32e-03 | 0.4s
epoch  792 | loss 13.9446 | lr 1.32e-03 | 0.4s
epoch  793 | loss 13.9507 | lr 1.32e-03 | 0.4s
epoch  794 | loss 13.8328 | lr 1.32e-03 | 0.4s
epoch  795 | loss 13.7895 | lr 1.31e-03 | 0.4s
epoch  796 | loss 13.8863 | lr 1.31e-03 | 0.4s
epoch  797 | loss 13.8491 | lr 1.31e-03 | 0.4s
epoch  798 | loss 13.8850 | lr 1.31e-03 | 0.4s
epoch  799 | loss 13.8522 | lr 1.31e-03 | 0.4s
epoch  800 | loss 13.8213 | lr 1.31e-03 | 0.4s
epoch  801 | loss 13.8279 | lr 1.31e-03 | 0.4s
epoch  802 | loss 13.8059 | lr 1.30e-03 | 0.4s
epoch  803 | loss 13.7652 | lr 1.30e-03 | 0.4s
epoch  804 | loss 13.8720 | lr 1.30e-03 | 0.4s
epoch  805 | loss 13.7467 | lr 1.30e-03 | 0.4s
epoch  806 | loss 13.7804 | lr 1.30e-03 | 0.4s
epoch  807 | loss 13.8609 | lr 1.30e-03 | 0.4s
epoch  808 | loss 13.7928 | lr 1.30e-03 | 0.4s
epoch  809 | loss 13.8137 | lr 1.29e-03 | 0.4s
epoch  810 | loss 13.7968 | lr 1.29e-03 | 0.4s
epoch  811 | loss 13.7762 | lr 1.29e-03 | 0.4s
epoch  812 | loss 13.8970 | lr 1.29e-03 | 0.4s
epoch  813 | loss 13.8280 | lr 1.29e-03 | 0.4s
epoch  814 | loss 13.8254 | lr 1.29e-03 | 0.4s
epoch  815 | loss 13.7389 | lr 1.29e-03 | 0.4s
epoch  816 | loss 13.7948 | lr 1.28e-03 | 0.4s
epoch  817 | loss 13.8237 | lr 1.28e-03 | 0.4s
epoch  818 | loss 13.7677 | lr 1.28e-03 | 0.4s
epoch  819 | loss 13.9621 | lr 1.28e-03 | 0.4s
epoch  820 | loss 13.7761 | lr 1.28e-03 | 0.4s
epoch  821 | loss 13.8358 | lr 1.28e-03 | 0.4s
epoch  822 | loss 13.8440 | lr 1.27e-03 | 0.4s
epoch  823 | loss 13.7964 | lr 1.27e-03 | 0.4s
epoch  824 | loss 13.7864 | lr 1.27e-03 | 0.4s
epoch  825 | loss 13.8255 | lr 1.27e-03 | 0.4s
epoch  826 | loss 13.7701 | lr 1.27e-03 | 0.4s
epoch  827 | loss 13.8817 | lr 1.27e-03 | 0.4s
epoch  828 | loss 13.8615 | lr 1.27e-03 | 0.4s
epoch  829 | loss 13.8091 | lr 1.26e-03 | 0.4s
epoch  830 | loss 13.8593 | lr 1.26e-03 | 0.4s
epoch  831 | loss 13.8326 | lr 1.26e-03 | 0.4s
epoch  832 | loss 13.8025 | lr 1.26e-03 | 0.4s
epoch  833 | loss 13.7978 | lr 1.26e-03 | 0.4s
epoch  834 | loss 13.8904 | lr 1.26e-03 | 0.4s
epoch  835 | loss 13.8380 | lr 1.25e-03 | 0.4s
epoch  836 | loss 13.8070 | lr 1.25e-03 | 0.4s
epoch  837 | loss 13.7480 | lr 1.25e-03 | 0.4s
epoch  838 | loss 13.8566 | lr 1.25e-03 | 0.4s
epoch  839 | loss 13.7928 | lr 1.25e-03 | 0.4s
epoch  840 | loss 13.7985 | lr 1.25e-03 | 0.4s
epoch  841 | loss 13.8182 | lr 1.25e-03 | 0.4s
epoch  842 | loss 13.8478 | lr 1.24e-03 | 0.4s
epoch  843 | loss 13.7801 | lr 1.24e-03 | 0.4s
epoch  844 | loss 13.7859 | lr 1.24e-03 | 0.4s
epoch  845 | loss 13.7273 | lr 1.24e-03 | 0.4s
epoch  846 | loss 13.8320 | lr 1.24e-03 | 0.4s
epoch  847 | loss 13.8125 | lr 1.24e-03 | 0.4s
epoch  848 | loss 13.7980 | lr 1.23e-03 | 0.4s
epoch  849 | loss 13.7907 | lr 1.23e-03 | 0.4s
epoch  850 | loss 13.7611 | lr 1.23e-03 | 0.4s
epoch  851 | loss 13.8178 | lr 1.23e-03 | 0.4s
epoch  852 | loss 13.8728 | lr 1.23e-03 | 0.4s
epoch  853 | loss 13.7366 | lr 1.23e-03 | 0.4s
epoch  854 | loss 13.7285 | lr 1.23e-03 | 0.4s
epoch  855 | loss 13.8460 | lr 1.22e-03 | 0.4s
epoch  856 | loss 13.8091 | lr 1.22e-03 | 0.4s
epoch  857 | loss 13.8886 | lr 1.22e-03 | 0.4s
epoch  858 | loss 13.7350 | lr 1.22e-03 | 0.4s
epoch  859 | loss 13.8280 | lr 1.22e-03 | 0.4s
epoch  860 | loss 13.8192 | lr 1.22e-03 | 0.4s
epoch  861 | loss 13.7827 | lr 1.22e-03 | 0.4s
epoch  862 | loss 13.8138 | lr 1.21e-03 | 0.4s
epoch  863 | loss 13.6960 | lr 1.21e-03 | 0.4s
epoch  864 | loss 13.8366 | lr 1.21e-03 | 0.4s
epoch  865 | loss 13.8070 | lr 1.21e-03 | 0.4s
epoch  866 | loss 13.8937 | lr 1.21e-03 | 0.4s
epoch  867 | loss 13.7898 | lr 1.21e-03 | 0.4s
epoch  868 | loss 13.7775 | lr 1.20e-03 | 0.4s
epoch  869 | loss 13.7518 | lr 1.20e-03 | 0.4s
epoch  870 | loss 13.8091 | lr 1.20e-03 | 0.4s
epoch  871 | loss 13.6636 | lr 1.20e-03 | 0.4s
epoch  872 | loss 13.8040 | lr 1.20e-03 | 0.4s
epoch  873 | loss 13.8189 | lr 1.20e-03 | 0.4s
epoch  874 | loss 13.7994 | lr 1.20e-03 | 0.4s
epoch  875 | loss 13.8007 | lr 1.19e-03 | 0.4s
epoch  876 | loss 13.8478 | lr 1.19e-03 | 0.4s
epoch  877 | loss 13.7514 | lr 1.19e-03 | 0.4s
epoch  878 | loss 13.8749 | lr 1.19e-03 | 0.4s
epoch  879 | loss 13.8241 | lr 1.19e-03 | 0.4s
epoch  880 | loss 13.6959 | lr 1.19e-03 | 0.4s
epoch  881 | loss 13.7939 | lr 1.18e-03 | 0.4s
epoch  882 | loss 13.7205 | lr 1.18e-03 | 0.4s
epoch  883 | loss 13.6811 | lr 1.18e-03 | 0.4s
epoch  884 | loss 13.7396 | lr 1.18e-03 | 0.4s
epoch  885 | loss 13.8345 | lr 1.18e-03 | 0.4s
epoch  886 | loss 13.7621 | lr 1.18e-03 | 0.4s
epoch  887 | loss 13.7536 | lr 1.18e-03 | 0.4s
epoch  888 | loss 13.8115 | lr 1.17e-03 | 0.4s
epoch  889 | loss 13.7490 | lr 1.17e-03 | 0.4s
epoch  890 | loss 13.7723 | lr 1.17e-03 | 0.4s
epoch  891 | loss 13.8053 | lr 1.17e-03 | 0.4s
epoch  892 | loss 13.7654 | lr 1.17e-03 | 0.4s
epoch  893 | loss 13.7059 | lr 1.17e-03 | 0.4s
epoch  894 | loss 13.6846 | lr 1.16e-03 | 0.4s
epoch  895 | loss 13.8479 | lr 1.16e-03 | 0.4s
epoch  896 | loss 13.8393 | lr 1.16e-03 | 0.4s
epoch  897 | loss 13.8389 | lr 1.16e-03 | 0.4s
epoch  898 | loss 13.7419 | lr 1.16e-03 | 0.4s
epoch  899 | loss 13.6494 | lr 1.16e-03 | 0.4s
epoch  900 | loss 13.8010 | lr 1.15e-03 | 0.4s
epoch  901 | loss 13.7877 | lr 1.15e-03 | 0.4s
epoch  902 | loss 13.7258 | lr 1.15e-03 | 0.4s
epoch  903 | loss 13.7745 | lr 1.15e-03 | 0.4s
epoch  904 | loss 13.8228 | lr 1.15e-03 | 0.4s
epoch  905 | loss 13.7957 | lr 1.15e-03 | 0.4s
epoch  906 | loss 13.7517 | lr 1.15e-03 | 0.4s
epoch  907 | loss 13.8186 | lr 1.14e-03 | 0.4s
epoch  908 | loss 13.7873 | lr 1.14e-03 | 0.4s
epoch  909 | loss 13.7460 | lr 1.14e-03 | 0.4s
epoch  910 | loss 13.8296 | lr 1.14e-03 | 0.4s
epoch  911 | loss 13.7392 | lr 1.14e-03 | 0.4s
epoch  912 | loss 13.8279 | lr 1.14e-03 | 0.4s
epoch  913 | loss 13.7443 | lr 1.13e-03 | 0.4s
epoch  914 | loss 13.7159 | lr 1.13e-03 | 0.4s
epoch  915 | loss 13.7851 | lr 1.13e-03 | 0.4s
epoch  916 | loss 13.7090 | lr 1.13e-03 | 0.4s
epoch  917 | loss 13.7357 | lr 1.13e-03 | 0.4s
epoch  918 | loss 13.6560 | lr 1.13e-03 | 0.4s
epoch  919 | loss 13.6144 | lr 1.13e-03 | 0.4s
epoch  920 | loss 13.8013 | lr 1.12e-03 | 0.4s
epoch  921 | loss 13.6961 | lr 1.12e-03 | 0.4s
epoch  922 | loss 13.7075 | lr 1.12e-03 | 0.4s
epoch  923 | loss 13.8879 | lr 1.12e-03 | 0.4s
epoch  924 | loss 13.7852 | lr 1.12e-03 | 0.4s
epoch  925 | loss 13.7816 | lr 1.12e-03 | 0.4s
epoch  926 | loss 13.7348 | lr 1.11e-03 | 0.4s
epoch  927 | loss 13.7199 | lr 1.11e-03 | 0.4s
epoch  928 | loss 13.6957 | lr 1.11e-03 | 0.4s
epoch  929 | loss 13.7663 | lr 1.11e-03 | 0.4s
epoch  930 | loss 13.7438 | lr 1.11e-03 | 0.4s
epoch  931 | loss 13.7790 | lr 1.11e-03 | 0.4s
epoch  932 | loss 13.7370 | lr 1.11e-03 | 0.4s
epoch  933 | loss 13.7537 | lr 1.10e-03 | 0.4s
epoch  934 | loss 13.6802 | lr 1.10e-03 | 0.4s
epoch  935 | loss 13.7850 | lr 1.10e-03 | 0.4s
epoch  936 | loss 13.7305 | lr 1.10e-03 | 0.4s
epoch  937 | loss 13.6961 | lr 1.10e-03 | 0.4s
epoch  938 | loss 13.7688 | lr 1.10e-03 | 0.4s
epoch  939 | loss 13.8202 | lr 1.09e-03 | 0.4s
epoch  940 | loss 13.7764 | lr 1.09e-03 | 0.4s
epoch  941 | loss 13.7036 | lr 1.09e-03 | 0.4s
epoch  942 | loss 13.6696 | lr 1.09e-03 | 0.4s
epoch  943 | loss 13.7070 | lr 1.09e-03 | 0.4s
epoch  944 | loss 13.7052 | lr 1.09e-03 | 0.4s
epoch  945 | loss 13.7198 | lr 1.08e-03 | 0.4s
epoch  946 | loss 13.7295 | lr 1.08e-03 | 0.4s
epoch  947 | loss 13.7198 | lr 1.08e-03 | 0.4s
epoch  948 | loss 13.7878 | lr 1.08e-03 | 0.4s
epoch  949 | loss 13.7119 | lr 1.08e-03 | 0.4s
epoch  950 | loss 13.8113 | lr 1.08e-03 | 0.4s
epoch  951 | loss 13.8194 | lr 1.08e-03 | 0.4s
epoch  952 | loss 13.7000 | lr 1.07e-03 | 0.4s
epoch  953 | loss 13.7339 | lr 1.07e-03 | 0.4s
epoch  954 | loss 13.6895 | lr 1.07e-03 | 0.4s
epoch  955 | loss 13.7077 | lr 1.07e-03 | 0.4s
epoch  956 | loss 13.6802 | lr 1.07e-03 | 0.4s
epoch  957 | loss 13.6451 | lr 1.07e-03 | 0.4s
epoch  958 | loss 13.6872 | lr 1.06e-03 | 0.4s
epoch  959 | loss 13.7839 | lr 1.06e-03 | 0.4s
epoch  960 | loss 13.7474 | lr 1.06e-03 | 0.4s
epoch  961 | loss 13.7856 | lr 1.06e-03 | 0.4s
epoch  962 | loss 13.7384 | lr 1.06e-03 | 0.4s
epoch  963 | loss 13.7321 | lr 1.06e-03 | 0.4s
epoch  964 | loss 13.6133 | lr 1.05e-03 | 0.4s
epoch  965 | loss 13.7656 | lr 1.05e-03 | 0.4s
epoch  966 | loss 13.6823 | lr 1.05e-03 | 0.4s
epoch  967 | loss 13.7458 | lr 1.05e-03 | 0.4s
epoch  968 | loss 13.7105 | lr 1.05e-03 | 0.4s
epoch  969 | loss 13.7421 | lr 1.05e-03 | 0.4s
epoch  970 | loss 13.7640 | lr 1.05e-03 | 0.4s
epoch  971 | loss 13.7045 | lr 1.04e-03 | 0.4s
epoch  972 | loss 13.6982 | lr 1.04e-03 | 0.4s
epoch  973 | loss 13.7136 | lr 1.04e-03 | 0.4s
epoch  974 | loss 13.7671 | lr 1.04e-03 | 0.4s
epoch  975 | loss 13.7004 | lr 1.04e-03 | 0.4s
epoch  976 | loss 13.7085 | lr 1.04e-03 | 0.4s
epoch  977 | loss 13.7717 | lr 1.03e-03 | 0.4s
epoch  978 | loss 13.7825 | lr 1.03e-03 | 0.4s
epoch  979 | loss 13.7796 | lr 1.03e-03 | 0.4s
epoch  980 | loss 13.7465 | lr 1.03e-03 | 0.4s
epoch  981 | loss 13.7041 | lr 1.03e-03 | 0.4s
epoch  982 | loss 13.7726 | lr 1.03e-03 | 0.4s
epoch  983 | loss 13.7014 | lr 1.03e-03 | 0.4s
epoch  984 | loss 13.6931 | lr 1.02e-03 | 0.4s
epoch  985 | loss 13.7074 | lr 1.02e-03 | 0.4s
epoch  986 | loss 13.7439 | lr 1.02e-03 | 0.4s
epoch  987 | loss 13.8038 | lr 1.02e-03 | 0.4s
epoch  988 | loss 13.7050 | lr 1.02e-03 | 0.4s
epoch  989 | loss 13.7739 | lr 1.02e-03 | 0.4s
epoch  990 | loss 13.7606 | lr 1.01e-03 | 0.4s
epoch  991 | loss 13.7158 | lr 1.01e-03 | 0.4s
epoch  992 | loss 13.6615 | lr 1.01e-03 | 0.4s
epoch  993 | loss 13.6864 | lr 1.01e-03 | 0.4s
epoch  994 | loss 13.7248 | lr 1.01e-03 | 0.4s
epoch  995 | loss 13.6408 | lr 1.01e-03 | 0.4s
epoch  996 | loss 13.6649 | lr 1.00e-03 | 0.4s
epoch  997 | loss 13.6836 | lr 1.00e-03 | 0.4s
epoch  998 | loss 13.7939 | lr 1.00e-03 | 0.4s
epoch  999 | loss 13.7405 | lr 1.00e-03 | 0.4s
epoch 1000 | loss 13.6712 | lr 9.98e-04 | 0.4s
epoch 1001 | loss 13.6821 | lr 9.97e-04 | 0.4s
epoch 1002 | loss 13.6715 | lr 9.95e-04 | 0.4s
epoch 1003 | loss 13.6802 | lr 9.94e-04 | 0.4s
epoch 1004 | loss 13.7556 | lr 9.92e-04 | 0.4s
epoch 1005 | loss 13.7529 | lr 9.91e-04 | 0.4s
epoch 1006 | loss 13.6747 | lr 9.89e-04 | 0.4s
epoch 1007 | loss 13.6838 | lr 9.87e-04 | 0.4s
epoch 1008 | loss 13.7128 | lr 9.86e-04 | 0.4s
epoch 1009 | loss 13.7274 | lr 9.84e-04 | 0.4s
epoch 1010 | loss 13.6643 | lr 9.83e-04 | 0.4s
epoch 1011 | loss 13.6616 | lr 9.81e-04 | 0.4s
epoch 1012 | loss 13.6736 | lr 9.80e-04 | 0.4s
epoch 1013 | loss 13.7367 | lr 9.78e-04 | 0.4s
epoch 1014 | loss 13.6328 | lr 9.76e-04 | 0.4s
epoch 1015 | loss 13.7385 | lr 9.75e-04 | 0.4s
epoch 1016 | loss 13.6602 | lr 9.73e-04 | 0.4s
epoch 1017 | loss 13.5744 | lr 9.72e-04 | 0.4s
epoch 1018 | loss 13.7139 | lr 9.70e-04 | 0.4s
epoch 1019 | loss 13.6799 | lr 9.69e-04 | 0.4s
epoch 1020 | loss 13.6221 | lr 9.67e-04 | 0.4s
epoch 1021 | loss 13.7400 | lr 9.65e-04 | 0.4s
epoch 1022 | loss 13.5954 | lr 9.64e-04 | 0.4s
epoch 1023 | loss 13.6095 | lr 9.62e-04 | 0.4s
epoch 1024 | loss 13.7295 | lr 9.61e-04 | 0.4s
epoch 1025 | loss 13.6234 | lr 9.59e-04 | 0.4s
epoch 1026 | loss 13.6475 | lr 9.58e-04 | 0.4s
epoch 1027 | loss 13.6886 | lr 9.56e-04 | 0.4s
epoch 1028 | loss 13.7344 | lr 9.54e-04 | 0.4s
epoch 1029 | loss 13.6681 | lr 9.53e-04 | 0.4s
epoch 1030 | loss 13.6958 | lr 9.51e-04 | 0.4s
epoch 1031 | loss 13.7427 | lr 9.50e-04 | 0.4s
epoch 1032 | loss 13.6991 | lr 9.48e-04 | 0.4s
epoch 1033 | loss 13.5807 | lr 9.47e-04 | 0.4s
epoch 1034 | loss 13.6739 | lr 9.45e-04 | 0.4s
epoch 1035 | loss 13.7039 | lr 9.43e-04 | 0.4s
epoch 1036 | loss 13.7005 | lr 9.42e-04 | 0.4s
epoch 1037 | loss 13.6672 | lr 9.40e-04 | 0.4s
epoch 1038 | loss 13.6818 | lr 9.39e-04 | 0.4s
epoch 1039 | loss 13.6758 | lr 9.37e-04 | 0.4s
epoch 1040 | loss 13.6422 | lr 9.36e-04 | 0.4s
epoch 1041 | loss 13.6607 | lr 9.34e-04 | 0.4s
epoch 1042 | loss 13.6753 | lr 9.33e-04 | 0.4s
epoch 1043 | loss 13.6316 | lr 9.31e-04 | 0.4s
epoch 1044 | loss 13.6628 | lr 9.29e-04 | 0.4s
epoch 1045 | loss 13.7639 | lr 9.28e-04 | 0.4s
epoch 1046 | loss 13.7100 | lr 9.26e-04 | 0.4s
epoch 1047 | loss 13.7063 | lr 9.25e-04 | 0.4s
epoch 1048 | loss 13.6567 | lr 9.23e-04 | 0.4s
epoch 1049 | loss 13.7193 | lr 9.22e-04 | 0.4s
epoch 1050 | loss 13.6530 | lr 9.20e-04 | 0.4s
epoch 1051 | loss 13.5679 | lr 9.18e-04 | 0.4s
epoch 1052 | loss 13.6377 | lr 9.17e-04 | 0.4s
epoch 1053 | loss 13.6491 | lr 9.15e-04 | 0.4s
epoch 1054 | loss 13.6450 | lr 9.14e-04 | 0.4s
epoch 1055 | loss 13.6484 | lr 9.12e-04 | 0.4s
epoch 1056 | loss 13.6569 | lr 9.11e-04 | 0.4s
epoch 1057 | loss 13.7012 | lr 9.09e-04 | 0.4s
epoch 1058 | loss 13.7562 | lr 9.07e-04 | 0.4s
epoch 1059 | loss 13.6427 | lr 9.06e-04 | 0.4s
epoch 1060 | loss 13.5923 | lr 9.04e-04 | 0.4s
epoch 1061 | loss 13.6625 | lr 9.03e-04 | 0.4s
epoch 1062 | loss 13.7246 | lr 9.01e-04 | 0.4s
epoch 1063 | loss 13.6342 | lr 9.00e-04 | 0.4s
epoch 1064 | loss 13.6694 | lr 8.98e-04 | 0.4s
epoch 1065 | loss 13.5923 | lr 8.97e-04 | 0.4s
epoch 1066 | loss 13.6880 | lr 8.95e-04 | 0.4s
epoch 1067 | loss 13.7000 | lr 8.93e-04 | 0.4s
epoch 1068 | loss 13.7101 | lr 8.92e-04 | 0.4s
epoch 1069 | loss 13.6098 | lr 8.90e-04 | 0.4s
epoch 1070 | loss 13.7125 | lr 8.89e-04 | 0.4s
epoch 1071 | loss 13.5728 | lr 8.87e-04 | 0.4s
epoch 1072 | loss 13.6520 | lr 8.86e-04 | 0.4s
epoch 1073 | loss 13.6593 | lr 8.84e-04 | 0.4s
epoch 1074 | loss 13.7152 | lr 8.82e-04 | 0.4s
epoch 1075 | loss 13.6854 | lr 8.81e-04 | 0.4s
epoch 1076 | loss 13.6655 | lr 8.79e-04 | 0.4s
epoch 1077 | loss 13.6370 | lr 8.78e-04 | 0.4s
epoch 1078 | loss 13.7088 | lr 8.76e-04 | 0.4s
epoch 1079 | loss 13.6325 | lr 8.75e-04 | 0.4s
epoch 1080 | loss 13.6044 | lr 8.73e-04 | 0.4s
epoch 1081 | loss 13.7099 | lr 8.72e-04 | 0.4s
epoch 1082 | loss 13.5804 | lr 8.70e-04 | 0.4s
epoch 1083 | loss 13.6251 | lr 8.68e-04 | 0.4s
epoch 1084 | loss 13.6533 | lr 8.67e-04 | 0.4s
epoch 1085 | loss 13.7944 | lr 8.65e-04 | 0.4s
epoch 1086 | loss 13.7360 | lr 8.64e-04 | 0.4s
epoch 1087 | loss 13.6982 | lr 8.62e-04 | 0.4s
epoch 1088 | loss 13.7039 | lr 8.61e-04 | 0.4s
epoch 1089 | loss 13.5395 | lr 8.59e-04 | 0.4s
epoch 1090 | loss 13.6472 | lr 8.58e-04 | 0.4s
epoch 1091 | loss 13.6023 | lr 8.56e-04 | 0.4s
epoch 1092 | loss 13.6142 | lr 8.54e-04 | 0.4s
epoch 1093 | loss 13.6978 | lr 8.53e-04 | 0.4s
epoch 1094 | loss 13.6637 | lr 8.51e-04 | 0.4s
epoch 1095 | loss 13.6147 | lr 8.50e-04 | 0.4s
epoch 1096 | loss 13.6834 | lr 8.48e-04 | 0.4s
epoch 1097 | loss 13.7085 | lr 8.47e-04 | 0.4s
epoch 1098 | loss 13.5566 | lr 8.45e-04 | 0.4s
epoch 1099 | loss 13.6840 | lr 8.44e-04 | 0.4s
epoch 1100 | loss 13.6545 | lr 8.42e-04 | 0.4s
epoch 1101 | loss 13.6492 | lr 8.40e-04 | 0.4s
epoch 1102 | loss 13.6137 | lr 8.39e-04 | 0.4s
epoch 1103 | loss 13.5836 | lr 8.37e-04 | 0.4s
epoch 1104 | loss 13.6416 | lr 8.36e-04 | 0.4s
epoch 1105 | loss 13.5665 | lr 8.34e-04 | 0.4s
epoch 1106 | loss 13.6780 | lr 8.33e-04 | 0.4s
epoch 1107 | loss 13.5924 | lr 8.31e-04 | 0.4s
epoch 1108 | loss 13.5969 | lr 8.30e-04 | 0.4s
epoch 1109 | loss 13.6901 | lr 8.28e-04 | 0.4s
epoch 1110 | loss 13.6986 | lr 8.27e-04 | 0.4s
epoch 1111 | loss 13.7132 | lr 8.25e-04 | 0.4s
epoch 1112 | loss 13.5780 | lr 8.23e-04 | 0.4s
epoch 1113 | loss 13.6853 | lr 8.22e-04 | 0.4s
epoch 1114 | loss 13.6583 | lr 8.20e-04 | 0.4s
epoch 1115 | loss 13.6804 | lr 8.19e-04 | 0.4s
epoch 1116 | loss 13.6617 | lr 8.17e-04 | 0.4s
epoch 1117 | loss 13.6598 | lr 8.16e-04 | 0.4s
epoch 1118 | loss 13.5709 | lr 8.14e-04 | 0.4s
epoch 1119 | loss 13.6415 | lr 8.13e-04 | 0.4s
epoch 1120 | loss 13.6155 | lr 8.11e-04 | 0.4s
epoch 1121 | loss 13.5688 | lr 8.10e-04 | 0.4s
epoch 1122 | loss 13.6081 | lr 8.08e-04 | 0.4s
epoch 1123 | loss 13.5684 | lr 8.06e-04 | 0.4s
epoch 1124 | loss 13.6404 | lr 8.05e-04 | 0.4s
epoch 1125 | loss 13.6749 | lr 8.03e-04 | 0.4s
epoch 1126 | loss 13.6666 | lr 8.02e-04 | 0.4s
epoch 1127 | loss 13.6024 | lr 8.00e-04 | 0.4s
epoch 1128 | loss 13.6541 | lr 7.99e-04 | 0.4s
epoch 1129 | loss 13.5539 | lr 7.97e-04 | 0.4s
epoch 1130 | loss 13.6330 | lr 7.96e-04 | 0.4s
epoch 1131 | loss 13.6777 | lr 7.94e-04 | 0.4s
epoch 1132 | loss 13.6469 | lr 7.93e-04 | 0.4s
epoch 1133 | loss 13.6184 | lr 7.91e-04 | 0.4s
epoch 1134 | loss 13.6218 | lr 7.90e-04 | 0.4s
epoch 1135 | loss 13.6377 | lr 7.88e-04 | 0.4s
epoch 1136 | loss 13.6418 | lr 7.86e-04 | 0.4s
epoch 1137 | loss 13.6399 | lr 7.85e-04 | 0.4s
epoch 1138 | loss 13.6301 | lr 7.83e-04 | 0.4s
epoch 1139 | loss 13.7140 | lr 7.82e-04 | 0.4s
epoch 1140 | loss 13.6910 | lr 7.80e-04 | 0.4s
epoch 1141 | loss 13.6521 | lr 7.79e-04 | 0.4s
epoch 1142 | loss 13.5584 | lr 7.77e-04 | 0.4s
epoch 1143 | loss 13.6540 | lr 7.76e-04 | 0.4s
epoch 1144 | loss 13.6778 | lr 7.74e-04 | 0.4s
epoch 1145 | loss 13.5801 | lr 7.73e-04 | 0.4s
epoch 1146 | loss 13.5809 | lr 7.71e-04 | 0.4s
epoch 1147 | loss 13.7004 | lr 7.70e-04 | 0.4s
epoch 1148 | loss 13.6158 | lr 7.68e-04 | 0.4s
epoch 1149 | loss 13.6219 | lr 7.67e-04 | 0.4s
epoch 1150 | loss 13.6796 | lr 7.65e-04 | 0.4s
epoch 1151 | loss 13.6521 | lr 7.64e-04 | 0.4s
epoch 1152 | loss 13.6396 | lr 7.62e-04 | 0.4s
epoch 1153 | loss 13.5707 | lr 7.60e-04 | 0.4s
epoch 1154 | loss 13.7315 | lr 7.59e-04 | 0.4s
epoch 1155 | loss 13.6485 | lr 7.57e-04 | 0.4s
epoch 1156 | loss 13.6435 | lr 7.56e-04 | 0.4s
epoch 1157 | loss 13.5688 | lr 7.54e-04 | 0.4s
epoch 1158 | loss 13.5443 | lr 7.53e-04 | 0.4s
epoch 1159 | loss 13.6269 | lr 7.51e-04 | 0.4s
epoch 1160 | loss 13.5739 | lr 7.50e-04 | 0.4s
epoch 1161 | loss 13.6539 | lr 7.48e-04 | 0.4s
epoch 1162 | loss 13.6030 | lr 7.47e-04 | 0.4s
epoch 1163 | loss 13.6762 | lr 7.45e-04 | 0.4s
epoch 1164 | loss 13.5915 | lr 7.44e-04 | 0.4s
epoch 1165 | loss 13.5881 | lr 7.42e-04 | 0.4s
epoch 1166 | loss 13.5994 | lr 7.41e-04 | 0.4s
epoch 1167 | loss 13.6623 | lr 7.39e-04 | 0.4s
epoch 1168 | loss 13.6799 | lr 7.38e-04 | 0.4s
epoch 1169 | loss 13.6068 | lr 7.36e-04 | 0.4s
epoch 1170 | loss 13.6571 | lr 7.35e-04 | 0.4s
epoch 1171 | loss 13.6364 | lr 7.33e-04 | 0.4s
epoch 1172 | loss 13.5988 | lr 7.32e-04 | 0.4s
epoch 1173 | loss 13.5956 | lr 7.30e-04 | 0.4s
epoch 1174 | loss 13.6109 | lr 7.29e-04 | 0.4s
epoch 1175 | loss 13.6480 | lr 7.27e-04 | 0.4s
epoch 1176 | loss 13.5841 | lr 7.26e-04 | 0.4s
epoch 1177 | loss 13.5458 | lr 7.24e-04 | 0.4s
epoch 1178 | loss 13.5764 | lr 7.23e-04 | 0.4s
epoch 1179 | loss 13.6505 | lr 7.21e-04 | 0.4s
epoch 1180 | loss 13.6833 | lr 7.20e-04 | 0.4s
epoch 1181 | loss 13.5321 | lr 7.18e-04 | 0.4s
epoch 1182 | loss 13.6014 | lr 7.16e-04 | 0.4s
epoch 1183 | loss 13.6593 | lr 7.15e-04 | 0.4s
epoch 1184 | loss 13.6274 | lr 7.13e-04 | 0.4s
epoch 1185 | loss 13.6150 | lr 7.12e-04 | 0.4s
epoch 1186 | loss 13.6088 | lr 7.10e-04 | 0.4s
epoch 1187 | loss 13.6147 | lr 7.09e-04 | 0.4s
epoch 1188 | loss 13.6055 | lr 7.07e-04 | 0.4s
epoch 1189 | loss 13.6018 | lr 7.06e-04 | 0.4s
epoch 1190 | loss 13.5717 | lr 7.04e-04 | 0.4s
epoch 1191 | loss 13.5694 | lr 7.03e-04 | 0.4s
epoch 1192 | loss 13.6525 | lr 7.01e-04 | 0.4s
epoch 1193 | loss 13.6355 | lr 7.00e-04 | 0.4s
epoch 1194 | loss 13.5818 | lr 6.98e-04 | 0.4s
epoch 1195 | loss 13.6012 | lr 6.97e-04 | 0.4s
epoch 1196 | loss 13.6205 | lr 6.95e-04 | 0.4s
epoch 1197 | loss 13.6594 | lr 6.94e-04 | 0.4s
epoch 1198 | loss 13.6193 | lr 6.92e-04 | 0.4s
epoch 1199 | loss 13.6082 | lr 6.91e-04 | 0.4s
epoch 1200 | loss 13.6519 | lr 6.89e-04 | 0.4s
epoch 1201 | loss 13.5610 | lr 6.88e-04 | 0.4s
epoch 1202 | loss 13.5944 | lr 6.87e-04 | 0.4s
epoch 1203 | loss 13.6480 | lr 6.85e-04 | 0.5s
epoch 1204 | loss 13.5179 | lr 6.84e-04 | 0.5s
epoch 1205 | loss 13.6295 | lr 6.82e-04 | 0.4s
epoch 1206 | loss 13.5780 | lr 6.81e-04 | 0.4s
epoch 1207 | loss 13.5271 | lr 6.79e-04 | 0.4s
epoch 1208 | loss 13.6086 | lr 6.78e-04 | 0.5s
epoch 1209 | loss 13.5576 | lr 6.76e-04 | 0.5s
epoch 1210 | loss 13.5291 | lr 6.75e-04 | 0.5s
epoch 1211 | loss 13.5968 | lr 6.73e-04 | 0.5s
epoch 1212 | loss 13.6673 | lr 6.72e-04 | 0.4s
epoch 1213 | loss 13.5660 | lr 6.70e-04 | 0.4s
epoch 1214 | loss 13.6019 | lr 6.69e-04 | 0.4s
epoch 1215 | loss 13.5840 | lr 6.67e-04 | 0.4s
epoch 1216 | loss 13.5995 | lr 6.66e-04 | 0.4s
epoch 1217 | loss 13.6238 | lr 6.64e-04 | 0.4s
epoch 1218 | loss 13.5930 | lr 6.63e-04 | 0.4s
epoch 1219 | loss 13.6566 | lr 6.61e-04 | 0.4s
epoch 1220 | loss 13.6261 | lr 6.60e-04 | 0.4s
epoch 1221 | loss 13.5908 | lr 6.58e-04 | 0.4s
epoch 1222 | loss 13.6366 | lr 6.57e-04 | 0.4s
epoch 1223 | loss 13.5661 | lr 6.55e-04 | 0.4s
epoch 1224 | loss 13.5404 | lr 6.54e-04 | 0.4s
epoch 1225 | loss 13.5848 | lr 6.52e-04 | 0.4s
epoch 1226 | loss 13.6397 | lr 6.51e-04 | 0.4s
epoch 1227 | loss 13.6090 | lr 6.49e-04 | 0.4s
epoch 1228 | loss 13.5688 | lr 6.48e-04 | 0.4s
epoch 1229 | loss 13.6092 | lr 6.47e-04 | 0.4s
epoch 1230 | loss 13.6620 | lr 6.45e-04 | 0.4s
epoch 1231 | loss 13.5812 | lr 6.44e-04 | 0.4s
epoch 1232 | loss 13.5369 | lr 6.42e-04 | 0.4s
epoch 1233 | loss 13.5777 | lr 6.41e-04 | 0.4s
epoch 1234 | loss 13.4585 | lr 6.39e-04 | 0.4s
epoch 1235 | loss 13.5724 | lr 6.38e-04 | 0.5s
epoch 1236 | loss 13.6629 | lr 6.36e-04 | 0.5s
epoch 1237 | loss 13.6136 | lr 6.35e-04 | 0.5s
epoch 1238 | loss 13.5368 | lr 6.33e-04 | 0.5s
epoch 1239 | loss 13.5619 | lr 6.32e-04 | 0.5s
epoch 1240 | loss 13.5472 | lr 6.30e-04 | 0.5s
epoch 1241 | loss 13.6437 | lr 6.29e-04 | 0.5s
epoch 1242 | loss 13.6863 | lr 6.27e-04 | 0.5s
epoch 1243 | loss 13.5374 | lr 6.26e-04 | 0.5s
epoch 1244 | loss 13.6587 | lr 6.25e-04 | 0.5s
epoch 1245 | loss 13.5739 | lr 6.23e-04 | 0.5s
epoch 1246 | loss 13.5297 | lr 6.22e-04 | 0.5s
epoch 1247 | loss 13.6308 | lr 6.20e-04 | 0.5s
epoch 1248 | loss 13.6309 | lr 6.19e-04 | 0.5s
epoch 1249 | loss 13.5837 | lr 6.17e-04 | 0.6s
epoch 1250 | loss 13.5883 | lr 6.16e-04 | 0.5s
epoch 1251 | loss 13.6253 | lr 6.14e-04 | 0.5s
epoch 1252 | loss 13.5631 | lr 6.13e-04 | 0.4s
epoch 1253 | loss 13.6121 | lr 6.12e-04 | 0.5s
epoch 1254 | loss 13.5370 | lr 6.10e-04 | 0.5s
epoch 1255 | loss 13.5591 | lr 6.09e-04 | 0.5s
epoch 1256 | loss 13.6219 | lr 6.07e-04 | 0.5s
epoch 1257 | loss 13.5312 | lr 6.06e-04 | 0.5s
epoch 1258 | loss 13.5714 | lr 6.04e-04 | 0.5s
epoch 1259 | loss 13.5449 | lr 6.03e-04 | 0.5s
epoch 1260 | loss 13.6365 | lr 6.01e-04 | 0.5s
epoch 1261 | loss 13.6122 | lr 6.00e-04 | 0.5s
epoch 1262 | loss 13.6049 | lr 5.99e-04 | 0.5s
epoch 1263 | loss 13.5736 | lr 5.97e-04 | 0.5s
epoch 1264 | loss 13.6233 | lr 5.96e-04 | 0.5s
epoch 1265 | loss 13.5887 | lr 5.94e-04 | 0.5s
epoch 1266 | loss 13.5784 | lr 5.93e-04 | 0.5s
epoch 1267 | loss 13.5677 | lr 5.91e-04 | 0.5s
epoch 1268 | loss 13.6383 | lr 5.90e-04 | 0.5s
epoch 1269 | loss 13.6022 | lr 5.88e-04 | 0.5s
epoch 1270 | loss 13.5994 | lr 5.87e-04 | 0.5s
epoch 1271 | loss 13.5791 | lr 5.86e-04 | 0.5s
epoch 1272 | loss 13.5760 | lr 5.84e-04 | 0.5s
epoch 1273 | loss 13.5561 | lr 5.83e-04 | 0.4s
epoch 1274 | loss 13.5735 | lr 5.81e-04 | 0.5s
epoch 1275 | loss 13.6171 | lr 5.80e-04 | 0.4s
epoch 1276 | loss 13.5997 | lr 5.78e-04 | 0.5s
epoch 1277 | loss 13.5956 | lr 5.77e-04 | 0.4s
epoch 1278 | loss 13.6229 | lr 5.76e-04 | 0.4s
epoch 1279 | loss 13.5592 | lr 5.74e-04 | 0.5s
epoch 1280 | loss 13.5878 | lr 5.73e-04 | 0.5s
epoch 1281 | loss 13.4899 | lr 5.71e-04 | 0.4s
epoch 1282 | loss 13.6029 | lr 5.70e-04 | 0.5s
epoch 1283 | loss 13.5653 | lr 5.69e-04 | 0.5s
epoch 1284 | loss 13.6971 | lr 5.67e-04 | 0.5s
epoch 1285 | loss 13.5875 | lr 5.66e-04 | 0.5s
epoch 1286 | loss 13.6134 | lr 5.64e-04 | 0.5s
epoch 1287 | loss 13.5646 | lr 5.63e-04 | 0.4s
epoch 1288 | loss 13.5455 | lr 5.61e-04 | 0.5s
epoch 1289 | loss 13.6218 | lr 5.60e-04 | 0.5s
epoch 1290 | loss 13.5307 | lr 5.59e-04 | 0.5s
epoch 1291 | loss 13.5907 | lr 5.57e-04 | 0.5s
epoch 1292 | loss 13.6795 | lr 5.56e-04 | 0.5s
epoch 1293 | loss 13.4949 | lr 5.54e-04 | 0.4s
epoch 1294 | loss 13.5423 | lr 5.53e-04 | 0.5s
epoch 1295 | loss 13.5742 | lr 5.52e-04 | 0.5s
epoch 1296 | loss 13.5339 | lr 5.50e-04 | 0.6s
epoch 1297 | loss 13.6580 | lr 5.49e-04 | 0.5s
epoch 1298 | loss 13.5616 | lr 5.47e-04 | 0.5s
epoch 1299 | loss 13.5912 | lr 5.46e-04 | 0.4s
epoch 1300 | loss 13.5386 | lr 5.45e-04 | 0.4s
epoch 1301 | loss 13.5567 | lr 5.43e-04 | 0.5s
epoch 1302 | loss 13.5918 | lr 5.42e-04 | 0.5s
epoch 1303 | loss 13.5522 | lr 5.40e-04 | 0.5s
epoch 1304 | loss 13.5537 | lr 5.39e-04 | 0.5s
epoch 1305 | loss 13.6092 | lr 5.38e-04 | 0.4s
epoch 1306 | loss 13.6052 | lr 5.36e-04 | 0.4s
epoch 1307 | loss 13.6560 | lr 5.35e-04 | 0.4s
epoch 1308 | loss 13.5353 | lr 5.33e-04 | 0.4s
epoch 1309 | loss 13.5682 | lr 5.32e-04 | 0.4s
epoch 1310 | loss 13.5222 | lr 5.31e-04 | 0.4s
epoch 1311 | loss 13.5489 | lr 5.29e-04 | 0.4s
epoch 1312 | loss 13.5547 | lr 5.28e-04 | 0.4s
epoch 1313 | loss 13.5600 | lr 5.27e-04 | 0.4s
epoch 1314 | loss 13.5763 | lr 5.25e-04 | 0.4s
epoch 1315 | loss 13.4695 | lr 5.24e-04 | 0.4s
epoch 1316 | loss 13.5521 | lr 5.22e-04 | 0.4s
epoch 1317 | loss 13.5578 | lr 5.21e-04 | 0.4s
epoch 1318 | loss 13.5162 | lr 5.20e-04 | 0.4s
epoch 1319 | loss 13.5729 | lr 5.18e-04 | 0.4s
epoch 1320 | loss 13.5563 | lr 5.17e-04 | 0.4s
epoch 1321 | loss 13.5592 | lr 5.15e-04 | 0.4s
epoch 1322 | loss 13.6267 | lr 5.14e-04 | 0.4s
epoch 1323 | loss 13.5151 | lr 5.13e-04 | 0.4s
epoch 1324 | loss 13.5800 | lr 5.11e-04 | 0.4s
epoch 1325 | loss 13.5353 | lr 5.10e-04 | 0.4s
epoch 1326 | loss 13.5463 | lr 5.09e-04 | 0.4s
epoch 1327 | loss 13.5609 | lr 5.07e-04 | 0.4s
epoch 1328 | loss 13.5461 | lr 5.06e-04 | 0.4s
epoch 1329 | loss 13.5334 | lr 5.05e-04 | 0.4s
epoch 1330 | loss 13.6052 | lr 5.03e-04 | 0.4s
epoch 1331 | loss 13.5304 | lr 5.02e-04 | 0.4s
epoch 1332 | loss 13.6052 | lr 5.00e-04 | 0.4s
epoch 1333 | loss 13.5691 | lr 4.99e-04 | 0.4s
epoch 1334 | loss 13.5351 | lr 4.98e-04 | 0.4s
epoch 1335 | loss 13.5583 | lr 4.96e-04 | 0.4s
epoch 1336 | loss 13.5528 | lr 4.95e-04 | 0.4s
epoch 1337 | loss 13.5009 | lr 4.94e-04 | 0.4s
epoch 1338 | loss 13.4849 | lr 4.92e-04 | 0.4s
epoch 1339 | loss 13.6065 | lr 4.91e-04 | 0.4s
epoch 1340 | loss 13.4853 | lr 4.90e-04 | 0.4s
epoch 1341 | loss 13.5779 | lr 4.88e-04 | 0.4s
epoch 1342 | loss 13.5658 | lr 4.87e-04 | 0.4s
epoch 1343 | loss 13.5446 | lr 4.86e-04 | 0.4s
epoch 1344 | loss 13.5852 | lr 4.84e-04 | 0.4s
epoch 1345 | loss 13.6014 | lr 4.83e-04 | 0.4s
epoch 1346 | loss 13.5694 | lr 4.82e-04 | 0.4s
epoch 1347 | loss 13.4960 | lr 4.80e-04 | 0.4s
epoch 1348 | loss 13.6027 | lr 4.79e-04 | 0.4s
epoch 1349 | loss 13.6536 | lr 4.78e-04 | 0.4s
epoch 1350 | loss 13.5331 | lr 4.76e-04 | 0.4s
epoch 1351 | loss 13.5417 | lr 4.75e-04 | 0.4s
epoch 1352 | loss 13.5239 | lr 4.73e-04 | 0.4s
epoch 1353 | loss 13.5030 | lr 4.72e-04 | 0.4s
epoch 1354 | loss 13.5325 | lr 4.71e-04 | 0.4s
epoch 1355 | loss 13.5103 | lr 4.69e-04 | 0.4s
epoch 1356 | loss 13.5466 | lr 4.68e-04 | 0.4s
epoch 1357 | loss 13.5401 | lr 4.67e-04 | 0.4s
epoch 1358 | loss 13.5418 | lr 4.66e-04 | 0.4s
epoch 1359 | loss 13.6281 | lr 4.64e-04 | 0.4s
epoch 1360 | loss 13.6353 | lr 4.63e-04 | 0.4s
epoch 1361 | loss 13.5422 | lr 4.62e-04 | 0.4s
epoch 1362 | loss 13.5243 | lr 4.60e-04 | 0.4s
epoch 1363 | loss 13.5374 | lr 4.59e-04 | 0.4s
epoch 1364 | loss 13.4843 | lr 4.58e-04 | 0.4s
epoch 1365 | loss 13.6078 | lr 4.56e-04 | 0.4s
epoch 1366 | loss 13.5760 | lr 4.55e-04 | 0.4s
epoch 1367 | loss 13.5167 | lr 4.54e-04 | 0.4s
epoch 1368 | loss 13.5240 | lr 4.52e-04 | 0.4s
epoch 1369 | loss 13.5346 | lr 4.51e-04 | 0.4s
epoch 1370 | loss 13.5023 | lr 4.50e-04 | 0.4s
epoch 1371 | loss 13.6230 | lr 4.48e-04 | 0.4s
epoch 1372 | loss 13.6329 | lr 4.47e-04 | 0.4s
epoch 1373 | loss 13.5314 | lr 4.46e-04 | 0.4s
epoch 1374 | loss 13.4926 | lr 4.44e-04 | 0.4s
epoch 1375 | loss 13.5615 | lr 4.43e-04 | 0.4s
epoch 1376 | loss 13.6037 | lr 4.42e-04 | 0.4s
epoch 1377 | loss 13.5718 | lr 4.41e-04 | 0.4s
epoch 1378 | loss 13.4919 | lr 4.39e-04 | 0.4s
epoch 1379 | loss 13.4899 | lr 4.38e-04 | 0.4s
epoch 1380 | loss 13.6192 | lr 4.37e-04 | 0.4s
epoch 1381 | loss 13.5970 | lr 4.35e-04 | 0.4s
epoch 1382 | loss 13.5221 | lr 4.34e-04 | 0.4s
epoch 1383 | loss 13.5646 | lr 4.33e-04 | 0.4s
epoch 1384 | loss 13.5239 | lr 4.31e-04 | 0.4s
epoch 1385 | loss 13.6000 | lr 4.30e-04 | 0.4s
epoch 1386 | loss 13.5536 | lr 4.29e-04 | 0.4s
epoch 1387 | loss 13.5860 | lr 4.28e-04 | 0.4s
epoch 1388 | loss 13.6107 | lr 4.26e-04 | 0.4s
epoch 1389 | loss 13.5477 | lr 4.25e-04 | 0.4s
epoch 1390 | loss 13.5989 | lr 4.24e-04 | 0.4s
epoch 1391 | loss 13.5012 | lr 4.22e-04 | 0.4s
epoch 1392 | loss 13.5666 | lr 4.21e-04 | 0.4s
epoch 1393 | loss 13.5954 | lr 4.20e-04 | 0.4s
epoch 1394 | loss 13.5895 | lr 4.19e-04 | 0.4s
epoch 1395 | loss 13.5556 | lr 4.17e-04 | 0.4s
epoch 1396 | loss 13.5353 | lr 4.16e-04 | 0.4s
epoch 1397 | loss 13.5730 | lr 4.15e-04 | 0.4s
epoch 1398 | loss 13.5424 | lr 4.13e-04 | 0.4s
epoch 1399 | loss 13.5418 | lr 4.12e-04 | 0.4s
epoch 1400 | loss 13.5644 | lr 4.11e-04 | 0.4s
epoch 1401 | loss 13.4615 | lr 4.10e-04 | 0.4s
epoch 1402 | loss 13.5360 | lr 4.08e-04 | 0.4s
epoch 1403 | loss 13.5459 | lr 4.07e-04 | 0.4s
epoch 1404 | loss 13.4809 | lr 4.06e-04 | 0.4s
epoch 1405 | loss 13.5782 | lr 4.05e-04 | 0.4s
epoch 1406 | loss 13.5740 | lr 4.03e-04 | 0.4s
epoch 1407 | loss 13.5853 | lr 4.02e-04 | 0.4s
epoch 1408 | loss 13.4833 | lr 4.01e-04 | 0.4s
epoch 1409 | loss 13.5551 | lr 4.00e-04 | 0.4s
epoch 1410 | loss 13.5814 | lr 3.98e-04 | 0.4s
epoch 1411 | loss 13.5077 | lr 3.97e-04 | 0.4s
epoch 1412 | loss 13.5416 | lr 3.96e-04 | 0.4s
epoch 1413 | loss 13.4365 | lr 3.95e-04 | 0.4s
epoch 1414 | loss 13.4728 | lr 3.93e-04 | 0.4s
epoch 1415 | loss 13.5161 | lr 3.92e-04 | 0.4s
epoch 1416 | loss 13.5271 | lr 3.91e-04 | 0.4s
epoch 1417 | loss 13.5398 | lr 3.90e-04 | 0.4s
epoch 1418 | loss 13.6065 | lr 3.88e-04 | 0.4s
epoch 1419 | loss 13.6257 | lr 3.87e-04 | 0.4s
epoch 1420 | loss 13.4753 | lr 3.86e-04 | 0.4s
epoch 1421 | loss 13.4631 | lr 3.85e-04 | 0.4s
epoch 1422 | loss 13.4833 | lr 3.83e-04 | 0.4s
epoch 1423 | loss 13.5707 | lr 3.82e-04 | 0.4s
epoch 1424 | loss 13.5296 | lr 3.81e-04 | 0.4s
epoch 1425 | loss 13.5178 | lr 3.80e-04 | 0.4s
epoch 1426 | loss 13.4768 | lr 3.78e-04 | 0.4s
epoch 1427 | loss 13.5235 | lr 3.77e-04 | 0.4s
epoch 1428 | loss 13.4889 | lr 3.76e-04 | 0.4s
epoch 1429 | loss 13.5504 | lr 3.75e-04 | 0.4s
epoch 1430 | loss 13.5110 | lr 3.74e-04 | 0.4s
epoch 1431 | loss 13.5431 | lr 3.72e-04 | 0.4s
epoch 1432 | loss 13.4990 | lr 3.71e-04 | 0.4s
epoch 1433 | loss 13.5866 | lr 3.70e-04 | 0.4s
epoch 1434 | loss 13.5344 | lr 3.69e-04 | 0.4s
epoch 1435 | loss 13.5986 | lr 3.67e-04 | 0.4s
epoch 1436 | loss 13.5285 | lr 3.66e-04 | 0.4s
epoch 1437 | loss 13.4202 | lr 3.65e-04 | 0.4s
epoch 1438 | loss 13.5088 | lr 3.64e-04 | 0.4s
epoch 1439 | loss 13.4751 | lr 3.63e-04 | 0.4s
epoch 1440 | loss 13.5161 | lr 3.61e-04 | 0.4s
epoch 1441 | loss 13.5327 | lr 3.60e-04 | 0.4s
epoch 1442 | loss 13.5025 | lr 3.59e-04 | 0.4s
epoch 1443 | loss 13.5469 | lr 3.58e-04 | 0.4s
epoch 1444 | loss 13.5018 | lr 3.57e-04 | 0.4s
epoch 1445 | loss 13.5580 | lr 3.55e-04 | 0.4s
epoch 1446 | loss 13.5236 | lr 3.54e-04 | 0.4s
epoch 1447 | loss 13.5003 | lr 3.53e-04 | 0.4s
epoch 1448 | loss 13.5515 | lr 3.52e-04 | 0.4s
epoch 1449 | loss 13.4619 | lr 3.51e-04 | 0.4s
epoch 1450 | loss 13.3928 | lr 3.49e-04 | 0.4s
epoch 1451 | loss 13.5105 | lr 3.48e-04 | 0.4s
epoch 1452 | loss 13.5708 | lr 3.47e-04 | 0.4s
epoch 1453 | loss 13.6319 | lr 3.46e-04 | 0.4s
epoch 1454 | loss 13.4654 | lr 3.45e-04 | 0.4s
epoch 1455 | loss 13.5238 | lr 3.43e-04 | 0.4s
epoch 1456 | loss 13.5427 | lr 3.42e-04 | 0.4s
epoch 1457 | loss 13.6153 | lr 3.41e-04 | 0.4s
epoch 1458 | loss 13.4888 | lr 3.40e-04 | 0.4s
epoch 1459 | loss 13.6382 | lr 3.39e-04 | 0.4s
epoch 1460 | loss 13.5361 | lr 3.38e-04 | 0.4s
epoch 1461 | loss 13.5268 | lr 3.36e-04 | 0.4s
epoch 1462 | loss 13.5063 | lr 3.35e-04 | 0.4s
epoch 1463 | loss 13.4695 | lr 3.34e-04 | 0.4s
epoch 1464 | loss 13.4640 | lr 3.33e-04 | 0.4s
epoch 1465 | loss 13.4766 | lr 3.32e-04 | 0.4s
epoch 1466 | loss 13.5832 | lr 3.30e-04 | 0.4s
epoch 1467 | loss 13.6173 | lr 3.29e-04 | 0.4s
epoch 1468 | loss 13.4797 | lr 3.28e-04 | 0.4s
epoch 1469 | loss 13.5249 | lr 3.27e-04 | 0.4s
epoch 1470 | loss 13.5851 | lr 3.26e-04 | 0.4s
epoch 1471 | loss 13.5554 | lr 3.25e-04 | 0.4s
epoch 1472 | loss 13.4242 | lr 3.24e-04 | 0.4s
epoch 1473 | loss 13.5131 | lr 3.22e-04 | 0.4s
epoch 1474 | loss 13.5134 | lr 3.21e-04 | 0.4s
epoch 1475 | loss 13.5067 | lr 3.20e-04 | 0.4s
epoch 1476 | loss 13.4424 | lr 3.19e-04 | 0.4s
epoch 1477 | loss 13.5488 | lr 3.18e-04 | 0.4s
epoch 1478 | loss 13.5588 | lr 3.17e-04 | 0.4s
epoch 1479 | loss 13.4455 | lr 3.15e-04 | 0.4s
epoch 1480 | loss 13.5626 | lr 3.14e-04 | 0.4s
epoch 1481 | loss 13.5689 | lr 3.13e-04 | 0.4s
epoch 1482 | loss 13.4989 | lr 3.12e-04 | 0.4s
epoch 1483 | loss 13.4182 | lr 3.11e-04 | 0.4s
epoch 1484 | loss 13.5929 | lr 3.10e-04 | 0.4s
epoch 1485 | loss 13.5107 | lr 3.09e-04 | 0.4s
epoch 1486 | loss 13.4621 | lr 3.07e-04 | 0.4s
epoch 1487 | loss 13.5044 | lr 3.06e-04 | 0.4s
epoch 1488 | loss 13.4294 | lr 3.05e-04 | 0.4s
epoch 1489 | loss 13.5068 | lr 3.04e-04 | 0.4s
epoch 1490 | loss 13.6022 | lr 3.03e-04 | 0.4s
epoch 1491 | loss 13.4610 | lr 3.02e-04 | 0.4s
epoch 1492 | loss 13.5229 | lr 3.01e-04 | 0.4s
epoch 1493 | loss 13.4639 | lr 3.00e-04 | 0.4s
epoch 1494 | loss 13.4898 | lr 2.98e-04 | 0.4s
epoch 1495 | loss 13.5771 | lr 2.97e-04 | 0.4s
epoch 1496 | loss 13.5686 | lr 2.96e-04 | 0.4s
epoch 1497 | loss 13.4692 | lr 2.95e-04 | 0.4s
epoch 1498 | loss 13.5091 | lr 2.94e-04 | 0.4s
epoch 1499 | loss 13.5757 | lr 2.93e-04 | 0.4s
epoch 1500 | loss 13.4304 | lr 2.92e-04 | 0.4s
epoch 1501 | loss 13.5362 | lr 2.91e-04 | 0.4s
epoch 1502 | loss 13.5126 | lr 2.90e-04 | 0.4s
epoch 1503 | loss 13.5354 | lr 2.88e-04 | 0.4s
epoch 1504 | loss 13.5537 | lr 2.87e-04 | 0.4s
epoch 1505 | loss 13.4662 | lr 2.86e-04 | 0.4s
epoch 1506 | loss 13.4821 | lr 2.85e-04 | 0.4s
epoch 1507 | loss 13.5341 | lr 2.84e-04 | 0.4s
epoch 1508 | loss 13.5348 | lr 2.83e-04 | 0.4s
epoch 1509 | loss 13.4217 | lr 2.82e-04 | 0.4s
epoch 1510 | loss 13.4293 | lr 2.81e-04 | 0.4s
epoch 1511 | loss 13.5198 | lr 2.80e-04 | 0.4s
epoch 1512 | loss 13.6218 | lr 2.79e-04 | 0.4s
epoch 1513 | loss 13.4243 | lr 2.78e-04 | 0.4s
epoch 1514 | loss 13.4636 | lr 2.76e-04 | 0.4s
epoch 1515 | loss 13.5021 | lr 2.75e-04 | 0.4s
epoch 1516 | loss 13.5179 | lr 2.74e-04 | 0.4s
epoch 1517 | loss 13.5127 | lr 2.73e-04 | 0.4s
epoch 1518 | loss 13.5722 | lr 2.72e-04 | 0.4s
epoch 1519 | loss 13.4698 | lr 2.71e-04 | 0.4s
epoch 1520 | loss 13.4991 | lr 2.70e-04 | 0.4s
epoch 1521 | loss 13.5113 | lr 2.69e-04 | 0.4s
epoch 1522 | loss 13.4800 | lr 2.68e-04 | 0.4s
epoch 1523 | loss 13.4963 | lr 2.67e-04 | 0.4s
epoch 1524 | loss 13.4341 | lr 2.66e-04 | 0.4s
epoch 1525 | loss 13.5138 | lr 2.65e-04 | 0.4s
epoch 1526 | loss 13.5283 | lr 2.64e-04 | 0.4s
epoch 1527 | loss 13.5645 | lr 2.62e-04 | 0.4s
epoch 1528 | loss 13.4619 | lr 2.61e-04 | 0.4s
epoch 1529 | loss 13.5786 | lr 2.60e-04 | 0.4s
epoch 1530 | loss 13.4782 | lr 2.59e-04 | 0.4s
epoch 1531 | loss 13.5164 | lr 2.58e-04 | 0.4s
epoch 1532 | loss 13.4966 | lr 2.57e-04 | 0.4s
epoch 1533 | loss 13.5528 | lr 2.56e-04 | 0.4s
epoch 1534 | loss 13.5208 | lr 2.55e-04 | 0.4s
epoch 1535 | loss 13.5910 | lr 2.54e-04 | 0.4s
epoch 1536 | loss 13.4535 | lr 2.53e-04 | 0.4s
epoch 1537 | loss 13.5372 | lr 2.52e-04 | 0.4s
epoch 1538 | loss 13.5502 | lr 2.51e-04 | 0.4s
epoch 1539 | loss 13.5625 | lr 2.50e-04 | 0.4s
epoch 1540 | loss 13.5259 | lr 2.49e-04 | 0.4s
epoch 1541 | loss 13.5187 | lr 2.48e-04 | 0.4s
epoch 1542 | loss 13.5191 | lr 2.47e-04 | 0.4s
epoch 1543 | loss 13.4499 | lr 2.46e-04 | 0.4s
epoch 1544 | loss 13.5352 | lr 2.45e-04 | 0.4s
epoch 1545 | loss 13.5957 | lr 2.44e-04 | 0.4s
epoch 1546 | loss 13.4582 | lr 2.43e-04 | 0.4s
epoch 1547 | loss 13.4638 | lr 2.42e-04 | 0.4s
epoch 1548 | loss 13.3982 | lr 2.41e-04 | 0.4s
epoch 1549 | loss 13.5508 | lr 2.40e-04 | 0.4s
epoch 1550 | loss 13.5189 | lr 2.39e-04 | 0.4s
epoch 1551 | loss 13.5246 | lr 2.38e-04 | 0.4s
epoch 1552 | loss 13.5739 | lr 2.37e-04 | 0.4s
epoch 1553 | loss 13.5566 | lr 2.36e-04 | 0.4s
epoch 1554 | loss 13.5026 | lr 2.35e-04 | 0.4s
epoch 1555 | loss 13.5349 | lr 2.34e-04 | 0.4s
epoch 1556 | loss 13.4947 | lr 2.32e-04 | 0.4s
epoch 1557 | loss 13.4585 | lr 2.31e-04 | 0.4s
epoch 1558 | loss 13.6073 | lr 2.30e-04 | 0.4s
epoch 1559 | loss 13.5323 | lr 2.29e-04 | 0.4s
epoch 1560 | loss 13.4436 | lr 2.28e-04 | 0.4s
epoch 1561 | loss 13.4926 | lr 2.27e-04 | 0.4s
epoch 1562 | loss 13.5571 | lr 2.26e-04 | 0.4s
epoch 1563 | loss 13.4936 | lr 2.25e-04 | 0.4s
epoch 1564 | loss 13.5271 | lr 2.25e-04 | 0.4s
epoch 1565 | loss 13.5124 | lr 2.24e-04 | 0.4s
epoch 1566 | loss 13.5042 | lr 2.23e-04 | 0.4s
epoch 1567 | loss 13.5173 | lr 2.22e-04 | 0.4s
epoch 1568 | loss 13.4818 | lr 2.21e-04 | 0.4s
epoch 1569 | loss 13.5015 | lr 2.20e-04 | 0.4s
epoch 1570 | loss 13.4775 | lr 2.19e-04 | 0.4s
epoch 1571 | loss 13.6094 | lr 2.18e-04 | 0.4s
epoch 1572 | loss 13.5564 | lr 2.17e-04 | 0.4s
epoch 1573 | loss 13.5132 | lr 2.16e-04 | 0.4s
epoch 1574 | loss 13.5003 | lr 2.15e-04 | 0.4s
epoch 1575 | loss 13.5117 | lr 2.14e-04 | 0.4s
epoch 1576 | loss 13.5987 | lr 2.13e-04 | 0.4s
epoch 1577 | loss 13.6159 | lr 2.12e-04 | 0.4s
epoch 1578 | loss 13.5485 | lr 2.11e-04 | 0.4s
epoch 1579 | loss 13.5156 | lr 2.10e-04 | 0.4s
epoch 1580 | loss 13.5349 | lr 2.09e-04 | 0.4s
epoch 1581 | loss 13.5261 | lr 2.08e-04 | 0.4s
epoch 1582 | loss 13.4940 | lr 2.07e-04 | 0.4s
epoch 1583 | loss 13.5222 | lr 2.06e-04 | 0.4s
epoch 1584 | loss 13.4705 | lr 2.05e-04 | 0.4s
epoch 1585 | loss 13.5677 | lr 2.04e-04 | 0.4s
epoch 1586 | loss 13.5542 | lr 2.03e-04 | 0.4s
epoch 1587 | loss 13.4726 | lr 2.02e-04 | 0.4s
epoch 1588 | loss 13.5579 | lr 2.01e-04 | 0.4s
epoch 1589 | loss 13.5124 | lr 2.00e-04 | 0.4s
epoch 1590 | loss 13.4820 | lr 1.99e-04 | 0.4s
epoch 1591 | loss 13.4912 | lr 1.98e-04 | 0.4s
epoch 1592 | loss 13.5382 | lr 1.97e-04 | 0.4s
epoch 1593 | loss 13.4795 | lr 1.97e-04 | 0.4s
epoch 1594 | loss 13.4064 | lr 1.96e-04 | 0.4s
epoch 1595 | loss 13.5032 | lr 1.95e-04 | 0.4s
epoch 1596 | loss 13.4690 | lr 1.94e-04 | 0.4s
epoch 1597 | loss 13.5803 | lr 1.93e-04 | 0.4s
epoch 1598 | loss 13.5155 | lr 1.92e-04 | 0.4s
epoch 1599 | loss 13.4451 | lr 1.91e-04 | 0.4s
epoch 1600 | loss 13.5247 | lr 1.90e-04 | 0.4s
epoch 1601 | loss 13.4985 | lr 1.89e-04 | 0.4s
epoch 1602 | loss 13.5018 | lr 1.88e-04 | 0.4s
epoch 1603 | loss 13.4625 | lr 1.87e-04 | 0.4s
epoch 1604 | loss 13.5429 | lr 1.86e-04 | 0.4s
epoch 1605 | loss 13.5693 | lr 1.85e-04 | 0.4s
epoch 1606 | loss 13.5541 | lr 1.85e-04 | 0.4s
epoch 1607 | loss 13.5022 | lr 1.84e-04 | 0.4s
epoch 1608 | loss 13.5284 | lr 1.83e-04 | 0.4s
epoch 1609 | loss 13.4728 | lr 1.82e-04 | 0.4s
epoch 1610 | loss 13.5558 | lr 1.81e-04 | 0.4s
epoch 1611 | loss 13.4717 | lr 1.80e-04 | 0.4s
epoch 1612 | loss 13.5174 | lr 1.79e-04 | 0.4s
epoch 1613 | loss 13.4412 | lr 1.78e-04 | 0.4s
epoch 1614 | loss 13.5302 | lr 1.77e-04 | 0.4s
epoch 1615 | loss 13.4305 | lr 1.76e-04 | 0.4s
epoch 1616 | loss 13.4987 | lr 1.76e-04 | 0.4s
epoch 1617 | loss 13.4831 | lr 1.75e-04 | 0.4s
epoch 1618 | loss 13.5296 | lr 1.74e-04 | 0.4s
epoch 1619 | loss 13.5149 | lr 1.73e-04 | 0.4s
epoch 1620 | loss 13.5410 | lr 1.72e-04 | 0.4s
epoch 1621 | loss 13.4651 | lr 1.71e-04 | 0.4s
epoch 1622 | loss 13.4864 | lr 1.70e-04 | 0.4s
epoch 1623 | loss 13.4253 | lr 1.69e-04 | 0.4s
epoch 1624 | loss 13.4474 | lr 1.69e-04 | 0.4s
epoch 1625 | loss 13.5214 | lr 1.68e-04 | 0.4s
epoch 1626 | loss 13.5275 | lr 1.67e-04 | 0.4s
epoch 1627 | loss 13.5537 | lr 1.66e-04 | 0.4s
epoch 1628 | loss 13.4917 | lr 1.65e-04 | 0.4s
epoch 1629 | loss 13.5075 | lr 1.64e-04 | 0.4s
epoch 1630 | loss 13.5367 | lr 1.63e-04 | 0.4s
epoch 1631 | loss 13.4505 | lr 1.62e-04 | 0.4s
epoch 1632 | loss 13.5677 | lr 1.62e-04 | 0.4s
epoch 1633 | loss 13.5760 | lr 1.61e-04 | 0.4s
epoch 1634 | loss 13.3876 | lr 1.60e-04 | 0.4s
epoch 1635 | loss 13.4440 | lr 1.59e-04 | 0.4s
epoch 1636 | loss 13.4564 | lr 1.58e-04 | 0.4s
epoch 1637 | loss 13.4691 | lr 1.57e-04 | 0.4s
epoch 1638 | loss 13.5439 | lr 1.57e-04 | 0.4s
epoch 1639 | loss 13.4633 | lr 1.56e-04 | 0.4s
epoch 1640 | loss 13.5358 | lr 1.55e-04 | 0.4s
epoch 1641 | loss 13.5014 | lr 1.54e-04 | 0.4s
epoch 1642 | loss 13.4070 | lr 1.53e-04 | 0.4s
epoch 1643 | loss 13.5452 | lr 1.52e-04 | 0.4s
epoch 1644 | loss 13.5649 | lr 1.51e-04 | 0.4s
epoch 1645 | loss 13.4655 | lr 1.51e-04 | 0.4s
epoch 1646 | loss 13.4855 | lr 1.50e-04 | 0.4s
epoch 1647 | loss 13.5519 | lr 1.49e-04 | 0.4s
epoch 1648 | loss 13.5054 | lr 1.48e-04 | 0.4s
epoch 1649 | loss 13.4959 | lr 1.47e-04 | 0.4s
epoch 1650 | loss 13.5307 | lr 1.47e-04 | 0.4s
epoch 1651 | loss 13.5111 | lr 1.46e-04 | 0.4s
epoch 1652 | loss 13.4978 | lr 1.45e-04 | 0.4s
epoch 1653 | loss 13.4961 | lr 1.44e-04 | 0.4s
epoch 1654 | loss 13.5557 | lr 1.43e-04 | 0.4s
epoch 1655 | loss 13.5887 | lr 1.42e-04 | 0.4s
epoch 1656 | loss 13.4482 | lr 1.42e-04 | 0.4s
epoch 1657 | loss 13.5358 | lr 1.41e-04 | 0.4s
epoch 1658 | loss 13.5461 | lr 1.40e-04 | 0.4s
epoch 1659 | loss 13.4352 | lr 1.39e-04 | 0.4s
epoch 1660 | loss 13.4904 | lr 1.38e-04 | 0.4s
epoch 1661 | loss 13.4856 | lr 1.38e-04 | 0.4s
epoch 1662 | loss 13.5406 | lr 1.37e-04 | 0.4s
epoch 1663 | loss 13.5250 | lr 1.36e-04 | 0.4s
epoch 1664 | loss 13.4851 | lr 1.35e-04 | 0.4s
epoch 1665 | loss 13.4445 | lr 1.34e-04 | 0.4s
epoch 1666 | loss 13.4727 | lr 1.34e-04 | 0.4s
epoch 1667 | loss 13.4850 | lr 1.33e-04 | 0.4s
epoch 1668 | loss 13.4099 | lr 1.32e-04 | 0.4s
epoch 1669 | loss 13.4273 | lr 1.31e-04 | 0.4s
epoch 1670 | loss 13.5748 | lr 1.31e-04 | 0.4s
epoch 1671 | loss 13.4989 | lr 1.30e-04 | 0.4s
epoch 1672 | loss 13.5328 | lr 1.29e-04 | 0.4s
epoch 1673 | loss 13.6356 | lr 1.28e-04 | 0.4s
epoch 1674 | loss 13.3973 | lr 1.28e-04 | 0.4s
epoch 1675 | loss 13.4857 | lr 1.27e-04 | 0.4s
epoch 1676 | loss 13.4757 | lr 1.26e-04 | 0.4s
epoch 1677 | loss 13.4682 | lr 1.25e-04 | 0.4s
epoch 1678 | loss 13.4865 | lr 1.24e-04 | 0.4s
epoch 1679 | loss 13.4831 | lr 1.24e-04 | 0.4s
epoch 1680 | loss 13.4994 | lr 1.23e-04 | 0.4s
epoch 1681 | loss 13.5374 | lr 1.22e-04 | 0.4s
epoch 1682 | loss 13.4414 | lr 1.21e-04 | 0.4s
epoch 1683 | loss 13.5782 | lr 1.21e-04 | 0.4s
epoch 1684 | loss 13.4458 | lr 1.20e-04 | 0.4s
epoch 1685 | loss 13.4676 | lr 1.19e-04 | 0.4s
epoch 1686 | loss 13.4816 | lr 1.18e-04 | 0.4s
epoch 1687 | loss 13.5611 | lr 1.18e-04 | 0.4s
epoch 1688 | loss 13.4212 | lr 1.17e-04 | 0.4s
epoch 1689 | loss 13.4832 | lr 1.16e-04 | 0.4s
epoch 1690 | loss 13.5143 | lr 1.16e-04 | 0.4s
epoch 1691 | loss 13.4620 | lr 1.15e-04 | 0.4s
epoch 1692 | loss 13.5332 | lr 1.14e-04 | 0.4s
epoch 1693 | loss 13.4872 | lr 1.13e-04 | 0.4s
epoch 1694 | loss 13.5820 | lr 1.13e-04 | 0.4s
epoch 1695 | loss 13.4247 | lr 1.12e-04 | 0.4s
epoch 1696 | loss 13.4670 | lr 1.11e-04 | 0.4s
epoch 1697 | loss 13.4981 | lr 1.10e-04 | 0.4s
epoch 1698 | loss 13.5454 | lr 1.10e-04 | 0.4s
epoch 1699 | loss 13.4584 | lr 1.09e-04 | 0.4s
epoch 1700 | loss 13.4792 | lr 1.08e-04 | 0.4s
epoch 1701 | loss 13.5018 | lr 1.08e-04 | 0.4s
epoch 1702 | loss 13.4103 | lr 1.07e-04 | 0.4s
epoch 1703 | loss 13.4753 | lr 1.06e-04 | 0.4s
epoch 1704 | loss 13.4849 | lr 1.05e-04 | 0.4s
epoch 1705 | loss 13.5053 | lr 1.05e-04 | 0.4s
epoch 1706 | loss 13.5773 | lr 1.04e-04 | 0.4s
epoch 1707 | loss 13.4558 | lr 1.03e-04 | 0.4s
epoch 1708 | loss 13.4701 | lr 1.03e-04 | 0.4s
epoch 1709 | loss 13.4392 | lr 1.02e-04 | 0.4s
epoch 1710 | loss 13.3940 | lr 1.01e-04 | 0.4s
epoch 1711 | loss 13.4811 | lr 1.01e-04 | 0.4s
epoch 1712 | loss 13.4177 | lr 9.99e-05 | 0.4s
epoch 1713 | loss 13.5111 | lr 9.92e-05 | 0.4s
epoch 1714 | loss 13.5049 | lr 9.85e-05 | 0.4s
epoch 1715 | loss 13.5482 | lr 9.79e-05 | 0.4s
epoch 1716 | loss 13.5358 | lr 9.72e-05 | 0.4s
epoch 1717 | loss 13.4687 | lr 9.65e-05 | 0.4s
epoch 1718 | loss 13.5674 | lr 9.58e-05 | 0.4s
epoch 1719 | loss 13.4170 | lr 9.52e-05 | 0.4s
epoch 1720 | loss 13.4555 | lr 9.45e-05 | 0.4s
epoch 1721 | loss 13.5145 | lr 9.38e-05 | 0.4s
epoch 1722 | loss 13.4628 | lr 9.32e-05 | 0.4s
epoch 1723 | loss 13.4278 | lr 9.25e-05 | 0.4s
epoch 1724 | loss 13.4515 | lr 9.19e-05 | 0.4s
epoch 1725 | loss 13.4381 | lr 9.12e-05 | 0.4s
epoch 1726 | loss 13.5148 | lr 9.05e-05 | 0.4s
epoch 1727 | loss 13.4714 | lr 8.99e-05 | 0.4s
epoch 1728 | loss 13.4783 | lr 8.92e-05 | 0.4s
epoch 1729 | loss 13.4993 | lr 8.86e-05 | 0.4s
epoch 1730 | loss 13.5084 | lr 8.80e-05 | 0.4s
epoch 1731 | loss 13.5459 | lr 8.73e-05 | 0.4s
epoch 1732 | loss 13.3966 | lr 8.67e-05 | 0.4s
epoch 1733 | loss 13.5209 | lr 8.60e-05 | 0.4s
epoch 1734 | loss 13.4758 | lr 8.54e-05 | 0.4s
epoch 1735 | loss 13.4951 | lr 8.48e-05 | 0.4s
epoch 1736 | loss 13.4684 | lr 8.41e-05 | 0.4s
epoch 1737 | loss 13.4361 | lr 8.35e-05 | 0.4s
epoch 1738 | loss 13.4434 | lr 8.29e-05 | 0.4s
epoch 1739 | loss 13.4770 | lr 8.22e-05 | 0.4s
epoch 1740 | loss 13.4679 | lr 8.16e-05 | 0.4s
epoch 1741 | loss 13.5137 | lr 8.10e-05 | 0.4s
epoch 1742 | loss 13.4743 | lr 8.04e-05 | 0.4s
epoch 1743 | loss 13.5024 | lr 7.98e-05 | 0.4s
epoch 1744 | loss 13.5228 | lr 7.92e-05 | 0.4s
epoch 1745 | loss 13.4482 | lr 7.85e-05 | 0.4s
epoch 1746 | loss 13.5407 | lr 7.79e-05 | 0.4s
epoch 1747 | loss 13.4862 | lr 7.73e-05 | 0.4s
epoch 1748 | loss 13.5269 | lr 7.67e-05 | 0.4s
epoch 1749 | loss 13.4338 | lr 7.61e-05 | 0.4s
epoch 1750 | loss 13.5065 | lr 7.55e-05 | 0.4s
epoch 1751 | loss 13.4126 | lr 7.49e-05 | 0.4s
epoch 1752 | loss 13.4658 | lr 7.43e-05 | 0.4s
epoch 1753 | loss 13.4659 | lr 7.37e-05 | 0.4s
epoch 1754 | loss 13.4555 | lr 7.31e-05 | 0.4s
epoch 1755 | loss 13.5262 | lr 7.26e-05 | 0.4s
epoch 1756 | loss 13.5169 | lr 7.20e-05 | 0.4s
epoch 1757 | loss 13.4907 | lr 7.14e-05 | 0.4s
epoch 1758 | loss 13.4352 | lr 7.08e-05 | 0.4s
epoch 1759 | loss 13.4506 | lr 7.02e-05 | 0.4s
epoch 1760 | loss 13.4679 | lr 6.96e-05 | 0.4s
epoch 1761 | loss 13.4937 | lr 6.91e-05 | 0.4s
epoch 1762 | loss 13.4772 | lr 6.85e-05 | 0.4s
epoch 1763 | loss 13.4677 | lr 6.79e-05 | 0.4s
epoch 1764 | loss 13.5181 | lr 6.74e-05 | 0.4s
epoch 1765 | loss 13.5220 | lr 6.68e-05 | 0.4s
epoch 1766 | loss 13.5143 | lr 6.62e-05 | 0.4s
epoch 1767 | loss 13.4933 | lr 6.57e-05 | 0.4s
epoch 1768 | loss 13.4308 | lr 6.51e-05 | 0.4s
epoch 1769 | loss 13.5124 | lr 6.46e-05 | 0.4s
epoch 1770 | loss 13.5978 | lr 6.40e-05 | 0.4s
epoch 1771 | loss 13.4447 | lr 6.35e-05 | 0.4s
epoch 1772 | loss 13.5580 | lr 6.29e-05 | 0.4s
epoch 1773 | loss 13.3683 | lr 6.24e-05 | 0.4s
epoch 1774 | loss 13.4671 | lr 6.18e-05 | 0.4s
epoch 1775 | loss 13.4876 | lr 6.13e-05 | 0.4s
epoch 1776 | loss 13.5318 | lr 6.07e-05 | 0.4s
epoch 1777 | loss 13.4823 | lr 6.02e-05 | 0.4s
epoch 1778 | loss 13.5184 | lr 5.97e-05 | 0.4s
epoch 1779 | loss 13.5349 | lr 5.91e-05 | 0.4s
epoch 1780 | loss 13.4133 | lr 5.86e-05 | 0.4s
epoch 1781 | loss 13.4962 | lr 5.81e-05 | 0.4s
epoch 1782 | loss 13.4479 | lr 5.75e-05 | 0.4s
epoch 1783 | loss 13.3856 | lr 5.70e-05 | 0.4s
epoch 1784 | loss 13.4631 | lr 5.65e-05 | 0.4s
epoch 1785 | loss 13.5020 | lr 5.60e-05 | 0.4s
epoch 1786 | loss 13.4835 | lr 5.55e-05 | 0.4s
epoch 1787 | loss 13.5528 | lr 5.49e-05 | 0.4s
epoch 1788 | loss 13.4958 | lr 5.44e-05 | 0.4s
epoch 1789 | loss 13.5008 | lr 5.39e-05 | 0.4s
epoch 1790 | loss 13.3966 | lr 5.34e-05 | 0.4s
epoch 1791 | loss 13.4716 | lr 5.29e-05 | 0.4s
epoch 1792 | loss 13.5330 | lr 5.24e-05 | 0.4s
epoch 1793 | loss 13.4655 | lr 5.19e-05 | 0.4s
epoch 1794 | loss 13.5395 | lr 5.14e-05 | 0.4s
epoch 1795 | loss 13.4944 | lr 5.09e-05 | 0.4s
epoch 1796 | loss 13.4662 | lr 5.04e-05 | 0.4s
epoch 1797 | loss 13.4477 | lr 4.99e-05 | 0.4s
epoch 1798 | loss 13.5055 | lr 4.94e-05 | 0.4s
epoch 1799 | loss 13.5507 | lr 4.89e-05 | 0.4s
epoch 1800 | loss 13.5153 | lr 4.85e-05 | 0.4s
epoch 1801 | loss 13.4250 | lr 4.80e-05 | 0.4s
epoch 1802 | loss 13.4472 | lr 4.75e-05 | 0.4s
epoch 1803 | loss 13.4707 | lr 4.70e-05 | 0.4s
epoch 1804 | loss 13.5220 | lr 4.65e-05 | 0.4s
epoch 1805 | loss 13.4489 | lr 4.61e-05 | 0.4s
epoch 1806 | loss 13.4572 | lr 4.56e-05 | 0.4s
epoch 1807 | loss 13.5314 | lr 4.51e-05 | 0.4s
epoch 1808 | loss 13.5013 | lr 4.47e-05 | 0.4s
epoch 1809 | loss 13.5594 | lr 4.42e-05 | 0.4s
epoch 1810 | loss 13.5154 | lr 4.37e-05 | 0.4s
epoch 1811 | loss 13.4725 | lr 4.33e-05 | 0.4s
epoch 1812 | loss 13.4399 | lr 4.28e-05 | 0.4s
epoch 1813 | loss 13.4509 | lr 4.24e-05 | 0.4s
epoch 1814 | loss 13.5044 | lr 4.19e-05 | 0.4s
epoch 1815 | loss 13.4401 | lr 4.15e-05 | 0.4s
epoch 1816 | loss 13.4926 | lr 4.10e-05 | 0.4s
epoch 1817 | loss 13.4658 | lr 4.06e-05 | 0.4s
epoch 1818 | loss 13.4381 | lr 4.01e-05 | 0.4s
epoch 1819 | loss 13.4250 | lr 3.97e-05 | 0.4s
epoch 1820 | loss 13.5197 | lr 3.93e-05 | 0.4s
epoch 1821 | loss 13.5267 | lr 3.88e-05 | 0.4s
epoch 1822 | loss 13.5038 | lr 3.84e-05 | 0.4s
epoch 1823 | loss 13.4320 | lr 3.80e-05 | 0.4s
epoch 1824 | loss 13.5231 | lr 3.75e-05 | 0.4s
epoch 1825 | loss 13.5117 | lr 3.71e-05 | 0.4s
epoch 1826 | loss 13.5054 | lr 3.67e-05 | 0.4s
epoch 1827 | loss 13.5313 | lr 3.63e-05 | 0.4s
epoch 1828 | loss 13.5174 | lr 3.59e-05 | 0.4s
epoch 1829 | loss 13.5257 | lr 3.54e-05 | 0.4s
epoch 1830 | loss 13.4783 | lr 3.50e-05 | 0.4s
epoch 1831 | loss 13.5037 | lr 3.46e-05 | 0.4s
epoch 1832 | loss 13.4614 | lr 3.42e-05 | 0.4s
epoch 1833 | loss 13.5230 | lr 3.38e-05 | 0.4s
epoch 1834 | loss 13.5064 | lr 3.34e-05 | 0.4s
epoch 1835 | loss 13.5199 | lr 3.30e-05 | 0.4s
epoch 1836 | loss 13.4187 | lr 3.26e-05 | 0.4s
epoch 1837 | loss 13.4904 | lr 3.22e-05 | 0.4s
epoch 1838 | loss 13.5392 | lr 3.18e-05 | 0.4s
epoch 1839 | loss 13.4649 | lr 3.14e-05 | 0.4s
epoch 1840 | loss 13.4364 | lr 3.10e-05 | 0.4s
epoch 1841 | loss 13.5461 | lr 3.06e-05 | 0.4s
epoch 1842 | loss 13.4590 | lr 3.03e-05 | 0.4s
epoch 1843 | loss 13.4924 | lr 2.99e-05 | 0.4s
epoch 1844 | loss 13.3732 | lr 2.95e-05 | 0.4s
epoch 1845 | loss 13.5037 | lr 2.91e-05 | 0.4s
epoch 1846 | loss 13.4790 | lr 2.87e-05 | 0.4s
epoch 1847 | loss 13.5024 | lr 2.84e-05 | 0.4s
epoch 1848 | loss 13.4692 | lr 2.80e-05 | 0.4s
epoch 1849 | loss 13.4990 | lr 2.76e-05 | 0.4s
epoch 1850 | loss 13.4776 | lr 2.73e-05 | 0.4s
epoch 1851 | loss 13.4565 | lr 2.69e-05 | 0.4s
epoch 1852 | loss 13.4686 | lr 2.65e-05 | 0.4s
epoch 1853 | loss 13.5091 | lr 2.62e-05 | 0.4s
epoch 1854 | loss 13.5561 | lr 2.58e-05 | 0.4s
epoch 1855 | loss 13.4356 | lr 2.55e-05 | 0.4s
epoch 1856 | loss 13.4470 | lr 2.51e-05 | 0.4s
epoch 1857 | loss 13.5392 | lr 2.48e-05 | 0.4s
epoch 1858 | loss 13.5600 | lr 2.44e-05 | 0.4s
epoch 1859 | loss 13.4331 | lr 2.41e-05 | 0.4s
epoch 1860 | loss 13.4635 | lr 2.37e-05 | 0.4s
epoch 1861 | loss 13.4746 | lr 2.34e-05 | 0.4s
epoch 1862 | loss 13.4792 | lr 2.31e-05 | 0.4s
epoch 1863 | loss 13.4572 | lr 2.27e-05 | 0.4s
epoch 1864 | loss 13.5194 | lr 2.24e-05 | 0.4s
epoch 1865 | loss 13.4449 | lr 2.21e-05 | 0.4s
epoch 1866 | loss 13.5286 | lr 2.17e-05 | 0.4s
epoch 1867 | loss 13.4798 | lr 2.14e-05 | 0.4s
epoch 1868 | loss 13.4985 | lr 2.11e-05 | 0.4s
epoch 1869 | loss 13.3610 | lr 2.08e-05 | 0.4s
epoch 1870 | loss 13.5494 | lr 2.05e-05 | 0.4s
epoch 1871 | loss 13.3852 | lr 2.01e-05 | 0.4s
epoch 1872 | loss 13.5150 | lr 1.98e-05 | 0.4s
epoch 1873 | loss 13.4508 | lr 1.95e-05 | 0.4s
epoch 1874 | loss 13.5153 | lr 1.92e-05 | 0.4s
epoch 1875 | loss 13.3904 | lr 1.89e-05 | 0.4s
epoch 1876 | loss 13.4990 | lr 1.86e-05 | 0.4s
epoch 1877 | loss 13.4832 | lr 1.83e-05 | 0.4s
epoch 1878 | loss 13.3965 | lr 1.80e-05 | 0.4s
epoch 1879 | loss 13.4481 | lr 1.77e-05 | 0.4s
epoch 1880 | loss 13.5041 | lr 1.74e-05 | 0.4s
epoch 1881 | loss 13.4384 | lr 1.71e-05 | 0.4s
epoch 1882 | loss 13.4411 | lr 1.68e-05 | 0.4s
epoch 1883 | loss 13.5502 | lr 1.66e-05 | 0.4s
epoch 1884 | loss 13.5400 | lr 1.63e-05 | 0.4s
epoch 1885 | loss 13.4807 | lr 1.60e-05 | 0.4s
epoch 1886 | loss 13.4717 | lr 1.57e-05 | 0.4s
epoch 1887 | loss 13.4666 | lr 1.54e-05 | 0.4s
epoch 1888 | loss 13.4688 | lr 1.52e-05 | 0.4s
epoch 1889 | loss 13.5063 | lr 1.49e-05 | 0.4s
epoch 1890 | loss 13.5260 | lr 1.46e-05 | 0.4s
epoch 1891 | loss 13.4512 | lr 1.44e-05 | 0.4s
epoch 1892 | loss 13.4109 | lr 1.41e-05 | 0.4s
epoch 1893 | loss 13.5003 | lr 1.38e-05 | 0.4s
epoch 1894 | loss 13.4353 | lr 1.36e-05 | 0.4s
epoch 1895 | loss 13.5218 | lr 1.33e-05 | 0.4s
epoch 1896 | loss 13.4503 | lr 1.31e-05 | 0.4s
epoch 1897 | loss 13.4825 | lr 1.28e-05 | 0.4s
epoch 1898 | loss 13.5480 | lr 1.26e-05 | 0.4s
epoch 1899 | loss 13.5175 | lr 1.23e-05 | 0.4s
epoch 1900 | loss 13.4827 | lr 1.21e-05 | 0.4s
epoch 1901 | loss 13.4752 | lr 1.18e-05 | 0.4s
epoch 1902 | loss 13.5416 | lr 1.16e-05 | 0.4s
epoch 1903 | loss 13.5771 | lr 1.13e-05 | 0.4s
epoch 1904 | loss 13.4572 | lr 1.11e-05 | 0.4s
epoch 1905 | loss 13.4300 | lr 1.09e-05 | 0.4s
epoch 1906 | loss 13.4949 | lr 1.07e-05 | 0.4s
epoch 1907 | loss 13.4947 | lr 1.04e-05 | 0.4s
epoch 1908 | loss 13.4778 | lr 1.02e-05 | 0.4s
epoch 1909 | loss 13.5103 | lr 9.98e-06 | 0.4s
epoch 1910 | loss 13.4481 | lr 9.76e-06 | 0.4s
epoch 1911 | loss 13.4628 | lr 9.54e-06 | 0.4s
epoch 1912 | loss 13.4994 | lr 9.32e-06 | 0.4s
epoch 1913 | loss 13.5553 | lr 9.11e-06 | 0.4s
epoch 1914 | loss 13.5164 | lr 8.90e-06 | 0.4s
epoch 1915 | loss 13.4669 | lr 8.69e-06 | 0.4s
epoch 1916 | loss 13.4788 | lr 8.49e-06 | 0.4s
epoch 1917 | loss 13.4640 | lr 8.28e-06 | 0.4s
epoch 1918 | loss 13.4654 | lr 8.08e-06 | 0.4s
epoch 1919 | loss 13.5213 | lr 7.89e-06 | 0.4s
epoch 1920 | loss 13.5041 | lr 7.69e-06 | 0.4s
epoch 1921 | loss 13.4594 | lr 7.50e-06 | 0.4s
epoch 1922 | loss 13.5106 | lr 7.31e-06 | 0.4s
epoch 1923 | loss 13.4814 | lr 7.12e-06 | 0.4s
epoch 1924 | loss 13.4515 | lr 6.93e-06 | 0.4s
epoch 1925 | loss 13.5069 | lr 6.75e-06 | 0.4s
epoch 1926 | loss 13.3943 | lr 6.57e-06 | 0.4s
epoch 1927 | loss 13.5346 | lr 6.39e-06 | 0.4s
epoch 1928 | loss 13.4983 | lr 6.21e-06 | 0.4s
epoch 1929 | loss 13.4760 | lr 6.04e-06 | 0.4s
epoch 1930 | loss 13.4630 | lr 5.87e-06 | 0.4s
epoch 1931 | loss 13.4987 | lr 5.70e-06 | 0.4s
epoch 1932 | loss 13.4795 | lr 5.53e-06 | 0.4s
epoch 1933 | loss 13.4629 | lr 5.37e-06 | 0.4s
epoch 1934 | loss 13.4849 | lr 5.21e-06 | 0.4s
epoch 1935 | loss 13.5310 | lr 5.05e-06 | 0.4s
epoch 1936 | loss 13.5028 | lr 4.89e-06 | 0.4s
epoch 1937 | loss 13.4892 | lr 4.74e-06 | 0.4s
epoch 1938 | loss 13.4671 | lr 4.59e-06 | 0.4s
epoch 1939 | loss 13.4227 | lr 4.44e-06 | 0.4s
epoch 1940 | loss 13.5630 | lr 4.29e-06 | 0.4s
epoch 1941 | loss 13.5357 | lr 4.15e-06 | 0.4s
epoch 1942 | loss 13.5145 | lr 4.01e-06 | 0.4s
epoch 1943 | loss 13.5075 | lr 3.87e-06 | 0.4s
epoch 1944 | loss 13.5384 | lr 3.73e-06 | 0.4s
epoch 1945 | loss 13.4632 | lr 3.60e-06 | 0.4s
epoch 1946 | loss 13.4896 | lr 3.46e-06 | 0.4s
epoch 1947 | loss 13.5169 | lr 3.33e-06 | 0.4s
epoch 1948 | loss 13.4811 | lr 3.21e-06 | 0.4s
epoch 1949 | loss 13.5018 | lr 3.08e-06 | 0.4s
epoch 1950 | loss 13.4753 | lr 2.96e-06 | 0.4s
epoch 1951 | loss 13.4451 | lr 2.84e-06 | 0.4s
epoch 1952 | loss 13.4429 | lr 2.72e-06 | 0.4s
epoch 1953 | loss 13.4463 | lr 2.61e-06 | 0.4s
epoch 1954 | loss 13.5158 | lr 2.50e-06 | 0.4s
epoch 1955 | loss 13.5854 | lr 2.39e-06 | 0.4s
epoch 1956 | loss 13.5331 | lr 2.28e-06 | 0.4s
epoch 1957 | loss 13.5117 | lr 2.18e-06 | 0.4s
epoch 1958 | loss 13.5203 | lr 2.07e-06 | 0.4s
epoch 1959 | loss 13.5085 | lr 1.97e-06 | 0.4s
epoch 1960 | loss 13.5360 | lr 1.88e-06 | 0.4s
epoch 1961 | loss 13.4042 | lr 1.78e-06 | 0.4s
epoch 1962 | loss 13.4637 | lr 1.69e-06 | 0.4s
epoch 1963 | loss 13.6053 | lr 1.60e-06 | 0.4s
epoch 1964 | loss 13.5300 | lr 1.51e-06 | 0.4s
epoch 1965 | loss 13.5064 | lr 1.43e-06 | 0.4s
epoch 1966 | loss 13.5054 | lr 1.34e-06 | 0.4s
epoch 1967 | loss 13.4595 | lr 1.26e-06 | 0.4s
epoch 1968 | loss 13.5355 | lr 1.19e-06 | 0.4s
epoch 1969 | loss 13.5523 | lr 1.11e-06 | 0.4s
epoch 1970 | loss 13.4403 | lr 1.04e-06 | 0.4s
epoch 1971 | loss 13.5343 | lr 9.67e-07 | 0.4s
epoch 1972 | loss 13.4177 | lr 8.99e-07 | 0.4s
epoch 1973 | loss 13.4352 | lr 8.34e-07 | 0.4s
epoch 1974 | loss 13.5784 | lr 7.71e-07 | 0.4s
epoch 1975 | loss 13.4585 | lr 7.11e-07 | 0.4s
epoch 1976 | loss 13.5617 | lr 6.53e-07 | 0.4s
epoch 1977 | loss 13.4660 | lr 5.97e-07 | 0.4s
epoch 1978 | loss 13.4513 | lr 5.44e-07 | 0.4s
epoch 1979 | loss 13.4595 | lr 4.93e-07 | 0.4s
epoch 1980 | loss 13.4484 | lr 4.45e-07 | 0.4s
epoch 1981 | loss 13.4334 | lr 4.00e-07 | 0.4s
epoch 1982 | loss 13.5109 | lr 3.57e-07 | 0.4s
epoch 1983 | loss 13.5498 | lr 3.16e-07 | 0.4s
epoch 1984 | loss 13.3799 | lr 2.78e-07 | 0.4s
epoch 1985 | loss 13.5508 | lr 2.42e-07 | 0.4s
epoch 1986 | loss 13.4677 | lr 2.08e-07 | 0.4s
epoch 1987 | loss 13.5490 | lr 1.78e-07 | 0.4s
epoch 1988 | loss 13.4549 | lr 1.49e-07 | 0.4s
epoch 1989 | loss 13.4378 | lr 1.23e-07 | 0.4s
epoch 1990 | loss 13.5144 | lr 9.99e-08 | 0.4s
epoch 1991 | loss 13.4473 | lr 7.90e-08 | 0.4s
epoch 1992 | loss 13.4848 | lr 6.05e-08 | 0.4s
epoch 1993 | loss 13.5118 | lr 4.44e-08 | 0.4s
epoch 1994 | loss 13.4493 | lr 3.08e-08 | 0.4s
epoch 1995 | loss 13.5148 | lr 1.97e-08 | 0.4s
epoch 1996 | loss 13.5230 | lr 1.11e-08 | 0.4s
epoch 1997 | loss 13.4632 | lr 4.93e-09 | 0.4s
epoch 1998 | loss 13.4692 | lr 1.23e-09 | 0.4s
epoch 1999 | loss 13.5111 | lr 0.00e+00 | 0.4s
final loss: 13.5111
