model params: 1,579,649
device: cuda
training: {'n_epochs': 500, 'samples_per_epoch': 1000000, 'batch_size': 16384, 'k_max': 30, 'lr': 0.002, 'weight_decay': 0.0, 'checkpoint_every_epochs': 50, 'n_back': 1, 'loss': 'mse', 'amp': True, 'compile_model': True, 'fused_optimizer': True, 'device': 'cuda', 'seed': 0}
epoch    0 | loss 70.9317 | lr 2.00e-03 | 46.8s
epoch    1 | loss 38.0267 | lr 2.00e-03 | 0.4s
epoch    2 | loss 27.4455 | lr 2.00e-03 | 0.4s
epoch    3 | loss 20.3981 | lr 2.00e-03 | 0.4s
epoch    4 | loss 18.7384 | lr 2.00e-03 | 0.4s
epoch    5 | loss 17.8534 | lr 2.00e-03 | 0.4s
epoch    6 | loss 17.3251 | lr 2.00e-03 | 0.4s
epoch    7 | loss 17.0896 | lr 2.00e-03 | 0.4s
epoch    8 | loss 16.7632 | lr 2.00e-03 | 0.4s
epoch    9 | loss 16.6128 | lr 2.00e-03 | 0.4s
epoch   10 | loss 16.4971 | lr 2.00e-03 | 0.4s
epoch   11 | loss 16.3555 | lr 2.00e-03 | 0.4s
epoch   12 | loss 16.2569 | lr 2.00e-03 | 0.4s
epoch   13 | loss 16.2413 | lr 2.00e-03 | 0.4s
epoch   14 | loss 16.1893 | lr 2.00e-03 | 0.4s
epoch   15 | loss 16.0703 | lr 1.99e-03 | 0.4s
epoch   16 | loss 15.9770 | lr 1.99e-03 | 0.4s
epoch   17 | loss 15.9554 | lr 1.99e-03 | 0.4s
epoch   18 | loss 15.9322 | lr 1.99e-03 | 0.4s
epoch   19 | loss 15.9139 | lr 1.99e-03 | 0.4s
epoch   20 | loss 15.8361 | lr 1.99e-03 | 0.4s
epoch   21 | loss 15.7989 | lr 1.99e-03 | 0.4s
epoch   22 | loss 15.8039 | lr 1.99e-03 | 0.4s
epoch   23 | loss 15.6959 | lr 1.99e-03 | 0.4s
epoch   24 | loss 15.7400 | lr 1.99e-03 | 0.4s
epoch   25 | loss 15.7219 | lr 1.99e-03 | 0.4s
epoch   26 | loss 15.5544 | lr 1.99e-03 | 0.4s
epoch   27 | loss 15.5594 | lr 1.98e-03 | 0.4s
epoch   28 | loss 15.6160 | lr 1.98e-03 | 0.4s
epoch   29 | loss 15.5718 | lr 1.98e-03 | 0.4s
epoch   30 | loss 15.4757 | lr 1.98e-03 | 0.4s
epoch   31 | loss 15.5695 | lr 1.98e-03 | 0.4s
epoch   32 | loss 15.5538 | lr 1.98e-03 | 0.4s
epoch   33 | loss 15.4746 | lr 1.98e-03 | 0.4s
epoch   34 | loss 15.5858 | lr 1.98e-03 | 0.4s
epoch   35 | loss 15.5133 | lr 1.97e-03 | 0.4s
epoch   36 | loss 15.5803 | lr 1.97e-03 | 0.4s
epoch   37 | loss 15.5095 | lr 1.97e-03 | 0.4s
epoch   38 | loss 15.4552 | lr 1.97e-03 | 0.4s
epoch   39 | loss 15.4434 | lr 1.97e-03 | 0.4s
epoch   40 | loss 15.4809 | lr 1.97e-03 | 0.4s
epoch   41 | loss 15.3094 | lr 1.97e-03 | 0.4s
epoch   42 | loss 15.4168 | lr 1.96e-03 | 0.4s
epoch   43 | loss 15.4880 | lr 1.96e-03 | 0.4s
epoch   44 | loss 15.3279 | lr 1.96e-03 | 0.4s
epoch   45 | loss 15.3855 | lr 1.96e-03 | 0.4s
epoch   46 | loss 15.3390 | lr 1.96e-03 | 0.4s
epoch   47 | loss 15.4458 | lr 1.95e-03 | 0.4s
epoch   48 | loss 15.4130 | lr 1.95e-03 | 0.4s
epoch   49 | loss 15.3424 | lr 1.95e-03 | 0.4s
epoch   50 | loss 15.3208 | lr 1.95e-03 | 0.4s
epoch   51 | loss 15.3782 | lr 1.95e-03 | 0.4s
epoch   52 | loss 15.3364 | lr 1.95e-03 | 0.4s
epoch   53 | loss 15.3564 | lr 1.94e-03 | 0.4s
epoch   54 | loss 15.2576 | lr 1.94e-03 | 0.4s
epoch   55 | loss 15.2902 | lr 1.94e-03 | 0.4s
epoch   56 | loss 15.2861 | lr 1.94e-03 | 0.4s
epoch   57 | loss 15.2339 | lr 1.93e-03 | 0.4s
epoch   58 | loss 15.3032 | lr 1.93e-03 | 0.4s
epoch   59 | loss 15.2739 | lr 1.93e-03 | 0.4s
epoch   60 | loss 15.3310 | lr 1.93e-03 | 0.4s
epoch   61 | loss 15.2609 | lr 1.93e-03 | 0.4s
epoch   62 | loss 15.2169 | lr 1.92e-03 | 0.4s
epoch   63 | loss 15.2767 | lr 1.92e-03 | 0.4s
epoch   64 | loss 15.2911 | lr 1.92e-03 | 0.4s
epoch   65 | loss 15.2908 | lr 1.92e-03 | 0.4s
epoch   66 | loss 15.2445 | lr 1.91e-03 | 0.4s
epoch   67 | loss 15.3342 | lr 1.91e-03 | 0.4s
epoch   68 | loss 15.1163 | lr 1.91e-03 | 0.4s
epoch   69 | loss 15.3640 | lr 1.90e-03 | 0.4s
epoch   70 | loss 15.2054 | lr 1.90e-03 | 0.4s
epoch   71 | loss 15.1851 | lr 1.90e-03 | 0.4s
epoch   72 | loss 15.2673 | lr 1.90e-03 | 0.4s
epoch   73 | loss 15.1693 | lr 1.89e-03 | 0.4s
epoch   74 | loss 15.2856 | lr 1.89e-03 | 0.4s
epoch   75 | loss 15.2166 | lr 1.89e-03 | 0.4s
epoch   76 | loss 15.2488 | lr 1.89e-03 | 0.4s
epoch   77 | loss 15.1593 | lr 1.88e-03 | 0.4s
epoch   78 | loss 15.3270 | lr 1.88e-03 | 0.4s
epoch   79 | loss 15.1531 | lr 1.88e-03 | 0.4s
epoch   80 | loss 15.1239 | lr 1.87e-03 | 0.4s
epoch   81 | loss 15.2107 | lr 1.87e-03 | 0.4s
epoch   82 | loss 15.2162 | lr 1.87e-03 | 0.4s
epoch   83 | loss 15.1609 | lr 1.86e-03 | 0.4s
epoch   84 | loss 15.0901 | lr 1.86e-03 | 0.4s
epoch   85 | loss 15.1681 | lr 1.86e-03 | 0.4s
epoch   86 | loss 15.2003 | lr 1.85e-03 | 0.4s
epoch   87 | loss 15.1246 | lr 1.85e-03 | 0.4s
epoch   88 | loss 15.1468 | lr 1.85e-03 | 0.4s
epoch   89 | loss 15.1020 | lr 1.84e-03 | 0.4s
epoch   90 | loss 15.0513 | lr 1.84e-03 | 0.4s
epoch   91 | loss 15.0620 | lr 1.84e-03 | 0.4s
epoch   92 | loss 15.0764 | lr 1.83e-03 | 0.4s
epoch   93 | loss 15.2056 | lr 1.83e-03 | 0.4s
epoch   94 | loss 15.1393 | lr 1.83e-03 | 0.4s
epoch   95 | loss 15.0184 | lr 1.82e-03 | 0.4s
epoch   96 | loss 15.1106 | lr 1.82e-03 | 0.4s
epoch   97 | loss 15.1504 | lr 1.82e-03 | 0.4s
epoch   98 | loss 15.0161 | lr 1.81e-03 | 0.4s
epoch   99 | loss 15.1217 | lr 1.81e-03 | 0.4s
epoch  100 | loss 15.0940 | lr 1.81e-03 | 0.4s
epoch  101 | loss 15.1520 | lr 1.80e-03 | 0.4s
epoch  102 | loss 15.1128 | lr 1.80e-03 | 0.4s
epoch  103 | loss 14.9829 | lr 1.79e-03 | 0.4s
epoch  104 | loss 15.0140 | lr 1.79e-03 | 0.4s
epoch  105 | loss 15.0502 | lr 1.79e-03 | 0.4s
epoch  106 | loss 15.0988 | lr 1.78e-03 | 0.4s
epoch  107 | loss 15.0280 | lr 1.78e-03 | 0.4s
epoch  108 | loss 15.0667 | lr 1.77e-03 | 0.4s
epoch  109 | loss 15.0817 | lr 1.77e-03 | 0.4s
epoch  110 | loss 15.1340 | lr 1.77e-03 | 0.4s
epoch  111 | loss 15.0604 | lr 1.76e-03 | 0.4s
epoch  112 | loss 14.9888 | lr 1.76e-03 | 0.4s
epoch  113 | loss 15.0337 | lr 1.75e-03 | 0.4s
epoch  114 | loss 14.9944 | lr 1.75e-03 | 0.4s
epoch  115 | loss 15.1053 | lr 1.75e-03 | 0.4s
epoch  116 | loss 14.9862 | lr 1.74e-03 | 0.4s
epoch  117 | loss 14.9759 | lr 1.74e-03 | 0.4s
epoch  118 | loss 15.0570 | lr 1.73e-03 | 0.4s
epoch  119 | loss 14.9896 | lr 1.73e-03 | 0.4s
epoch  120 | loss 15.0150 | lr 1.72e-03 | 0.4s
epoch  121 | loss 14.9852 | lr 1.72e-03 | 0.4s
epoch  122 | loss 14.9860 | lr 1.72e-03 | 0.4s
epoch  123 | loss 15.0120 | lr 1.71e-03 | 0.4s
epoch  124 | loss 14.9198 | lr 1.71e-03 | 0.4s
epoch  125 | loss 14.9308 | lr 1.70e-03 | 0.4s
epoch  126 | loss 14.9385 | lr 1.70e-03 | 0.4s
epoch  127 | loss 14.9202 | lr 1.69e-03 | 0.4s
epoch  128 | loss 14.9764 | lr 1.69e-03 | 0.4s
epoch  129 | loss 14.9987 | lr 1.68e-03 | 0.4s
epoch  130 | loss 14.9579 | lr 1.68e-03 | 0.4s
epoch  131 | loss 15.0436 | lr 1.68e-03 | 0.4s
epoch  132 | loss 14.9226 | lr 1.67e-03 | 0.4s
epoch  133 | loss 14.9566 | lr 1.67e-03 | 0.4s
epoch  134 | loss 14.9101 | lr 1.66e-03 | 0.4s
epoch  135 | loss 14.9816 | lr 1.66e-03 | 0.4s
epoch  136 | loss 14.9325 | lr 1.65e-03 | 0.4s
epoch  137 | loss 15.0154 | lr 1.65e-03 | 0.4s
epoch  138 | loss 14.9159 | lr 1.64e-03 | 0.4s
epoch  139 | loss 14.9799 | lr 1.64e-03 | 0.4s
epoch  140 | loss 14.8624 | lr 1.63e-03 | 0.4s
epoch  141 | loss 15.0019 | lr 1.63e-03 | 0.4s
epoch  142 | loss 14.9381 | lr 1.62e-03 | 0.4s
epoch  143 | loss 14.8564 | lr 1.62e-03 | 0.4s
epoch  144 | loss 14.9344 | lr 1.61e-03 | 0.4s
epoch  145 | loss 14.9631 | lr 1.61e-03 | 0.4s
epoch  146 | loss 14.7820 | lr 1.60e-03 | 0.4s
epoch  147 | loss 14.8958 | lr 1.60e-03 | 0.4s
epoch  148 | loss 14.9423 | lr 1.59e-03 | 0.4s
epoch  149 | loss 14.8653 | lr 1.59e-03 | 0.4s
epoch  150 | loss 14.9476 | lr 1.58e-03 | 0.4s
epoch  151 | loss 14.8911 | lr 1.58e-03 | 0.4s
epoch  152 | loss 14.9401 | lr 1.57e-03 | 0.4s
epoch  153 | loss 14.9733 | lr 1.57e-03 | 0.4s
epoch  154 | loss 14.7867 | lr 1.56e-03 | 0.4s
epoch  155 | loss 14.8282 | lr 1.56e-03 | 0.4s
epoch  156 | loss 14.8335 | lr 1.55e-03 | 0.4s
epoch  157 | loss 14.7709 | lr 1.55e-03 | 0.4s
epoch  158 | loss 14.8766 | lr 1.54e-03 | 0.4s
epoch  159 | loss 14.7728 | lr 1.54e-03 | 0.4s
epoch  160 | loss 14.8300 | lr 1.53e-03 | 0.4s
epoch  161 | loss 14.8529 | lr 1.53e-03 | 0.4s
epoch  162 | loss 14.8101 | lr 1.52e-03 | 0.4s
epoch  163 | loss 14.8639 | lr 1.51e-03 | 0.4s
epoch  164 | loss 14.9567 | lr 1.51e-03 | 0.4s
epoch  165 | loss 14.9207 | lr 1.50e-03 | 0.4s
epoch  166 | loss 14.8637 | lr 1.50e-03 | 0.4s
epoch  167 | loss 14.8162 | lr 1.49e-03 | 0.4s
epoch  168 | loss 14.7341 | lr 1.49e-03 | 0.4s
epoch  169 | loss 14.7874 | lr 1.48e-03 | 0.4s
epoch  170 | loss 14.7450 | lr 1.48e-03 | 0.4s
epoch  171 | loss 14.7407 | lr 1.47e-03 | 0.4s
epoch  172 | loss 14.7995 | lr 1.47e-03 | 0.4s
epoch  173 | loss 14.8231 | lr 1.46e-03 | 0.4s
epoch  174 | loss 14.8433 | lr 1.45e-03 | 0.4s
epoch  175 | loss 14.7658 | lr 1.45e-03 | 0.4s
epoch  176 | loss 14.8736 | lr 1.44e-03 | 0.4s
epoch  177 | loss 14.8097 | lr 1.44e-03 | 0.4s
epoch  178 | loss 14.6886 | lr 1.43e-03 | 0.4s
epoch  179 | loss 14.8174 | lr 1.43e-03 | 0.4s
epoch  180 | loss 14.8216 | lr 1.42e-03 | 0.4s
epoch  181 | loss 14.7456 | lr 1.41e-03 | 0.4s
epoch  182 | loss 14.6726 | lr 1.41e-03 | 0.4s
epoch  183 | loss 14.7250 | lr 1.40e-03 | 0.4s
epoch  184 | loss 14.7427 | lr 1.40e-03 | 0.4s
epoch  185 | loss 14.7868 | lr 1.39e-03 | 0.4s
epoch  186 | loss 14.7754 | lr 1.39e-03 | 0.4s
epoch  187 | loss 14.7496 | lr 1.38e-03 | 0.4s
epoch  188 | loss 14.6363 | lr 1.37e-03 | 0.4s
epoch  189 | loss 14.7343 | lr 1.37e-03 | 0.4s
epoch  190 | loss 14.7866 | lr 1.36e-03 | 0.4s
epoch  191 | loss 14.7447 | lr 1.36e-03 | 0.4s
epoch  192 | loss 14.8391 | lr 1.35e-03 | 0.4s
epoch  193 | loss 14.8040 | lr 1.34e-03 | 0.4s
epoch  194 | loss 14.7442 | lr 1.34e-03 | 0.4s
epoch  195 | loss 14.7673 | lr 1.33e-03 | 0.4s
epoch  196 | loss 14.6628 | lr 1.33e-03 | 0.4s
epoch  197 | loss 14.7628 | lr 1.32e-03 | 0.4s
epoch  198 | loss 14.6764 | lr 1.31e-03 | 0.4s
epoch  199 | loss 14.6827 | lr 1.31e-03 | 0.4s
epoch  200 | loss 14.7726 | lr 1.30e-03 | 0.4s
epoch  201 | loss 14.6899 | lr 1.30e-03 | 0.4s
epoch  202 | loss 14.7319 | lr 1.29e-03 | 0.4s
epoch  203 | loss 14.7179 | lr 1.29e-03 | 0.4s
epoch  204 | loss 14.7760 | lr 1.28e-03 | 0.4s
epoch  205 | loss 14.7915 | lr 1.27e-03 | 0.4s
epoch  206 | loss 14.7086 | lr 1.27e-03 | 0.4s
epoch  207 | loss 14.7113 | lr 1.26e-03 | 0.4s
epoch  208 | loss 14.7272 | lr 1.25e-03 | 0.4s
epoch  209 | loss 14.6548 | lr 1.25e-03 | 0.4s
epoch  210 | loss 14.6593 | lr 1.24e-03 | 0.4s
epoch  211 | loss 14.6526 | lr 1.24e-03 | 0.4s
epoch  212 | loss 14.7396 | lr 1.23e-03 | 0.4s
epoch  213 | loss 14.6640 | lr 1.22e-03 | 0.4s
epoch  214 | loss 14.6577 | lr 1.22e-03 | 0.4s
epoch  215 | loss 14.6263 | lr 1.21e-03 | 0.4s
epoch  216 | loss 14.6150 | lr 1.21e-03 | 0.4s
epoch  217 | loss 14.7528 | lr 1.20e-03 | 0.4s
epoch  218 | loss 14.7714 | lr 1.19e-03 | 0.4s
epoch  219 | loss 14.6503 | lr 1.19e-03 | 0.4s
epoch  220 | loss 14.7152 | lr 1.18e-03 | 0.4s
epoch  221 | loss 14.6612 | lr 1.18e-03 | 0.4s
epoch  222 | loss 14.6130 | lr 1.17e-03 | 0.4s
epoch  223 | loss 14.6848 | lr 1.16e-03 | 0.4s
epoch  224 | loss 14.7187 | lr 1.16e-03 | 0.4s
epoch  225 | loss 14.6846 | lr 1.15e-03 | 0.4s
epoch  226 | loss 14.6142 | lr 1.14e-03 | 0.4s
epoch  227 | loss 14.6600 | lr 1.14e-03 | 0.4s
epoch  228 | loss 14.5185 | lr 1.13e-03 | 0.4s
epoch  229 | loss 14.6352 | lr 1.13e-03 | 0.4s
epoch  230 | loss 14.6421 | lr 1.12e-03 | 0.4s
epoch  231 | loss 14.5673 | lr 1.11e-03 | 0.4s
epoch  232 | loss 14.5339 | lr 1.11e-03 | 0.4s
epoch  233 | loss 14.6081 | lr 1.10e-03 | 0.4s
epoch  234 | loss 14.5848 | lr 1.09e-03 | 0.4s
epoch  235 | loss 14.6625 | lr 1.09e-03 | 0.4s
epoch  236 | loss 14.6660 | lr 1.08e-03 | 0.4s
epoch  237 | loss 14.6703 | lr 1.08e-03 | 0.4s
epoch  238 | loss 14.6726 | lr 1.07e-03 | 0.4s
epoch  239 | loss 14.5401 | lr 1.06e-03 | 0.4s
epoch  240 | loss 14.5557 | lr 1.06e-03 | 0.4s
epoch  241 | loss 14.5654 | lr 1.05e-03 | 0.4s
epoch  242 | loss 14.6622 | lr 1.04e-03 | 0.4s
epoch  243 | loss 14.6073 | lr 1.04e-03 | 0.4s
epoch  244 | loss 14.5609 | lr 1.03e-03 | 0.4s
epoch  245 | loss 14.5504 | lr 1.03e-03 | 0.4s
epoch  246 | loss 14.5660 | lr 1.02e-03 | 0.4s
epoch  247 | loss 14.6272 | lr 1.01e-03 | 0.4s
epoch  248 | loss 14.6255 | lr 1.01e-03 | 0.4s
epoch  249 | loss 14.6421 | lr 1.00e-03 | 0.4s
epoch  250 | loss 14.5308 | lr 9.94e-04 | 0.4s
epoch  251 | loss 14.4686 | lr 9.87e-04 | 0.4s
epoch  252 | loss 14.5352 | lr 9.81e-04 | 0.4s
epoch  253 | loss 14.5917 | lr 9.75e-04 | 0.4s
epoch  254 | loss 14.5922 | lr 9.69e-04 | 0.4s
epoch  255 | loss 14.6172 | lr 9.62e-04 | 0.4s
epoch  256 | loss 14.5972 | lr 9.56e-04 | 0.4s
epoch  257 | loss 14.5280 | lr 9.50e-04 | 0.4s
epoch  258 | loss 14.4768 | lr 9.43e-04 | 0.4s
epoch  259 | loss 14.6114 | lr 9.37e-04 | 0.4s
epoch  260 | loss 14.5306 | lr 9.31e-04 | 0.4s
epoch  261 | loss 14.5225 | lr 9.25e-04 | 0.4s
epoch  262 | loss 14.5277 | lr 9.18e-04 | 0.4s
epoch  263 | loss 14.5802 | lr 9.12e-04 | 0.4s
epoch  264 | loss 14.6429 | lr 9.06e-04 | 0.4s
epoch  265 | loss 14.5405 | lr 9.00e-04 | 0.4s
epoch  266 | loss 14.6265 | lr 8.93e-04 | 0.4s
epoch  267 | loss 14.4683 | lr 8.87e-04 | 0.4s
epoch  268 | loss 14.5621 | lr 8.81e-04 | 0.4s
epoch  269 | loss 14.5432 | lr 8.75e-04 | 0.4s
epoch  270 | loss 14.5201 | lr 8.68e-04 | 0.4s
epoch  271 | loss 14.4796 | lr 8.62e-04 | 0.4s
epoch  272 | loss 14.5003 | lr 8.56e-04 | 0.4s
epoch  273 | loss 14.4517 | lr 8.50e-04 | 0.4s
epoch  274 | loss 14.5138 | lr 8.44e-04 | 0.4s
epoch  275 | loss 14.4880 | lr 8.37e-04 | 0.4s
epoch  276 | loss 14.5296 | lr 8.31e-04 | 0.4s
epoch  277 | loss 14.4521 | lr 8.25e-04 | 0.4s
epoch  278 | loss 14.5339 | lr 8.19e-04 | 0.4s
epoch  279 | loss 14.5291 | lr 8.13e-04 | 0.4s
epoch  280 | loss 14.4922 | lr 8.06e-04 | 0.4s
epoch  281 | loss 14.5062 | lr 8.00e-04 | 0.4s
epoch  282 | loss 14.5237 | lr 7.94e-04 | 0.4s
epoch  283 | loss 14.5412 | lr 7.88e-04 | 0.4s
epoch  284 | loss 14.5191 | lr 7.82e-04 | 0.4s
epoch  285 | loss 14.4853 | lr 7.76e-04 | 0.4s
epoch  286 | loss 14.4260 | lr 7.70e-04 | 0.4s
epoch  287 | loss 14.4965 | lr 7.64e-04 | 0.4s
epoch  288 | loss 14.4695 | lr 7.57e-04 | 0.4s
epoch  289 | loss 14.4829 | lr 7.51e-04 | 0.4s
epoch  290 | loss 14.4724 | lr 7.45e-04 | 0.4s
epoch  291 | loss 14.5012 | lr 7.39e-04 | 0.4s
epoch  292 | loss 14.5088 | lr 7.33e-04 | 0.4s
epoch  293 | loss 14.4311 | lr 7.27e-04 | 0.4s
epoch  294 | loss 14.5251 | lr 7.21e-04 | 0.4s
epoch  295 | loss 14.4671 | lr 7.15e-04 | 0.4s
epoch  296 | loss 14.5543 | lr 7.09e-04 | 0.4s
epoch  297 | loss 14.3888 | lr 7.03e-04 | 0.4s
epoch  298 | loss 14.5638 | lr 6.97e-04 | 0.4s
epoch  299 | loss 14.5157 | lr 6.91e-04 | 0.4s
epoch  300 | loss 14.5697 | lr 6.85e-04 | 0.4s
epoch  301 | loss 14.5184 | lr 6.79e-04 | 0.4s
epoch  302 | loss 14.4783 | lr 6.73e-04 | 0.4s
epoch  303 | loss 14.5339 | lr 6.67e-04 | 0.4s
epoch  304 | loss 14.5671 | lr 6.61e-04 | 0.4s
epoch  305 | loss 14.5281 | lr 6.55e-04 | 0.4s
epoch  306 | loss 14.5788 | lr 6.49e-04 | 0.4s
epoch  307 | loss 14.4953 | lr 6.44e-04 | 0.4s
epoch  308 | loss 14.3673 | lr 6.38e-04 | 0.4s
epoch  309 | loss 14.4311 | lr 6.32e-04 | 0.4s
epoch  310 | loss 14.4407 | lr 6.26e-04 | 0.4s
epoch  311 | loss 14.4775 | lr 6.20e-04 | 0.4s
epoch  312 | loss 14.4513 | lr 6.14e-04 | 0.4s
epoch  313 | loss 14.4908 | lr 6.09e-04 | 0.4s
epoch  314 | loss 14.4139 | lr 6.03e-04 | 0.4s
epoch  315 | loss 14.4991 | lr 5.97e-04 | 0.4s
epoch  316 | loss 14.4426 | lr 5.91e-04 | 0.4s
epoch  317 | loss 14.3484 | lr 5.86e-04 | 0.4s
epoch  318 | loss 14.4540 | lr 5.80e-04 | 0.4s
epoch  319 | loss 14.5063 | lr 5.74e-04 | 0.4s
epoch  320 | loss 14.4619 | lr 5.69e-04 | 0.4s
epoch  321 | loss 14.3962 | lr 5.63e-04 | 0.4s
epoch  322 | loss 14.4598 | lr 5.57e-04 | 0.4s
epoch  323 | loss 14.3864 | lr 5.52e-04 | 0.4s
epoch  324 | loss 14.4525 | lr 5.46e-04 | 0.4s
epoch  325 | loss 14.4490 | lr 5.40e-04 | 0.4s
epoch  326 | loss 14.3934 | lr 5.35e-04 | 0.4s
epoch  327 | loss 14.3861 | lr 5.29e-04 | 0.4s
epoch  328 | loss 14.4094 | lr 5.24e-04 | 0.4s
epoch  329 | loss 14.3897 | lr 5.18e-04 | 0.4s
epoch  330 | loss 14.4242 | lr 5.13e-04 | 0.4s
epoch  331 | loss 14.4588 | lr 5.07e-04 | 0.4s
epoch  332 | loss 14.4579 | lr 5.02e-04 | 0.4s
epoch  333 | loss 14.4145 | lr 4.96e-04 | 0.4s
epoch  334 | loss 14.4991 | lr 4.91e-04 | 0.4s
epoch  335 | loss 14.4506 | lr 4.86e-04 | 0.4s
epoch  336 | loss 14.4481 | lr 4.80e-04 | 0.4s
epoch  337 | loss 14.3856 | lr 4.75e-04 | 0.4s
epoch  338 | loss 14.4842 | lr 4.69e-04 | 0.4s
epoch  339 | loss 14.5050 | lr 4.64e-04 | 0.4s
epoch  340 | loss 14.4285 | lr 4.59e-04 | 0.4s
epoch  341 | loss 14.4137 | lr 4.54e-04 | 0.4s
epoch  342 | loss 14.3633 | lr 4.48e-04 | 0.4s
epoch  343 | loss 14.4470 | lr 4.43e-04 | 0.4s
epoch  344 | loss 14.3449 | lr 4.38e-04 | 0.4s
epoch  345 | loss 14.4244 | lr 4.33e-04 | 0.4s
epoch  346 | loss 14.4436 | lr 4.28e-04 | 0.4s
epoch  347 | loss 14.4656 | lr 4.22e-04 | 0.4s
epoch  348 | loss 14.3119 | lr 4.17e-04 | 0.4s
epoch  349 | loss 14.4620 | lr 4.12e-04 | 0.4s
epoch  350 | loss 14.3991 | lr 4.07e-04 | 0.4s
epoch  351 | loss 14.4304 | lr 4.02e-04 | 0.4s
epoch  352 | loss 14.3897 | lr 3.97e-04 | 0.4s
epoch  353 | loss 14.5081 | lr 3.92e-04 | 0.4s
epoch  354 | loss 14.4484 | lr 3.87e-04 | 0.4s
epoch  355 | loss 14.4085 | lr 3.82e-04 | 0.4s
epoch  356 | loss 14.3450 | lr 3.77e-04 | 0.4s
epoch  357 | loss 14.4655 | lr 3.72e-04 | 0.4s
epoch  358 | loss 14.3816 | lr 3.67e-04 | 0.4s
epoch  359 | loss 14.3880 | lr 3.63e-04 | 0.4s
epoch  360 | loss 14.4343 | lr 3.58e-04 | 0.4s
epoch  361 | loss 14.4224 | lr 3.53e-04 | 0.4s
epoch  362 | loss 14.4083 | lr 3.48e-04 | 0.4s
epoch  363 | loss 14.3547 | lr 3.43e-04 | 0.4s
epoch  364 | loss 14.4188 | lr 3.39e-04 | 0.4s
epoch  365 | loss 14.3112 | lr 3.34e-04 | 0.4s
epoch  366 | loss 14.4528 | lr 3.29e-04 | 0.4s
epoch  367 | loss 14.3947 | lr 3.25e-04 | 0.4s
epoch  368 | loss 14.4054 | lr 3.20e-04 | 0.4s
epoch  369 | loss 14.4219 | lr 3.15e-04 | 0.4s
epoch  370 | loss 14.4344 | lr 3.11e-04 | 0.4s
epoch  371 | loss 14.3603 | lr 3.06e-04 | 0.4s
epoch  372 | loss 14.3829 | lr 3.02e-04 | 0.4s
epoch  373 | loss 14.4182 | lr 2.97e-04 | 0.4s
epoch  374 | loss 14.3570 | lr 2.93e-04 | 0.4s
epoch  375 | loss 14.3053 | lr 2.88e-04 | 0.4s
epoch  376 | loss 14.4155 | lr 2.84e-04 | 0.4s
epoch  377 | loss 14.3553 | lr 2.80e-04 | 0.4s
epoch  378 | loss 14.3469 | lr 2.75e-04 | 0.4s
epoch  379 | loss 14.2623 | lr 2.71e-04 | 0.4s
epoch  380 | loss 14.3326 | lr 2.67e-04 | 0.4s
epoch  381 | loss 14.3382 | lr 2.62e-04 | 0.4s
epoch  382 | loss 14.3391 | lr 2.58e-04 | 0.4s
epoch  383 | loss 14.3233 | lr 2.54e-04 | 0.4s
epoch  384 | loss 14.3282 | lr 2.50e-04 | 0.4s
epoch  385 | loss 14.3264 | lr 2.46e-04 | 0.4s
epoch  386 | loss 14.3856 | lr 2.42e-04 | 0.4s
epoch  387 | loss 14.3778 | lr 2.38e-04 | 0.4s
epoch  388 | loss 14.4478 | lr 2.34e-04 | 0.4s
epoch  389 | loss 14.3316 | lr 2.29e-04 | 0.4s
epoch  390 | loss 14.3550 | lr 2.25e-04 | 0.4s
epoch  391 | loss 14.3543 | lr 2.22e-04 | 0.4s
epoch  392 | loss 14.3475 | lr 2.18e-04 | 0.4s
epoch  393 | loss 14.3918 | lr 2.14e-04 | 0.4s
epoch  394 | loss 14.2614 | lr 2.10e-04 | 0.4s
epoch  395 | loss 14.4315 | lr 2.06e-04 | 0.4s
epoch  396 | loss 14.2804 | lr 2.02e-04 | 0.4s
epoch  397 | loss 14.3431 | lr 1.98e-04 | 0.4s
epoch  398 | loss 14.2885 | lr 1.95e-04 | 0.4s
epoch  399 | loss 14.3630 | lr 1.91e-04 | 0.4s
epoch  400 | loss 14.4079 | lr 1.87e-04 | 0.4s
epoch  401 | loss 14.3151 | lr 1.84e-04 | 0.4s
epoch  402 | loss 14.3295 | lr 1.80e-04 | 0.4s
epoch  403 | loss 14.3497 | lr 1.76e-04 | 0.4s
epoch  404 | loss 14.3565 | lr 1.73e-04 | 0.4s
epoch  405 | loss 14.3070 | lr 1.69e-04 | 0.4s
epoch  406 | loss 14.3984 | lr 1.66e-04 | 0.4s
epoch  407 | loss 14.4065 | lr 1.62e-04 | 0.4s
epoch  408 | loss 14.2598 | lr 1.59e-04 | 0.4s
epoch  409 | loss 14.3239 | lr 1.56e-04 | 0.4s
epoch  410 | loss 14.3024 | lr 1.52e-04 | 0.4s
epoch  411 | loss 14.3403 | lr 1.49e-04 | 0.4s
epoch  412 | loss 14.3352 | lr 1.46e-04 | 0.4s
epoch  413 | loss 14.3875 | lr 1.42e-04 | 0.4s
epoch  414 | loss 14.3116 | lr 1.39e-04 | 0.4s
epoch  415 | loss 14.3479 | lr 1.36e-04 | 0.4s
epoch  416 | loss 14.3475 | lr 1.33e-04 | 0.4s
epoch  417 | loss 14.3665 | lr 1.30e-04 | 0.4s
epoch  418 | loss 14.3068 | lr 1.27e-04 | 0.4s
epoch  419 | loss 14.2981 | lr 1.24e-04 | 0.4s
epoch  420 | loss 14.2956 | lr 1.21e-04 | 0.4s
epoch  421 | loss 14.3022 | lr 1.18e-04 | 0.4s
epoch  422 | loss 14.3768 | lr 1.15e-04 | 0.4s
epoch  423 | loss 14.4248 | lr 1.12e-04 | 0.4s
epoch  424 | loss 14.3314 | lr 1.09e-04 | 0.4s
epoch  425 | loss 14.3065 | lr 1.06e-04 | 0.4s
epoch  426 | loss 14.3500 | lr 1.03e-04 | 0.4s
epoch  427 | loss 14.3034 | lr 1.01e-04 | 0.4s
epoch  428 | loss 14.3997 | lr 9.79e-05 | 0.4s
epoch  429 | loss 14.3695 | lr 9.52e-05 | 0.4s
epoch  430 | loss 14.4099 | lr 9.25e-05 | 0.4s
epoch  431 | loss 14.2891 | lr 8.99e-05 | 0.4s
epoch  432 | loss 14.3739 | lr 8.73e-05 | 0.4s
epoch  433 | loss 14.3497 | lr 8.48e-05 | 0.4s
epoch  434 | loss 14.3340 | lr 8.22e-05 | 0.4s
epoch  435 | loss 14.3569 | lr 7.98e-05 | 0.4s
epoch  436 | loss 14.3330 | lr 7.73e-05 | 0.4s
epoch  437 | loss 14.3377 | lr 7.49e-05 | 0.4s
epoch  438 | loss 14.4101 | lr 7.26e-05 | 0.4s
epoch  439 | loss 14.2950 | lr 7.02e-05 | 0.4s
epoch  440 | loss 14.3108 | lr 6.79e-05 | 0.4s
epoch  441 | loss 14.2168 | lr 6.57e-05 | 0.4s
epoch  442 | loss 14.3097 | lr 6.35e-05 | 0.4s
epoch  443 | loss 14.3898 | lr 6.13e-05 | 0.4s
epoch  444 | loss 14.3323 | lr 5.91e-05 | 0.4s
epoch  445 | loss 14.3696 | lr 5.70e-05 | 0.4s
epoch  446 | loss 14.3592 | lr 5.49e-05 | 0.4s
epoch  447 | loss 14.3051 | lr 5.29e-05 | 0.4s
epoch  448 | loss 14.3285 | lr 5.09e-05 | 0.4s
epoch  449 | loss 14.3473 | lr 4.89e-05 | 0.4s
epoch  450 | loss 14.3067 | lr 4.70e-05 | 0.4s
epoch  451 | loss 14.3775 | lr 4.51e-05 | 0.4s
epoch  452 | loss 14.3797 | lr 4.33e-05 | 0.4s
epoch  453 | loss 14.2909 | lr 4.15e-05 | 0.4s
epoch  454 | loss 14.2706 | lr 3.97e-05 | 0.4s
epoch  455 | loss 14.3520 | lr 3.80e-05 | 0.4s
epoch  456 | loss 14.3044 | lr 3.63e-05 | 0.4s
epoch  457 | loss 14.3252 | lr 3.46e-05 | 0.4s
epoch  458 | loss 14.1759 | lr 3.30e-05 | 0.4s
epoch  459 | loss 14.3488 | lr 3.14e-05 | 0.4s
epoch  460 | loss 14.3653 | lr 2.99e-05 | 0.4s
epoch  461 | loss 14.3544 | lr 2.84e-05 | 0.4s
epoch  462 | loss 14.2623 | lr 2.69e-05 | 0.4s
epoch  463 | loss 14.3530 | lr 2.55e-05 | 0.4s
epoch  464 | loss 14.3102 | lr 2.41e-05 | 0.4s
epoch  465 | loss 14.3214 | lr 2.27e-05 | 0.4s
epoch  466 | loss 14.3855 | lr 2.14e-05 | 0.4s
epoch  467 | loss 14.3389 | lr 2.01e-05 | 0.4s
epoch  468 | loss 14.3504 | lr 1.89e-05 | 0.4s
epoch  469 | loss 14.4111 | lr 1.77e-05 | 0.4s
epoch  470 | loss 14.3298 | lr 1.66e-05 | 0.4s
epoch  471 | loss 14.3364 | lr 1.54e-05 | 0.4s
epoch  472 | loss 14.2665 | lr 1.44e-05 | 0.4s
epoch  473 | loss 14.3524 | lr 1.33e-05 | 0.4s
epoch  474 | loss 14.4068 | lr 1.23e-05 | 0.4s
epoch  475 | loss 14.4265 | lr 1.13e-05 | 0.4s
epoch  476 | loss 14.2356 | lr 1.04e-05 | 0.4s
epoch  477 | loss 14.3580 | lr 9.54e-06 | 0.4s
epoch  478 | loss 14.3554 | lr 8.69e-06 | 0.4s
epoch  479 | loss 14.3442 | lr 7.89e-06 | 0.4s
epoch  480 | loss 14.3040 | lr 7.12e-06 | 0.4s
epoch  481 | loss 14.3997 | lr 6.39e-06 | 0.4s
epoch  482 | loss 14.3231 | lr 5.70e-06 | 0.4s
epoch  483 | loss 14.2762 | lr 5.05e-06 | 0.4s
epoch  484 | loss 14.3726 | lr 4.44e-06 | 0.4s
epoch  485 | loss 14.3561 | lr 3.87e-06 | 0.4s
epoch  486 | loss 14.3256 | lr 3.33e-06 | 0.4s
epoch  487 | loss 14.4026 | lr 2.84e-06 | 0.4s
epoch  488 | loss 14.3075 | lr 2.39e-06 | 0.4s
epoch  489 | loss 14.3670 | lr 1.97e-06 | 0.4s
epoch  490 | loss 14.2727 | lr 1.60e-06 | 0.4s
epoch  491 | loss 14.3241 | lr 1.26e-06 | 0.4s
epoch  492 | loss 14.3086 | lr 9.67e-07 | 0.4s
epoch  493 | loss 14.3050 | lr 7.11e-07 | 0.4s
epoch  494 | loss 14.3501 | lr 4.93e-07 | 0.4s
epoch  495 | loss 14.3550 | lr 3.16e-07 | 0.4s
epoch  496 | loss 14.2894 | lr 1.78e-07 | 0.4s
epoch  497 | loss 14.3253 | lr 7.90e-08 | 0.4s
epoch  498 | loss 14.3457 | lr 1.97e-08 | 0.4s
epoch  499 | loss 14.3307 | lr 0.00e+00 | 0.4s
final loss: 14.3307
