model params: 18,804,153
device: cuda
training: {'n_epochs': 250, 'samples_per_epoch': 1000000, 'batch_size': 4096, 'k_max': 30, 'lr': 0.001, 'weight_decay': 1e-05, 'checkpoint_every_epochs': 25, 'n_back': 40, 'loss': 'l1', 'device': 'cuda', 'seed': 0}
epoch    0 | loss 5.2505 | lr 1.00e-03 | 10.7s
epoch    1 | loss 3.2771 | lr 1.00e-03 | 9.4s
epoch    2 | loss 3.1507 | lr 1.00e-03 | 9.3s
epoch    3 | loss 3.0930 | lr 9.99e-04 | 9.5s
epoch    4 | loss 3.0407 | lr 9.99e-04 | 9.4s
epoch    5 | loss 3.0082 | lr 9.99e-04 | 9.4s
epoch    6 | loss 2.9810 | lr 9.98e-04 | 9.5s
epoch    7 | loss 2.9678 | lr 9.97e-04 | 9.4s
epoch    8 | loss 2.9561 | lr 9.97e-04 | 9.5s
epoch    9 | loss 2.9462 | lr 9.96e-04 | 9.4s
epoch   10 | loss 2.9244 | lr 9.95e-04 | 9.4s
epoch   11 | loss 2.9323 | lr 9.94e-04 | 9.5s
epoch   12 | loss 2.9188 | lr 9.93e-04 | 9.6s
epoch   13 | loss 2.9126 | lr 9.92e-04 | 9.4s
epoch   14 | loss 2.9004 | lr 9.91e-04 | 9.4s
epoch   15 | loss 2.8919 | lr 9.90e-04 | 9.4s
epoch   16 | loss 2.8939 | lr 9.89e-04 | 9.4s
epoch   17 | loss 2.8891 | lr 9.87e-04 | 9.4s
epoch   18 | loss 2.8823 | lr 9.86e-04 | 9.4s
epoch   19 | loss 2.8744 | lr 9.84e-04 | 9.4s
epoch   20 | loss 2.8688 | lr 9.83e-04 | 9.4s
epoch   21 | loss 2.8787 | lr 9.81e-04 | 9.4s
epoch   22 | loss 2.8683 | lr 9.79e-04 | 9.4s
epoch   23 | loss 2.8699 | lr 9.77e-04 | 9.4s
epoch   24 | loss 2.8612 | lr 9.76e-04 | 9.4s
epoch   25 | loss 2.8597 | lr 9.74e-04 | 10.0s
epoch   26 | loss 2.8550 | lr 9.71e-04 | 9.4s
epoch   27 | loss 2.8399 | lr 9.69e-04 | 9.4s
epoch   28 | loss 2.8369 | lr 9.67e-04 | 9.4s
epoch   29 | loss 2.8429 | lr 9.65e-04 | 9.4s
epoch   30 | loss 2.8380 | lr 9.63e-04 | 9.4s
epoch   31 | loss 2.8412 | lr 9.60e-04 | 9.7s
epoch   32 | loss 2.8448 | lr 9.58e-04 | 9.4s
epoch   33 | loss 2.8297 | lr 9.55e-04 | 9.5s
epoch   34 | loss 2.8246 | lr 9.52e-04 | 9.4s
epoch   35 | loss 2.8279 | lr 9.50e-04 | 9.4s
epoch   36 | loss 2.8319 | lr 9.47e-04 | 9.4s
epoch   37 | loss 2.8233 | lr 9.44e-04 | 9.5s
epoch   38 | loss 2.8264 | lr 9.41e-04 | 9.4s
epoch   39 | loss 2.8207 | lr 9.38e-04 | 9.6s
epoch   40 | loss 2.8236 | lr 9.35e-04 | 9.4s
epoch   41 | loss 2.8176 | lr 9.32e-04 | 9.4s
epoch   42 | loss 2.8205 | lr 9.29e-04 | 9.4s
epoch   43 | loss 2.8163 | lr 9.25e-04 | 9.4s
epoch   44 | loss 2.8247 | lr 9.22e-04 | 9.5s
epoch   45 | loss 2.8145 | lr 9.19e-04 | 9.4s
epoch   46 | loss 2.8170 | lr 9.15e-04 | 9.4s
epoch   47 | loss 2.8090 | lr 9.12e-04 | 9.4s
epoch   48 | loss 2.8099 | lr 9.08e-04 | 9.5s
epoch   49 | loss 2.8071 | lr 9.05e-04 | 9.4s
epoch   50 | loss 2.8158 | lr 9.01e-04 | 9.7s
epoch   51 | loss 2.8043 | lr 8.97e-04 | 9.3s
epoch   52 | loss 2.8063 | lr 8.93e-04 | 9.4s
epoch   53 | loss 2.8006 | lr 8.89e-04 | 9.3s
epoch   54 | loss 2.8001 | lr 8.85e-04 | 9.3s
epoch   55 | loss 2.8052 | lr 8.81e-04 | 9.3s
epoch   56 | loss 2.7913 | lr 8.77e-04 | 9.3s
epoch   57 | loss 2.7980 | lr 8.73e-04 | 9.4s
epoch   58 | loss 2.8023 | lr 8.69e-04 | 9.3s
epoch   59 | loss 2.8038 | lr 8.64e-04 | 9.3s
epoch   60 | loss 2.7961 | lr 8.60e-04 | 9.4s
epoch   61 | loss 2.7929 | lr 8.56e-04 | 9.3s
epoch   62 | loss 2.7881 | lr 8.51e-04 | 9.3s
epoch   63 | loss 2.7863 | lr 8.47e-04 | 9.3s
epoch   64 | loss 2.7820 | lr 8.42e-04 | 9.4s
epoch   65 | loss 2.7922 | lr 8.38e-04 | 9.3s
epoch   66 | loss 2.7864 | lr 8.33e-04 | 9.4s
epoch   67 | loss 2.7792 | lr 8.28e-04 | 9.4s
epoch   68 | loss 2.7887 | lr 8.24e-04 | 9.3s
epoch   69 | loss 2.7863 | lr 8.19e-04 | 9.4s
epoch   70 | loss 2.7736 | lr 8.14e-04 | 9.3s
epoch   71 | loss 2.7847 | lr 8.09e-04 | 9.5s
epoch   72 | loss 2.7836 | lr 8.04e-04 | 9.3s
epoch   73 | loss 2.7699 | lr 7.99e-04 | 9.4s
epoch   74 | loss 2.7717 | lr 7.94e-04 | 9.3s
epoch   75 | loss 2.7693 | lr 7.89e-04 | 9.8s
epoch   76 | loss 2.7733 | lr 7.84e-04 | 9.4s
epoch   77 | loss 2.7790 | lr 7.78e-04 | 9.4s
epoch   78 | loss 2.7687 | lr 7.73e-04 | 9.3s
epoch   79 | loss 2.7651 | lr 7.68e-04 | 9.3s
epoch   80 | loss 2.7651 | lr 7.63e-04 | 9.3s
epoch   81 | loss 2.7654 | lr 7.57e-04 | 9.3s
epoch   82 | loss 2.7680 | lr 7.52e-04 | 9.4s
epoch   83 | loss 2.7767 | lr 7.46e-04 | 9.3s
epoch   84 | loss 2.7720 | lr 7.41e-04 | 9.3s
epoch   85 | loss 2.7606 | lr 7.35e-04 | 9.3s
epoch   86 | loss 2.7569 | lr 7.30e-04 | 9.3s
epoch   87 | loss 2.7684 | lr 7.24e-04 | 9.3s
epoch   88 | loss 2.7582 | lr 7.19e-04 | 9.4s
epoch   89 | loss 2.7590 | lr 7.13e-04 | 9.4s
epoch   90 | loss 2.7635 | lr 7.07e-04 | 9.4s
epoch   91 | loss 2.7614 | lr 7.01e-04 | 9.3s
epoch   92 | loss 2.7570 | lr 6.96e-04 | 9.3s
epoch   93 | loss 2.7612 | lr 6.90e-04 | 9.3s
epoch   94 | loss 2.7605 | lr 6.84e-04 | 9.3s
epoch   95 | loss 2.7587 | lr 6.78e-04 | 9.4s
epoch   96 | loss 2.7502 | lr 6.72e-04 | 9.3s
epoch   97 | loss 2.7580 | lr 6.66e-04 | 9.4s
epoch   98 | loss 2.7526 | lr 6.60e-04 | 9.3s
epoch   99 | loss 2.7504 | lr 6.55e-04 | 9.5s
epoch  100 | loss 2.7576 | lr 6.49e-04 | 9.6s
epoch  101 | loss 2.7449 | lr 6.43e-04 | 9.3s
epoch  102 | loss 2.7436 | lr 6.36e-04 | 9.4s
epoch  103 | loss 2.7497 | lr 6.30e-04 | 9.3s
epoch  104 | loss 2.7497 | lr 6.24e-04 | 9.3s
epoch  105 | loss 2.7480 | lr 6.18e-04 | 9.3s
epoch  106 | loss 2.7491 | lr 6.12e-04 | 9.3s
epoch  107 | loss 2.7391 | lr 6.06e-04 | 9.3s
epoch  108 | loss 2.7559 | lr 6.00e-04 | 9.4s
epoch  109 | loss 2.7387 | lr 5.94e-04 | 9.4s
epoch  110 | loss 2.7489 | lr 5.88e-04 | 9.3s
epoch  111 | loss 2.7462 | lr 5.81e-04 | 9.3s
epoch  112 | loss 2.7371 | lr 5.75e-04 | 9.4s
epoch  113 | loss 2.7451 | lr 5.69e-04 | 9.4s
epoch  114 | loss 2.7370 | lr 5.63e-04 | 9.3s
epoch  115 | loss 2.7442 | lr 5.56e-04 | 9.4s
epoch  116 | loss 2.7386 | lr 5.50e-04 | 9.3s
epoch  117 | loss 2.7425 | lr 5.44e-04 | 9.3s
epoch  118 | loss 2.7451 | lr 5.38e-04 | 9.3s
epoch  119 | loss 2.7341 | lr 5.31e-04 | 9.3s
epoch  120 | loss 2.7405 | lr 5.25e-04 | 9.3s
epoch  121 | loss 2.7345 | lr 5.19e-04 | 9.3s
epoch  122 | loss 2.7364 | lr 5.13e-04 | 9.5s
epoch  123 | loss 2.7246 | lr 5.06e-04 | 9.3s
epoch  124 | loss 2.7331 | lr 5.00e-04 | 9.3s
epoch  125 | loss 2.7233 | lr 4.94e-04 | 9.7s
epoch  126 | loss 2.7314 | lr 4.87e-04 | 9.3s
epoch  127 | loss 2.7373 | lr 4.81e-04 | 9.3s
epoch  128 | loss 2.7292 | lr 4.75e-04 | 9.6s
epoch  129 | loss 2.7335 | lr 4.69e-04 | 9.3s
epoch  130 | loss 2.7319 | lr 4.62e-04 | 9.3s
epoch  131 | loss 2.7232 | lr 4.56e-04 | 9.3s
epoch  132 | loss 2.7238 | lr 4.50e-04 | 9.3s
epoch  133 | loss 2.7216 | lr 4.44e-04 | 9.3s
epoch  134 | loss 2.7288 | lr 4.37e-04 | 9.4s
epoch  135 | loss 2.7275 | lr 4.31e-04 | 9.4s
epoch  136 | loss 2.7154 | lr 4.25e-04 | 9.3s
epoch  137 | loss 2.7260 | lr 4.19e-04 | 9.3s
epoch  138 | loss 2.7261 | lr 4.12e-04 | 9.3s
epoch  139 | loss 2.7172 | lr 4.06e-04 | 9.3s
epoch  140 | loss 2.7198 | lr 4.00e-04 | 9.4s
epoch  141 | loss 2.7275 | lr 3.94e-04 | 9.4s
epoch  142 | loss 2.7085 | lr 3.88e-04 | 9.3s
epoch  143 | loss 2.7124 | lr 3.82e-04 | 9.3s
epoch  144 | loss 2.7287 | lr 3.76e-04 | 9.3s
epoch  145 | loss 2.7161 | lr 3.70e-04 | 9.3s
epoch  146 | loss 2.7257 | lr 3.64e-04 | 9.4s
epoch  147 | loss 2.7150 | lr 3.57e-04 | 9.4s
epoch  148 | loss 2.7166 | lr 3.51e-04 | 9.3s
epoch  149 | loss 2.7172 | lr 3.45e-04 | 9.3s
epoch  150 | loss 2.7210 | lr 3.40e-04 | 9.6s
epoch  151 | loss 2.7167 | lr 3.34e-04 | 9.3s
epoch  152 | loss 2.7061 | lr 3.28e-04 | 9.3s
epoch  153 | loss 2.7065 | lr 3.22e-04 | 9.3s
epoch  154 | loss 2.7075 | lr 3.16e-04 | 9.6s
epoch  155 | loss 2.7020 | lr 3.10e-04 | 9.3s
epoch  156 | loss 2.7176 | lr 3.04e-04 | 9.3s
epoch  157 | loss 2.7070 | lr 2.99e-04 | 9.3s
epoch  158 | loss 2.7100 | lr 2.93e-04 | 9.3s
epoch  159 | loss 2.7114 | lr 2.87e-04 | 9.3s
epoch  160 | loss 2.7015 | lr 2.81e-04 | 9.3s
epoch  161 | loss 2.7039 | lr 2.76e-04 | 9.3s
epoch  162 | loss 2.7043 | lr 2.70e-04 | 9.3s
epoch  163 | loss 2.7114 | lr 2.65e-04 | 9.3s
epoch  164 | loss 2.6972 | lr 2.59e-04 | 9.3s
epoch  165 | loss 2.7056 | lr 2.54e-04 | 9.3s
epoch  166 | loss 2.7091 | lr 2.48e-04 | 9.3s
epoch  167 | loss 2.6999 | lr 2.43e-04 | 9.4s
epoch  168 | loss 2.7077 | lr 2.37e-04 | 9.3s
epoch  169 | loss 2.7073 | lr 2.32e-04 | 9.3s
epoch  170 | loss 2.6951 | lr 2.27e-04 | 9.3s
epoch  171 | loss 2.6992 | lr 2.22e-04 | 9.3s
epoch  172 | loss 2.7019 | lr 2.16e-04 | 9.3s
epoch  173 | loss 2.6962 | lr 2.11e-04 | 9.3s
epoch  174 | loss 2.7025 | lr 2.06e-04 | 9.3s
epoch  175 | loss 2.7024 | lr 2.01e-04 | 9.5s
epoch  176 | loss 2.7017 | lr 1.96e-04 | 9.4s
epoch  177 | loss 2.7094 | lr 1.91e-04 | 9.5s
epoch  178 | loss 2.7048 | lr 1.86e-04 | 9.4s
epoch  179 | loss 2.6906 | lr 1.81e-04 | 9.3s
epoch  180 | loss 2.6977 | lr 1.76e-04 | 9.4s
epoch  181 | loss 2.7027 | lr 1.72e-04 | 9.3s
epoch  182 | loss 2.7033 | lr 1.67e-04 | 9.3s
epoch  183 | loss 2.6957 | lr 1.62e-04 | 9.3s
epoch  184 | loss 2.6979 | lr 1.58e-04 | 9.4s
epoch  185 | loss 2.7086 | lr 1.53e-04 | 9.3s
epoch  186 | loss 2.6977 | lr 1.49e-04 | 9.4s
epoch  187 | loss 2.6944 | lr 1.44e-04 | 9.4s
epoch  188 | loss 2.6973 | lr 1.40e-04 | 9.3s
epoch  189 | loss 2.6936 | lr 1.36e-04 | 9.4s
epoch  190 | loss 2.7017 | lr 1.31e-04 | 9.3s
epoch  191 | loss 2.7039 | lr 1.27e-04 | 9.3s
epoch  192 | loss 2.6956 | lr 1.23e-04 | 9.3s
epoch  193 | loss 2.7030 | lr 1.19e-04 | 9.4s
epoch  194 | loss 2.6940 | lr 1.15e-04 | 9.3s
epoch  195 | loss 2.6993 | lr 1.11e-04 | 9.3s
epoch  196 | loss 2.6908 | lr 1.07e-04 | 9.3s
epoch  197 | loss 2.6958 | lr 1.03e-04 | 9.3s
epoch  198 | loss 2.7006 | lr 9.92e-05 | 9.3s
epoch  199 | loss 2.6922 | lr 9.55e-05 | 9.4s
epoch  200 | loss 2.6868 | lr 9.18e-05 | 9.7s
epoch  201 | loss 2.6960 | lr 8.82e-05 | 9.3s
epoch  202 | loss 2.6949 | lr 8.47e-05 | 9.3s
epoch  203 | loss 2.6971 | lr 8.12e-05 | 9.3s
epoch  204 | loss 2.6962 | lr 7.78e-05 | 9.3s
epoch  205 | loss 2.6951 | lr 7.45e-05 | 9.5s
epoch  206 | loss 2.6963 | lr 7.12e-05 | 9.3s
epoch  207 | loss 2.6918 | lr 6.80e-05 | 9.3s
epoch  208 | loss 2.6986 | lr 6.49e-05 | 9.3s
epoch  209 | loss 2.6910 | lr 6.18e-05 | 9.3s
epoch  210 | loss 2.6900 | lr 5.89e-05 | 9.4s
epoch  211 | loss 2.6931 | lr 5.59e-05 | 9.3s
epoch  212 | loss 2.6945 | lr 5.31e-05 | 9.4s
epoch  213 | loss 2.6969 | lr 5.03e-05 | 9.3s
epoch  214 | loss 2.6938 | lr 4.76e-05 | 9.4s
epoch  215 | loss 2.6870 | lr 4.49e-05 | 9.3s
epoch  216 | loss 2.7001 | lr 4.24e-05 | 9.4s
epoch  217 | loss 2.6905 | lr 3.99e-05 | 9.3s
epoch  218 | loss 2.6936 | lr 3.75e-05 | 9.3s
epoch  219 | loss 2.6968 | lr 3.51e-05 | 9.3s
epoch  220 | loss 2.6959 | lr 3.28e-05 | 9.3s
epoch  221 | loss 2.6897 | lr 3.06e-05 | 9.3s
epoch  222 | loss 2.6961 | lr 2.85e-05 | 9.3s
epoch  223 | loss 2.6970 | lr 2.65e-05 | 9.3s
epoch  224 | loss 2.6881 | lr 2.45e-05 | 9.3s
epoch  225 | loss 2.6918 | lr 2.26e-05 | 10.0s
epoch  226 | loss 2.6936 | lr 2.07e-05 | 9.3s
epoch  227 | loss 2.6915 | lr 1.90e-05 | 9.4s
epoch  228 | loss 2.6911 | lr 1.73e-05 | 9.3s
epoch  229 | loss 2.6909 | lr 1.57e-05 | 9.3s
epoch  230 | loss 2.6904 | lr 1.42e-05 | 9.4s
epoch  231 | loss 2.6959 | lr 1.27e-05 | 9.4s
epoch  232 | loss 2.6949 | lr 1.14e-05 | 9.3s
epoch  233 | loss 2.6961 | lr 1.01e-05 | 9.3s
epoch  234 | loss 2.6945 | lr 8.86e-06 | 9.3s
epoch  235 | loss 2.6913 | lr 7.72e-06 | 9.3s
epoch  236 | loss 2.6955 | lr 6.66e-06 | 9.3s
epoch  237 | loss 2.6970 | lr 5.67e-06 | 9.4s
epoch  238 | loss 2.6999 | lr 4.77e-06 | 9.4s
epoch  239 | loss 2.6989 | lr 3.94e-06 | 9.3s
epoch  240 | loss 2.6944 | lr 3.19e-06 | 9.5s
epoch  241 | loss 2.6915 | lr 2.52e-06 | 9.4s
epoch  242 | loss 2.7002 | lr 1.93e-06 | 9.4s
epoch  243 | loss 2.6993 | lr 1.42e-06 | 9.3s
epoch  244 | loss 2.6951 | lr 9.87e-07 | 9.3s
epoch  245 | loss 2.6923 | lr 6.32e-07 | 9.3s
epoch  246 | loss 2.6930 | lr 3.55e-07 | 9.3s
epoch  247 | loss 2.6922 | lr 1.58e-07 | 9.3s
epoch  248 | loss 2.7008 | lr 3.95e-08 | 9.3s
epoch  249 | loss 2.6995 | lr 0.00e+00 | 9.3s
final loss: 2.6995
