model params: 4,585,349
device: cuda
training: {'n_epochs': 100, 'samples_per_epoch': 1000000, 'batch_size': 4096, 'k_max': 30, 'lr': 0.001, 'weight_decay': 0.0, 'checkpoint_every_epochs': 50, 'n_back': 40, 'loss': 'mse', 'device': 'cuda', 'seed': 0}
epoch    0 | loss 35.1047 | lr 1.00e-03 | 4.0s
epoch    1 | loss 20.0880 | lr 9.99e-04 | 3.6s
epoch    2 | loss 18.8903 | lr 9.98e-04 | 3.3s
epoch    3 | loss 18.3980 | lr 9.96e-04 | 3.2s
epoch    4 | loss 17.9475 | lr 9.94e-04 | 3.2s
epoch    5 | loss 17.7475 | lr 9.91e-04 | 3.4s
epoch    6 | loss 17.5128 | lr 9.88e-04 | 3.3s
epoch    7 | loss 17.4123 | lr 9.84e-04 | 3.3s
epoch    8 | loss 17.3959 | lr 9.80e-04 | 3.5s
epoch    9 | loss 17.2783 | lr 9.76e-04 | 3.3s
epoch   10 | loss 17.0397 | lr 9.70e-04 | 3.3s
epoch   11 | loss 17.0956 | lr 9.65e-04 | 3.5s
epoch   12 | loss 17.0524 | lr 9.59e-04 | 3.6s
epoch   13 | loss 16.9618 | lr 9.52e-04 | 3.4s
epoch   14 | loss 16.7761 | lr 9.46e-04 | 3.3s
epoch   15 | loss 16.8415 | lr 9.38e-04 | 3.2s
epoch   16 | loss 16.8416 | lr 9.30e-04 | 3.6s
epoch   17 | loss 16.8212 | lr 9.22e-04 | 3.4s
epoch   18 | loss 16.7576 | lr 9.14e-04 | 3.3s
epoch   19 | loss 16.6744 | lr 9.05e-04 | 3.3s
epoch   20 | loss 16.6096 | lr 8.95e-04 | 3.2s
epoch   21 | loss 16.6899 | lr 8.85e-04 | 3.4s
epoch   22 | loss 16.6477 | lr 8.75e-04 | 3.3s
epoch   23 | loss 16.6267 | lr 8.64e-04 | 3.3s
epoch   24 | loss 16.5794 | lr 8.54e-04 | 3.3s
epoch   25 | loss 16.5349 | lr 8.42e-04 | 3.6s
epoch   26 | loss 16.5137 | lr 8.31e-04 | 3.3s
epoch   27 | loss 16.3891 | lr 8.19e-04 | 3.6s
epoch   28 | loss 16.3672 | lr 8.06e-04 | 3.5s
epoch   29 | loss 16.4038 | lr 7.94e-04 | 3.6s
epoch   30 | loss 16.4079 | lr 7.81e-04 | 3.5s
epoch   31 | loss 16.4553 | lr 7.68e-04 | 3.7s
epoch   32 | loss 16.4369 | lr 7.55e-04 | 3.7s
epoch   33 | loss 16.3175 | lr 7.41e-04 | 3.4s
epoch   34 | loss 16.2763 | lr 7.27e-04 | 3.4s
epoch   35 | loss 16.3262 | lr 7.13e-04 | 3.5s
epoch   36 | loss 16.3631 | lr 6.99e-04 | 3.8s
epoch   37 | loss 16.2027 | lr 6.84e-04 | 3.5s
epoch   38 | loss 16.2914 | lr 6.69e-04 | 3.4s
epoch   39 | loss 16.2378 | lr 6.55e-04 | 3.3s
epoch   40 | loss 16.2596 | lr 6.39e-04 | 3.3s
epoch   41 | loss 16.2134 | lr 6.24e-04 | 3.3s
epoch   42 | loss 16.2683 | lr 6.09e-04 | 3.6s
epoch   43 | loss 16.2096 | lr 5.94e-04 | 3.4s
epoch   44 | loss 16.2694 | lr 5.78e-04 | 3.4s
epoch   45 | loss 16.1967 | lr 5.63e-04 | 3.6s
epoch   46 | loss 16.2426 | lr 5.47e-04 | 3.3s
epoch   47 | loss 16.1750 | lr 5.31e-04 | 3.4s
epoch   48 | loss 16.1937 | lr 5.16e-04 | 3.3s
epoch   49 | loss 16.1019 | lr 5.00e-04 | 3.4s
epoch   50 | loss 16.1854 | lr 4.84e-04 | 3.7s
epoch   51 | loss 16.1046 | lr 4.69e-04 | 3.3s
epoch   52 | loss 16.1183 | lr 4.53e-04 | 3.4s
epoch   53 | loss 16.0650 | lr 4.37e-04 | 3.4s
epoch   54 | loss 16.0904 | lr 4.22e-04 | 3.3s
epoch   55 | loss 16.0825 | lr 4.06e-04 | 3.2s
epoch   56 | loss 15.9469 | lr 3.91e-04 | 3.5s
epoch   57 | loss 16.0509 | lr 3.76e-04 | 3.5s
epoch   58 | loss 16.1153 | lr 3.61e-04 | 3.4s
epoch   59 | loss 16.1063 | lr 3.45e-04 | 3.2s
epoch   60 | loss 16.0632 | lr 3.31e-04 | 3.3s
epoch   61 | loss 16.0077 | lr 3.16e-04 | 3.3s
epoch   62 | loss 15.9622 | lr 3.01e-04 | 3.3s
epoch   63 | loss 15.9625 | lr 2.87e-04 | 3.3s
epoch   64 | loss 15.8828 | lr 2.73e-04 | 3.2s
epoch   65 | loss 16.0436 | lr 2.59e-04 | 3.1s
epoch   66 | loss 15.9400 | lr 2.45e-04 | 3.1s
epoch   67 | loss 15.9007 | lr 2.32e-04 | 3.1s
epoch   68 | loss 15.9919 | lr 2.19e-04 | 3.1s
epoch   69 | loss 15.9828 | lr 2.06e-04 | 3.2s
epoch   70 | loss 15.8897 | lr 1.94e-04 | 3.2s
epoch   71 | loss 15.9720 | lr 1.81e-04 | 3.1s
epoch   72 | loss 15.9867 | lr 1.69e-04 | 3.1s
epoch   73 | loss 15.8247 | lr 1.58e-04 | 3.1s
epoch   74 | loss 15.8697 | lr 1.46e-04 | 3.1s
epoch   75 | loss 15.8391 | lr 1.36e-04 | 3.2s
epoch   76 | loss 15.8963 | lr 1.25e-04 | 3.2s
epoch   77 | loss 15.9098 | lr 1.15e-04 | 3.1s
epoch   78 | loss 15.8712 | lr 1.05e-04 | 3.1s
epoch   79 | loss 15.8163 | lr 9.55e-05 | 3.1s
epoch   80 | loss 15.8406 | lr 8.65e-05 | 3.1s
epoch   81 | loss 15.8344 | lr 7.78e-05 | 3.1s
epoch   82 | loss 15.8728 | lr 6.96e-05 | 3.2s
epoch   83 | loss 15.9477 | lr 6.18e-05 | 3.2s
epoch   84 | loss 15.9177 | lr 5.45e-05 | 3.1s
epoch   85 | loss 15.8081 | lr 4.76e-05 | 3.2s
epoch   86 | loss 15.8238 | lr 4.11e-05 | 3.1s
epoch   87 | loss 15.9474 | lr 3.51e-05 | 3.1s
epoch   88 | loss 15.8351 | lr 2.96e-05 | 3.2s
epoch   89 | loss 15.8751 | lr 2.45e-05 | 3.3s
epoch   90 | loss 15.8790 | lr 1.99e-05 | 3.2s
epoch   91 | loss 15.8863 | lr 1.57e-05 | 3.4s
epoch   92 | loss 15.8620 | lr 1.20e-05 | 3.6s
epoch   93 | loss 15.9302 | lr 8.86e-06 | 3.3s
epoch   94 | loss 15.9266 | lr 6.16e-06 | 3.7s
epoch   95 | loss 15.8906 | lr 3.94e-06 | 3.4s
epoch   96 | loss 15.8368 | lr 2.22e-06 | 3.3s
epoch   97 | loss 15.9131 | lr 9.87e-07 | 3.4s
epoch   98 | loss 15.8764 | lr 2.47e-07 | 3.5s
epoch   99 | loss 15.8409 | lr 0.00e+00 | 3.4s
final loss: 15.8409
